Toybox 0.8.4-android multicall binary: https://landley.net/toybox (see toybox --help)

usage: timeout [-k DURATION] [-s SIGNAL] DURATION COMMAND...

Run command line as a child process, sending child a signal if the
command doesn't exit soon enough.

DURATION can be a decimal fraction. An optional suffix can be "m"
(minutes), "h" (hours), "d" (days), or "s" (seconds, the default).

-s	Send specified signal (default TERM)
-k	Send KILL signal if child still running this long after first signal
-v	Verbose
--foreground       Don't create new process group
--preserve-status  Exit with the child's exit status
Connectivity service commands:
  help
    Print this help text.
  airplane-mode [enable|disable]
    Turn airplane mode on or off.
  airplane-mode
    Get airplane mode.
0
1
lrwxrwxrwx 1 root root 16 1970-01-04 12:03 /dev/block/by-name/rawdump -> /dev/block/sda11
MAJOR=8
MINOR=11
DEVNAME=sda11
DEVTYPE=partition
PARTN=11
PARTNAME=rawdump
