IPA_TRIGGER uptime=2094.21 16660.53
IPA_WRITE device=503:0 payload=ASCII_1 length=1
IPA_WRITE returned=1
interface=rmnet_ipa0 ioctl=0x89fd struct_size=24
driver=rmnet_ipa0
features=7 (0x7)
endpoint=1 (0x1)
pipes consumer=2 producer=23
mru=1000 (0x3e8)
scatter_gather=1 (0x1)
ENABLE_IPA_LOW_RAM_LOG uptime=2095.25 16662.48
[dspawn] pid=12375 log=/tmp/ipa-ipc-collector.log
DPM_OPEN uptime=2096.25 16665.66
BEFORE_INGRESS_ONLY uptime=2097.26 16673.05
CHECKPOINT_DURABLE index=16 label=before_ingress_only
NETDEV features_block=0 active=0x00004000 available=0x001d4813
NETDEV features_block=1 active=0x00000000 available=0x02800302
INGRESS selector=7 flags=0xe
INGRESS accepted
INGRESS_EXIT=0 uptime=2097.28 16675.62
CHECKPOINT_DURABLE index=17 label=after_ingress_only
INGRESS_ONLY_COMPLETE uptime=2097.28 16675.70
TRACE_STOP_CLEANUP_OK
  parse                                                      3               0
f2064c04-e0b0-41fa-b9ed-746808a2b741
