DISTRIB_ID='OpenWrt'
DISTRIB_RELEASE='25.12.5'
DISTRIB_REVISION='r33051-f5dae5ece4'
DISTRIB_TARGET='armsr/armv8'
DISTRIB_ARCH='aarch64_generic'
DISTRIB_DESCRIPTION='OpenWrt 25.12.5 r33051-f5dae5ece4'
DISTRIB_TAINTS=''
b3c9f801-4555-4b2d-a3f8-e836ef7fd091
43.45 276.01
/sys/class/remoteproc/remoteproc0 name=3000000.remoteproc-adsp state=offline
/sys/class/remoteproc/remoteproc1 name=32300000.remoteproc-cdsp state=offline
/sys/class/remoteproc/remoteproc2 name=2400000.remoteproc-slpi state=offline
/sys/class/remoteproc/remoteproc3 name=4080000.remoteproc-mss state=offline
/sys/class/remoteproc/remoteproc4 name=188101c.remoteproc-spss state=offline
brw-------    1 root     root        8,  11 Jan  4 11:36 /proc/1/root/dev/rd
1: lo: <LOOPBACK> mtu 65536 qdisc noop state DOWN qlen 1000
    link/loopback xx:xx:xx:xx:xx:xx brd xx:xx:xx:xx:xx:xx
2: dummy0: <BROADCAST,NOARP> mtu 1500 qdisc noop state DOWN qlen 1000
    link/ether xx:xx:xx:xx:xx:xx brd xx:xx:xx:xx:xx:xx
3: ifb0: <BROADCAST,NOARP> mtu 1500 qdisc noop state DOWN qlen 32
    link/ether xx:xx:xx:xx:xx:xx brd xx:xx:xx:xx:xx:xx
4: ifb1: <BROADCAST,NOARP> mtu 1500 qdisc noop state DOWN qlen 32
    link/ether xx:xx:xx:xx:xx:xx brd xx:xx:xx:xx:xx:xx
5: tunl0@NONE: <NOARP> mtu 1480 qdisc noop state DOWN qlen 1000
    link/ipip 0.0.0.0 brd 0.0.0.0
6: gre0@NONE: <NOARP> mtu 1476 qdisc noop state DOWN qlen 1000
    link/gre 0.0.0.0 brd 0.0.0.0
7: gretap0@NONE: <BROADCAST,MULTICAST> mtu 1462 qdisc noop state DOWN qlen 1000
    link/ether xx:xx:xx:xx:xx:xx brd xx:xx:xx:xx:xx:xx
8: erspan0@NONE: <BROADCAST,MULTICAST> mtu 1450 qdisc noop state DOWN qlen 1000
    link/ether xx:xx:xx:xx:xx:xx brd xx:xx:xx:xx:xx:xx
9: ip_vti0@NONE: <NOARP> mtu 1480 qdisc noop state DOWN qlen 1000
    link/ipip 0.0.0.0 brd 0.0.0.0
10: ip6_vti0@NONE: <NOARP> mtu 1364 qdisc noop state DOWN qlen 1000
    link/tunnel6 xx:xx:xx:xx:xx:xx:xx:xx:xx:xx:xx:xx:00:00:00:00 brd xx:xx:xx:xx:xx:xx:xx:xx:xx:xx:xx:xx:00:00:00:00
11: sit0@NONE: <NOARP> mtu 1480 qdisc noop state DOWN qlen 1000
    link/sit 0.0.0.0 brd 0.0.0.0
12: ip6tnl0@NONE: <NOARP> mtu 1452 qdisc noop state DOWN qlen 1000
    link/tunnel6 xx:xx:xx:xx:xx:xx:xx:xx:xx:xx:xx:xx:00:00:00:00 brd xx:xx:xx:xx:xx:xx:xx:xx:xx:xx:xx:xx:00:00:00:00
13: ip6gre0@NONE: <NOARP> mtu 1448 qdisc noop state DOWN qlen 1000
    link/[823] xx:xx:xx:xx:xx:xx:xx:xx:xx:xx:xx:xx:00:00:00:00 brd xx:xx:xx:xx:xx:xx:xx:xx:xx:xx:xx:xx:00:00:00:00
14: usb0: <BROADCAST,MULTICAST,UP,LOWER_UP> mtu 1500 qdisc pfifo_fast state UP qlen 1000
    link/ether xx:xx:xx:xx:xx:xx brd xx:xx:xx:xx:xx:xx
    inet 10.0.0.1/24 brd 10.0.0.255 scope global usb0
       valid_lft forever preferred_lft forever
    inet6 fe80::b075:21ff:fe5d:6439/64 scope link 
       valid_lft forever preferred_lft forever
10.0.0.0/24 dev usb0 scope link  src 10.0.0.1 
ipanetm 16384 0 - Live 0xffffffdb67133000 (O)
ipa_clientsm 249856 0 - Live 0xffffffdb6714c000 (O)
rndisipam 69632 1 ipa_clientsm, Live 0xffffffdb67304000 (O)
ipam 4079616 3 ipanetm,ipa_clientsm,rndisipam, Live 0xffffffdb6757d000 (O)
rmnet_aps 20480 0 - Live 0xffffffdb67120000 (O)
rmnet_perf_tether 20480 0 - Live 0xffffffdb6711a000 (O)
rmnet_perf 16384 0 - Live 0xffffffdb67115000 (O)
rmnet_offload 32768 0 - Live 0xffffffdb67088000 (O)
rmnet_shs 196608 1 rmnet_perf, Live 0xffffffdb670e4000 (O)
rmnet_core 331776 6 rmnet_aps,rmnet_perf_tether,rmnet_perf,rmnet_offload,rmnet_shs, Live 0xffffffdb67092000 (O)
qcom_spss 28672 0 - Live 0xffffffdb67080000
qcom_glink_spss 20480 1 qcom_spss, Live 0xffffffdb67070000
gsim 274432 1 ipam, Live 0xffffffdb67539000 (O)
rmnet_ctl 20480 1 rmnet_core, Live 0xffffffdb6707a000 (O)
rmnet_wlan 49152 0 - Live 0xffffffdb67063000 (O)
rmnet_sch 16384 0 - Live 0xffffffdb67147000 (O)
qcom_spmi_pmic 20480 0 - Live 0xffffffdb6705d000
mac80211 1302528 0 - Live 0xffffffdb66f1e000
qcom_ipcc 24576 6 - Live 0xffffffdb66f17000
glink_pkt 36864 0 - Live 0xffffffdb66f0d000
pmu_scmi 16384 0 - Live 0xffffffdb66f08000
arm_smmu 208896 11 - Live 0xffffffdb66ed4000
qti_fixed_regulator 16384 0 - Live 0xffffffdb66ecf000
nvmem_qcom_spmi_sdam 16384 1 - Live 0xffffffdb66eca000
ufs_qcom 90112 1 - Live 0xffffffdb66eb3000
clk_rpmh 45056 16 - Live 0xffffffdb66ea7000
regmap_spmi 16384 1 qcom_spmi_pmic, Live 0xffffffdb66ea2000
cqhci 53248 0 - Live 0xffffffdb66e94000
qcom_rimps 20480 1 - Live 0xffffffdb66e8e000
msm_qmp 32768 1 - Live 0xffffffdb66e85000
pmu_vendor 16384 1 - Live 0xffffffdb66e80000
ufshcd_crypto_qti 20480 1 ufs_qcom, Live 0xffffffdb66e7a000
crypto_qti_common 36864 3 ufs_qcom,cqhci,ufshcd_crypto_qti, Live 0xffffffdb66e70000
crypto_qti_hwkm 20480 1 crypto_qti_common, Live 0xffffffdb66e6a000
msm_drm 2637824 3 - Live 0xffffffdb66be5000 (O)
panel_event_notifier 16384 1 msm_drm, Live 0xffffffdb66be0000
gh_irq_lend 20480 1 msm_drm, Live 0xffffffdb66bda000
gh_mem_notifier 16384 1 msm_drm, Live 0xffffffdb66bd5000
altmode_glink 24576 1 msm_drm, Live 0xffffffdb66bce000
usb_switch_dp 16384 1 msm_drm, Live 0xffffffdb66bc9000
msm_ext_display 16384 1 msm_drm,[permanent], Live 0xffffffdb66bc4000
fsa4480_i2c 16384 1 msm_drm, Live 0xffffffdb66bbf000
spmi_pmic_arb 53248 1 msm_drm, Live 0xffffffdb66bb1000
msm_mmrm 53248 1 msm_drm, Live 0xffffffdb66ba3000 (O)
pinctrl_waipio 106496 7 - Live 0xffffffdb66b88000
hwkm 24576 1 crypto_qti_hwkm, Live 0xffffffdb66b81000
qnoc_diwali 167936 0 - Live 0xffffffdb66b57000
rtc_pm8xxx 16384 1 - Live 0xffffffdb66b52000
phy_qcom_ufs_qmp_v4_diwali 24576 0 - Live 0xffffffdb66b4b000
pinctrl_cape 106496 0 - Live 0xffffffdb66b30000
stub_regulator 16384 0 - Live 0xffffffdb66b2b000
cfg80211 1335296 1 mac80211, Live 0xffffffdb669e4000
smp2p 28672 0 - Live 0xffffffdb669dc000
dispcc_diwali 61440 0 - Live 0xffffffdb669cc000
mem_hooks 16384 0 - Live 0xffffffdb669c7000
qnoc_waipio 180224 0 - Live 0xffffffdb6699a000
mhi_cntrl_qcom 49152 0 - Live 0xffffffdb6698d000
qcom_esoc 98304 1 mhi_cntrl_qcom, Live 0xffffffdb66974000
kryo_arm64_edac 16384 0 - Live 0xffffffdb6696f000
memory_dump_v2 24576 0 - Live 0xffffffdb66968000
bwmon 65536 0 - Live 0xffffffdb66957000
gh_virt_wdt 16384 0 - Live 0xffffffdb66952000
c1dcvs_scmi 24576 0 - Live 0xffffffdb6694b000
socinfo 32768 0 - Live 0xffffffdb66942000
mem_buf 45056 0 - Live 0xffffffdb66936000
qti_regmap_debugfs 28672 2 qcom_spmi_pmic,fsa4480_i2c, Live 0xffffffdb6692e000
gcc_diwali 81920 0 - Live 0xffffffdb66919000
qcom_gic_intr_routing 28672 0 [permanent], Live 0xffffffdb66911000
qcom_wdt_core 32768 1 gh_virt_wdt, Live 0xffffffdb66908000
pinctrl_diwali 86016 0 - Live 0xffffffdb668f2000
dispcc_waipio 65536 29 - Live 0xffffffdb668e1000
rpmh_regulator 32768 64 - Live 0xffffffdb668d8000
gcc_waipio 110592 83 - Live 0xffffffdb668bc000
reboot_mode 16384 0 - Live 0xffffffdb668b7000
tmecom_intf 28672 1 hwkm, Live 0xffffffdb668af000
msm_geni_serial 81920 0 - Live 0xffffffdb6689a000
iommu_logger 16384 1 arm_smmu, Live 0xffffffdb66895000
qcom_cpu_vendor_hooks 20480 0 - Live 0xffffffdb6688f000
qcom_q6v5_pas 45056 0 - Live 0xffffffdb66883000
qcom_q6v5 20480 1 qcom_q6v5_pas, Live 0xffffffdb6687d000
qcom_pil_info 20480 1 qcom_q6v5_pas, Live 0xffffffdb66877000
qcom_dcvs 73728 1 bwmon, Live 0xffffffdb66864000
dcvs_fp 16384 1 qcom_dcvs, Live 0xffffffdb6685f000
llcc_qcom 32768 1 msm_drm, Live 0xffffffdb66856000
qcom_pmu_lib 40960 1 pmu_scmi, Live 0xffffffdb6684b000
qcom_llcc_pmu 24576 1 qcom_pmu_lib, Live 0xffffffdb66844000
icc_rpmh 24576 2 qnoc_diwali,qnoc_waipio, Live 0xffffffdb6683d000
icc_bcm_voter 16384 1 icc_rpmh, Live 0xffffffdb66838000
qcom_rpmh 57344 5 clk_rpmh,msm_drm,rpmh_regulator,dcvs_fp,icc_bcm_voter,[permanent], Live 0xffffffdb66829000
cmd_db 16384 5 clk_rpmh,rpmh_regulator,dcvs_fp,icc_rpmh,qcom_rpmh,[permanent], Live 0xffffffdb66824000
qnoc_qos 16384 2 qnoc_diwali,qnoc_waipio, Live 0xffffffdb6681f000
msm_geni_se 57344 1 msm_geni_serial, Live 0xffffffdb66810000
pinctrl_msm 57344 23 msm_drm,pinctrl_waipio,pinctrl_cape,pinctrl_diwali, Live 0xffffffdb66801000
qcom_iommu_util 77824 2 arm_smmu,msm_drm, Live 0xffffffdb667ed000
icc_debug 16384 1 icc_rpmh, Live 0xffffffdb667e8000
gh_ctrl 20480 0 - Live 0xffffffdb667e2000
phy_qcom_ufs_qmp_v4_waipio 24576 1 - Live 0xffffffdb667db000
c1dcvs_vendor 16384 1 - Live 0xffffffdb667d6000
usb_f_gsi 90112 0 - Live 0xffffffdb667bf000
dwc3_msm 135168 2 msm_drm,usb_f_gsi, Live 0xffffffdb6679d000
eud 32768 0 - Live 0xffffffdb66794000
phy_msm_ssusb_qmp 32768 3 - Live 0xffffffdb6678b000
phy_msm_snps_hs 28672 2 - Live 0xffffffdb66783000
phy_generic 20480 0 - Live 0xffffffdb6677d000
ssusb_redriver_nb7vpq904m 40960 1 dwc3_msm, Live 0xffffffdb66772000
ucsi_glink 28672 3 fsa4480_i2c,dwc3_msm,ssusb_redriver_nb7vpq904m, Live 0xffffffdb6676a000
pmic_glink 24576 2 altmode_glink,ucsi_glink, Live 0xffffffdb66763000
pdr_interface 24576 1 pmic_glink, Live 0xffffffdb6675c000
ipa_fmwk 126976 6 ipa_clientsm,rndisipam,ipam,rmnet_core,rmnet_ctl,usb_f_gsi, Live 0xffffffdb6673c000
phy_qcom_ufs_qmp_v4_cape 24576 0 - Live 0xffffffdb66735000
qcom_pdc 28672 0 - Live 0xffffffdb6672d000
qcom_reboot_reason 16384 0 - Live 0xffffffdb66728000
qcom_aoss 32768 2 msm_qmp,qcom_q6v5_pas, Live 0xffffffdb6671f000
qcom_dload_mode 24576 0 - Live 0xffffffdb66718000
mdt_loader 16384 3 ipam,qcom_spss,qcom_q6v5_pas, Live 0xffffffdb66713000
qcom_sysmon 32768 4 qcom_spss,qcom_esoc,qcom_q6v5_pas,qcom_q6v5, Live 0xffffffdb6670a000
qcom_dma_heaps 65536 1 mem_buf,[permanent], Live 0xffffffdb666f9000
mem_buf_dev 106496 2 mem_buf,qcom_dma_heaps, Live 0xffffffdb666de000
secure_buffer 40960 3 arm_smmu,qcom_dma_heaps,mem_buf_dev, Live 0xffffffdb666d3000
qcom_scm 118784 16 ipam,qcom_spss,arm_smmu,ufs_qcom,crypto_qti_hwkm,msm_drm,memory_dump_v2,qcom_wdt_core,qcom_q6v5_pas,pinctrl_msm,eud,phy_msm_snps_hs,qcom_pdc,qcom_dload_mode,mdt_loader,secure_buffer, Live 0xffffffdb666b5000
msm_dma_iommu_mapping 28672 2 msm_drm,qcom_dma_heaps, Live 0xffffffdb666ad000
mhi 139264 2 ipam,mhi_cntrl_qcom, Live 0xffffffdb6668a000
pci_msm_drv 245760 2 mhi_cntrl_qcom,mhi, Live 0xffffffdb6664d000
rproc_qcom_common 45056 8 ipam,qcom_spss,qcom_q6v5_pas,qcom_q6v5,pmic_glink,pdr_interface,qcom_sysmon,pci_msm_drv, Live 0xffffffdb66641000
qcom_glink_smem 16384 1 rproc_qcom_common, Live 0xffffffdb6663c000
qcom_glink 53248 4 qcom_spss,qcom_glink_spss,rproc_qcom_common,qcom_glink_smem, Live 0xffffffdb6662e000
qcom_smd 32768 1 rproc_qcom_common, Live 0xffffffdb66625000
smp2p_sleepstate 16384 0 [permanent], Live 0xffffffdb66620000
phy_qcom_ufs 28672 4 ufs_qcom,phy_qcom_ufs_qmp_v4_diwali,phy_qcom_ufs_qmp_v4_waipio,phy_qcom_ufs_qmp_v4_cape, Live 0xffffffdb66618000
qmi_helpers 28672 4 ipam,rmnet_core,pdr_interface,qcom_sysmon, Live 0xffffffdb66610000
qrtr 53248 14 - Live 0xffffffdb66602000
ns 40960 1 qrtr, Live 0xffffffdb665f7000
qcom_ipc_logging 40960 26 ipanetm,ipa_clientsm,rndisipam,ipam,gsim,rmnet_ctl,glink_pkt,ufs_qcom,msm_qmp,altmode_glink,smp2p,mhi_cntrl_qcom,qcom_esoc,msm_geni_serial,qcom_rpmh,msm_geni_se,usb_f_gsi,dwc3_msm,ucsi_glink,qcom_pdc,qcom_aoss,mhi,pci_msm_drv,qcom_glink,qrtr,ns,[permanent], Live 0xffffffdb665ec000
minidump 1130496 4 memory_dump_v2,qcom_wdt_core,qcom_dload_mode,qcom_ipc_logging, Live 0xffffffdb664d7000
smem 24576 10 ipam,qcom_glink_spss,msm_qmp,smp2p,socinfo,qcom_q6v5,rproc_qcom_common,qcom_glink_smem,qcom_smd,minidump, Live 0xffffffdb664d0000
qcom_hwspinlock 16384 1 - Live 0xffffffdb664cb000
sched_walt 405504 0 [permanent], Live 0xffffffdb66467000
qcom_cpufreq_hw 32768 1 sched_walt, Live 0xffffffdb6645e000
gh_rm_drv 61440 4 msm_drm,gh_irq_lend,gh_mem_notifier,mem_buf_dev, Live 0xffffffdb6644e000
gh_arm_drv 16384 1 gh_rm_drv, Live 0xffffffdb66449000
gh_msgq 24576 3 msm_drm,mem_buf,gh_rm_drv, Live 0xffffffdb66442000
gh_dbl 24576 1 gh_rm_drv, Live 0xffffffdb6643b000
clk_dummy 16384 1 gcc_waipio, Live 0xffffffdb66436000
clk_qcom 225280 8 ufs_qcom,msm_mmrm,dispcc_diwali,gcc_diwali,dispcc_waipio,gcc_waipio,dwc3_msm,clk_dummy, Live 0xffffffdb663fe000
gdsc_regulator 24576 7 clk_qcom, Live 0xffffffdb663f7000
proxy_consumer 16384 3 qti_fixed_regulator,rpmh_regulator,gdsc_regulator, Live 0xffffffdb663f2000
debug_regulator 40960 4 qti_fixed_regulator,stub_regulator,rpmh_regulator,gdsc_regulator, Live 0xffffffdb663e7000
ls: /rfs/readonly/firmware/image/modem_pr/so/848_0_0.mbn: No such file or directory
