/home/user/nx679j-stock/experiments/refs/pd-mapper/pd-mapper.c: In function 'pd_enumerate_jsons':
/home/user/nx679j-stock/experiments/refs/pd-mapper/pd-mapper.c:326:23: warning: comparison of unsigned expression in '< 0' is always false [-Wtype-limits]
  326 |                 if (n < 0) {
      |                       ^
/home/user/nx679j-stock/experiments/refs/pd-mapper/pd-mapper.c:350:41: warning: comparison of integer expressions of different signedness: 'size_t' {aka 'long unsigned int'} and 'int' [-Wsign-compare]
  350 |                                 if (len > extens_len &&
      |                                         ^
/home/user/nx679j-stock/experiments/refs/pd-mapper/pd-mapper.c: In function 'main':
/home/user/nx679j-stock/experiments/refs/pd-mapper/pd-mapper.c:403:14: warning: unused parameter 'argc' [-Wunused-parameter]
  403 | int main(int argc, char **argv)
      |          ~~~~^~~~
/home/user/nx679j-stock/experiments/refs/pd-mapper/pd-mapper.c:403:27: warning: unused parameter 'argv' [-Wunused-parameter]
  403 | int main(int argc, char **argv)
      |                    ~~~~~~~^~~~
/home/user/nx679j-stock/experiments/refs/pd-mapper/json.c: In function 'json_parse_string':
/home/user/nx679j-stock/experiments/refs/pd-mapper/json.c:84:55: warning: comparison of integer expressions of different signedness: 'long int' and 'long unsigned int' [-Wsign-compare]
   84 |         while ((ch = input()) && ch != '"' && b - buf < sizeof(buf) - 1)
      |                                                       ^
/home/user/nx679j-stock/experiments/refs/pd-mapper/json.c: In function 'json_parse_number':
/home/user/nx679j-stock/experiments/refs/pd-mapper/json.c:103:57: warning: comparison of integer expressions of different signedness: 'long int' and 'long unsigned int' [-Wsign-compare]
  103 |         while ((ch = input()) && isdigit(ch) && b - buf < sizeof(buf) - 1)
      |                                                         ^
/home/user/nx679j-stock/experiments/refs/qrtr-master/lib/qmi.c: In function 'qmi_encode_struct_elem':
/home/user/nx679j-stock/experiments/refs/qrtr-master/lib/qmi.c:245:23: warning: comparison of integer expressions of different signedness: 'int' and 'uint32_t' {aka 'unsigned int'} [-Wsign-compare]
  245 |         for (i = 0; i < elem_len; i++) {
      |                       ^
/home/user/nx679j-stock/experiments/refs/qrtr-master/lib/qmi.c: In function 'qmi_decode_struct_elem':
/home/user/nx679j-stock/experiments/refs/qrtr-master/lib/qmi.c:520:23: warning: comparison of integer expressions of different signedness: 'int' and 'uint32_t' {aka 'unsigned int'} [-Wsign-compare]
  520 |         for (i = 0; i < elem_len && decoded_bytes < tlv_len; i++) {
      |                       ^
/home/user/nx679j-stock/experiments/refs/qrtr-master/lib/qmi.c:520:51: warning: comparison of integer expressions of different signedness: 'int' and 'uint32_t' {aka 'unsigned int'} [-Wsign-compare]
  520 |         for (i = 0; i < elem_len && decoded_bytes < tlv_len; i++) {
      |                                                   ^
/home/user/nx679j-stock/experiments/refs/qrtr-master/lib/qmi.c:530:46: warning: comparison of integer expressions of different signedness: 'int' and 'uint32_t' {aka 'unsigned int'} [-Wsign-compare]
  530 |         if ((dec_level <= 2 && decoded_bytes != tlv_len) ||
      |                                              ^~
/home/user/nx679j-stock/experiments/refs/qrtr-master/lib/qmi.c:531:34: warning: comparison of integer expressions of different signedness: 'int' and 'uint32_t' {aka 'unsigned int'} [-Wsign-compare]
  531 |             (dec_level > 2 && (i < elem_len || decoded_bytes > tlv_len))) {
      |                                  ^
/home/user/nx679j-stock/experiments/refs/qrtr-master/lib/qmi.c:531:62: warning: comparison of integer expressions of different signedness: 'int' and 'uint32_t' {aka 'unsigned int'} [-Wsign-compare]
  531 |             (dec_level > 2 && (i < elem_len || decoded_bytes > tlv_len))) {
      |                                                              ^
