registering services
[RMTFS] packet; from: 1:-2
[RMTFS] del_client 1:16389
[RMTFS] packet; from: 1:-2
[RMTFS] del_client 1:16400
[RMTFS] packet; from: 0:8
[RMTFS] open /boot/modem_fs1 => 0 (0:0)
[RMTFS] packet; from: 1:-2
[RMTFS] del_client 0:8
[RMTFS] packet; from: 0:9
[RMTFS] open /boot/modem_fs2 => 1 (0:0)
[RMTFS] packet; from: 1:-2
[RMTFS] del_client 0:9
[RMTFS] packet; from: 0:11
[RMTFS] alloc 0, 2621440 => 0xd4500000 (0:0)
[RMTFS] packet; from: 1:-2
[RMTFS] del_client 0:11
[RMTFS] packet; from: 0:12
[RMTFS] iovec 0, not forced => (0:0)
[RMTFS]       read 1:1 0xd4500200
[RMTFS] packet; from: 1:-2
[RMTFS] del_client 0:12
[RMTFS] packet; from: 0:13
[RMTFS] iovec 1, not forced => (0:0)
[RMTFS]       read 1:1 0xd4500200
[RMTFS] packet; from: 1:-2
[RMTFS] del_client 0:13
[RMTFS] packet; from: 0:14
[RMTFS] iovec 1, not forced => (0:0)
[RMTFS]       read 2:5118 0xd4500400
[RMTFS] packet; from: 1:-2
[RMTFS] del_client 0:14
[RMTFS] packet; from: 1:-2
[RMTFS] del_client 1:16401
[RMTFS] packet; from: 1:-2
[RMTFS] del_client 0:29
[RMTFS] packet; from: 1:-2
[RMTFS] del_client 1:16402
[RMTFS] packet; from: 1:-2
[RMTFS] del_client 0:30
[RMTFS] packet; from: 1:-2
[RMTFS] del_client 1:16403
[RMTFS] packet; from: 1:-2
[RMTFS] del_client 0:31
[RMTFS] packet; from: 1:-2
[RMTFS] del_client 1:16404
[RMTFS] packet; from: 1:-2
[RMTFS] del_client 0:32
[RMTFS] packet; from: 1:-2
[RMTFS] del_client 1:16405
[RMTFS] packet; from: 1:-2
[RMTFS] del_client 0:33
[RMTFS] packet; from: 1:-2
[RMTFS] del_client 1:16406
[RMTFS] packet; from: 1:-2
[RMTFS] del_client 0:34
[RMTFS] packet; from: 1:-2
[RMTFS] del_client 1:16407
[RMTFS] packet; from: 1:-2
[RMTFS] del_client 0:35
[RMTFS] packet; from: 1:-2
[RMTFS] del_client 0:36
[RMTFS] packet; from: 1:-2
[RMTFS] del_client 1:16408
[RMTFS] packet; from: 1:-2
[RMTFS] del_client 1:16409
[RMTFS] packet; from: 1:-2
[RMTFS] del_client 0:37
[RMTFS] packet; from: 1:-2
[RMTFS] del_client 0:39
[RMTFS] packet; from: 1:-2
[RMTFS] del_client 1:16410
[RMTFS] packet; from: 1:-2
[RMTFS] del_client 1:16411
[RMTFS] packet; from: 1:-2
[RMTFS] del_client 1:16412
[RMTFS] packet; from: 1:-2
[RMTFS] del_client 1:16413
[RMTFS] packet; from: 1:-2
[RMTFS] del_client 1:16414
[RMTFS] packet; from: 1:-2
[RMTFS] del_client 0:90
[RMTFS] packet; from: 1:-2
[RMTFS] del_client 1:16415
[RMTFS] packet; from: 1:-2
[RMTFS] del_client 0:91
[RMTFS] packet; from: 1:-2
[RMTFS] del_client 1:16416
[RMTFS] packet; from: 1:-2
[RMTFS] del_client 0:92
[RMTFS] packet; from: 1:-2
[RMTFS] del_client 1:16417
[RMTFS] packet; from: 1:-2
[RMTFS] del_client 0:93
[RMTFS] packet; from: 1:-2
[RMTFS] del_client 0:94
[RMTFS] packet; from: 1:-2
[RMTFS] del_client 1:16419
[RMTFS] packet; from: 1:-2
[RMTFS] del_client 0:95
[RMTFS] packet; from: 1:-2
[RMTFS] del_client 1:16420
[RMTFS] packet; from: 1:-2
[RMTFS] del_client 0:96
[RMTFS] packet; from: 1:-2
[RMTFS] del_client 1:16421
[RMTFS] packet; from: 1:-2
[RMTFS] del_client 0:97
[RMTFS] packet; from: 1:-2
[RMTFS] del_client 1:16422
[RMTFS] packet; from: 1:-2
[RMTFS] del_client 0:98
[RMTFS] packet; from: 1:-2
[RMTFS] del_client 1:16423
[RMTFS] packet; from: 1:-2
[RMTFS] del_client 1:16424
[RMTFS] packet; from: 1:-2
[RMTFS] del_client 1:16425
[RMTFS] packet; from: 1:-2
[RMTFS] del_client 1:16426
[RMTFS] packet; from: 1:-2
[RMTFS] del_client 1:16427
[RMTFS] packet; from: 1:-2
[RMTFS] del_client 1:16428
[RMTFS] packet; from: 1:-2
[RMTFS] del_client 1:16429
[RMTFS] packet; from: 1:-2
[RMTFS] del_client 1:16430
[RMTFS] packet; from: 1:-2
[RMTFS] del_client 1:16431
[RMTFS] packet; from: 1:-2
[RMTFS] del_client 1:16432
[RMTFS] packet; from: 1:-2
[RMTFS] del_client 1:16433
[RMTFS] packet; from: 1:-2
[RMTFS] del_client 1:16434
[RMTFS] packet; from: 1:-2
[RMTFS] del_client 1:16435
[RMTFS] packet; from: 1:-2
[RMTFS] del_client 1:16436
[RMTFS] packet; from: 1:-2
[RMTFS] del_client 1:16437
[RMTFS] packet; from: 1:-2
[RMTFS] del_client 1:16438
[RMTFS] packet; from: 1:-2
[RMTFS] del_client 1:16439
[RMTFS] packet; from: 1:-2
[RMTFS] del_client 1:16440
[RMTFS] packet; from: 1:-2
[RMTFS] del_client 1:16441
[RMTFS] packet; from: 1:-2
[RMTFS] del_client 1:16442
[RMTFS] packet; from: 1:-2
[RMTFS] del_client 1:16443
[RMTFS] packet; from: 1:-2
[RMTFS] del_client 1:16444
[RMTFS] packet; from: 1:-2
[RMTFS] del_client 1:16445
[RMTFS] packet; from: 1:-2
[RMTFS] del_client 1:16446
[RMTFS] packet; from: 1:-2
[RMTFS] del_client 0:89
[RMTFS] packet; from: 1:-2
[RMTFS] del_client 0:52
[RMTFS] packet; from: 1:-2
[RMTFS] del_client 1:16447
[RMTFS] packet; from: 0:100
[RMTFS] iovec 0, not forced => (0:0)
[RMTFS]       write 0:5120 0xd4500000
[RMTFS] packet; from: 1:-2
[RMTFS] del_client 0:100
[RMTFS] packet; from: 1:-2
[RMTFS] bye from 0
[RMTFS] packet; from: 0:8
[RMTFS] open /boot/modem_fs1 => 0 (0:0)
[RMTFS] packet; from: 0:9
[RMTFS] open /boot/modem_fs2 => 1 (0:0)
[RMTFS] packet; from: 1:-2
[RMTFS] del_client 0:8
[RMTFS] packet; from: 1:-2
[RMTFS] del_client 0:9
[RMTFS] packet; from: 0:11
[RMTFS] alloc 0, 2621440 => 0xd4500000 (0:0)
[RMTFS] packet; from: 0:12
[RMTFS] iovec 0, not forced => (0:0)
[RMTFS]       read 1:1 0xd4500200
[RMTFS] packet; from: 1:-2
[RMTFS] del_client 0:11
[RMTFS] packet; from: 0:13
[RMTFS] iovec 1, not forced => (0:0)
[RMTFS]       read 1:1 0xd4500200
[RMTFS] packet; from: 1:-2
[RMTFS] del_client 0:12
[RMTFS] packet; from: 1:-2
[RMTFS] del_client 0:13
[RMTFS] packet; from: 0:14
[RMTFS] iovec 0, not forced => (0:0)
[RMTFS]       read 2:5118 0xd4500400
[RMTFS] packet; from: 1:-2
[RMTFS] del_client 0:14
[RMTFS] packet; from: 1:-2
[RMTFS] del_client 1:16448
[RMTFS] packet; from: 1:-2
[RMTFS] del_client 0:29
[RMTFS] packet; from: 1:-2
[RMTFS] del_client 1:16449
[RMTFS] packet; from: 1:-2
[RMTFS] del_client 0:30
[RMTFS] packet; from: 1:-2
[RMTFS] del_client 1:16450
[RMTFS] packet; from: 1:-2
[RMTFS] del_client 0:31
[RMTFS] packet; from: 1:-2
[RMTFS] del_client 1:16451
[RMTFS] packet; from: 1:-2
[RMTFS] del_client 0:32
[RMTFS] packet; from: 1:-2
[RMTFS] del_client 1:16452
[RMTFS] packet; from: 1:-2
[RMTFS] del_client 0:33
[RMTFS] packet; from: 1:-2
[RMTFS] del_client 1:16453
[RMTFS] packet; from: 1:-2
[RMTFS] del_client 0:34
[RMTFS] packet; from: 1:-2
[RMTFS] del_client 1:16454
[RMTFS] packet; from: 1:-2
[RMTFS] del_client 0:35
[RMTFS] packet; from: 1:-2
[RMTFS] del_client 0:37
[RMTFS] packet; from: 1:-2
[RMTFS] del_client 1:16455
[RMTFS] packet; from: 1:-2
[RMTFS] del_client 1:16456
[RMTFS] packet; from: 1:-2
[RMTFS] del_client 0:38
[RMTFS] packet; from: 1:-2
[RMTFS] del_client 1:16457
[RMTFS] packet; from: 1:-2
[RMTFS] del_client 0:41
[RMTFS] packet; from: 1:-2
[RMTFS] del_client 1:16458
[RMTFS] packet; from: 1:-2
[RMTFS] del_client 1:16459
[RMTFS] packet; from: 1:-2
[RMTFS] del_client 1:16460
[RMTFS] packet; from: 1:-2
[RMTFS] del_client 1:16461
[RMTFS] packet; from: 1:-2
[RMTFS] del_client 1:16462
[RMTFS] packet; from: 1:-2
[RMTFS] del_client 0:90
[RMTFS] packet; from: 1:-2
[RMTFS] del_client 1:16463
[RMTFS] packet; from: 1:-2
[RMTFS] del_client 0:91
[RMTFS] packet; from: 1:-2
[RMTFS] del_client 1:16464
[RMTFS] packet; from: 1:-2
[RMTFS] del_client 0:92
[RMTFS] packet; from: 1:-2
[RMTFS] del_client 0:93
[RMTFS] packet; from: 1:-2
[RMTFS] del_client 1:16466
[RMTFS] packet; from: 1:-2
[RMTFS] del_client 0:94
[RMTFS] packet; from: 1:-2
[RMTFS] del_client 1:16467
[RMTFS] packet; from: 1:-2
[RMTFS] del_client 0:95
[RMTFS] packet; from: 1:-2
[RMTFS] del_client 1:16468
[RMTFS] packet; from: 1:-2
[RMTFS] del_client 0:96
[RMTFS] packet; from: 1:-2
[RMTFS] del_client 1:16469
[RMTFS] packet; from: 1:-2
[RMTFS] del_client 0:97
[RMTFS] packet; from: 1:-2
[RMTFS] del_client 1:16470
[RMTFS] packet; from: 1:-2
[RMTFS] del_client 1:16471
[RMTFS] packet; from: 1:-2
[RMTFS] del_client 1:16472
[RMTFS] packet; from: 1:-2
[RMTFS] del_client 1:16473
[RMTFS] packet; from: 1:-2
[RMTFS] del_client 1:16474
[RMTFS] packet; from: 1:-2
[RMTFS] del_client 1:16475
[RMTFS] packet; from: 1:-2
[RMTFS] del_client 1:16476
[RMTFS] packet; from: 1:-2
[RMTFS] del_client 1:16477
[RMTFS] packet; from: 1:-2
[RMTFS] del_client 1:16478
[RMTFS] packet; from: 1:-2
[RMTFS] del_client 1:16479
[RMTFS] packet; from: 1:-2
[RMTFS] del_client 1:16480
[RMTFS] packet; from: 1:-2
[RMTFS] del_client 1:16481
[RMTFS] packet; from: 1:-2
[RMTFS] del_client 1:16482
[RMTFS] packet; from: 1:-2
[RMTFS] del_client 1:16483
[RMTFS] packet; from: 1:-2
[RMTFS] del_client 1:16484
[RMTFS] packet; from: 1:-2
[RMTFS] del_client 1:16485
[RMTFS] packet; from: 1:-2
[RMTFS] del_client 1:16486
[RMTFS] packet; from: 1:-2
[RMTFS] del_client 1:16487
[RMTFS] packet; from: 1:-2
[RMTFS] del_client 1:16488
[RMTFS] packet; from: 1:-2
[RMTFS] del_client 1:16489
[RMTFS] packet; from: 1:-2
[RMTFS] del_client 1:16490
[RMTFS] packet; from: 1:-2
[RMTFS] del_client 1:16491
[RMTFS] packet; from: 1:-2
[RMTFS] del_client 1:16492
[RMTFS] packet; from: 1:-2
[RMTFS] del_client 1:16493
[RMTFS] packet; from: 1:-2
[RMTFS] del_client 1:16494
[RMTFS] packet; from: 1:-2
[RMTFS] del_client 1:16495
[RMTFS] packet; from: 1:-2
[RMTFS] del_client 1:16496
[RMTFS] packet; from: 1:-2
[RMTFS] del_client 1:16497
[RMTFS] packet; from: 1:-2
[RMTFS] del_client 1:16498
[RMTFS] packet; from: 1:-2
[RMTFS] del_client 1:16499
[RMTFS] packet; from: 1:-2
[RMTFS] del_client 1:16500
[RMTFS] packet; from: 1:-2
[RMTFS] del_client 1:16501
[RMTFS] packet; from: 1:-2
[RMTFS] del_client 1:16502
[RMTFS] packet; from: 1:-2
[RMTFS] del_client 1:16503
[RMTFS] packet; from: 1:-2
[RMTFS] del_client 1:16504
[RMTFS] packet; from: 1:-2
[RMTFS] del_client 1:16505
[RMTFS] packet; from: 1:-2
[RMTFS] del_client 1:16506
[RMTFS] packet; from: 1:-2
[RMTFS] del_client 1:16507
[RMTFS] packet; from: 1:-2
[RMTFS] del_client 1:16508
[RMTFS] packet; from: 1:-2
[RMTFS] del_client 1:16509
[RMTFS] packet; from: 1:-2
[RMTFS] del_client 1:16510
[RMTFS] packet; from: 0:101
[RMTFS] iovec 1, not forced => (0:0)
[RMTFS]       write 0:5120 0xd4500000
[RMTFS] packet; from: 1:-2
[RMTFS] del_client 0:101
[RMTFS] packet; from: 1:-2
[RMTFS] del_client 1:16511
[RMTFS] packet; from: 1:-2
[RMTFS] del_client 1:16512
[RMTFS] packet; from: 1:-2
[RMTFS] del_client 1:16513
[RMTFS] packet; from: 1:-2
[RMTFS] del_client 1:16514
[RMTFS] packet; from: 1:-2
[RMTFS] del_client 1:16515
[RMTFS] packet; from: 1:-2
[RMTFS] del_client 1:16516
[RMTFS] packet; from: 1:-2
[RMTFS] del_client 1:16517
[RMTFS] packet; from: 1:-2
[RMTFS] del_client 1:16518
[RMTFS] packet; from: 1:-2
[RMTFS] del_client 1:16519
[RMTFS] packet; from: 1:-2
[RMTFS] del_client 1:16520
[RMTFS] packet; from: 1:-2
[RMTFS] del_client 1:16521
[RMTFS] packet; from: 1:-2
[RMTFS] del_client 1:16522
[RMTFS] packet; from: 1:-2
[RMTFS] del_client 1:16523
[RMTFS] packet; from: 1:-2
[RMTFS] del_client 1:16524
[RMTFS] packet; from: 1:-2
[RMTFS] del_client 1:16525
[RMTFS] packet; from: 1:-2
[RMTFS] del_client 1:16526
[RMTFS] packet; from: 1:-2
[RMTFS] del_client 1:16527
[RMTFS] packet; from: 1:-2
[RMTFS] del_client 1:16528
[RMTFS] packet; from: 1:-2
[RMTFS] del_client 1:16529
[RMTFS] packet; from: 1:-2
[RMTFS] del_client 1:16530
[RMTFS] packet; from: 1:-2
[RMTFS] del_client 1:16531
[RMTFS] packet; from: 1:-2
[RMTFS] del_client 1:16532
[RMTFS] packet; from: 1:-2
[RMTFS] del_client 1:16533
[RMTFS] packet; from: 1:-2
[RMTFS] del_client 1:16534
[RMTFS] packet; from: 1:-2
[RMTFS] del_client 1:16535
[RMTFS] packet; from: 1:-2
[RMTFS] del_client 1:16536
[RMTFS] packet; from: 1:-2
[RMTFS] del_client 1:16537
[RMTFS] packet; from: 1:-2
[RMTFS] del_client 1:16538
[RMTFS] packet; from: 1:-2
[RMTFS] del_client 1:16539
[RMTFS] packet; from: 1:-2
[RMTFS] del_client 1:16540
[RMTFS] packet; from: 1:-2
[RMTFS] del_client 1:16541
[RMTFS] packet; from: 1:-2
[RMTFS] del_client 1:16542
[RMTFS] packet; from: 1:-2
[RMTFS] del_client 1:16543
[RMTFS] packet; from: 1:-2
[RMTFS] del_client 1:16544
[RMTFS] packet; from: 1:-2
[RMTFS] del_client 1:16545
[RMTFS] packet; from: 1:-2
[RMTFS] del_client 1:16546
[RMTFS] packet; from: 1:-2
[RMTFS] del_client 1:16547
[RMTFS] packet; from: 1:-2
[RMTFS] del_client 1:16548
[RMTFS] packet; from: 1:-2
[RMTFS] del_client 1:16549
[RMTFS] packet; from: 1:-2
[RMTFS] del_client 1:16550
[RMTFS] packet; from: 1:-2
[RMTFS] del_client 1:16551
[RMTFS] packet; from: 1:-2
[RMTFS] del_client 1:16552
[RMTFS] packet; from: 1:-2
[RMTFS] del_client 1:16553
[RMTFS] packet; from: 1:-2
[RMTFS] del_client 1:16554
[RMTFS] packet; from: 1:-2
[RMTFS] del_client 1:16555
[RMTFS] packet; from: 1:-2
[RMTFS] del_client 1:16556
[RMTFS] packet; from: 1:-2
[RMTFS] del_client 1:16557
[RMTFS] packet; from: 1:-2
[RMTFS] del_client 1:16558
[RMTFS] packet; from: 1:-2
[RMTFS] del_client 1:16559
[RMTFS] packet; from: 1:-2
[RMTFS] del_client 1:16560
[RMTFS] packet; from: 1:-2
[RMTFS] del_client 1:16561
[RMTFS] packet; from: 1:-2
[RMTFS] del_client 1:16562
[RMTFS] packet; from: 1:-2
[RMTFS] del_client 1:16563
[RMTFS] packet; from: 1:-2
[RMTFS] del_client 1:16564
[RMTFS] packet; from: 1:-2
[RMTFS] del_client 1:16565
[RMTFS] packet; from: 1:-2
[RMTFS] del_client 1:16566
[RMTFS] packet; from: 1:-2
[RMTFS] del_client 1:16567
[RMTFS] packet; from: 1:-2
[RMTFS] del_client 1:16568
[RMTFS] packet; from: 1:-2
[RMTFS] del_client 1:16569
[RMTFS] packet; from: 1:-2
[RMTFS] del_client 1:16570
[RMTFS] packet; from: 1:-2
[RMTFS] del_client 1:16571
[RMTFS] packet; from: 1:-2
[RMTFS] del_client 1:16572
[RMTFS] packet; from: 1:-2
[RMTFS] del_client 1:16573
[RMTFS] packet; from: 1:-2
[RMTFS] del_client 1:16574
[RMTFS] packet; from: 1:-2
[RMTFS] del_client 1:16575
[RMTFS] packet; from: 1:-2
[RMTFS] del_client 1:16576
[RMTFS] packet; from: 1:-2
[RMTFS] del_client 1:16577
[RMTFS] packet; from: 1:-2
[RMTFS] del_client 1:16578
[RMTFS] packet; from: 1:-2
[RMTFS] del_client 1:16579
[RMTFS] packet; from: 1:-2
[RMTFS] del_client 1:16580
[RMTFS] packet; from: 1:-2
[RMTFS] del_client 1:16581
[RMTFS] packet; from: 1:-2
[RMTFS] del_client 1:16582
[RMTFS] packet; from: 1:-2
[RMTFS] del_client 1:16583
[RMTFS] packet; from: 1:-2
[RMTFS] del_client 1:16584
[RMTFS] packet; from: 1:-2
[RMTFS] del_client 1:16585
[RMTFS] packet; from: 1:-2
[RMTFS] del_client 1:16586
[RMTFS] packet; from: 1:-2
[RMTFS] del_client 1:16587
[RMTFS] packet; from: 1:-2
[RMTFS] del_client 1:16588
[RMTFS] packet; from: 1:-2
[RMTFS] del_client 1:16589
[RMTFS] packet; from: 1:-2
[RMTFS] del_client 1:16590
[RMTFS] packet; from: 1:-2
[RMTFS] del_client 1:16591
[RMTFS] packet; from: 1:-2
[RMTFS] del_client 1:16592
[RMTFS] packet; from: 1:-2
[RMTFS] del_client 1:16593
[RMTFS] packet; from: 1:-2
[RMTFS] del_client 1:16594
[RMTFS] packet; from: 1:-2
[RMTFS] del_client 1:16595
[RMTFS] packet; from: 1:-2
[RMTFS] del_client 1:16596
[RMTFS] packet; from: 1:-2
[RMTFS] del_client 1:16597
[RMTFS] packet; from: 1:-2
[RMTFS] del_client 1:16598
[RMTFS] packet; from: 1:-2
[RMTFS] del_client 1:16599
[RMTFS] packet; from: 1:-2
[RMTFS] del_client 1:16600
[RMTFS] packet; from: 1:-2
[RMTFS] del_client 1:16601
[RMTFS] packet; from: 1:-2
[RMTFS] del_client 1:16602
[RMTFS] packet; from: 1:-2
[RMTFS] del_client 1:16603
[RMTFS] packet; from: 1:-2
[RMTFS] del_client 1:16604
[RMTFS] packet; from: 1:-2
[RMTFS] del_client 1:16605
[RMTFS] packet; from: 1:-2
[RMTFS] del_client 1:16606
[RMTFS] packet; from: 1:-2
[RMTFS] del_client 1:16607
[RMTFS] packet; from: 1:-2
[RMTFS] del_client 1:16608
[RMTFS] packet; from: 1:-2
[RMTFS] del_client 1:16609
[RMTFS] packet; from: 1:-2
[RMTFS] del_client 1:16610
[RMTFS] packet; from: 1:-2
[RMTFS] del_client 1:16611
[RMTFS] packet; from: 1:-2
[RMTFS] del_client 1:16612
[RMTFS] packet; from: 1:-2
[RMTFS] del_client 1:16613
[RMTFS] packet; from: 1:-2
[RMTFS] del_client 1:16614
[RMTFS] packet; from: 1:-2
[RMTFS] del_client 1:16615
[RMTFS] packet; from: 1:-2
[RMTFS] del_client 1:16616
[RMTFS] packet; from: 1:-2
[RMTFS] del_client 1:16617
[RMTFS] packet; from: 1:-2
[RMTFS] del_client 1:16618
[RMTFS] packet; from: 1:-2
[RMTFS] del_client 1:16619
[RMTFS] packet; from: 1:-2
[RMTFS] del_client 1:16620
[RMTFS] packet; from: 1:-2
[RMTFS] del_client 1:16621
[RMTFS] packet; from: 1:-2
[RMTFS] del_client 1:16622
[RMTFS] packet; from: 1:-2
[RMTFS] del_client 1:16623
[RMTFS] packet; from: 1:-2
[RMTFS] del_client 1:16624
[RMTFS] packet; from: 1:-2
[RMTFS] del_client 1:16625
[RMTFS] packet; from: 1:-2
[RMTFS] del_client 1:16626
[RMTFS] packet; from: 1:-2
[RMTFS] del_client 1:16627
[RMTFS] packet; from: 1:-2
[RMTFS] del_client 1:16628
[RMTFS] packet; from: 1:-2
[RMTFS] del_client 1:16629
[RMTFS] packet; from: 1:-2
[RMTFS] del_client 1:16630
[RMTFS] packet; from: 1:-2
[RMTFS] del_client 1:16631
[RMTFS] packet; from: 1:-2
[RMTFS] del_client 1:16632
[RMTFS] packet; from: 1:-2
[RMTFS] del_client 1:16633
[RMTFS] packet; from: 1:-2
[RMTFS] del_client 1:16634
[RMTFS] packet; from: 1:-2
[RMTFS] del_client 1:16635
[RMTFS] packet; from: 1:-2
[RMTFS] del_client 1:16636
[RMTFS] packet; from: 1:-2
[RMTFS] del_client 1:16637
[RMTFS] packet; from: 1:-2
[RMTFS] del_client 1:16638
[RMTFS] packet; from: 1:-2
[RMTFS] del_client 1:16639
[RMTFS] packet; from: 1:-2
[RMTFS] del_client 1:16640
[RMTFS] packet; from: 1:-2
[RMTFS] del_client 1:16641
[RMTFS] packet; from: 1:-2
[RMTFS] del_client 1:16642
[RMTFS] packet; from: 1:-2
[RMTFS] del_client 1:16643
[RMTFS] packet; from: 1:-2
[RMTFS] del_client 1:16644
[RMTFS] packet; from: 1:-2
[RMTFS] del_client 1:16645
[RMTFS] packet; from: 1:-2
[RMTFS] del_client 1:16646
[RMTFS] packet; from: 1:-2
[RMTFS] del_client 1:16647
[RMTFS] packet; from: 1:-2
[RMTFS] del_client 1:16657
[RMTFS] packet; from: 1:-2
[RMTFS] del_client 1:16662
[RMTFS] packet; from: 1:-2
[RMTFS] del_client 1:16666
[RMTFS] packet; from: 1:-2
[RMTFS] del_client 1:16676
[RMTFS] packet; from: 1:-2
[RMTFS] del_client 1:16677
[RMTFS] packet; from: 1:-2
[RMTFS] del_client 1:16675
[RMTFS] packet; from: 1:-2
[RMTFS] del_client 1:16674
[RMTFS] packet; from: 1:-2
[RMTFS] del_client 1:16673
[RMTFS] packet; from: 1:-2
[RMTFS] del_client 1:16672
[RMTFS] packet; from: 1:-2
[RMTFS] del_client 1:16671
[RMTFS] packet; from: 1:-2
[RMTFS] del_client 1:16670
[RMTFS] packet; from: 1:-2
[RMTFS] del_client 1:16669
[RMTFS] packet; from: 1:-2
[RMTFS] del_client 1:16668
[RMTFS] packet; from: 1:-2
[RMTFS] del_client 1:16667
[RMTFS] packet; from: 1:-2
[RMTFS] del_client 1:16665
[RMTFS] packet; from: 1:-2
[RMTFS] del_client 1:16664
[RMTFS] packet; from: 1:-2
[RMTFS] del_client 1:16663
[RMTFS] packet; from: 1:-2
[RMTFS] del_client 1:16661
[RMTFS] packet; from: 1:-2
[RMTFS] del_client 1:16660
[RMTFS] packet; from: 1:-2
[RMTFS] del_client 1:16659
[RMTFS] packet; from: 1:-2
[RMTFS] del_client 1:16658
[RMTFS] packet; from: 1:-2
[RMTFS] del_client 1:16656
[RMTFS] packet; from: 1:-2
[RMTFS] del_client 1:16655
[RMTFS] packet; from: 1:-2
[RMTFS] del_client 1:16654
[RMTFS] packet; from: 1:-2
[RMTFS] del_client 1:16653
[RMTFS] packet; from: 1:-2
[RMTFS] del_client 1:16652
[RMTFS] packet; from: 1:-2
[RMTFS] del_client 1:16651
[RMTFS] packet; from: 1:-2
[RMTFS] del_client 1:16650
[RMTFS] packet; from: 1:-2
[RMTFS] del_client 1:16649
[RMTFS] packet; from: 1:-2
[RMTFS] del_client 1:16648
[RMTFS] packet; from: 1:-2
[RMTFS] del_client 1:16678
[RMTFS] packet; from: 1:-2
[RMTFS] del_client 1:16679
[RMTFS] packet; from: 1:-2
[RMTFS] del_client 1:16680
[RMTFS] packet; from: 1:-2
[RMTFS] del_client 1:16681
[RMTFS] packet; from: 1:-2
[RMTFS] del_client 1:16682
[RMTFS] packet; from: 1:-2
[RMTFS] del_client 1:16692
[RMTFS] packet; from: 1:-2
[RMTFS] del_client 1:16697
[RMTFS] packet; from: 1:-2
[RMTFS] del_client 1:16701
[RMTFS] packet; from: 1:-2
[RMTFS] del_client 1:16711
[RMTFS] packet; from: 1:-2
[RMTFS] del_client 1:16712
[RMTFS] packet; from: 1:-2
[RMTFS] del_client 1:16710
[RMTFS] packet; from: 1:-2
[RMTFS] del_client 1:16709
[RMTFS] packet; from: 1:-2
[RMTFS] del_client 1:16708
[RMTFS] packet; from: 1:-2
[RMTFS] del_client 1:16707
[RMTFS] packet; from: 1:-2
[RMTFS] del_client 1:16706
[RMTFS] packet; from: 1:-2
[RMTFS] del_client 1:16705
[RMTFS] packet; from: 1:-2
[RMTFS] del_client 1:16704
[RMTFS] packet; from: 1:-2
[RMTFS] del_client 1:16703
[RMTFS] packet; from: 1:-2
[RMTFS] del_client 1:16702
[RMTFS] packet; from: 1:-2
[RMTFS] del_client 1:16700
[RMTFS] packet; from: 1:-2
[RMTFS] del_client 1:16699
[RMTFS] packet; from: 1:-2
[RMTFS] del_client 1:16698
[RMTFS] packet; from: 1:-2
[RMTFS] del_client 1:16696
[RMTFS] packet; from: 1:-2
[RMTFS] del_client 1:16695
[RMTFS] packet; from: 1:-2
[RMTFS] del_client 1:16694
[RMTFS] packet; from: 1:-2
[RMTFS] del_client 1:16693
[RMTFS] packet; from: 1:-2
[RMTFS] del_client 1:16691
[RMTFS] packet; from: 1:-2
[RMTFS] del_client 1:16690
[RMTFS] packet; from: 1:-2
[RMTFS] del_client 1:16689
[RMTFS] packet; from: 1:-2
[RMTFS] del_client 1:16688
[RMTFS] packet; from: 1:-2
[RMTFS] del_client 1:16687
[RMTFS] packet; from: 1:-2
[RMTFS] del_client 1:16686
[RMTFS] packet; from: 1:-2
[RMTFS] del_client 1:16685
[RMTFS] packet; from: 1:-2
[RMTFS] del_client 1:16684
[RMTFS] packet; from: 1:-2
[RMTFS] del_client 1:16683
[RMTFS] packet; from: 1:-2
[RMTFS] del_client 1:16713
[RMTFS] packet; from: 1:-2
[RMTFS] del_client 1:16714
[RMTFS] packet; from: 1:-2
[RMTFS] del_client 1:16715
[RMTFS] packet; from: 1:-2
[RMTFS] del_client 1:16716
[RMTFS] packet; from: 1:-2
[RMTFS] del_client 1:16717
[RMTFS] packet; from: 1:-2
[RMTFS] del_client 1:16718
[RMTFS] packet; from: 1:-2
[RMTFS] del_client 1:16719
[RMTFS] packet; from: 1:-2
[RMTFS] del_client 1:16720
[RMTFS] packet; from: 1:-2
[RMTFS] del_client 1:16728
[RMTFS] packet; from: 1:-2
[RMTFS] del_client 1:16735
[RMTFS] packet; from: 1:-2
[RMTFS] del_client 1:16739
[RMTFS] packet; from: 1:-2
[RMTFS] del_client 1:16749
[RMTFS] packet; from: 1:-2
[RMTFS] del_client 1:16750
[RMTFS] packet; from: 1:-2
[RMTFS] del_client 1:16748
[RMTFS] packet; from: 1:-2
[RMTFS] del_client 1:16747
[RMTFS] packet; from: 1:-2
[RMTFS] del_client 1:16746
[RMTFS] packet; from: 1:-2
[RMTFS] del_client 1:16745
[RMTFS] packet; from: 1:-2
[RMTFS] del_client 1:16744
[RMTFS] packet; from: 1:-2
[RMTFS] del_client 1:16743
[RMTFS] packet; from: 1:-2
[RMTFS] del_client 1:16742
[RMTFS] packet; from: 1:-2
[RMTFS] del_client 1:16741
[RMTFS] packet; from: 1:-2
[RMTFS] del_client 1:16740
[RMTFS] packet; from: 1:-2
[RMTFS] del_client 1:16738
[RMTFS] packet; from: 1:-2
[RMTFS] del_client 1:16737
[RMTFS] packet; from: 1:-2
[RMTFS] del_client 1:16736
[RMTFS] packet; from: 1:-2
[RMTFS] del_client 1:16734
[RMTFS] packet; from: 1:-2
[RMTFS] del_client 1:16733
[RMTFS] packet; from: 1:-2
[RMTFS] del_client 1:16732
[RMTFS] packet; from: 1:-2
[RMTFS] del_client 1:16731
[RMTFS] packet; from: 1:-2
[RMTFS] del_client 1:16730
[RMTFS] packet; from: 1:-2
[RMTFS] del_client 1:16729
[RMTFS] packet; from: 1:-2
[RMTFS] del_client 1:16727
[RMTFS] packet; from: 1:-2
[RMTFS] del_client 1:16726
[RMTFS] packet; from: 1:-2
[RMTFS] del_client 1:16725
[RMTFS] packet; from: 1:-2
[RMTFS] del_client 1:16724
[RMTFS] packet; from: 1:-2
[RMTFS] del_client 1:16723
[RMTFS] packet; from: 1:-2
[RMTFS] del_client 1:16722
[RMTFS] packet; from: 1:-2
[RMTFS] del_client 1:16721
[RMTFS] packet; from: 1:-2
[RMTFS] del_client 1:16751
[RMTFS] packet; from: 1:-2
[RMTFS] del_client 1:16752
[RMTFS] packet; from: 1:-2
[RMTFS] del_client 1:16753
[RMTFS] packet; from: 1:-2
[RMTFS] del_client 1:16754
[RMTFS] packet; from: 1:-2
[RMTFS] del_client 1:16755
[RMTFS] packet; from: 1:-2
[RMTFS] del_client 1:16756
[RMTFS] packet; from: 1:-2
[RMTFS] del_client 1:16757
[RMTFS] packet; from: 1:-2
[RMTFS] del_client 1:16758
[RMTFS] packet; from: 1:-2
[RMTFS] del_client 1:16764
[RMTFS] packet; from: 1:-2
[RMTFS] del_client 1:16773
[RMTFS] packet; from: 1:-2
[RMTFS] del_client 1:16777
[RMTFS] packet; from: 0:102
[RMTFS] iovec 0, not forced => (0:0)
[RMTFS]       write 0:5120 0xd4500000
[RMTFS] packet; from: 1:-2
[RMTFS] del_client 0:102
[RMTFS] packet; from: 1:-2
[RMTFS] del_client 1:16786
[RMTFS] packet; from: 1:-2
[RMTFS] del_client 1:16789
[RMTFS] packet; from: 1:-2
[RMTFS] del_client 1:16788
[RMTFS] packet; from: 1:-2
[RMTFS] del_client 1:16787
[RMTFS] packet; from: 1:-2
[RMTFS] del_client 1:16785
[RMTFS] packet; from: 1:-2
[RMTFS] del_client 1:16784
[RMTFS] packet; from: 1:-2
[RMTFS] del_client 1:16783
[RMTFS] packet; from: 1:-2
[RMTFS] del_client 1:16782
[RMTFS] packet; from: 1:-2
[RMTFS] del_client 1:16781
[RMTFS] packet; from: 1:-2
[RMTFS] del_client 1:16780
[RMTFS] packet; from: 1:-2
[RMTFS] del_client 1:16779
[RMTFS] packet; from: 1:-2
[RMTFS] del_client 1:16778
[RMTFS] packet; from: 1:-2
[RMTFS] del_client 1:16776
[RMTFS] packet; from: 1:-2
[RMTFS] del_client 1:16775
[RMTFS] packet; from: 1:-2
[RMTFS] del_client 1:16774
[RMTFS] packet; from: 1:-2
[RMTFS] del_client 1:16772
[RMTFS] packet; from: 1:-2
[RMTFS] del_client 1:16771
[RMTFS] packet; from: 1:-2
[RMTFS] del_client 1:16770
[RMTFS] packet; from: 1:-2
[RMTFS] del_client 1:16769
[RMTFS] packet; from: 1:-2
[RMTFS] del_client 1:16768
[RMTFS] packet; from: 1:-2
[RMTFS] del_client 1:16767
[RMTFS] packet; from: 1:-2
[RMTFS] del_client 1:16766
[RMTFS] packet; from: 1:-2
[RMTFS] del_client 1:16765
[RMTFS] packet; from: 1:-2
[RMTFS] del_client 1:16763
[RMTFS] packet; from: 1:-2
[RMTFS] del_client 1:16762
[RMTFS] packet; from: 1:-2
[RMTFS] del_client 1:16761
[RMTFS] packet; from: 1:-2
[RMTFS] del_client 1:16760
[RMTFS] packet; from: 1:-2
[RMTFS] del_client 1:16759
[RMTFS] packet; from: 1:-2
[RMTFS] del_client 1:16790
[RMTFS] packet; from: 1:-2
[RMTFS] del_client 1:16791
[RMTFS] packet; from: 1:-2
[RMTFS] del_client 1:16792
[RMTFS] packet; from: 1:-2
[RMTFS] del_client 1:16793
[RMTFS] packet; from: 1:-2
[RMTFS] del_client 1:16794
[RMTFS] packet; from: 1:-2
[RMTFS] del_client 1:16795
[RMTFS] packet; from: 1:-2
[RMTFS] del_client 1:16796
[RMTFS] packet; from: 1:-2
[RMTFS] del_client 1:16801
[RMTFS] packet; from: 1:-2
[RMTFS] del_client 1:16811
[RMTFS] packet; from: 1:-2
[RMTFS] del_client 1:16814
[RMTFS] packet; from: 1:-2
[RMTFS] del_client 1:16822
[RMTFS] packet; from: 1:-2
[RMTFS] del_client 1:16827
[RMTFS] packet; from: 1:-2
[RMTFS] del_client 1:16826
[RMTFS] packet; from: 1:-2
[RMTFS] del_client 1:16825
[RMTFS] packet; from: 1:-2
[RMTFS] del_client 1:16824
[RMTFS] packet; from: 1:-2
[RMTFS] del_client 1:16823
[RMTFS] packet; from: 1:-2
[RMTFS] del_client 1:16821
[RMTFS] packet; from: 1:-2
[RMTFS] del_client 1:16820
[RMTFS] packet; from: 1:-2
[RMTFS] del_client 1:16819
[RMTFS] packet; from: 1:-2
[RMTFS] del_client 1:16818
[RMTFS] packet; from: 1:-2
[RMTFS] del_client 1:16817
[RMTFS] packet; from: 1:-2
[RMTFS] del_client 1:16816
[RMTFS] packet; from: 1:-2
[RMTFS] del_client 1:16815
[RMTFS] packet; from: 1:-2
[RMTFS] del_client 1:16813
[RMTFS] packet; from: 1:-2
[RMTFS] del_client 1:16812
[RMTFS] packet; from: 1:-2
[RMTFS] del_client 1:16810
[RMTFS] packet; from: 1:-2
[RMTFS] del_client 1:16809
[RMTFS] packet; from: 1:-2
[RMTFS] del_client 1:16808
[RMTFS] packet; from: 1:-2
[RMTFS] del_client 1:16807
[RMTFS] packet; from: 1:-2
[RMTFS] del_client 1:16806
[RMTFS] packet; from: 1:-2
[RMTFS] del_client 1:16805
[RMTFS] packet; from: 1:-2
[RMTFS] del_client 1:16804
[RMTFS] packet; from: 1:-2
[RMTFS] del_client 1:16803
[RMTFS] packet; from: 1:-2
[RMTFS] del_client 1:16802
[RMTFS] packet; from: 1:-2
[RMTFS] del_client 1:16800
[RMTFS] packet; from: 1:-2
[RMTFS] del_client 1:16799
[RMTFS] packet; from: 1:-2
[RMTFS] del_client 1:16798
[RMTFS] packet; from: 1:-2
[RMTFS] del_client 1:16797
[RMTFS] packet; from: 1:-2
[RMTFS] del_client 1:16828
[RMTFS] packet; from: 1:-2
[RMTFS] del_client 1:16829
[RMTFS] packet; from: 1:-2
[RMTFS] del_client 1:16830
[RMTFS] packet; from: 1:-2
[RMTFS] del_client 1:16831
[RMTFS] packet; from: 1:-2
[RMTFS] del_client 1:16832
[RMTFS] packet; from: 1:-2
[RMTFS] del_client 1:16833
[RMTFS] packet; from: 1:-2
[RMTFS] del_client 1:16834
[RMTFS] packet; from: 1:-2
[RMTFS] del_client 1:16835
[RMTFS] packet; from: 1:-2
[RMTFS] del_client 1:16836
[RMTFS] packet; from: 1:-2
[RMTFS] del_client 1:16837
[RMTFS] packet; from: 1:-2
[RMTFS] del_client 1:16838
[RMTFS] packet; from: 1:-2
[RMTFS] del_client 1:16839
[RMTFS] packet; from: 1:-2
[RMTFS] del_client 1:16840
[RMTFS] packet; from: 1:-2
[RMTFS] del_client 1:16841
[RMTFS] packet; from: 1:-2
[RMTFS] del_client 1:16842
[RMTFS] packet; from: 1:-2
[RMTFS] del_client 1:16843
[RMTFS] packet; from: 1:-2
[RMTFS] del_client 1:16844
[RMTFS] packet; from: 1:-2
[RMTFS] del_client 1:16845
[RMTFS] packet; from: 1:-2
[RMTFS] del_client 1:16846
[RMTFS] packet; from: 1:-2
[RMTFS] del_client 1:16847
[RMTFS] packet; from: 1:-2
[RMTFS] del_client 1:16848
[RMTFS] packet; from: 1:-2
[RMTFS] del_client 1:16849
[RMTFS] packet; from: 1:-2
[RMTFS] del_client 1:16850
[RMTFS] packet; from: 1:-2
[RMTFS] del_client 1:16851
[RMTFS] packet; from: 1:-2
[RMTFS] del_client 1:16852
[RMTFS] packet; from: 1:-2
[RMTFS] del_client 1:16853
[RMTFS] packet; from: 1:-2
[RMTFS] del_client 1:16854
[RMTFS] packet; from: 1:-2
[RMTFS] del_client 1:16855
[RMTFS] packet; from: 0:103
[RMTFS] iovec 1, not forced => (0:0)
[RMTFS]       write 0:5120 0xd4500000
[RMTFS] packet; from: 1:-2
[RMTFS] del_client 0:103
[RMTFS] packet; from: 1:-2
[RMTFS] del_client 1:16856
[RMTFS] packet; from: 1:-2
[RMTFS] del_client 1:16857
[RMTFS] packet; from: 1:-2
[RMTFS] del_client 1:16858
[RMTFS] packet; from: 1:-2
[RMTFS] del_client 1:16859
[RMTFS] packet; from: 1:-2
[RMTFS] del_client 1:16860
[RMTFS] packet; from: 1:-2
[RMTFS] del_client 1:16861
[RMTFS] packet; from: 1:-2
[RMTFS] del_client 1:16862
[RMTFS] packet; from: 1:-2
[RMTFS] del_client 1:16863
[RMTFS] packet; from: 1:-2
[RMTFS] del_client 1:16864
[RMTFS] packet; from: 1:-2
[RMTFS] del_client 1:16865
[RMTFS] packet; from: 1:-2
[RMTFS] del_client 1:16866
[RMTFS] packet; from: 1:-2
[RMTFS] del_client 1:16867
[RMTFS] packet; from: 1:-2
[RMTFS] del_client 1:16868
[RMTFS] packet; from: 1:-2
[RMTFS] del_client 1:16869
[RMTFS] packet; from: 1:-2
[RMTFS] del_client 1:16870
[RMTFS] packet; from: 1:-2
[RMTFS] del_client 1:16871
[RMTFS] packet; from: 1:-2
[RMTFS] del_client 1:16872
[RMTFS] packet; from: 1:-2
[RMTFS] del_client 1:16873
[RMTFS] packet; from: 1:-2
[RMTFS] del_client 1:16874
[RMTFS] packet; from: 1:-2
[RMTFS] del_client 1:16875
[RMTFS] packet; from: 1:-2
[RMTFS] del_client 1:16876
[RMTFS] packet; from: 1:-2
[RMTFS] del_client 1:16877
[RMTFS] packet; from: 1:-2
[RMTFS] del_client 1:16878
[RMTFS] packet; from: 1:-2
[RMTFS] del_client 1:16879
[RMTFS] packet; from: 1:-2
[RMTFS] del_client 1:16880
[RMTFS] packet; from: 1:-2
[RMTFS] del_client 1:16881
[RMTFS] packet; from: 1:-2
[RMTFS] del_client 1:16882
[RMTFS] packet; from: 1:-2
[RMTFS] del_client 1:16883
[RMTFS] packet; from: 1:-2
[RMTFS] del_client 1:16884
[RMTFS] packet; from: 1:-2
[RMTFS] del_client 1:16885
[RMTFS] packet; from: 1:-2
[RMTFS] del_client 1:16886
[RMTFS] packet; from: 1:-2
[RMTFS] del_client 1:16887
[RMTFS] packet; from: 1:-2
[RMTFS] del_client 1:16888
[RMTFS] packet; from: 1:-2
[RMTFS] del_client 1:16889
[RMTFS] packet; from: 1:-2
[RMTFS] del_client 1:16890
[RMTFS] packet; from: 1:-2
[RMTFS] del_client 1:16891
[RMTFS] packet; from: 1:-2
[RMTFS] del_client 1:16892
[RMTFS] packet; from: 1:-2
[RMTFS] del_client 1:16893
[RMTFS] packet; from: 1:-2
[RMTFS] del_client 1:16894
[RMTFS] packet; from: 1:-2
[RMTFS] del_client 1:16895
[RMTFS] packet; from: 1:-2
[RMTFS] del_client 1:16896
[RMTFS] packet; from: 1:-2
[RMTFS] del_client 1:16897
[RMTFS] packet; from: 1:-2
[RMTFS] del_client 1:16898
[RMTFS] packet; from: 1:-2
[RMTFS] del_client 1:16899
[RMTFS] packet; from: 1:-2
[RMTFS] del_client 1:16900
[RMTFS] packet; from: 1:-2
[RMTFS] del_client 1:16901
[RMTFS] packet; from: 1:-2
[RMTFS] del_client 1:16902
[RMTFS] packet; from: 1:-2
[RMTFS] del_client 1:16903
[RMTFS] packet; from: 1:-2
[RMTFS] del_client 1:16904
[RMTFS] packet; from: 1:-2
[RMTFS] del_client 1:16905
[RMTFS] packet; from: 1:-2
[RMTFS] del_client 1:16906
[RMTFS] packet; from: 1:-2
[RMTFS] del_client 1:16907
[RMTFS] packet; from: 1:-2
[RMTFS] del_client 1:16908
[RMTFS] packet; from: 1:-2
[RMTFS] del_client 1:16909
[RMTFS] packet; from: 1:-2
[RMTFS] del_client 1:16910
[RMTFS] packet; from: 1:-2
[RMTFS] del_client 1:16911
[RMTFS] packet; from: 1:-2
[RMTFS] del_client 1:16912
[RMTFS] packet; from: 1:-2
[RMTFS] del_client 1:16913
[RMTFS] packet; from: 1:-2
[RMTFS] del_client 1:16914
[RMTFS] packet; from: 1:-2
[RMTFS] del_client 1:16915
[RMTFS] packet; from: 1:-2
[RMTFS] del_client 1:16916
[RMTFS] packet; from: 1:-2
[RMTFS] del_client 1:16917
[RMTFS] packet; from: 1:-2
[RMTFS] del_client 1:16918
[RMTFS] packet; from: 1:-2
[RMTFS] del_client 1:16919
[RMTFS] packet; from: 1:-2
[RMTFS] del_client 0:89
[RMTFS] packet; from: 1:-2
[RMTFS] del_client 0:53
[RMTFS] packet; from: 1:-2
[RMTFS] del_client 1:16920
[RMTFS] packet; from: 0:104
[RMTFS] iovec 0, not forced => (0:0)
[RMTFS]       write 0:5120 0xd4500000
[RMTFS] packet; from: 1:-2
[RMTFS] del_client 0:104
[RMTFS] packet; from: 1:-2
[RMTFS] bye from 0
[RMTFS] packet; from: 0:8
[RMTFS] open /boot/modem_fs1 => 0 (0:0)
[RMTFS] packet; from: 0:9
[RMTFS] open /boot/modem_fs2 => 1 (0:0)
[RMTFS] packet; from: 1:-2
[RMTFS] del_client 0:8
[RMTFS] packet; from: 1:-2
[RMTFS] del_client 0:9
[RMTFS] packet; from: 0:11
[RMTFS] alloc 0, 2621440 => 0xd4500000 (0:0)
[RMTFS] packet; from: 0:12
[RMTFS] iovec 0, not forced => (0:0)
[RMTFS]       read 1:1 0xd4500200
[RMTFS] packet; from: 1:-2
[RMTFS] del_client 0:11
[RMTFS] packet; from: 0:13
[RMTFS] iovec 1, not forced => (0:0)
[RMTFS]       read 1:1 0xd4500200
[RMTFS] packet; from: 1:-2
[RMTFS] del_client 0:12
[RMTFS] packet; from: 1:-2
[RMTFS] del_client 0:13
[RMTFS] packet; from: 0:14
[RMTFS] iovec 0, not forced => (0:0)
[RMTFS]       read 2:5118 0xd4500400
[RMTFS] packet; from: 1:-2
[RMTFS] del_client 0:14
[RMTFS] packet; from: 1:-2
[RMTFS] del_client 1:16921
[RMTFS] packet; from: 1:-2
[RMTFS] del_client 0:29
[RMTFS] packet; from: 1:-2
[RMTFS] del_client 1:16922
[RMTFS] packet; from: 1:-2
[RMTFS] del_client 0:30
[RMTFS] packet; from: 1:-2
[RMTFS] del_client 1:16923
[RMTFS] packet; from: 1:-2
[RMTFS] del_client 0:32
[RMTFS] packet; from: 1:-2
[RMTFS] del_client 0:31
[RMTFS] packet; from: 1:-2
[RMTFS] del_client 1:16924
[RMTFS] packet; from: 1:-2
[RMTFS] del_client 1:16925
[RMTFS] packet; from: 1:-2
[RMTFS] del_client 0:33
[RMTFS] packet; from: 1:-2
[RMTFS] del_client 1:16926
[RMTFS] packet; from: 1:-2
[RMTFS] del_client 0:34
[RMTFS] packet; from: 1:-2
[RMTFS] del_client 1:16927
[RMTFS] packet; from: 1:-2
[RMTFS] del_client 0:35
[RMTFS] packet; from: 1:-2
[RMTFS] del_client 1:16928
[RMTFS] packet; from: 1:-2
[RMTFS] del_client 0:36
[RMTFS] packet; from: 1:-2
[RMTFS] del_client 0:37
[RMTFS] packet; from: 1:-2
[RMTFS] del_client 1:16929
[RMTFS] packet; from: 1:-2
[RMTFS] del_client 1:16930
[RMTFS] packet; from: 1:-2
[RMTFS] del_client 0:39
[RMTFS] packet; from: 1:-2
[RMTFS] del_client 1:16931
[RMTFS] packet; from: 1:-2
[RMTFS] del_client 1:16932
[RMTFS] packet; from: 1:-2
[RMTFS] del_client 1:16933
[RMTFS] packet; from: 1:-2
[RMTFS] del_client 0:90
[RMTFS] packet; from: 1:-2
[RMTFS] del_client 1:16934
[RMTFS] packet; from: 1:-2
[RMTFS] del_client 1:16935
[RMTFS] packet; from: 1:-2
[RMTFS] del_client 0:91
[RMTFS] packet; from: 1:-2
[RMTFS] del_client 1:16936
[RMTFS] packet; from: 1:-2
[RMTFS] del_client 0:92
[RMTFS] packet; from: 1:-2
[RMTFS] del_client 0:93
[RMTFS] packet; from: 1:-2
[RMTFS] del_client 1:16938
[RMTFS] packet; from: 1:-2
[RMTFS] del_client 0:94
[RMTFS] packet; from: 1:-2
[RMTFS] del_client 1:16939
[RMTFS] packet; from: 1:-2
[RMTFS] del_client 0:95
[RMTFS] packet; from: 1:-2
[RMTFS] del_client 1:16940
[RMTFS] packet; from: 1:-2
[RMTFS] del_client 0:96
[RMTFS] packet; from: 1:-2
[RMTFS] del_client 1:16941
[RMTFS] packet; from: 1:-2
[RMTFS] del_client 0:97
[RMTFS] packet; from: 1:-2
[RMTFS] del_client 1:16942
[RMTFS] packet; from: 1:-2
[RMTFS] del_client 1:16943
[RMTFS] packet; from: 1:-2
[RMTFS] del_client 1:16944
[RMTFS] packet; from: 1:-2
[RMTFS] del_client 1:16945
[RMTFS] packet; from: 1:-2
[RMTFS] del_client 1:16946
[RMTFS] packet; from: 1:-2
[RMTFS] del_client 1:16947
[RMTFS] packet; from: 1:-2
[RMTFS] del_client 1:16948
[RMTFS] packet; from: 1:-2
[RMTFS] del_client 1:16949
[RMTFS] packet; from: 1:-2
[RMTFS] del_client 1:16950
[RMTFS] packet; from: 1:-2
[RMTFS] del_client 1:16951
[RMTFS] packet; from: 1:-2
[RMTFS] del_client 1:16952
[RMTFS] packet; from: 1:-2
[RMTFS] del_client 1:16953
[RMTFS] packet; from: 1:-2
[RMTFS] del_client 1:16954
[RMTFS] packet; from: 1:-2
[RMTFS] del_client 1:16955
[RMTFS] packet; from: 1:-2
[RMTFS] del_client 1:16956
[RMTFS] packet; from: 1:-2
[RMTFS] del_client 1:16957
[RMTFS] packet; from: 1:-2
[RMTFS] del_client 1:16958
[RMTFS] packet; from: 1:-2
[RMTFS] del_client 1:16959
[RMTFS] packet; from: 1:-2
[RMTFS] del_client 1:16960
[RMTFS] packet; from: 1:-2
[RMTFS] del_client 1:16961
[RMTFS] packet; from: 1:-2
[RMTFS] del_client 1:16962
[RMTFS] packet; from: 1:-2
[RMTFS] del_client 1:16963
[RMTFS] packet; from: 1:-2
[RMTFS] del_client 1:16964
[RMTFS] packet; from: 1:-2
[RMTFS] del_client 1:16965
[RMTFS] packet; from: 1:-2
[RMTFS] del_client 1:16966
[RMTFS] packet; from: 1:-2
[RMTFS] del_client 1:16967
[RMTFS] packet; from: 1:-2
[RMTFS] del_client 1:16968
[RMTFS] packet; from: 1:-2
[RMTFS] del_client 1:16969
[RMTFS] packet; from: 1:-2
[RMTFS] del_client 1:16970
[RMTFS] packet; from: 1:-2
[RMTFS] del_client 1:16971
[RMTFS] packet; from: 1:-2
[RMTFS] del_client 1:16972
[RMTFS] packet; from: 1:-2
[RMTFS] del_client 1:16973
[RMTFS] packet; from: 1:-2
[RMTFS] del_client 1:16974
[RMTFS] packet; from: 1:-2
[RMTFS] del_client 1:16975
[RMTFS] packet; from: 1:-2
[RMTFS] del_client 1:16976
[RMTFS] packet; from: 1:-2
[RMTFS] del_client 1:16977
[RMTFS] packet; from: 1:-2
[RMTFS] del_client 1:16978
[RMTFS] packet; from: 1:-2
[RMTFS] del_client 1:16979
[RMTFS] packet; from: 1:-2
[RMTFS] del_client 1:16980
[RMTFS] packet; from: 0:101
[RMTFS] iovec 1, not forced => (0:0)
[RMTFS]       write 0:5120 0xd4500000
[RMTFS] packet; from: 1:-2
[RMTFS] del_client 0:101
[RMTFS] packet; from: 1:-2
[RMTFS] del_client 1:16981
[RMTFS] packet; from: 1:-2
[RMTFS] del_client 1:16982
[RMTFS] packet; from: 1:-2
[RMTFS] del_client 1:16983
[RMTFS] packet; from: 1:-2
[RMTFS] del_client 1:16984
[RMTFS] packet; from: 1:-2
[RMTFS] del_client 1:16985
[RMTFS] packet; from: 1:-2
[RMTFS] del_client 1:16986
[RMTFS] packet; from: 1:-2
[RMTFS] del_client 1:16987
[RMTFS] packet; from: 1:-2
[RMTFS] del_client 1:16988
[RMTFS] packet; from: 1:-2
[RMTFS] del_client 1:16989
[RMTFS] packet; from: 1:-2
[RMTFS] del_client 1:16990
[RMTFS] packet; from: 1:-2
[RMTFS] del_client 1:16991
[RMTFS] packet; from: 1:-2
[RMTFS] del_client 1:16992
[RMTFS] packet; from: 1:-2
[RMTFS] del_client 1:16993
[RMTFS] packet; from: 1:-2
[RMTFS] del_client 1:16994
[RMTFS] packet; from: 1:-2
[RMTFS] del_client 1:16995
[RMTFS] packet; from: 1:-2
[RMTFS] del_client 1:16996
[RMTFS] packet; from: 1:-2
[RMTFS] del_client 1:16997
[RMTFS] packet; from: 1:-2
[RMTFS] del_client 1:16998
[RMTFS] packet; from: 1:-2
[RMTFS] del_client 1:16999
[RMTFS] packet; from: 1:-2
[RMTFS] del_client 1:17000
[RMTFS] packet; from: 1:-2
[RMTFS] del_client 1:17001
[RMTFS] packet; from: 1:-2
[RMTFS] del_client 1:17002
[RMTFS] packet; from: 1:-2
[RMTFS] del_client 1:17003
[RMTFS] packet; from: 1:-2
[RMTFS] del_client 1:17004
[RMTFS] packet; from: 1:-2
[RMTFS] del_client 1:17005
[RMTFS] packet; from: 1:-2
[RMTFS] del_client 1:17006
[RMTFS] packet; from: 1:-2
[RMTFS] del_client 1:17007
[RMTFS] packet; from: 1:-2
[RMTFS] del_client 1:17008
[RMTFS] packet; from: 1:-2
[RMTFS] del_client 1:17009
[RMTFS] packet; from: 1:-2
[RMTFS] del_client 1:17010
[RMTFS] packet; from: 1:-2
[RMTFS] del_client 1:17011
[RMTFS] packet; from: 1:-2
[RMTFS] del_client 1:17012
[RMTFS] packet; from: 1:-2
[RMTFS] del_client 1:17013
[RMTFS] packet; from: 1:-2
[RMTFS] del_client 1:17014
[RMTFS] packet; from: 1:-2
[RMTFS] del_client 1:17015
[RMTFS] packet; from: 1:-2
[RMTFS] del_client 1:17016
[RMTFS] packet; from: 1:-2
[RMTFS] del_client 1:17017
[RMTFS] packet; from: 1:-2
[RMTFS] del_client 1:17018
[RMTFS] packet; from: 1:-2
[RMTFS] del_client 1:17019
[RMTFS] packet; from: 1:-2
[RMTFS] del_client 1:17020
[RMTFS] packet; from: 1:-2
[RMTFS] del_client 1:17021
[RMTFS] packet; from: 1:-2
[RMTFS] del_client 1:17022
[RMTFS] packet; from: 1:-2
[RMTFS] del_client 1:17023
[RMTFS] packet; from: 1:-2
[RMTFS] del_client 1:17024
[RMTFS] packet; from: 1:-2
[RMTFS] del_client 1:17025
[RMTFS] packet; from: 1:-2
[RMTFS] del_client 1:17026
[RMTFS] packet; from: 1:-2
[RMTFS] del_client 1:17027
[RMTFS] packet; from: 1:-2
[RMTFS] del_client 1:17028
[RMTFS] packet; from: 1:-2
[RMTFS] del_client 1:17029
[RMTFS] packet; from: 1:-2
[RMTFS] del_client 1:17030
[RMTFS] packet; from: 1:-2
[RMTFS] del_client 1:17031
[RMTFS] packet; from: 1:-2
[RMTFS] del_client 1:17032
[RMTFS] packet; from: 1:-2
[RMTFS] del_client 1:17033
[RMTFS] packet; from: 1:-2
[RMTFS] del_client 1:17034
[RMTFS] packet; from: 1:-2
[RMTFS] del_client 1:17035
[RMTFS] packet; from: 1:-2
[RMTFS] del_client 1:17036
[RMTFS] packet; from: 1:-2
[RMTFS] del_client 1:17037
[RMTFS] packet; from: 1:-2
[RMTFS] del_client 1:17038
[RMTFS] packet; from: 1:-2
[RMTFS] del_client 1:17039
[RMTFS] packet; from: 1:-2
[RMTFS] del_client 1:17040
[RMTFS] packet; from: 1:-2
[RMTFS] del_client 1:17041
[RMTFS] packet; from: 1:-2
[RMTFS] del_client 1:17042
[RMTFS] packet; from: 1:-2
[RMTFS] del_client 1:17043
[RMTFS] packet; from: 1:-2
[RMTFS] del_client 1:17044
[RMTFS] packet; from: 1:-2
[RMTFS] del_client 1:17045
[RMTFS] packet; from: 1:-2
[RMTFS] del_client 1:17046
[RMTFS] packet; from: 1:-2
[RMTFS] del_client 1:17047
[RMTFS] packet; from: 1:-2
[RMTFS] del_client 1:17048
[RMTFS] packet; from: 1:-2
[RMTFS] del_client 1:17049
[RMTFS] packet; from: 1:-2
[RMTFS] del_client 1:17050
[RMTFS] packet; from: 1:-2
[RMTFS] del_client 1:17051
[RMTFS] packet; from: 1:-2
[RMTFS] del_client 1:17052
[RMTFS] packet; from: 1:-2
[RMTFS] del_client 1:17053
[RMTFS] packet; from: 1:-2
[RMTFS] del_client 1:17054
[RMTFS] packet; from: 1:-2
[RMTFS] del_client 1:17055
[RMTFS] packet; from: 1:-2
[RMTFS] del_client 1:17056
[RMTFS] packet; from: 1:-2
[RMTFS] del_client 1:17057
[RMTFS] packet; from: 1:-2
[RMTFS] del_client 1:17058
[RMTFS] packet; from: 1:-2
[RMTFS] del_client 1:17059
[RMTFS] packet; from: 1:-2
[RMTFS] del_client 1:17060
[RMTFS] packet; from: 1:-2
[RMTFS] del_client 1:17061
[RMTFS] packet; from: 1:-2
[RMTFS] del_client 1:17062
[RMTFS] packet; from: 1:-2
[RMTFS] del_client 1:17063
[RMTFS] packet; from: 1:-2
[RMTFS] del_client 1:17064
[RMTFS] packet; from: 1:-2
[RMTFS] del_client 1:17065
[RMTFS] packet; from: 1:-2
[RMTFS] del_client 1:17066
[RMTFS] packet; from: 1:-2
[RMTFS] del_client 1:17067
[RMTFS] packet; from: 1:-2
[RMTFS] del_client 1:17068
[RMTFS] packet; from: 1:-2
[RMTFS] del_client 1:17069
[RMTFS] packet; from: 1:-2
[RMTFS] del_client 1:17070
[RMTFS] packet; from: 1:-2
[RMTFS] del_client 1:17071
[RMTFS] packet; from: 1:-2
[RMTFS] del_client 1:17072
[RMTFS] packet; from: 1:-2
[RMTFS] del_client 1:17073
[RMTFS] packet; from: 0:102
[RMTFS] iovec 0, not forced => (0:0)
[RMTFS]       write 0:5120 0xd4500000
[RMTFS] packet; from: 1:-2
[RMTFS] del_client 0:102
[RMTFS] packet; from: 1:-2
[RMTFS] del_client 1:17074
[RMTFS] packet; from: 1:-2
[RMTFS] del_client 1:17076
[RMTFS] packet; from: 1:-2
[RMTFS] del_client 1:17077
[RMTFS] packet; from: 1:-2
[RMTFS] del_client 1:17078
[RMTFS] packet; from: 1:-2
[RMTFS] del_client 1:17079
[RMTFS] packet; from: 1:-2
[RMTFS] del_client 1:17080
[RMTFS] packet; from: 1:-2
[RMTFS] del_client 1:17075
[RMTFS] packet; from: 1:-2
[RMTFS] del_client 1:17083
[RMTFS] packet; from: 1:-2
[RMTFS] del_client 1:17084
[RMTFS] packet; from: 1:-2
[RMTFS] del_client 1:17085
[RMTFS] packet; from: 1:-2
[RMTFS] del_client 1:17086
[RMTFS] packet; from: 1:-2
[RMTFS] del_client 1:17087
[RMTFS] packet; from: 1:-2
[RMTFS] del_client 0:89
[RMTFS] packet; from: 1:-2
[RMTFS] del_client 0:53
[RMTFS] packet; from: 0:104
[RMTFS] iovec 1, not forced => (0:0)
[RMTFS]       write 0:5120 0xd4500000
[RMTFS] packet; from: 1:-2
[RMTFS] del_client 0:104
[RMTFS] packet; from: 1:-2
[RMTFS] bye from 0
[RMTFS] packet; from: 1:-2
[RMTFS] del_client 1:17088
[RMTFS] packet; from: 1:-2
[RMTFS] del_client 1:17089
[RMTFS] packet; from: 0:8
[RMTFS] open /boot/modem_fs1 => 0 (0:0)
[RMTFS] packet; from: 0:9
[RMTFS] open /boot/modem_fs2 => 1 (0:0)
[RMTFS] packet; from: 1:-2
[RMTFS] del_client 0:8
[RMTFS] packet; from: 1:-2
[RMTFS] del_client 0:9
[RMTFS] packet; from: 0:11
[RMTFS] alloc 0, 2621440 => 0xd4500000 (0:0)
[RMTFS] packet; from: 0:12
[RMTFS] iovec 0, not forced => (0:0)
[RMTFS]       read 1:1 0xd4500200
[RMTFS] packet; from: 1:-2
[RMTFS] del_client 0:11
[RMTFS] packet; from: 0:13
[RMTFS] iovec 1, not forced => (0:0)
[RMTFS]       read 1:1 0xd4500200
[RMTFS] packet; from: 1:-2
[RMTFS] del_client 0:12
[RMTFS] packet; from: 1:-2
[RMTFS] del_client 0:13
[RMTFS] packet; from: 0:14
[RMTFS] iovec 1, not forced => (0:0)
[RMTFS]       read 2:5118 0xd4500400
[RMTFS] packet; from: 1:-2
[RMTFS] del_client 0:14
[RMTFS] packet; from: 1:-2
[RMTFS] del_client 1:17090
[RMTFS] packet; from: 1:-2
[RMTFS] del_client 1:17091
[RMTFS] packet; from: 1:-2
[RMTFS] del_client 1:17092
[RMTFS] packet; from: 1:-2
[RMTFS] del_client 0:29
[RMTFS] packet; from: 1:-2
[RMTFS] del_client 1:17093
[RMTFS] packet; from: 1:-2
[RMTFS] del_client 0:30
[RMTFS] packet; from: 1:-2
[RMTFS] del_client 1:17094
[RMTFS] packet; from: 1:-2
[RMTFS] del_client 0:31
[RMTFS] packet; from: 1:-2
[RMTFS] del_client 1:17095
[RMTFS] packet; from: 1:-2
[RMTFS] del_client 0:32
[RMTFS] packet; from: 1:-2
[RMTFS] del_client 1:17096
[RMTFS] packet; from: 1:-2
[RMTFS] del_client 0:33
[RMTFS] packet; from: 1:-2
[RMTFS] del_client 1:17097
[RMTFS] packet; from: 1:-2
[RMTFS] del_client 0:34
[RMTFS] packet; from: 1:-2
[RMTFS] del_client 1:17098
[RMTFS] packet; from: 1:-2
[RMTFS] del_client 0:36
[RMTFS] packet; from: 1:-2
[RMTFS] del_client 0:37
[RMTFS] packet; from: 1:-2
[RMTFS] del_client 1:17099
[RMTFS] packet; from: 1:-2
[RMTFS] del_client 1:17100
[RMTFS] packet; from: 1:-2
[RMTFS] del_client 0:38
[RMTFS] packet; from: 1:-2
[RMTFS] del_client 1:17101
[RMTFS] packet; from: 1:-2
[RMTFS] del_client 0:41
[RMTFS] packet; from: 1:-2
[RMTFS] del_client 1:17102
[RMTFS] packet; from: 1:-2
[RMTFS] del_client 1:17103
[RMTFS] packet; from: 1:-2
[RMTFS] del_client 1:17104
[RMTFS] packet; from: 1:-2
[RMTFS] del_client 0:90
[RMTFS] packet; from: 1:-2
[RMTFS] del_client 1:17105
[RMTFS] packet; from: 1:-2
[RMTFS] del_client 1:17106
[RMTFS] packet; from: 1:-2
[RMTFS] del_client 0:91
[RMTFS] packet; from: 1:-2
[RMTFS] del_client 1:17107
[RMTFS] packet; from: 1:-2
[RMTFS] del_client 0:92
[RMTFS] packet; from: 1:-2
[RMTFS] del_client 0:93
[RMTFS] packet; from: 1:-2
[RMTFS] del_client 1:17109
[RMTFS] packet; from: 1:-2
[RMTFS] del_client 0:94
[RMTFS] packet; from: 1:-2
[RMTFS] del_client 1:17110
[RMTFS] packet; from: 1:-2
[RMTFS] del_client 0:95
[RMTFS] packet; from: 1:-2
[RMTFS] del_client 1:17111
[RMTFS] packet; from: 1:-2
[RMTFS] del_client 0:96
[RMTFS] packet; from: 1:-2
[RMTFS] del_client 1:17112
[RMTFS] packet; from: 1:-2
[RMTFS] del_client 0:97
[RMTFS] packet; from: 1:-2
[RMTFS] del_client 1:17113
[RMTFS] packet; from: 1:-2
[RMTFS] del_client 1:17114
[RMTFS] packet; from: 1:-2
[RMTFS] del_client 1:17115
[RMTFS] packet; from: 1:-2
[RMTFS] del_client 1:17116
[RMTFS] packet; from: 1:-2
[RMTFS] del_client 1:17117
[RMTFS] packet; from: 1:-2
[RMTFS] del_client 1:17118
[RMTFS] packet; from: 1:-2
[RMTFS] del_client 1:17119
[RMTFS] packet; from: 1:-2
[RMTFS] del_client 1:17120
[RMTFS] packet; from: 1:-2
[RMTFS] del_client 1:17121
[RMTFS] packet; from: 1:-2
[RMTFS] del_client 1:17122
[RMTFS] packet; from: 1:-2
[RMTFS] del_client 1:17123
[RMTFS] packet; from: 1:-2
[RMTFS] del_client 1:17124
[RMTFS] packet; from: 1:-2
[RMTFS] del_client 1:17125
[RMTFS] packet; from: 1:-2
[RMTFS] del_client 1:17126
[RMTFS] packet; from: 1:-2
[RMTFS] del_client 1:17127
[RMTFS] packet; from: 1:-2
[RMTFS] del_client 1:17128
[RMTFS] packet; from: 1:-2
[RMTFS] del_client 1:17129
[RMTFS] packet; from: 1:-2
[RMTFS] del_client 1:17130
[RMTFS] packet; from: 1:-2
[RMTFS] del_client 1:17131
[RMTFS] packet; from: 1:-2
[RMTFS] del_client 1:17132
[RMTFS] packet; from: 1:-2
[RMTFS] del_client 1:17133
[RMTFS] packet; from: 1:-2
[RMTFS] del_client 1:17134
[RMTFS] packet; from: 1:-2
[RMTFS] del_client 1:17135
[RMTFS] packet; from: 1:-2
[RMTFS] del_client 1:17136
[RMTFS] packet; from: 1:-2
[RMTFS] del_client 1:17137
[RMTFS] packet; from: 1:-2
[RMTFS] del_client 1:17138
[RMTFS] packet; from: 1:-2
[RMTFS] del_client 1:17139
[RMTFS] packet; from: 1:-2
[RMTFS] del_client 1:17140
[RMTFS] packet; from: 1:-2
[RMTFS] del_client 1:17141
[RMTFS] packet; from: 1:-2
[RMTFS] del_client 1:17142
[RMTFS] packet; from: 1:-2
[RMTFS] del_client 1:17143
[RMTFS] packet; from: 1:-2
[RMTFS] del_client 1:17144
[RMTFS] packet; from: 1:-2
[RMTFS] del_client 1:17145
[RMTFS] packet; from: 1:-2
[RMTFS] del_client 1:17146
[RMTFS] packet; from: 1:-2
[RMTFS] del_client 1:17147
[RMTFS] packet; from: 1:-2
[RMTFS] del_client 0:89
[RMTFS] packet; from: 1:-2
[RMTFS] del_client 0:53
[RMTFS] packet; from: 0:100
[RMTFS] iovec 0, not forced => (0:0)
[RMTFS]       write 0:5120 0xd4500000
[RMTFS] packet; from: 1:-2
[RMTFS] del_client 0:100
[RMTFS] packet; from: 1:-2
[RMTFS] bye from 0
[RMTFS] packet; from: 1:-2
[RMTFS] del_client 1:17148
[RMTFS] packet; from: 1:-2
[RMTFS] del_client 1:17149
[RMTFS] packet; from: 0:8
[RMTFS] open /boot/modem_fs1 => 0 (0:0)
[RMTFS] packet; from: 1:-2
[RMTFS] del_client 0:8
[RMTFS] packet; from: 0:9
[RMTFS] open /boot/modem_fs2 => 1 (0:0)
[RMTFS] packet; from: 0:11
[RMTFS] alloc 0, 2621440 => 0xd4500000 (0:0)
[RMTFS] packet; from: 1:-2
[RMTFS] del_client 0:9
[RMTFS] packet; from: 0:12
[RMTFS] iovec 0, not forced => (0:0)
[RMTFS]       read 1:1 0xd4500200
[RMTFS] packet; from: 1:-2
[RMTFS] del_client 0:11
[RMTFS] packet; from: 0:13
[RMTFS] iovec 1, not forced => (0:0)
[RMTFS]       read 1:1 0xd4500200
[RMTFS] packet; from: 1:-2
[RMTFS] del_client 0:12
[RMTFS] packet; from: 1:-2
[RMTFS] del_client 0:13
[RMTFS] packet; from: 0:14
[RMTFS] iovec 0, not forced => (0:0)
[RMTFS]       read 2:5118 0xd4500400
[RMTFS] packet; from: 1:-2
[RMTFS] del_client 0:14
[RMTFS] packet; from: 1:-2
[RMTFS] del_client 1:17150
[RMTFS] packet; from: 1:-2
[RMTFS] del_client 1:17151
[RMTFS] packet; from: 1:-2
[RMTFS] del_client 1:17152
[RMTFS] packet; from: 1:-2
[RMTFS] del_client 0:29
[RMTFS] packet; from: 1:-2
[RMTFS] del_client 1:17153
[RMTFS] packet; from: 1:-2
[RMTFS] del_client 0:30
[RMTFS] packet; from: 1:-2
[RMTFS] del_client 1:17154
[RMTFS] packet; from: 1:-2
[RMTFS] del_client 0:31
[RMTFS] packet; from: 1:-2
[RMTFS] del_client 1:17155
[RMTFS] packet; from: 1:-2
[RMTFS] del_client 0:32
[RMTFS] packet; from: 1:-2
[RMTFS] del_client 1:17156
[RMTFS] packet; from: 1:-2
[RMTFS] del_client 0:33
[RMTFS] packet; from: 1:-2
[RMTFS] del_client 1:17157
[RMTFS] packet; from: 1:-2
[RMTFS] del_client 0:34
[RMTFS] packet; from: 1:-2
[RMTFS] del_client 1:17158
[RMTFS] packet; from: 1:-2
[RMTFS] del_client 0:35
[RMTFS] packet; from: 1:-2
[RMTFS] del_client 1:17159
[RMTFS] packet; from: 1:-2
[RMTFS] del_client 0:36
[RMTFS] packet; from: 1:-2
[RMTFS] del_client 1:17160
[RMTFS] packet; from: 1:-2
[RMTFS] del_client 0:37
[RMTFS] packet; from: 1:-2
[RMTFS] del_client 1:17161
[RMTFS] packet; from: 1:-2
[RMTFS] del_client 0:39
[RMTFS] packet; from: 1:-2
[RMTFS] del_client 1:17162
[RMTFS] packet; from: 1:-2
[RMTFS] del_client 1:17163
[RMTFS] packet; from: 1:-2
[RMTFS] del_client 1:17164
[RMTFS] packet; from: 1:-2
[RMTFS] del_client 1:17165
[RMTFS] packet; from: 1:-2
[RMTFS] del_client 0:90
[RMTFS] packet; from: 1:-2
[RMTFS] del_client 1:17166
[RMTFS] packet; from: 1:-2
[RMTFS] del_client 1:17167
[RMTFS] packet; from: 1:-2
[RMTFS] del_client 0:91
[RMTFS] packet; from: 1:-2
[RMTFS] del_client 1:17168
[RMTFS] packet; from: 1:-2
[RMTFS] del_client 0:92
[RMTFS] packet; from: 1:-2
[RMTFS] del_client 0:93
[RMTFS] packet; from: 1:-2
[RMTFS] del_client 1:17170
[RMTFS] packet; from: 1:-2
[RMTFS] del_client 0:94
[RMTFS] packet; from: 1:-2
[RMTFS] del_client 1:17171
[RMTFS] packet; from: 1:-2
[RMTFS] del_client 0:95
[RMTFS] packet; from: 1:-2
[RMTFS] del_client 1:17172
[RMTFS] packet; from: 1:-2
[RMTFS] del_client 0:96
[RMTFS] packet; from: 1:-2
[RMTFS] del_client 1:17173
[RMTFS] packet; from: 1:-2
[RMTFS] del_client 0:97
[RMTFS] packet; from: 1:-2
[RMTFS] del_client 1:17174
[RMTFS] packet; from: 1:-2
[RMTFS] del_client 1:17175
[RMTFS] packet; from: 1:-2
[RMTFS] del_client 1:17176
[RMTFS] packet; from: 1:-2
[RMTFS] del_client 1:17177
[RMTFS] packet; from: 1:-2
[RMTFS] del_client 1:17178
[RMTFS] packet; from: 1:-2
[RMTFS] del_client 1:17179
[RMTFS] packet; from: 1:-2
[RMTFS] del_client 1:17180
[RMTFS] packet; from: 1:-2
[RMTFS] del_client 1:17181
[RMTFS] packet; from: 1:-2
[RMTFS] del_client 1:17182
[RMTFS] packet; from: 1:-2
[RMTFS] del_client 1:17183
[RMTFS] packet; from: 1:-2
[RMTFS] del_client 1:17184
[RMTFS] packet; from: 1:-2
[RMTFS] del_client 1:17185
[RMTFS] packet; from: 1:-2
[RMTFS] del_client 1:17186
[RMTFS] packet; from: 1:-2
[RMTFS] del_client 1:17187
[RMTFS] packet; from: 1:-2
[RMTFS] del_client 1:17188
[RMTFS] packet; from: 1:-2
[RMTFS] del_client 1:17189
[RMTFS] packet; from: 1:-2
[RMTFS] del_client 1:17190
[RMTFS] packet; from: 1:-2
[RMTFS] del_client 1:17191
[RMTFS] packet; from: 1:-2
[RMTFS] del_client 1:17192
[RMTFS] packet; from: 1:-2
[RMTFS] del_client 1:17193
[RMTFS] packet; from: 1:-2
[RMTFS] del_client 1:17194
[RMTFS] packet; from: 1:-2
[RMTFS] del_client 1:17195
[RMTFS] packet; from: 1:-2
[RMTFS] del_client 1:17196
[RMTFS] packet; from: 1:-2
[RMTFS] del_client 1:17197
[RMTFS] packet; from: 1:-2
[RMTFS] del_client 1:17198
[RMTFS] packet; from: 1:-2
[RMTFS] del_client 1:17199
[RMTFS] packet; from: 1:-2
[RMTFS] del_client 1:17200
[RMTFS] packet; from: 1:-2
[RMTFS] del_client 1:17201
[RMTFS] packet; from: 1:-2
[RMTFS] del_client 1:17202
[RMTFS] packet; from: 1:-2
[RMTFS] del_client 1:17203
[RMTFS] packet; from: 1:-2
[RMTFS] del_client 1:17204
[RMTFS] packet; from: 1:-2
[RMTFS] del_client 1:17205
[RMTFS] packet; from: 1:-2
[RMTFS] del_client 1:17206
[RMTFS] packet; from: 1:-2
[RMTFS] del_client 1:17207
[RMTFS] packet; from: 1:-2
[RMTFS] del_client 1:17208
[RMTFS] packet; from: 1:-2
[RMTFS] del_client 1:17209
[RMTFS] packet; from: 1:-2
[RMTFS] del_client 1:17210
[RMTFS] packet; from: 1:-2
[RMTFS] del_client 1:17211
[RMTFS] packet; from: 1:-2
[RMTFS] del_client 1:17212
[RMTFS] packet; from: 1:-2
[RMTFS] del_client 1:17213
[RMTFS] packet; from: 1:-2
[RMTFS] del_client 1:17214
[RMTFS] packet; from: 1:-2
[RMTFS] del_client 1:17215
[RMTFS] packet; from: 1:-2
[RMTFS] del_client 1:17216
[RMTFS] packet; from: 1:-2
[RMTFS] del_client 1:17217
[RMTFS] packet; from: 1:-2
[RMTFS] del_client 1:17218
[RMTFS] packet; from: 0:101
[RMTFS] iovec 1, not forced => (0:0)
[RMTFS]       write 0:5120 0xd4500000
[RMTFS] packet; from: 1:-2
[RMTFS] del_client 0:101
[RMTFS] packet; from: 1:-2
[RMTFS] del_client 1:17219
[RMTFS] packet; from: 1:-2
[RMTFS] del_client 1:17220
[RMTFS] packet; from: 1:-2
[RMTFS] del_client 1:17221
[RMTFS] packet; from: 1:-2
[RMTFS] del_client 1:17222
[RMTFS] packet; from: 1:-2
[RMTFS] del_client 1:17223
[RMTFS] packet; from: 1:-2
[RMTFS] del_client 1:17224
[RMTFS] packet; from: 1:-2
[RMTFS] del_client 1:17225
[RMTFS] packet; from: 1:-2
[RMTFS] del_client 1:17226
[RMTFS] packet; from: 1:-2
[RMTFS] del_client 1:17227
[RMTFS] packet; from: 1:-2
[RMTFS] del_client 1:17228
[RMTFS] packet; from: 1:-2
[RMTFS] del_client 1:17229
[RMTFS] packet; from: 1:-2
[RMTFS] del_client 1:17230
[RMTFS] packet; from: 1:-2
[RMTFS] del_client 1:17231
[RMTFS] packet; from: 1:-2
[RMTFS] del_client 1:17232
[RMTFS] packet; from: 1:-2
[RMTFS] del_client 1:17233
[RMTFS] packet; from: 1:-2
[RMTFS] del_client 1:17234
[RMTFS] packet; from: 1:-2
[RMTFS] del_client 1:17235
[RMTFS] packet; from: 1:-2
[RMTFS] del_client 1:17236
[RMTFS] packet; from: 1:-2
[RMTFS] del_client 1:17237
[RMTFS] packet; from: 1:-2
[RMTFS] del_client 1:17238
[RMTFS] packet; from: 1:-2
[RMTFS] del_client 1:17239
[RMTFS] packet; from: 1:-2
[RMTFS] del_client 1:17240
[RMTFS] packet; from: 1:-2
[RMTFS] del_client 1:17241
[RMTFS] packet; from: 1:-2
[RMTFS] del_client 1:17242
[RMTFS] packet; from: 1:-2
[RMTFS] del_client 1:17243
[RMTFS] packet; from: 1:-2
[RMTFS] del_client 1:17244
[RMTFS] packet; from: 1:-2
[RMTFS] del_client 1:17245
[RMTFS] packet; from: 1:-2
[RMTFS] del_client 1:17246
[RMTFS] packet; from: 1:-2
[RMTFS] del_client 1:17247
[RMTFS] packet; from: 1:-2
[RMTFS] del_client 1:17248
[RMTFS] packet; from: 1:-2
[RMTFS] del_client 1:17249
[RMTFS] packet; from: 1:-2
[RMTFS] del_client 1:17250
[RMTFS] packet; from: 1:-2
[RMTFS] del_client 1:17251
[RMTFS] packet; from: 1:-2
[RMTFS] del_client 1:17252
[RMTFS] packet; from: 1:-2
[RMTFS] del_client 1:17253
[RMTFS] packet; from: 1:-2
[RMTFS] del_client 1:17254
[RMTFS] packet; from: 1:-2
[RMTFS] del_client 1:17255
[RMTFS] packet; from: 1:-2
[RMTFS] del_client 1:17256
[RMTFS] packet; from: 1:-2
[RMTFS] del_client 1:17257
[RMTFS] packet; from: 1:-2
[RMTFS] del_client 1:17258
[RMTFS] packet; from: 1:-2
[RMTFS] del_client 1:17259
[RMTFS] packet; from: 1:-2
[RMTFS] del_client 1:17260
[RMTFS] packet; from: 1:-2
[RMTFS] del_client 1:17261
[RMTFS] packet; from: 1:-2
[RMTFS] del_client 1:17262
[RMTFS] packet; from: 1:-2
[RMTFS] del_client 1:17263
[RMTFS] packet; from: 1:-2
[RMTFS] del_client 1:17264
[RMTFS] packet; from: 1:-2
[RMTFS] del_client 1:17265
[RMTFS] packet; from: 1:-2
[RMTFS] del_client 1:17266
[RMTFS] packet; from: 1:-2
[RMTFS] del_client 1:17267
[RMTFS] packet; from: 1:-2
[RMTFS] del_client 1:17268
[RMTFS] packet; from: 1:-2
[RMTFS] del_client 1:17269
[RMTFS] packet; from: 1:-2
[RMTFS] del_client 1:17270
[RMTFS] packet; from: 1:-2
[RMTFS] del_client 1:17271
[RMTFS] packet; from: 1:-2
[RMTFS] del_client 1:17272
[RMTFS] packet; from: 1:-2
[RMTFS] del_client 1:17273
[RMTFS] packet; from: 1:-2
[RMTFS] del_client 1:17274
[RMTFS] packet; from: 1:-2
[RMTFS] del_client 1:17275
[RMTFS] packet; from: 1:-2
[RMTFS] del_client 1:17276
[RMTFS] packet; from: 1:-2
[RMTFS] del_client 1:17277
[RMTFS] packet; from: 1:-2
[RMTFS] del_client 1:17278
[RMTFS] packet; from: 1:-2
[RMTFS] del_client 1:17279
[RMTFS] packet; from: 1:-2
[RMTFS] del_client 1:17280
[RMTFS] packet; from: 1:-2
[RMTFS] del_client 1:17281
[RMTFS] packet; from: 1:-2
[RMTFS] del_client 1:17282
[RMTFS] packet; from: 1:-2
[RMTFS] del_client 1:17283
[RMTFS] packet; from: 1:-2
[RMTFS] del_client 1:17284
[RMTFS] packet; from: 1:-2
[RMTFS] del_client 1:17285
[RMTFS] packet; from: 1:-2
[RMTFS] del_client 1:17286
[RMTFS] packet; from: 1:-2
[RMTFS] del_client 1:17287
[RMTFS] packet; from: 1:-2
[RMTFS] del_client 1:17288
[RMTFS] packet; from: 1:-2
[RMTFS] del_client 1:17289
[RMTFS] packet; from: 1:-2
[RMTFS] del_client 1:17290
[RMTFS] packet; from: 1:-2
[RMTFS] del_client 1:17291
[RMTFS] packet; from: 1:-2
[RMTFS] del_client 1:17292
[RMTFS] packet; from: 1:-2
[RMTFS] del_client 1:17293
[RMTFS] packet; from: 1:-2
[RMTFS] del_client 1:17294
[RMTFS] packet; from: 1:-2
[RMTFS] del_client 1:17295
[RMTFS] packet; from: 1:-2
[RMTFS] del_client 1:17296
[RMTFS] packet; from: 1:-2
[RMTFS] del_client 1:17297
[RMTFS] packet; from: 1:-2
[RMTFS] del_client 1:17298
[RMTFS] packet; from: 1:-2
[RMTFS] del_client 1:17299
[RMTFS] packet; from: 1:-2
[RMTFS] del_client 1:17300
[RMTFS] packet; from: 1:-2
[RMTFS] del_client 1:17301
[RMTFS] packet; from: 1:-2
[RMTFS] del_client 1:17302
[RMTFS] packet; from: 1:-2
[RMTFS] del_client 1:17303
[RMTFS] packet; from: 1:-2
[RMTFS] del_client 1:17304
[RMTFS] packet; from: 1:-2
[RMTFS] del_client 1:17305
[RMTFS] packet; from: 1:-2
[RMTFS] del_client 1:17306
[RMTFS] packet; from: 1:-2
[RMTFS] del_client 1:17307
[RMTFS] packet; from: 1:-2
[RMTFS] del_client 1:17308
[RMTFS] packet; from: 1:-2
[RMTFS] del_client 1:17309
[RMTFS] packet; from: 1:-2
[RMTFS] del_client 1:17310
[RMTFS] packet; from: 1:-2
[RMTFS] del_client 1:17311
[RMTFS] packet; from: 1:-2
[RMTFS] del_client 1:17312
[RMTFS] packet; from: 1:-2
[RMTFS] del_client 1:17313
[RMTFS] packet; from: 1:-2
[RMTFS] del_client 1:17314
[RMTFS] packet; from: 1:-2
[RMTFS] del_client 1:17315
[RMTFS] packet; from: 1:-2
[RMTFS] del_client 1:17316
[RMTFS] packet; from: 1:-2
[RMTFS] del_client 1:17317
[RMTFS] packet; from: 1:-2
[RMTFS] del_client 1:17318
[RMTFS] packet; from: 1:-2
[RMTFS] del_client 1:17319
[RMTFS] packet; from: 1:-2
[RMTFS] del_client 1:17320
[RMTFS] packet; from: 1:-2
[RMTFS] del_client 1:17321
[RMTFS] packet; from: 1:-2
[RMTFS] del_client 1:17322
[RMTFS] packet; from: 1:-2
[RMTFS] del_client 1:17323
[RMTFS] packet; from: 1:-2
[RMTFS] del_client 1:17324
[RMTFS] packet; from: 1:-2
[RMTFS] del_client 1:17325
[RMTFS] packet; from: 1:-2
[RMTFS] del_client 1:17326
[RMTFS] packet; from: 1:-2
[RMTFS] del_client 1:17327
[RMTFS] packet; from: 1:-2
[RMTFS] del_client 1:17328
[RMTFS] packet; from: 1:-2
[RMTFS] del_client 1:17329
[RMTFS] packet; from: 1:-2
[RMTFS] del_client 1:17330
[RMTFS] packet; from: 1:-2
[RMTFS] del_client 1:17331
[RMTFS] packet; from: 1:-2
[RMTFS] del_client 1:17332
[RMTFS] packet; from: 1:-2
[RMTFS] del_client 1:17333
[RMTFS] packet; from: 1:-2
[RMTFS] del_client 1:17334
[RMTFS] packet; from: 1:-2
[RMTFS] del_client 1:17335
[RMTFS] packet; from: 1:-2
[RMTFS] del_client 1:17336
[RMTFS] packet; from: 1:-2
[RMTFS] del_client 1:17337
[RMTFS] packet; from: 1:-2
[RMTFS] del_client 1:17338
[RMTFS] packet; from: 1:-2
[RMTFS] del_client 1:17339
[RMTFS] packet; from: 1:-2
[RMTFS] del_client 1:17340
[RMTFS] packet; from: 1:-2
[RMTFS] del_client 1:17341
[RMTFS] packet; from: 1:-2
[RMTFS] del_client 1:17342
[RMTFS] packet; from: 1:-2
[RMTFS] del_client 1:17343
[RMTFS] packet; from: 1:-2
[RMTFS] del_client 1:17344
[RMTFS] packet; from: 1:-2
[RMTFS] del_client 1:17345
[RMTFS] packet; from: 1:-2
[RMTFS] del_client 1:17346
[RMTFS] packet; from: 1:-2
[RMTFS] del_client 1:17347
[RMTFS] packet; from: 1:-2
[RMTFS] del_client 1:17348
[RMTFS] packet; from: 1:-2
[RMTFS] del_client 1:17349
[RMTFS] packet; from: 1:-2
[RMTFS] del_client 1:17350
[RMTFS] packet; from: 1:-2
[RMTFS] del_client 1:17351
[RMTFS] packet; from: 1:-2
[RMTFS] del_client 1:17352
[RMTFS] packet; from: 1:-2
[RMTFS] del_client 1:17353
[RMTFS] packet; from: 1:-2
[RMTFS] del_client 1:17354
[RMTFS] packet; from: 1:-2
[RMTFS] del_client 1:17355
[RMTFS] packet; from: 1:-2
[RMTFS] del_client 1:17356
[RMTFS] packet; from: 1:-2
[RMTFS] del_client 1:17357
[RMTFS] packet; from: 1:-2
[RMTFS] del_client 1:17358
[RMTFS] packet; from: 1:-2
[RMTFS] del_client 1:17359
[RMTFS] packet; from: 1:-2
[RMTFS] del_client 1:17360
[RMTFS] packet; from: 1:-2
[RMTFS] del_client 1:17361
[RMTFS] packet; from: 1:-2
[RMTFS] del_client 1:17362
[RMTFS] packet; from: 1:-2
[RMTFS] del_client 1:17363
[RMTFS] packet; from: 1:-2
[RMTFS] del_client 1:17364
[RMTFS] packet; from: 1:-2
[RMTFS] del_client 1:17365
[RMTFS] packet; from: 1:-2
[RMTFS] del_client 1:17366
[RMTFS] packet; from: 1:-2
[RMTFS] del_client 1:17367
[RMTFS] packet; from: 1:-2
[RMTFS] del_client 1:17368
[RMTFS] packet; from: 1:-2
[RMTFS] del_client 1:17369
[RMTFS] packet; from: 1:-2
[RMTFS] del_client 1:17370
[RMTFS] packet; from: 1:-2
[RMTFS] del_client 1:17371
[RMTFS] packet; from: 1:-2
[RMTFS] del_client 1:17372
[RMTFS] packet; from: 1:-2
[RMTFS] del_client 1:17373
[RMTFS] packet; from: 1:-2
[RMTFS] del_client 1:17374
[RMTFS] packet; from: 1:-2
[RMTFS] del_client 1:17375
[RMTFS] packet; from: 1:-2
[RMTFS] del_client 1:17376
[RMTFS] packet; from: 1:-2
[RMTFS] del_client 1:17377
[RMTFS] packet; from: 1:-2
[RMTFS] del_client 1:17378
[RMTFS] packet; from: 1:-2
[RMTFS] del_client 1:17379
[RMTFS] packet; from: 1:-2
[RMTFS] del_client 1:17380
[RMTFS] packet; from: 1:-2
[RMTFS] del_client 1:17381
[RMTFS] packet; from: 1:-2
[RMTFS] del_client 1:17382
[RMTFS] packet; from: 1:-2
[RMTFS] del_client 1:17383
[RMTFS] packet; from: 1:-2
[RMTFS] del_client 1:17384
[RMTFS] packet; from: 1:-2
[RMTFS] del_client 1:17385
[RMTFS] packet; from: 1:-2
[RMTFS] del_client 1:17386
[RMTFS] packet; from: 1:-2
[RMTFS] del_client 1:17387
[RMTFS] packet; from: 1:-2
[RMTFS] del_client 1:17388
[RMTFS] packet; from: 1:-2
[RMTFS] del_client 1:17389
[RMTFS] packet; from: 1:-2
[RMTFS] del_client 1:17390
[RMTFS] packet; from: 1:-2
[RMTFS] del_client 1:17391
[RMTFS] packet; from: 1:-2
[RMTFS] del_client 1:17392
[RMTFS] packet; from: 1:-2
[RMTFS] del_client 1:17393
[RMTFS] packet; from: 1:-2
[RMTFS] del_client 1:17394
[RMTFS] packet; from: 1:-2
[RMTFS] del_client 1:17395
[RMTFS] packet; from: 1:-2
[RMTFS] del_client 1:17396
[RMTFS] packet; from: 1:-2
[RMTFS] del_client 1:17397
[RMTFS] packet; from: 1:-2
[RMTFS] del_client 1:17398
[RMTFS] packet; from: 1:-2
[RMTFS] del_client 1:17399
[RMTFS] packet; from: 1:-2
[RMTFS] del_client 1:17400
[RMTFS] packet; from: 1:-2
[RMTFS] del_client 1:17401
[RMTFS] packet; from: 1:-2
[RMTFS] del_client 1:17402
[RMTFS] packet; from: 1:-2
[RMTFS] del_client 1:17403
[RMTFS] packet; from: 1:-2
[RMTFS] del_client 1:17404
[RMTFS] packet; from: 1:-2
[RMTFS] del_client 1:17405
[RMTFS] packet; from: 1:-2
[RMTFS] del_client 1:17406
[RMTFS] packet; from: 1:-2
[RMTFS] del_client 1:17407
[RMTFS] packet; from: 1:-2
[RMTFS] del_client 1:17408
[RMTFS] packet; from: 1:-2
[RMTFS] del_client 1:17409
[RMTFS] packet; from: 1:-2
[RMTFS] del_client 1:17410
[RMTFS] packet; from: 1:-2
[RMTFS] del_client 1:17411
[RMTFS] packet; from: 1:-2
[RMTFS] del_client 1:17412
[RMTFS] packet; from: 1:-2
[RMTFS] del_client 1:17413
[RMTFS] packet; from: 1:-2
[RMTFS] del_client 1:17414
[RMTFS] packet; from: 1:-2
[RMTFS] del_client 1:17415
[RMTFS] packet; from: 1:-2
[RMTFS] del_client 1:17416
[RMTFS] packet; from: 1:-2
[RMTFS] del_client 1:17417
[RMTFS] packet; from: 1:-2
[RMTFS] del_client 1:17418
[RMTFS] packet; from: 1:-2
[RMTFS] del_client 1:17419
[RMTFS] packet; from: 1:-2
[RMTFS] del_client 1:17420
[RMTFS] packet; from: 1:-2
[RMTFS] del_client 1:17421
[RMTFS] packet; from: 1:-2
[RMTFS] del_client 1:17422
[RMTFS] packet; from: 1:-2
[RMTFS] del_client 1:17423
[RMTFS] packet; from: 1:-2
[RMTFS] del_client 1:17424
[RMTFS] packet; from: 1:-2
[RMTFS] del_client 1:17425
[RMTFS] packet; from: 1:-2
[RMTFS] del_client 1:17426
[RMTFS] packet; from: 1:-2
[RMTFS] del_client 1:17427
[RMTFS] packet; from: 1:-2
[RMTFS] del_client 1:17428
[RMTFS] packet; from: 1:-2
[RMTFS] del_client 1:17429
[RMTFS] packet; from: 1:-2
[RMTFS] del_client 1:17430
[RMTFS] packet; from: 1:-2
[RMTFS] del_client 1:17431
[RMTFS] packet; from: 1:-2
[RMTFS] del_client 1:17432
[RMTFS] packet; from: 1:-2
[RMTFS] del_client 1:17433
[RMTFS] packet; from: 1:-2
[RMTFS] del_client 1:17434
[RMTFS] packet; from: 1:-2
[RMTFS] del_client 1:17435
[RMTFS] packet; from: 1:-2
[RMTFS] del_client 1:17436
[RMTFS] packet; from: 1:-2
[RMTFS] del_client 1:17437
[RMTFS] packet; from: 1:-2
[RMTFS] del_client 1:17438
[RMTFS] packet; from: 1:-2
[RMTFS] del_client 1:17439
[RMTFS] packet; from: 1:-2
[RMTFS] del_client 1:17440
[RMTFS] packet; from: 1:-2
[RMTFS] del_client 1:17441
[RMTFS] packet; from: 1:-2
[RMTFS] del_client 1:17442
[RMTFS] packet; from: 1:-2
[RMTFS] del_client 1:17443
[RMTFS] packet; from: 1:-2
[RMTFS] del_client 1:17444
[RMTFS] packet; from: 1:-2
[RMTFS] del_client 1:17445
[RMTFS] packet; from: 1:-2
[RMTFS] del_client 1:17446
[RMTFS] packet; from: 1:-2
[RMTFS] del_client 1:17447
[RMTFS] packet; from: 1:-2
[RMTFS] del_client 1:17448
[RMTFS] packet; from: 1:-2
[RMTFS] del_client 1:17449
[RMTFS] packet; from: 1:-2
[RMTFS] del_client 1:17450
[RMTFS] packet; from: 1:-2
[RMTFS] del_client 1:17451
[RMTFS] packet; from: 1:-2
[RMTFS] del_client 1:17452
[RMTFS] packet; from: 1:-2
[RMTFS] del_client 1:17453
[RMTFS] packet; from: 1:-2
[RMTFS] del_client 1:17454
[RMTFS] packet; from: 1:-2
[RMTFS] del_client 1:17455
[RMTFS] packet; from: 1:-2
[RMTFS] del_client 1:17456
[RMTFS] packet; from: 1:-2
[RMTFS] del_client 1:17457
[RMTFS] packet; from: 1:-2
[RMTFS] del_client 1:17458
[RMTFS] packet; from: 1:-2
[RMTFS] del_client 1:17459
[RMTFS] packet; from: 1:-2
[RMTFS] del_client 1:17460
[RMTFS] packet; from: 1:-2
[RMTFS] del_client 1:17461
[RMTFS] packet; from: 1:-2
[RMTFS] del_client 1:17462
[RMTFS] packet; from: 1:-2
[RMTFS] del_client 1:17463
[RMTFS] packet; from: 1:-2
[RMTFS] del_client 1:17464
[RMTFS] packet; from: 1:-2
[RMTFS] del_client 1:17465
[RMTFS] packet; from: 1:-2
[RMTFS] del_client 1:17466
[RMTFS] packet; from: 1:-2
[RMTFS] del_client 1:17467
[RMTFS] packet; from: 1:-2
[RMTFS] del_client 1:17468
[RMTFS] packet; from: 1:-2
[RMTFS] del_client 1:17469
[RMTFS] packet; from: 1:-2
[RMTFS] del_client 1:17470
[RMTFS] packet; from: 1:-2
[RMTFS] del_client 1:17471
[RMTFS] packet; from: 1:-2
[RMTFS] del_client 1:17472
[RMTFS] packet; from: 1:-2
[RMTFS] del_client 1:17473
[RMTFS] packet; from: 1:-2
[RMTFS] del_client 1:17474
[RMTFS] packet; from: 1:-2
[RMTFS] del_client 1:17475
[RMTFS] packet; from: 1:-2
[RMTFS] del_client 1:17476
[RMTFS] packet; from: 1:-2
[RMTFS] del_client 1:17477
[RMTFS] packet; from: 1:-2
[RMTFS] del_client 1:17478
[RMTFS] packet; from: 1:-2
[RMTFS] del_client 1:17479
[RMTFS] packet; from: 1:-2
[RMTFS] del_client 1:17480
[RMTFS] packet; from: 1:-2
[RMTFS] del_client 1:17481
[RMTFS] packet; from: 1:-2
[RMTFS] del_client 1:17482
[RMTFS] packet; from: 1:-2
[RMTFS] del_client 1:17483
[RMTFS] packet; from: 1:-2
[RMTFS] del_client 1:17484
[RMTFS] packet; from: 1:-2
[RMTFS] del_client 1:17485
[RMTFS] packet; from: 1:-2
[RMTFS] del_client 1:17486
[RMTFS] packet; from: 1:-2
[RMTFS] del_client 1:17487
[RMTFS] packet; from: 1:-2
[RMTFS] del_client 1:17488
[RMTFS] packet; from: 1:-2
[RMTFS] del_client 1:17489
[RMTFS] packet; from: 1:-2
[RMTFS] del_client 1:17490
[RMTFS] packet; from: 1:-2
[RMTFS] del_client 1:17491
[RMTFS] packet; from: 1:-2
[RMTFS] del_client 1:17492
[RMTFS] packet; from: 1:-2
[RMTFS] del_client 1:17493
[RMTFS] packet; from: 1:-2
[RMTFS] del_client 1:174