[    0.000000][    T0] Booting Linux on physical CPU 0x0000000000 [0x411fd070]
[    0.000000][    T0] Linux version 5.10.66-android12-9-00005-gf6e6376090be-ab8060604 (build-user@build-host) (Android (7284624, based on r416183b) clang version 12.0.5 (https://android.googlesource.com/toolchain/llvm-project c935d99d7cf2016289302412d708641d52d2f7ee), LLD 12.0.5 (/buildbot/src/android/llvm-toolchain/out/llvm-project/lld c935d99d7cf2016289302412d708641d52d2f7ee)) #1 SMP PREEMPT Fri Jan 7 14:51:36 UTC 2022
[    0.000000][    T0] Machine model: linux,dummy-virt
[    0.000000][    T0] Stack Depot is disabled
[    0.000000][    T0] earlycon: pl11 at MMIO 0x00************** (options '')
[    0.000000][    T0] printk: bootconsole [pl11] enabled
[    0.000000][    T0] efi: UEFI not found.
[    0.000000][    T0] Zone ranges:
[    0.000000][    T0]   DMA32    [mem 0x00**************-0x00000000bfffffff]
[    0.000000][    T0]   Normal   empty
[    0.000000][    T0] Movable zone start for each node
[    0.000000][    T0] Early memory node ranges
[    0.000000][    T0]   node   0: [mem 0x00**************-0x00000000bfffffff]
[    0.000000][    T0] Initmem setup node 0 [mem 0x00**************-0x00000000bfffffff]
[    0.000000][    T0] cma: Reserved 16 MiB at 0x00000000bc800000
[    0.000000][    T0] psci: probing for conduit method from DT.
[    0.000000][    T0] psci: PSCIv1.1 detected in firmware.
[    0.000000][    T0] psci: Using standard PSCI v0.2 function IDs
[    0.000000][    T0] psci: Trusted OS migration not required
[    0.000000][    T0] psci: SMC Calling Convention v1.0
[    0.000000][    T0] percpu: Embedded 33 pages/cpu s95960 r8192 d31016 u135168
[    0.000000][    T0] Detected PIPT I-cache on CPU0
[    0.000000][    T0] CPU features: SYS_ID_AA64MMFR1_EL1[11:8]: already set to 0
[    0.000000][    T0] CPU features: detected: ARM erratum 832075
[    0.000000][    T0] CPU features: detected: ARM erratum 834220
[    0.000000][    T0] CPU features: detected: Spectre-v3a
[    0.000000][    T0] CPU features: kernel page table isolation forced ON by KASLR
[    0.000000][    T0] CPU features: detected: Kernel page table isolation (KPTI)
[    0.000000][    T0] CPU features: detected: Spectre-v2
[    0.000000][    T0] CPU features: detected: Spectre-v4
[    0.000000][    T0] CPU features: detected: ARM errata 1165522, 1319367, or 1530923
[    0.000000][    T0] Built 1 zonelists, mobility grouping on.  Total pages: 516096
[    0.000000][    T0] Kernel command line: stack_depot_disable=on kasan.stacktrace=off kvm-arm.mode=protected cgroup_disable=pressure cgroup.memory=nokmem console=ttyAMA0 earlycon loglevel=7 panic=10 rdinit=/init
[    0.000000][    T0] cgroup: Disabling pressure control group feature
[    0.000000][    T0] Dentry cache hash table entries: 262144 (order: 9, 2097152 bytes, linear)
[    0.000000][    T0] Inode-cache hash table entries: 131072 (order: 8, 1048576 bytes, linear)
[    0.000000][    T0] mem auto-init: stack:all(zero), heap alloc:on, heap free:off
[    0.000000][    T0] Memory: 1981312K/2097152K available (28800K kernel code, 2088K rwdata, 10664K rodata, 3072K init, 969K bss, 99456K reserved, 16384K cma-reserved)
[    0.000000][    T0] random: get_random_u64 called from kmem_cache_open+0x2c/0x39c with crng_init=0
[    0.000000][    T0] SLUB: HWalign=64, Order=0-3, MinObjects=0, CPUs=2, Nodes=1
[    0.000000][    T0] rcu: Preemptible hierarchical RCU implementation.
[    0.000000][    T0] rcu: 	RCU event tracing is enabled.
[    0.000000][    T0] rcu: 	RCU dyntick-idle grace-period acceleration is enabled.
[    0.000000][    T0] rcu: 	RCU restricting CPUs from NR_CPUS=32 to nr_cpu_ids=2.
[    0.000000][    T0] 	Trampoline variant of Tasks RCU enabled.
[    0.000000][    T0] 	Tracing variant of Tasks RCU enabled.
[    0.000000][    T0] rcu: RCU calculated value of scheduler-enlistment delay is 25 jiffies.
[    0.000000][    T0] rcu: Adjusting geometry for rcu_fanout_leaf=16, nr_cpu_ids=2
[    0.000000][    T0] NR_IRQS: 64, nr_irqs: 64, preallocated irqs: 0
[    0.000000][    T0] GICv2m: range[mem 0x08020000-0x08020fff], SPI[80:143]
[    0.000000][    T0] rcu: 	Offload RCU callbacks from CPUs: (none).
[    0.000000][    T0] kfence: initialized - using 524288 bytes for 63 objects at 0x(____ptrval____)-0x(____ptrval____)
[    0.000000][    T0] arch_timer: cp15 timer(s) running at 62.50MHz (virt).
[    0.000000][    T0] clocksource: arch_sys_counter: mask: 0xffffffffffffff max_cycles: 0x1cd42e208c, max_idle_ns: 881590405314 ns
[    0.000039][    T0] sched_clock: 56 bits at 62MHz, resolution 16ns, wraps every 4398046511096ns
[    0.002365][    T0] Calibrating delay loop (skipped), value calculated using timer frequency.. 125.00 BogoMIPS (lpj=250000)
[    0.002522][    T0] pid_max: default: 32768 minimum: 301
[    0.003171][    T0] LSM: Security Framework initializing
[    0.005571][    T0] SELinux:  Initializing.
[    0.005994][    T0] Mount-cache hash table entries: 4096 (order: 3, 32768 bytes, linear)
[    0.006127][    T0] Mountpoint-cache hash table entries: 4096 (order: 3, 32768 bytes, linear)
[    0.024496][    T1] /cpus/cpu-map: empty cluster
[    0.031371][    T1] rcu: Hierarchical SRCU implementation.
[    0.033930][    T1] EFI services will not be available.
[    0.034582][    T1] smp: Bringing up secondary CPUs ...
[    0.038149][    T0] Detected PIPT I-cache on CPU1
[    0.038641][    T0] CPU1: Booted secondary processor 0x0000000001 [0x411fd070]
[    0.041275][    T1] smp: Brought up 1 node, 2 CPUs
[    0.041416][    T1] SMP: Total of 2 processors activated.
[    0.041525][    T1] CPU features: detected: 32-bit EL0 Support
[    0.041599][    T1] CPU features: detected: CRC32 instructions
[    0.041674][    T1] CPU features: detected: 32-bit EL1 Support
[    0.041732][    T1] CPU features: detected: Protected KVM
[    0.043639][    T1] CPU features: emulated: Privileged Access Never (PAN) using TTBR0_EL1 switching
[    0.115141][    T1] CPU: All CPU(s) started at EL1
[    0.115660][   T14] alternatives: patching kernel code
[    0.131670][    T1] Registered cp15_barrier emulation handler
[    0.131877][    T1] Registered setend emulation handler
[    0.132012][    T1] KASLR enabled
[    0.132840][    T1] clocksource: jiffies: mask: 0xffffffff max_cycles: 0xffffffff, max_idle_ns: 76************** ns
[    0.133017][    T1] futex hash table entries: 512 (order: 3, 32768 bytes, linear)
[    0.136145][    T1] pinctrl core: initialized pinctrl subsystem
[    0.145190][    T1] NET: Registered protocol family 16
[    0.154188][    T1] DMA: preallocated 256 KiB GFP_KERNEL pool for atomic allocations
[    0.154745][    T1] DMA: preallocated 256 KiB GFP_KERNEL|GFP_DMA32 pool for atomic allocations
[    0.155064][    T1] audit: initializing netlink subsys (disabled)
[    0.156580][   T24] audit: type=2000 audit(0.148:1): state=initialized audit_enabled=0 res=1
[    0.159569][    T1] thermal_sys: Registered thermal governor 'step_wise'
[    0.159611][    T1] thermal_sys: Registered thermal governor 'user_space'
[    0.159677][    T1] thermal_sys: Registered thermal governor 'power_allocator'
[    0.160369][    T1] cpuidle: using governor menu
[    0.161124][    T1] hw-breakpoint: found 6 breakpoint and 4 watchpoint registers.
[    0.161612][    T1] ASID allocator initialised with 32768 entries
[    0.162232][    T1] Serial: AMBA PL011 UART driver
[    0.174603][    T1] 9000000.pl011: ttyAMA0 at MMIO 0x9000000 (irq = 47, base_baud = 0) is a PL011 rev1
[    0.175443][    T1] printk: console [ttyAMA0] enabled
[    0.175443][    T1] printk: console [ttyAMA0] enabled
[    0.175697][    T1] printk: bootconsole [pl11] disabled
[    0.175697][    T1] printk: bootconsole [pl11] disabled
[    0.202276][    T1] iommu: Default domain type: Translated 
[    0.204119][    T1] SCSI subsystem initialized
[    0.204640][    T1] usbcore: registered new interface driver usbfs
[    0.204828][    T1] usbcore: registered new interface driver hub
[    0.204949][    T1] usbcore: registered new device driver usb
[    0.205421][    T1] mc: Linux media interface: v0.10
[    0.205512][    T1] videodev: Linux video capture interface: v2.00
[    0.205967][    T1] EDAC MC: Ver: 3.0.0
[    0.208984][    T1] Advanced Linux Sound Architecture Driver Initialized.
[    0.213711][    T1] Bluetooth: Core ver 2.22
[    0.213846][    T1] NET: Registered protocol family 31
[    0.213892][    T1] Bluetooth: HCI device and connection manager initialized
[    0.214058][    T1] Bluetooth: HCI socket layer initialized
[    0.214135][    T1] Bluetooth: L2CAP socket layer initialized
[    0.214286][    T1] Bluetooth: SCO socket layer initialized
[    0.215459][    T1] nfc: nfc_init: NFC Core ver 0.1
[    0.215683][    T1] NET: Registered protocol family 39
[    0.216912][    T1] clocksource: Switched to clocksource arch_sys_counter
[    0.271061][    T1] VFS: Disk quotas dquot_6.6.0
[    0.271296][    T1] VFS: Dquot-cache hash table entries: 512 (order 0, 4096 bytes)
[    0.273118][    T1] NET: Registered protocol family 2
[    0.273951][    T1] IP idents hash table entries: 32768 (order: 6, 262144 bytes, linear)
[    0.277632][    T1] tcp_listen_portaddr_hash hash table entries: 1024 (order: 2, 16384 bytes, linear)
[    0.278041][    T1] TCP established hash table entries: 16384 (order: 5, 131072 bytes, linear)
[    0.278294][    T1] TCP bind hash table entries: 16384 (order: 6, 262144 bytes, linear)
[    0.278465][    T1] TCP: Hash tables configured (established 16384 bind 16384)
[    0.279208][    T1] UDP hash table entries: 1024 (order: 3, 32768 bytes, linear)
[    0.279404][    T1] UDP-Lite hash table entries: 1024 (order: 3, 32768 bytes, linear)
[    0.280319][    T1] NET: Registered protocol family 1
[    0.280546][    T1] NET: Registered protocol family 44
[    0.280754][    T1] PCI: CLS 0 bytes, default 64
[    0.292752][    T1] Trying to unpack rootfs image as initramfs...
[    0.708401][    T1] Freeing initrd memory: 11764K
[    0.711138][    T1] hw perfevents: enabled with armv8_pmuv3 PMU driver, 7 counters available
[    0.711595][    T1] kvm [1]: HYP mode not available
[    0.717377][    T1] Initialise system trusted keyrings
[    0.719601][    T1] workingset: timestamp_bits=46 max_order=19 bucket_order=0
[    0.727107][    T1] fuse: init (API version 7.32)
[    0.743968][    T1] Key type asymmetric registered
[    0.744164][    T1] Asymmetric key parser 'x509' registered
[    0.744426][    T1] Block layer SCSI generic (bsg) driver version 0.4 loaded (major 241)
[    0.745047][    T1] io scheduler mq-deadline registered
[    0.745207][    T1] io scheduler kyber registered
[    0.745539][    T1] io scheduler bfq registered
[    0.748693][    T1] pl061_gpio 9030000.pl061: PL061 GPIO chip registered
[    0.749556][    T1] pci-host-generic 4010000000.pcie: host bridge /pcie@10000000 ranges:
[    0.749980][    T1] pci-host-generic 4010000000.pcie:       IO 0x003eff0000..0x003effffff -> 0x0000000000
[    0.750318][    T1] pci-host-generic 4010000000.pcie:      MEM 0x0010000000..0x003efeffff -> 0x0010000000
[    0.750392][    T1] pci-host-generic 4010000000.pcie:      MEM 0x8000000000..0xffffffffff -> 0x8000000000
[    0.751037][    T1] pci-host-generic 4010000000.pcie: ECAM at [mem 0x4010000000-0x401fffffff] for [bus 00-ff]
[    0.751533][    T1] pci-host-generic 4010000000.pcie: PCI host bridge to bus 0000:00
[    0.751673][    T1] pci_bus 0000:00: root bus resource [bus 00-ff]
[    0.751756][    T1] pci_bus 0000:00: root bus resource [io  0x0000-0xffff]
[    0.751804][    T1] pci_bus 0000:00: root bus resource [mem 0x10000000-0x3efeffff]
[    0.751852][    T1] pci_bus 0000:00: root bus resource [mem 0x8000000000-0xffffffffff]
[    0.752834][    T1] pci 0000:00:00.0: [1b36:0008] type 00 class 0x060000
[    0.756807][    T1] Serial: 8250/16550 driver, 4 ports, IRQ sharing disabled
[    0.759297][   T15] cacheinfo: Unable to detect cache hierarchy for CPU 0
[    0.773599][    T1] brd: module loaded
[    0.783233][    T1] loop: module loaded
[    0.786848][    T1] wireguard: WireGuard 1.0.0 loaded. See www.wireguard.com for information.
[    0.786931][    T1] wireguard: Copyright (C) 2015-2019 Jason A. Donenfeld <Jason@zx2c4.com>. All Rights Reserved.
[    0.793374][    T1] libphy: Fixed MDIO Bus: probed
[    0.793502][    T1] tun: Universal TUN/TAP device driver, 1.6
[    0.793783][    T1] CAN device driver interface
[    0.793841][    T1] PPP generic driver version 2.4.2
[    0.794143][    T1] PPP BSD Compression module registered
[    0.794221][    T1] PPP Deflate Compression module registered
[    0.794317][    T1] PPP MPPE Compression module registered
[    0.794369][    T1] NET: Registered protocol family 24
[    0.794414][    T1] PPTP driver version 0.8.5
[    0.794825][    T1] usbcore: registered new interface driver rtl8150
[    0.794912][    T1] usbcore: registered new interface driver r8152
[    0.794976][    T1] usbcore: registered new interface driver cdc_ether
[    0.795040][    T1] usbcore: registered new interface driver cdc_eem
[    0.795139][    T1] usbcore: registered new interface driver cdc_ncm
[    0.795205][    T1] usbcore: registered new interface driver aqc111
[    0.795597][    T1] ehci_hcd: USB 2.0 'Enhanced' Host Controller (EHCI) Driver
[    0.795678][    T1] ehci-pci: EHCI PCI platform driver
[    0.795762][    T1] ehci-platform: EHCI generic platform driver
[    0.796245][    T1] usbcore: registered new interface driver cdc_acm
[    0.796291][    T1] cdc_acm: USB Abstract Control Model driver for USB modems and ISDN adapters
[    0.797014][    T1] usbcore: registered new interface driver uas
[    0.797175][    T1] usbcore: registered new interface driver usb-storage
[    0.798360][    T1] dummy_hcd dummy_hcd.0: USB Host+Gadget Emulator, driver 02 May 2005
[    0.798574][    T1] dummy_hcd dummy_hcd.0: Dummy host controller
[    0.798787][    T1] dummy_hcd dummy_hcd.0: new USB bus registered, assigned bus number 1
[    0.801633][    T1] usb usb1: New USB device found, idVendor=1d6b, idProduct=0002, bcdDevice= 5.10
[    0.801708][    T1] usb usb1: New USB device strings: Mfr=3, Product=2, SerialNumber=1
[    0.801767][    T1] usb usb1: Product: Dummy host controller
[    0.801822][    T1] usb usb1: Manufacturer: Linux 5.10.66-android12-9-00005-gf6e6376090be-ab8060604 dummy_hcd
[    0.801888][    T1] usb usb1: SerialNumber: dummy_hcd.0
[    0.803563][    T1] hub 1-0:1.0: USB hub found
[    0.803872][    T1] hub 1-0:1.0: 1 port detected
[    0.810314][    T1] usbcore: registered new interface driver xpad
[    0.812538][    T1] rtc-pl031 9010000.pl031: registered as rtc0
[    0.813169][    T1] rtc-pl031 9010000.pl031: setting system clock to 2026-09-17T01:49:38 UTC (1789609778)
[    0.813752][    T1] usbcore: registered new interface driver uvcvideo
[    0.813820][    T1] USB Video Class driver (1.1.1)
[    0.813870][    T1] gspca_main: v2.14.0 registered
[    0.814209][    T1] device-mapper: uevent: version 1.0.3
[    0.814661][    T1] device-mapper: ioctl: 4.44.0-ioctl (2021-02-01) initialised: dm-devel@redhat.com
[    0.815863][    T1] Bluetooth: HCI UART driver ver 2.3
[    0.815973][    T1] Bluetooth: HCI UART protocol H4 registered
[    0.816090][    T1] Bluetooth: HCI UART protocol LL registered
[    0.816223][    T1] Bluetooth: HCI UART protocol Broadcom registered
[    0.816300][    T1] Bluetooth: HCI UART protocol QCA registered
[    0.817491][    T1] sdhci: Secure Digital Host Controller Interface driver
[    0.817547][    T1] sdhci: Copyright(c) Pierre Ossman
[    0.817589][    T1] sdhci-pltfm: SDHCI platform and OF driver helper
[    0.817880][    T1] hid: raw HID events driver (C) Jiri Kosina
[    0.819365][    T1] usbcore: registered new interface driver usbhid
[    0.819415][    T1] usbhid: USB HID core driver
[    0.819795][    T1] ashmem: initialized
[    0.820220][    T1] gnss: GNSS driver registered with major 234
[    0.821213][    T1] usbcore: registered new interface driver snd-usb-audio
[    0.822325][    T1] GACT probability NOT on
[    0.822479][    T1] Mirror/redirect action on
[    0.822680][    T1] netem: version 1.3
[    0.822825][    T1] u32 classifier
[    0.822852][    T1]     input device check on
[    0.822882][    T1]     Actions configured
[    0.827206][    T1] xt_time: kernel timezone is -0000
[    0.827462][    T1] ipip: IPv4 and MPLS over IPv4 tunneling driver
[    0.828697][    T1] gre: GRE over IPv4 demultiplexor driver
[    0.828838][    T1] ip_gre: GRE over IPv4 tunneling driver
[    0.830369][    T1] IPv4 over IPsec tunneling driver
[    0.834356][    T1] Initializing XFRM netlink socket
[    0.834568][    T1] IPsec XFRM device driver
[    0.835361][    T1] NET: Registered protocol family 10
[    0.844909][    T1] Segment Routing with IPv6
[    0.845686][    T1] mip6: Mobile IPv6
[    0.848670][    T1] sit: IPv6, IPv4 and MPLS over IPv4 tunneling driver
[    0.850849][    T1] ip6_gre: GRE over IPv6 tunneling driver
[    0.851769][    T1] NET: Registered protocol family 17
[    0.852022][    T1] NET: Registered protocol family 15
[    0.852426][    T1] can: controller area network core
[    0.852744][    T1] NET: Registered protocol family 29
[    0.852888][    T1] can: raw protocol
[    0.853031][    T1] can: broadcast manager protocol
[    0.853152][    T1] can: netlink gateway - max_hops=1
[    0.853779][    T1] Bluetooth: RFCOMM TTY layer initialized
[    0.854242][    T1] Bluetooth: RFCOMM socket layer initialized
[    0.854373][    T1] Bluetooth: RFCOMM ver 1.11
[    0.854444][    T1] Bluetooth: HIDP (Human Interface Emulation) ver 1.2
[    0.854512][    T1] Bluetooth: HIDP socket layer initialized
[    0.854670][    T1] l2tp_core: L2TP core driver, V2.0
[    0.854788][    T1] l2tp_ppp: PPPoL2TP kernel driver, V2.0
[    0.854845][    T1] tipc: Activated (version 2.0.0)
[    0.855832][    T1] NET: Registered protocol family 30
[    0.856981][    T1] tipc: Started in single node mode
[    0.857706][    T1] NET: Registered protocol family 36
[    0.858150][    T1] NET: Registered protocol family 40
[    0.858699][    T1] registered taskstats version 1
[    0.858811][    T1] Loading compiled-in X.509 certificates
[    0.858977][    T1] page_owner is disabled
[    0.859260][    T1] Key type ._fscrypt registered
[    0.859299][    T1] Key type .fscrypt registered
[    0.859333][    T1] Key type fscrypt-provisioning registered
[    0.865733][    T1] input: gpio-keys as /devices/platform/gpio-keys/input/input0
[    0.870638][    T1] ALSA device list:
[    0.870756][    T1]   No soundcards found.
[    0.879985][    T1] uart-pl011 9000000.pl011: no DMA platform data
[    0.904574][    T1] Freeing unused kernel memory: 3072K
[    0.905287][    T1] Run /init as init process
[    0.975369][    T1] nx679j: init v2 entered
nx679j: init v2 entered
[    0.999534][  T111] request_module fs-devtmpfs succeeded, but still no fs?
[    1.030570][    T1] nx679j: stage0 kernel=5.10.66-android12-9-00005-gf6e6376090be-ab8060604
nx679j: stage0 kernel=5.10.66-android12-9-00005-gf6e6376090be-ab8060604
[    1.041619][    T1] nx679j: stage0 cmdline=stack_depot_disable=on kasan.stacktrace=off kvm-arm.mode=protected cgroup_disable=pressure cgroup.memory=nokmem console=ttyAMA0 earlycon loglevel=7 panic=10 rdinit=/init
nx679j: stage0 cmdline=stack_depot_disable=on kasan.stacktrace=off kvm-arm.mode=protected cgroup_disable=pressure cgroup.memory=nokmem console=ttyAMA0 earlycon loglevel=7 panic=10 rdinit=/init
[    1.051539][    T1] nx679j: stage0 modprobe=/sbin/insmod
nx679j: stage0 modprobe=/sbin/insmod
[    1.161612][    T1] nx679j: modules dir=/lib/modules/5.10.66-android12-9-00005-gf6e6376090be-ab8060604 insmod=/sbin/insmod count=327
nx679j: modules dir=/lib/modules/5.10.66-android12-9-00005-gf6e6376090be-ab8060604 insmod=/sbin/insmod count=327
[    1.165231][    T1] nx679j: insmod phy_qcom_emu ABSENT
nx679j: insmod phy_qcom_emu ABSENT
[    1.167876][    T1] nx679j: insmod phy_msm_snps_eusb2 ABSENT
nx679j: insmod phy_msm_snps_eusb2 ABSENT
[    1.187224][    T1] nx679j: insmod repeater rc=0 
nx679j: insmod repeater rc=0 
[    1.190227][    T1] nx679j: insmod phy_qcom_ufs_qmp_v4_lahaina ABSENT
nx679j: insmod phy_qcom_ufs_qmp_v4_lahaina ABSENT
[    1.199060][  T124] qcom_glink_spss: Unknown symbol qcom_smem_alloc (err -2)
[    1.199163][  T124] qcom_glink_spss: Unknown symbol qcom_smem_get (err -2)
[    1.199210][  T124] qcom_glink_spss: Unknown symbol qcom_smem_virt_to_phys (err -2)
[    1.199258][  T124] qcom_glink_spss: Unknown symbol qcom_glink_native_probe (err -2)
[    1.199307][  T124] qcom_glink_spss: Unknown symbol qcom_glink_native_start (err -2)
[    1.199358][  T124] qcom_glink_spss: Unknown symbol qcom_glink_native_remove (err -2)
[    1.199407][  T124] qcom_glink_spss: Unknown symbol qcom_glink_native_unregister (err -2)
[    1.253237][    T1] nx679j: insmod qcom_glink_spss rc=255 
nx679j: insmod qcom_glink_spss rc=255 
[    1.255883][    T1] nx679j: insmod phy_qcom_ufs_qmp_14nm ABSENT
nx679j: insmod phy_qcom_ufs_qmp_14nm ABSENT
[    1.258433][    T1] nx679j: insmod phy_qcom_ufs_qmp_v3 ABSENT
nx679j: insmod phy_qcom_ufs_qmp_v3 ABSENT
[    1.272140][    T1] nx679j: insmod nvmem_qfprom rc=0 
nx679j: insmod nvmem_qfprom rc=0 
[    1.275259][    T1] nx679j: insmod fsa4480_i2c ABSENT
nx679j: insmod fsa4480_i2c ABSENT
[    1.277933][    T1] nx679j: insmod altmode_glink ABSENT
nx679j: insmod altmode_glink ABSENT
[    1.280428][    T1] nx679j: insmod dwc3_msm ABSENT
nx679j: insmod dwc3_msm ABSENT
[    1.283263][    T1] nx679j: insmod phy_msm_ssusb_qmp ABSENT
nx679j: insmod phy_msm_ssusb_qmp ABSENT
[    1.286101][    T1] nx679j: insmod phy_msm_snps_hs ABSENT
nx679j: insmod phy_msm_snps_hs ABSENT
[    1.289880][    T1] nx679j: insmod ssusb_redriver_nb7vpq904m ABSENT
nx679j: insmod ssusb_redriver_nb7vpq904m ABSENT
[    1.299007][  T126] ucsi_glink: Unknown symbol pmic_glink_register_client (err -2)
[    1.299117][  T126] ucsi_glink: Unknown symbol ipc_log_context_create (err -2)
[    1.299169][  T126] ucsi_glink: Unknown symbol ipc_log_context_destroy (err -2)
[    1.299217][  T126] ucsi_glink: Unknown symbol pmic_glink_unregister_client (err -2)
[    1.299300][  T126] ucsi_glink: Unknown symbol ipc_log_string (err -2)
[    1.299355][  T126] ucsi_glink: Unknown symbol pmic_glink_write (err -2)
[    1.326846][    T1] nx679j: insmod ucsi_glink rc=255 
nx679j: insmod ucsi_glink rc=255 
[    1.334773][  T127] pmic_glink: Unknown symbol qcom_register_ssr_notifier (err -2)
[    1.334873][  T127] pmic_glink: Unknown symbol pdr_handle_alloc (err -2)
[    1.334923][  T127] pmic_glink: Unknown symbol pdr_add_lookup (err -2)
[    1.334973][  T127] pmic_glink: Unknown symbol pdr_handle_release (err -2)
[    1.335019][  T127] pmic_glink: Unknown symbol qcom_unregister_ssr_notifier (err -2)
[    1.357639][    T1] nx679j: insmod pmic_glink rc=255 
nx679j: insmod pmic_glink rc=255 
[    1.365127][  T128] pdr_interface: Unknown symbol qmi_txn_init (err -2)
[    1.365214][  T128] pdr_interface: Unknown symbol qmi_send_request (err -2)
[    1.365260][  T128] pdr_interface: Unknown symbol qmi_txn_cancel (err -2)
[    1.365302][  T128] pdr_interface: Unknown symbol qmi_txn_wait (err -2)
[    1.365355][  T128] pdr_interface: Unknown symbol qmi_handle_init (err -2)
[    1.365398][  T128] pdr_interface: Unknown symbol qmi_add_lookup (err -2)
[    1.365439][  T128] pdr_interface: Unknown symbol qmi_handle_release (err -2)
[    1.365510][  T128] pdr_interface: Unknown symbol qmi_response_type_v01_ei (err -2)
[    1.365563][  T128] pdr_interface: Unknown symbol qcom_device_shutdown_in_progress (err -2)
[    1.390426][    T1] nx679j: insmod pdr_interface rc=255 
nx679j: insmod pdr_interface rc=255 
[    1.402229][    T1] nx679j: insmod qmi_helpers rc=0 
nx679j: insmod qmi_helpers rc=0 
[    1.410471][  T130] rproc_qcom_common: Unknown symbol qcom_smem_get (err -2)
[    1.410635][  T130] rproc_qcom_common: Unknown symbol qcom_glink_smem_start (err -2)
[    1.410689][  T130] rproc_qcom_common: Unknown symbol qcom_glink_smem_register (err -2)
[    1.410741][  T130] rproc_qcom_common: Unknown symbol qcom_glink_smem_unregister (err -2)
[    1.410795][  T130] rproc_qcom_common: Unknown symbol qcom_glink_ssr_notify (err -2)
[    1.410844][  T130] rproc_qcom_common: Unknown symbol qcom_smd_register_edge (err -2)
[    1.410894][  T130] rproc_qcom_common: Unknown symbol qcom_smd_unregister_edge (err -2)
[    1.454808][    T1] nx679j: insmod rproc_qcom_common rc=255 
nx679j: insmod rproc_qcom_common rc=255 
[    1.462497][  T131] qcom_smd: Unknown symbol qcom_smem_get (err -2)
[    1.462640][  T131] qcom_smd: Unknown symbol qcom_smem_get_free_space (err -2)
[    1.501918][    T1] nx679j: insmod qcom_smd rc=255 
nx679j: insmod qcom_smd rc=255 
[    1.510235][  T132] qcom_glink_smem: Unknown symbol qcom_smem_alloc (err -2)
[    1.510345][  T132] qcom_glink_smem: Unknown symbol qcom_smem_get (err -2)
[    1.510391][  T132] qcom_glink_smem: Unknown symbol qcom_glink_native_probe (err -2)
[    1.510442][  T132] qcom_glink_smem: Unknown symbol qcom_glink_native_start (err -2)
[    1.510490][  T132] qcom_glink_smem: Unknown symbol qcom_glink_native_remove (err -2)
[    1.510538][  T132] qcom_glink_smem: Unknown symbol qcom_glink_native_unregister (err -2)
[    1.549907][    T1] nx679j: insmod qcom_glink_smem rc=255 
nx679j: insmod qcom_glink_smem rc=255 
[    1.558517][  T133] qcom_glink: Unknown symbol ipc_log_context_create (err -2)
[    1.558683][  T133] qcom_glink: Unknown symbol ipc_log_string (err -2)
[    1.598092][    T1] nx679j: insmod qcom_glink rc=255 
nx679j: insmod qcom_glink rc=255 
[    1.608198][  T134] ufs_qcom: Unknown symbol ufshcd_qti_hba_init_crypto_capabilities (err -2)
[    1.608334][  T134] ufs_qcom: Unknown symbol ipc_log_context_create (err -2)
[    1.608595][  T134] ufs_qcom: Unknown symbol ipc_log_string (err -2)
[    1.608649][  T134] ufs_qcom: Unknown symbol ufs_qcom_phy_set_src_clk_h8_exit (err -2)
[    1.608700][  T134] ufs_qcom: Unknown symbol ufs_qcom_phy_set_src_clk_h8_enter (err -2)
[    1.608834][  T134] ufs_qcom: Unknown symbol qcom_clk_set_flags (err -2)
[    1.608906][  T134] ufs_qcom: Unknown symbol ufs_qcom_phy_ctrl_rx_linecfg (err -2)
[    1.608960][  T134] ufs_qcom: Unknown symbol ufs_qcom_phy_set_tx_lane_enable (err -2)
[    1.609023][  T134] ufs_qcom: Unknown symbol ufs_qcom_phy_dbg_register_dump (err -2)
[    1.609138][  T134] ufs_qcom: Unknown symbol qcom_scm_ice_available (err -2)
[    1.609185][  T134] ufs_qcom: Unknown symbol crypto_qti_disable (err -2)
[    1.609228][  T134] ufs_qcom: Unknown symbol qtee_shmbridge_allocate_shm (err -2)
[    1.609276][  T134] ufs_qcom: Unknown symbol qcom_scm_ice_invalidate_key (err -2)
[    1.609325][  T134] ufs_qcom: Unknown symbol qtee_shmbridge_flush_shm_buf (err -2)
[    1.609373][  T134] ufs_qcom: Unknown symbol qcom_scm_config_set_ice_key (err -2)
[    1.609420][  T134] ufs_qcom: Unknown symbol qtee_shmbridge_inv_shm_buf (err -2)
[    1.609466][  T134] ufs_qcom: Unknown symbol qtee_shmbridge_free_shm (err -2)
[    1.646321][    T1] nx679j: insmod ufs_qcom rc=255 
nx679j: insmod ufs_qcom rc=255 
[    1.648371][    T1] nx679j: insmod ufshcd_crypto_qti ABSENT
nx679j: insmod ufshcd_crypto_qti ABSENT
[    1.650354][    T1] nx679j: insmod qti_regmap_debugfs ABSENT
nx679j: insmod qti_regmap_debugfs ABSENT
[    1.652176][    T1] nx679j: insmod phy_qcom_ufs_qmp_v4_cape ABSENT
nx679j: insmod phy_qcom_ufs_qmp_v4_cape ABSENT
[    1.654082][    T1] nx679j: insmod phy_qcom_ufs_qmp_v4_diwali ABSENT
nx679j: insmod phy_qcom_ufs_qmp_v4_diwali ABSENT
[    1.655928][    T1] nx679j: insmod phy_qcom_ufs_qmp_v4_waipio ABSENT
nx679j: insmod phy_qcom_ufs_qmp_v4_waipio ABSENT
[    1.657833][    T1] nx679j: insmod phy_qcom_ufs ABSENT
nx679j: insmod phy_qcom_ufs ABSENT
[    1.659663][    T1] nx679j: insmod nvmem_qcom_spmi_sdam ABSENT
nx679j: insmod nvmem_qcom_spmi_sdam ABSENT
[    1.661612][    T1] nx679j: insmod crypto_qti_common ABSENT
nx679j: insmod crypto_qti_common ABSENT
[    1.663448][    T1] nx679j: insmod crypto_qti_hwkm ABSENT
nx679j: insmod crypto_qti_hwkm ABSENT
[    1.666655][    T1] nx679j: insmod clk_qcom ABSENT
nx679j: insmod clk_qcom ABSENT
[    1.668669][    T1] nx679j: insmod gdsc_regulator ABSENT
nx679j: insmod gdsc_regulator ABSENT
[    1.670687][    T1] nx679j: insmod proxy_consumer ABSENT
nx679j: insmod proxy_consumer ABSENT
[    1.672515][    T1] nx679j: insmod debug_regulator ABSENT
nx679j: insmod debug_regulator ABSENT
[    1.680487][  T135] qcom_ipc_logging: Unknown symbol msm_minidump_enabled (err -2)
[    1.680575][  T135] qcom_ipc_logging: Unknown symbol msm_minidump_add_region (err -2)
[    1.711164][    T1] nx679j: insmod qcom_ipc_logging rc=255 
nx679j: insmod qcom_ipc_logging rc=255 
[    1.714161][    T1] nx679j: insmod qcom_scm ABSENT
nx679j: insmod qcom_scm ABSENT
[    1.723615][  T136] minidump: Unknown symbol qcom_smem_get (err -2)
[    1.758553][    T1] nx679j: insmod minidump rc=255 
nx679j: insmod minidump rc=255 
[    1.769632][    T1] nx679j: insmod smem rc=0 
nx679j: insmod smem rc=0 
[   16.900008][    T1] nx679j: ufs sda after 15s present=no
nx679j: ufs sda after 15s present=no
[   16.918016][    T1] nx679j: partitions=16
nx679j: partitions=16
[   37.229622][    T1] nx679j: udc=NONE after 20s
nx679j: udc=NONE after 20s
[   37.240967][    T1] nx679j: handover init=present
nx679j: handover init=present
[   37.276428][    T1] init: Console is alive
[   37.419580][  T199] kmodloader: loading kernel modules from /etc/modules-boot.d/*
[   37.422333][  T199] kmodloader: done loading kernel modules from /etc/modules-boot.d/*
[   37.435474][    T1] init: - preinit -
[   37.731668][  T238] random: jshn: uninitialized urandom read (4 bytes read)
[   37.800495][  T241] random: jshn: uninitialized urandom read (4 bytes read)
[   37.824719][  T244] random: jshn: uninitialized urandom read (4 bytes read)
Press the [f] key and hit [enter] to enter failsafe mode
Press the [1], [2], [3] or [4] key and hit [enter] to select the debug level
[   42.234112][    T1] procd: - early -
[   42.873673][    T1] procd: - ubus -
[   42.893120][  T303] urandom_read: 5 callbacks suppressed
[   42.893158][  T303] random: ubusd: uninitialized urandom read (4 bytes read)
[   42.928120][  T303] random: ubusd: uninitialized urandom read (4 bytes read)
[   42.947605][    T1] procd: - init -
Please press Enter to activate this console.
[   43.543419][  T340] urngd: v1.0.2 started.
[   43.725713][  T340] random: crng init done
[   43.810787][  T399] kmodloader: loading kernel modules from /etc/modules.d/*
[   43.827104][  T399] kmodloader: done loading kernel modules from /etc/modules.d/*
qemu-system-aarch64: terminating on signal 15 from pid 2337825 (python3)
