registering services
[RMTFS] packet; from: 1:-2
[RMTFS] del_client 1:16389
[RMTFS] packet; from: 1:-2
[RMTFS] del_client 1:16402
[RMTFS] packet; from: 1:-2
[RMTFS] del_client 1:16403
[RMTFS] packet; from: 1:-2
[RMTFS] del_client 1:16404
[RMTFS] packet; from: 0:8
[RMTFS] open /boot/modem_fs1 => 0 (0:0)
[RMTFS] packet; from: 0:9
[RMTFS] open /boot/modem_fs2 => 1 (0:0)
[RMTFS] packet; from: 1:-2
[RMTFS] del_client 0:8
[RMTFS] packet; from: 1:-2
[RMTFS] del_client 0:9
[RMTFS] packet; from: 0:11
[RMTFS] alloc 0, 2621440 => 0xd4500000 (0:0)
[RMTFS] packet; from: 0:12
[RMTFS] iovec 0, not forced => (0:0)
[RMTFS]       read 1:1 0xd4500200
[RMTFS] packet; from: 1:-2
[RMTFS] del_client 0:11
[RMTFS] packet; from: 1:-2
[RMTFS] del_client 0:12
[RMTFS] packet; from: 0:13
[RMTFS] iovec 1, not forced => (0:0)
[RMTFS]       read 1:1 0xd4500200
[RMTFS] packet; from: 1:-2
[RMTFS] del_client 0:13
[RMTFS] packet; from: 0:14
[RMTFS] iovec 1, not forced => (0:0)
[RMTFS]       read 2:5118 0xd4500400
[RMTFS] packet; from: 1:-2
[RMTFS] del_client 0:14
[RMTFS] packet; from: 1:-2
[RMTFS] del_client 1:16405
[RMTFS] packet; from: 1:-2
[RMTFS] del_client 0:29
[RMTFS] packet; from: 1:-2
[RMTFS] del_client 1:16406
[RMTFS] packet; from: 1:-2
[RMTFS] del_client 0:30
[RMTFS] packet; from: 1:-2
[RMTFS] del_client 1:16407
[RMTFS] packet; from: 1:-2
[RMTFS] del_client 0:31
[RMTFS] packet; from: 1:-2
[RMTFS] del_client 0:32
[RMTFS] packet; from: 1:-2
[RMTFS] del_client 1:16408
[RMTFS] packet; from: 1:-2
[RMTFS] del_client 1:16409
[RMTFS] packet; from: 1:-2
[RMTFS] del_client 0:33
[RMTFS] packet; from: 1:-2
[RMTFS] del_client 1:16410
[RMTFS] packet; from: 1:-2
[RMTFS] del_client 0:34
[RMTFS] packet; from: 1:-2
[RMTFS] del_client 1:16411
[RMTFS] packet; from: 1:-2
[RMTFS] del_client 0:35
[RMTFS] packet; from: 1:-2
[RMTFS] del_client 1:16412
[RMTFS] packet; from: 1:-2
[RMTFS] del_client 0:37
[RMTFS] packet; from: 1:-2
[RMTFS] del_client 1:16413
[RMTFS] packet; from: 1:-2
[RMTFS] del_client 0:38
[RMTFS] packet; from: 1:-2
[RMTFS] del_client 1:16414
[RMTFS] packet; from: 1:-2
[RMTFS] del_client 0:41
[RMTFS] packet; from: 1:-2
[RMTFS] del_client 1:16415
[RMTFS] packet; from: 1:-2
[RMTFS] del_client 1:16416
[RMTFS] packet; from: 1:-2
[RMTFS] del_client 1:16417
[RMTFS] packet; from: 1:-2
[RMTFS] del_client 1:16418
[RMTFS] packet; from: 1:-2
[RMTFS] del_client 1:16419
[RMTFS] packet; from: 1:-2
[RMTFS] del_client 0:89
[RMTFS] packet; from: 1:-2
[RMTFS] del_client 1:16420
[RMTFS] packet; from: 1:-2
[RMTFS] del_client 0:90
[RMTFS] packet; from: 1:-2
[RMTFS] del_client 1:16421
[RMTFS] packet; from: 1:-2
[RMTFS] del_client 0:91
[RMTFS] packet; from: 1:-2
[RMTFS] del_client 1:16422
[RMTFS] packet; from: 1:-2
[RMTFS] del_client 0:92
[RMTFS] packet; from: 1:-2
[RMTFS] del_client 0:93
[RMTFS] packet; from: 1:-2
[RMTFS] del_client 1:16424
[RMTFS] packet; from: 1:-2
[RMTFS] del_client 0:94
[RMTFS] packet; from: 1:-2
[RMTFS] del_client 1:16425
[RMTFS] packet; from: 1:-2
[RMTFS] del_client 0:95
[RMTFS] packet; from: 1:-2
[RMTFS] del_client 1:16426
[RMTFS] packet; from: 1:-2
[RMTFS] del_client 0:96
[RMTFS] packet; from: 1:-2
[RMTFS] del_client 1:16427
[RMTFS] packet; from: 1:-2
[RMTFS] del_client 0:97
[RMTFS] packet; from: 1:-2
[RMTFS] del_client 1:16428
[RMTFS] packet; from: 1:-2
[RMTFS] del_client 1:16429
[RMTFS] packet; from: 1:-2
[RMTFS] del_client 1:16430
[RMTFS] packet; from: 1:-2
[RMTFS] del_client 1:16431
[RMTFS] packet; from: 1:-2
[RMTFS] del_client 1:16432
[RMTFS] packet; from: 1:-2
[RMTFS] del_client 1:16433
[RMTFS] packet; from: 1:-2
[RMTFS] del_client 1:16434
[RMTFS] packet; from: 1:-2
[RMTFS] del_client 1:16435
[RMTFS] packet; from: 1:-2
[RMTFS] del_client 1:16436
[RMTFS] packet; from: 1:-2
[RMTFS] del_client 1:16437
[RMTFS] packet; from: 1:-2
[RMTFS] del_client 1:16438
[RMTFS] packet; from: 1:-2
[RMTFS] del_client 1:16439
[RMTFS] packet; from: 1:-2
[RMTFS] del_client 1:16440
[RMTFS] packet; from: 1:-2
[RMTFS] del_client 1:16441
[RMTFS] packet; from: 1:-2
[RMTFS] del_client 1:16442
[RMTFS] packet; from: 1:-2
[RMTFS] del_client 1:16443
[RMTFS] packet; from: 1:-2
[RMTFS] del_client 1:16444
[RMTFS] packet; from: 1:-2
[RMTFS] del_client 1:16445
[RMTFS] packet; from: 1:-2
[RMTFS] del_client 1:16446
[RMTFS] packet; from: 1:-2
[RMTFS] del_client 1:16447
[RMTFS] packet; from: 1:-2
[RMTFS] del_client 1:16448
[RMTFS] packet; from: 1:-2
[RMTFS] del_client 1:16449
[RMTFS] packet; from: 1:-2
[RMTFS] del_client 1:16450
[RMTFS] packet; from: 1:-2
[RMTFS] del_client 1:16451
[RMTFS] packet; from: 1:-2
[RMTFS] del_client 0:88
[RMTFS] packet; from: 1:-2
[RMTFS] del_client 0:53
[RMTFS] packet; from: 1:-2
[RMTFS] del_client 1:16452
[RMTFS] packet; from: 0:99
[RMTFS] iovec 0, not forced => (0:0)
[RMTFS]       write 0:5120 0xd4500000
[RMTFS] packet; from: 1:-2
[RMTFS] del_client 0:99
[RMTFS] packet; from: 1:-2
[RMTFS] bye from 0
[RMTFS] packet; from: 1:-2
[RMTFS] del_client 1:16453
[RMTFS] packet; from: 1:-2
[RMTFS] del_client 1:16454
[RMTFS] packet; from: 0:8
[RMTFS] open /boot/modem_fs1 => 0 (0:0)
[RMTFS] packet; from: 0:9
[RMTFS] open /boot/modem_fs2 => 1 (0:0)
[RMTFS] packet; from: 1:-2
[RMTFS] del_client 0:8
[RMTFS] packet; from: 1:-2
[RMTFS] del_client 0:9
[RMTFS] packet; from: 0:11
[RMTFS] alloc 0, 2621440 => 0xd4500000 (0:0)
[RMTFS] packet; from: 0:12
[RMTFS] iovec 0, not forced => (0:0)
[RMTFS]       read 1:1 0xd4500200
[RMTFS] packet; from: 1:-2
[RMTFS] del_client 0:11
[RMTFS] packet; from: 0:13
[RMTFS] iovec 1, not forced => (0:0)
[RMTFS]       read 1:1 0xd4500200
[RMTFS] packet; from: 1:-2
[RMTFS] del_client 0:12
[RMTFS] packet; from: 1:-2
[RMTFS] del_client 0:13
[RMTFS] packet; from: 0:14
[RMTFS] iovec 0, not forced => (0:0)
[RMTFS]       read 2:5118 0xd4500400
[RMTFS] packet; from: 1:-2
[RMTFS] del_client 0:14
[RMTFS] packet; from: 1:-2
[RMTFS] del_client 1:16455
[RMTFS] packet; from: 1:-2
[RMTFS] del_client 0:29
[RMTFS] packet; from: 1:-2
[RMTFS] del_client 1:16456
[RMTFS] packet; from: 1:-2
[RMTFS] del_client 0:30
[RMTFS] packet; from: 1:-2
[RMTFS] del_client 1:16457
[RMTFS] packet; from: 1:-2
[RMTFS] del_client 0:31
[RMTFS] packet; from: 1:-2
[RMTFS] del_client 1:16458
[RMTFS] packet; from: 1:-2
[RMTFS] del_client 0:32
[RMTFS] packet; from: 1:-2
[RMTFS] del_client 1:16459
[RMTFS] packet; from: 1:-2
[RMTFS] del_client 0:33
[RMTFS] packet; from: 1:-2
[RMTFS] del_client 1:16460
[RMTFS] packet; from: 1:-2
[RMTFS] del_client 0:35
[RMTFS] packet; from: 1:-2
[RMTFS] del_client 1:16461
[RMTFS] packet; from: 1:-2
[RMTFS] del_client 0:36
[RMTFS] packet; from: 1:-2
[RMTFS] del_client 0:37
[RMTFS] packet; from: 1:-2
[RMTFS] del_client 1:16462
[RMTFS] packet; from: 1:-2
[RMTFS] del_client 1:16463
[RMTFS] packet; from: 1:-2
[RMTFS] del_client 0:38
[RMTFS] packet; from: 1:-2
[RMTFS] del_client 1:16464
[RMTFS] packet; from: 1:-2
[RMTFS] del_client 0:41
[RMTFS] packet; from: 1:-2
[RMTFS] del_client 1:16465
[RMTFS] packet; from: 1:-2
[RMTFS] del_client 1:16466
[RMTFS] packet; from: 1:-2
[RMTFS] del_client 1:16467
[RMTFS] packet; from: 1:-2
[RMTFS] del_client 0:90
[RMTFS] packet; from: 1:-2
[RMTFS] del_client 1:16468
[RMTFS] packet; from: 1:-2
[RMTFS] del_client 1:16469
[RMTFS] packet; from: 1:-2
[RMTFS] del_client 0:91
[RMTFS] packet; from: 1:-2
[RMTFS] del_client 1:16470
[RMTFS] packet; from: 1:-2
[RMTFS] del_client 0:92
[RMTFS] packet; from: 1:-2
[RMTFS] del_client 0:93
[RMTFS] packet; from: 1:-2
[RMTFS] del_client 1:16472
[RMTFS] packet; from: 1:-2
[RMTFS] del_client 0:94
[RMTFS] packet; from: 1:-2
[RMTFS] del_client 1:16473
[RMTFS] packet; from: 1:-2
[RMTFS] del_client 0:95
[RMTFS] packet; from: 1:-2
[RMTFS] del_client 1:16474
[RMTFS] packet; from: 1:-2
[RMTFS] del_client 0:96
[RMTFS] packet; from: 1:-2
[RMTFS] del_client 1:16475
[RMTFS] packet; from: 1:-2
[RMTFS] del_client 0:97
[RMTFS] packet; from: 1:-2
[RMTFS] del_client 1:16476
[RMTFS] packet; from: 1:-2
[RMTFS] del_client 1:16477
[RMTFS] packet; from: 1:-2
[RMTFS] del_client 1:16478
[RMTFS] packet; from: 1:-2
[RMTFS] del_client 1:16479
[RMTFS] packet; from: 1:-2
[RMTFS] del_client 1:16480
[RMTFS] packet; from: 1:-2
[RMTFS] del_client 1:16481
[RMTFS] packet; from: 1:-2
[RMTFS] del_client 1:16483
[RMTFS] packet; from: 1:-2
[RMTFS] del_client 1:16482
[RMTFS] packet; from: 1:-2
[RMTFS] del_client 1:16484
[RMTFS] packet; from: 1:-2
[RMTFS] del_client 1:16485
[RMTFS] packet; from: 1:-2
[RMTFS] del_client 1:16486
[RMTFS] packet; from: 1:-2
[RMTFS] del_client 1:16487
[RMTFS] packet; from: 1:-2
[RMTFS] del_client 1:16488
[RMTFS] packet; from: 1:-2
[RMTFS] del_client 1:16489
[RMTFS] packet; from: 1:-2
[RMTFS] del_client 1:16490
[RMTFS] packet; from: 1:-2
[RMTFS] del_client 1:16491
[RMTFS] packet; from: 1:-2
[RMTFS] del_client 1:16492
[RMTFS] packet; from: 1:-2
[RMTFS] del_client 1:16493
[RMTFS] packet; from: 1:-2
[RMTFS] del_client 1:16494
[RMTFS] packet; from: 1:-2
[RMTFS] del_client 1:16495
[RMTFS] packet; from: 1:-2
[RMTFS] del_client 1:16496
[RMTFS] packet; from: 1:-2
[RMTFS] del_client 1:16497
[RMTFS] packet; from: 1:-2
[RMTFS] del_client 1:16498
[RMTFS] packet; from: 1:-2
[RMTFS] del_client 1:16499
[RMTFS] packet; from: 1:-2
[RMTFS] del_client 1:16500
[RMTFS] packet; from: 1:-2
[RMTFS] del_client 1:16501
[RMTFS] packet; from: 1:-2
[RMTFS] del_client 1:16502
[RMTFS] packet; from: 1:-2
[RMTFS] del_client 1:16503
[RMTFS] packet; from: 1:-2
[RMTFS] del_client 1:16506
[RMTFS] packet; from: 1:-2
[RMTFS] del_client 1:16508
[RMTFS] packet; from: 1:-2
[RMTFS] del_client 1:16509
[RMTFS] packet; from: 1:-2
[RMTFS] del_client 1:16510
[RMTFS] packet; from: 1:-2
[RMTFS] del_client 1:16511
[RMTFS] packet; from: 1:-2
[RMTFS] del_client 1:16512
[RMTFS] packet; from: 1:-2
[RMTFS] del_client 1:16513
[RMTFS] packet; from: 0:101
[RMTFS] iovec 1, not forced => (0:0)
[RMTFS]       write 0:5120 0xd4500000
[RMTFS] packet; from: 1:-2
[RMTFS] del_client 0:101
[RMTFS] packet; from: 1:-2
[RMTFS] del_client 1:16514
[RMTFS] packet; from: 1:-2
[RMTFS] del_client 1:16515
[RMTFS] packet; from: 1:-2
[RMTFS] del_client 1:16516
[RMTFS] packet; from: 1:-2
[RMTFS] del_client 1:16517
[RMTFS] packet; from: 1:-2
[RMTFS] del_client 1:16518
[RMTFS] packet; from: 1:-2
[RMTFS] del_client 1:16519
[RMTFS] packet; from: 1:-2
[RMTFS] del_client 1:16520
[RMTFS] packet; from: 1:-2
[RMTFS] del_client 1:16521
[RMTFS] packet; from: 1:-2
[RMTFS] del_client 1:16522
[RMTFS] packet; from: 1:-2
[RMTFS] del_client 1:16523
[RMTFS] packet; from: 1:-2
[RMTFS] del_client 1:16524
[RMTFS] packet; from: 1:-2
[RMTFS] del_client 1:16525
[RMTFS] packet; from: 1:-2
[RMTFS] del_client 1:16526
[RMTFS] packet; from: 1:-2
[RMTFS] del_client 1:16527
[RMTFS] packet; from: 1:-2
[RMTFS] del_client 1:16528
[RMTFS] packet; from: 1:-2
[RMTFS] del_client 1:16529
[RMTFS] packet; from: 1:-2
[RMTFS] del_client 1:16530
[RMTFS] packet; from: 1:-2
[RMTFS] del_client 1:16531
[RMTFS] packet; from: 1:-2
[RMTFS] del_client 1:16532
[RMTFS] packet; from: 1:-2
[RMTFS] del_client 1:16533
[RMTFS] packet; from: 1:-2
[RMTFS] del_client 1:16534
[RMTFS] packet; from: 1:-2
[RMTFS] del_client 1:16535
[RMTFS] packet; from: 1:-2
[RMTFS] del_client 1:16536
[RMTFS] packet; from: 1:-2
[RMTFS] del_client 1:16537
[RMTFS] packet; from: 1:-2
[RMTFS] del_client 1:16538
[RMTFS] packet; from: 1:-2
[RMTFS] del_client 1:16539
[RMTFS] packet; from: 1:-2
[RMTFS] del_client 1:16540
[RMTFS] packet; from: 1:-2
[RMTFS] del_client 1:16541
[RMTFS] packet; from: 1:-2
[RMTFS] del_client 1:16542
[RMTFS] packet; from: 1:-2
[RMTFS] del_client 1:16543
[RMTFS] packet; from: 1:-2
[RMTFS] del_client 1:16544
[RMTFS] packet; from: 1:-2
[RMTFS] del_client 1:16545
[RMTFS] packet; from: 1:-2
[RMTFS] del_client 1:16546
[RMTFS] packet; from: 1:-2
[RMTFS] del_client 1:16547
[RMTFS] packet; from: 1:-2
[RMTFS] del_client 1:16548
[RMTFS] packet; from: 1:-2
[RMTFS] del_client 1:16549
[RMTFS] packet; from: 1:-2
[RMTFS] del_client 1:16550
[RMTFS] packet; from: 1:-2
[RMTFS] del_client 1:16551
[RMTFS] packet; from: 1:-2
[RMTFS] del_client 1:16552
[RMTFS] packet; from: 1:-2
[RMTFS] del_client 1:16553
[RMTFS] packet; from: 1:-2
[RMTFS] del_client 1:16554
[RMTFS] packet; from: 1:-2
[RMTFS] del_client 1:16555
[RMTFS] packet; from: 1:-2
[RMTFS] del_client 1:16556
[RMTFS] packet; from: 1:-2
[RMTFS] del_client 1:16557
[RMTFS] packet; from: 1:-2
[RMTFS] del_client 1:16558
[RMTFS] packet; from: 1:-2
[RMTFS] del_client 1:1655