=== boot_id ===
ca60b6b2-9f6d-4a73-bed2-fe3b1b15fe7f
=== DT top ===
#address-cells
#size-cells
__symbols__
aliases
chosen
compatible
cpus
ddr-regions
firmware
hypervisor
idle-states
interrupt-parent
memory
model
name
qcom,board-id
qcom,msm-id
reserved-memory
soc
sram@17D09400
=== DT cnss/wlan/wifi/wpss nodes ===
/proc/device-tree/soc/mhi_qrtr_cnss
/proc/device-tree/soc/qcom,cnss-qca6490@b0000000
=== cnss node props ===
C=/proc/device-tree/soc/qcom,cnss-qca6490@b0000000
drwxr-xr-x    2 root     root             0 Jan  4 17:42 .
drwxr-xr-x  559 root     root             0 Jan  4 14:24 ..
-r--r--r--    1 root     root             0 Jan  4 17:42 cnss-enable-self-recovery
-r--r--r--    1 root     root            18 Jan  4 17:42 compatible
-r--r--r--    1 root     root            29 Jan  4 17:42 interconnect-names
-r--r--r--    1 root     root            32 Jan  4 17:42 interconnects
-r--r--r--    1 root     root             8 Jan  4 17:42 mboxes
-r--r--r--    1 root     root            18 Jan  4 17:42 name
-r--r--r--    1 root     root             4 Jan  4 17:42 phandle
-r--r--r--    1 root     root             4 Jan  4 17:42 pinctrl-0
-r--r--r--    1 root     root             4 Jan  4 17:42 pinctrl-1
-r--r--r--    1 root     root            29 Jan  4 17:42 pinctrl-names
-r--r--r--    1 root     root            12 Jan  4 17:42 qcom,bt-en-gpio
-r--r--r--    1 root     root           144 Jan  4 17:42 qcom,bus-bw-cfg
-r--r--r--    1 root     root             4 Jan  4 17:42 qcom,bus-bw-cfg-count
-r--r--r--    1 root     root             4 Jan  4 17:42 qcom,icc-path-count
-r--r--r--    1 root     root             0 Jan  4 17:42 qcom,same-dt-multi-dev
-r--r--r--    1 root     root            12 Jan  4 17:42 qcom,sw-ctrl-gpio
-r--r--r--    1 root     root            20 Jan  4 17:42 qcom,vdd-wlan-aon-config
-r--r--r--    1 root     root            20 Jan  4 17:42 qcom,vdd-wlan-dig-config
-r--r--r--    1 root     root            20 Jan  4 17:42 qcom,vdd-wlan-io-config
-r--r--r--    1 root     root            20 Jan  4 17:42 qcom,vdd-wlan-rfa1-config
-r--r--r--    1 root     root            20 Jan  4 17:42 qcom,vdd-wlan-rfa2-config
-r--r--r--    1 root     root             4 Jan  4 17:42 qcom,vreg_ipa
-r--r--r--    1 root     root             0 Jan  4 17:42 qcom,wlan
-r--r--r--    1 root     root            20 Jan  4 17:42 qcom,wlan-ant-switch-config
-r--r--r--    1 root     root             0 Jan  4 17:42 qcom,wlan-cbc-enabled
-r--r--r--    1 root     root             4 Jan  4 17:42 qcom,wlan-ramdump-dynamic
-r--r--r--    1 root     root             4 Jan  4 17:42 qcom,wlan-rc-num
-r--r--r--    1 root     root            12 Jan  4 17:42 qcom,xo-clk-gpio
-r--r--r--    1 root     root             8 Jan  4 17:42 reg
-r--r--r--    1 root     root            14 Jan  4 17:42 reg-names
-r--r--r--    1 root     root             0 Jan  4 17:42 use-pm-domain
-r--r--r--    1 root     root             4 Jan  4 17:42 vdd-wlan-aon-supply
-r--r--r--    1 root     root             4 Jan  4 17:42 vdd-wlan-dig-supply
-r--r--r--    1 root     root             4 Jan  4 17:42 vdd-wlan-io-supply
-r--r--r--    1 root     root             4 Jan  4 17:42 vdd-wlan-rfa1-supply
-r--r--r--    1 root     root             4 Jan  4 17:42 vdd-wlan-rfa2-supply
-r--r--r--    1 root     root             4 Jan  4 17:42 wlan-ant-switch-supply
-r--r--r--    1 root     root            12 Jan  4 17:42 wlan-en-gpio
--- cnss-enable-self-recovery
--- compatible
--- interconnect-names
--- interconnects
--- mboxes
--- name
--- phandle
--- pinctrl-0
--- pinctrl-1
--- pinctrl-names
--- qcom,bt-en-gpio
--- qcom,bus-bw-cfg
--- qcom,bus-bw-cfg-count
--- qcom,icc-path-count
--- qcom,same-dt-multi-dev
--- qcom,sw-ctrl-gpio
--- qcom,vdd-wlan-aon-config
--- qcom,vdd-wlan-dig-config
--- qcom,vdd-wlan-io-config
--- qcom,vdd-wlan-rfa1-config
--- qcom,vdd-wlan-rfa2-config
--- qcom,vreg_ipa
--- qcom,wlan
--- qcom,wlan-ant-switch-config
--- qcom,wlan-cbc-enabled
--- qcom,wlan-ramdump-dynamic
--- qcom,wlan-rc-num
--- qcom,xo-clk-gpio
--- reg
--- reg-names
--- use-pm-domain
--- vdd-wlan-aon-supply
--- vdd-wlan-dig-supply
--- vdd-wlan-io-supply
--- vdd-wlan-rfa1-supply
--- vdd-wlan-rfa2-supply
--- wlan-ant-switch-supply
--- wlan-en-gpio
=== DT pcie nodes ===
/proc/device-tree/soc/qcom,pcie0_msi@0x17110040
/proc/device-tree/soc/qcom,pcie1_edma@40002000
/proc/device-tree/soc/qcom,pcie1_msi@17110040
/proc/device-tree/soc/qcom,pcie@1c00000
/proc/device-tree/soc/qcom,pcie@1c08000
/proc/device-tree/soc/qcom,pcie@40002000
=== platform devices wlan-ish ===
17110040.qcom,pcie1_msi
1c00000.qcom,pcie
3e00000.qcom,ipa
3e00000.qcom,ipa:ipa_smmu_11ad
3e00000.qcom,ipa:ipa_smmu_ap
3e00000.qcom,ipa:ipa_smmu_uc
3e00000.qcom,ipa:ipa_smmu_wlan
3e00000.qcom,ipa:qcom,smp2p_map_ipa_1_in
3e00000.qcom,ipa:qcom,smp2p_map_ipa_1_out
b0000000.qcom,cnss-qca6490
soc:mhi_qrtr_cnss
soc:qcom,rmnet-ipa
=== driver binding cnss/wlan ===
/sys/bus/platform/devices/b0000000.qcom,cnss-qca6490 driver=NONE
/sys/bus/platform/devices/soc:mhi_qrtr_cnss driver=NONE
/sys/bus/platform/devices/3e00000.qcom,ipa:ipa_smmu_wlan driver=../../../../../bus/platform/drivers/ipa
mhi_qrtr_cnss driver=NONE
=== deferred probe list ===
3da0000.kgsl-smmu	
soc:gpio_keys	
=== partitions ===
major minor  #blocks  name

   1        0       8192 ram0
   1        1       8192 ram1
   1        2       8192 ram2
   1        3       8192 ram3
   1        4       8192 ram4
   1        5       8192 ram5
   1        6       8192 ram6
   1        7       8192 ram7
   1        8       8192 ram8
   1        9       8192 ram9
   1       10       8192 ram10
   1       11       8192 ram11
   1       12       8192 ram12
   1       13       8192 ram13
   1       14       8192 ram14
   1       15       8192 ram15
   8        0  243539968 sda
   8        1          8 sda1
   8        2      32768 sda2
   8        3       1024 sda3
   8        4       1024 sda4
   8        5        512 sda5
   8        6        512 sda6
   8        7    9437184 sda7
   8        8         64 sda8
   8        9         64 sda9
   8       10      16384 sda10
   8       11     262144 sda11
   8       12  233788236 sda12
   8       16       8192 sdb
   8       17       3584 sdb1
   8       18        300 sdb2
   8       19         32 sdb3
   8       20         32 sdb4
   8       21        256 sdb5
   8       32       8192 sdc
   8       33       3584 sdc1
   8       34        300 sdc2
   8       35         32 sdc3
   8       36         32 sdc4
   8       37        256 sdc5
   8       48      32768 sdd
   8       49        104 sdd1
   8       50        128 sdd2
   8       51       1024 sdd3
   8       64    6291456 sde
   8       65       5120 sde1
   8       66        512 sde2
   8       67        512 sde3
   8       68       4096 sde4
   8       69       8192 sde5
   8       70     307200 sde6
   8       71       4096 sde7
   8       72       4096 sde8
   8       73      32768 sde9
   8       74       1024 sde10
   8       75      65536 sde11
   8       76        512 sde12
   8       77      98304 sde13
   8       78        128 sde14
   8       79         80 sde15
 259        0         64 sde16
 259        1      24576 sde17
 259        2       2048 sde18
 259        3       2048 sde19
 259        4        128 sde20
 259        5     268436 sde21
 259        6       1024 sde22
 259        7        128 sde23
 259        8      98304 sde24
 259        9      30720 sde25
 259       10        256 sde26
 259       11     102400 sde27
 259       12       2048 sde28
 259       13       5120 sde29
 259       14        512 sde30
 259       15        512 sde31
 259       16       4096 sde32
 259       17       8192 sde33
 259       18     307200 sde34
 259       19       4096 sde35
 259       20       4096 sde36
 259       21      32768 sde37
 259       22       1024 sde38
 259       23      65536 sde39
 259       24        512 sde40
 259       25      98304 sde41
 259       26        128 sde42
 259       27         80 sde43
 259       28         64 sde44
 259       29      24576 sde45
 259       30       2048 sde46
 259       31       2048 sde47
 259       32        128 sde48
 259       33     268436 sde49
 259       34       1024 sde50
 259       35        128 sde51
 259       36      98304 sde52
 259       37        256 sde53
 259       38     102400 sde54
 259       39       2048 sde55
 259       40          4 sde56
 259       41       1024 sde57
 259       42      33424 sde58
 259       43          4 sde59
 259       44          4 sde60
 259       45       1024 sde61
 259       46       8192 sde62
 259       47     524288 sde63
 259       48        128 sde64
 259       49        512 sde65
 259       50         28 sde66
 259       51      33424 sde67
 259       52      20480 sde68
 259       53        128 sde69
 259       54        128 sde70
 259       55      32768 sde71
 259       56        512 sde72
 259       57         64 sde73
 259       58        128 sde74
   8       80      32768 sdf
   8       81        104 sdf1
   8       82       3072 sdf2
   8       83       3072 sdf3
   8       84       3072 sdf4
   8       85        128 sdf5
=== PID1 root ===
avb
dev
first_stage_ramdisk
init
lib
nx679j
nx679j-journal
owrt
proc
root
sys
vendor
=== nx679j dir ===
relay
switch.sh
worker
=== lib/modules ramdisk root ===
5.10.66-android12-9-00005-gf6e6376090be-ab8060604
adsp_sleepmon.ko
altmode-glink.ko
arm_smmu.ko
atmel_mxt_ts.ko
aw9620x.ko
ax88179_178a.ko
bam_dma.ko
bcl_pmic5.ko
bcl_soc.ko
boot_stats.ko
bt_fm_slim.ko
btpower.ko
bwmon.ko
c1dcvs_scmi.ko
c1dcvs_vendor.ko
camcc-diwali.ko
camcc-waipio.ko
cdsp-loader.ko
cdsprm.ko
cfg80211.ko
charger-ulog-glink.ko
clk-dummy.ko
clk-qcom.ko
clk-rpmh.ko
cmd-db.ko
cnss2.ko
cnss_nl.ko
cnss_plat_ipc_qmi_svc.ko
cnss_prealloc.ko
cnss_utils.ko
core_hang_detect.ko
coresight-csr.ko
coresight-cti.ko
coresight-dummy.ko
coresight-funnel.ko
coresight-hwevent.ko
coresight-remote-etm.ko
coresight-replicator.ko
coresight-stm.ko
coresight-tgu.ko
coresight-tmc.ko
coresight-tpda.ko
coresight-tpdm.ko
coresight.ko
cpu_hotplug.ko
cpu_voltage_cooling.ko
cqhci.ko
crypto-qti-common.ko
crypto-qti-hwkm.ko
dcc_v2.ko
dcvs_fp.ko
ddr_cdev.ko
debug-regulator.ko
debugcc-diwali.ko
debugcc-waipio.ko
dispcc-diwali.ko
dispcc-waipio.ko
dwc3-msm.ko
ehset.ko
ep_pcie_drv.ko
eud.ko
f_fs_ipc_log.ko
fallback.order
fan_core.ko
fork_monitor_ctl.ko
frpc-adsprpc.ko
fsa4480-i2c.ko
gcc-diwali.ko
gcc-waipio.ko
gdsc-regulator.ko
gf_spi.ko
gh_arm_drv.ko
gh_ctrl.ko
gh_dbl.ko
gh_irq_lend.ko
gh_mem_notifier.ko
gh_msgq.ko
gh_rm_drv.ko
gh_virt_wdt.ko
gh_virtio_backend.ko
glink_pkt.ko
glink_probe.ko
goodix_core.ko
gpi.ko
gpio_keys_nubia.ko
gpucc-diwali.ko
gpucc-waipio.ko
gsim.ko
guestvm_loader.ko
haptic.ko
heap_mem_ext_v01.ko
hung_task_enh.ko
hvc_gunyah.ko
hwkm.ko
hwmon.ko
hyp_core_ctl.ko
i2c-msm-geni.ko
i3c-master-msm-geni.ko
icc-bcm-voter.ko
icc-debug.ko
icc-rpmh.ko
icc-test.ko
icnss2.ko
iommu-logger.ko
ipa_clientsm.ko
ipa_fmwk.ko
ipam.ko
ipanetm.ko
kryo_arm64_edac.ko
leds-aw22xxx.ko
leds-qpnp-vibrator-ldo.ko
leds-qti-flash.ko
leds-qti-tri-led.ko
llcc-qcom.ko
llcc_perfmon.ko
lt9611uxc.ko
lvstest.ko
lzo-rle.ko
lzo.ko
mac80211.ko
mdt_loader.ko
mem-hooks.ko
mem_buf.ko
mem_buf_dev.ko
memlat.ko
memory_dump_v2.ko
mhi.ko
mhi_cntrl_qcom.ko
mhi_dev_drv.ko
mhi_dev_dtr.ko
mhi_dev_net.ko
mhi_dev_netdev.ko
mhi_dev_uci.ko
microdump_collector.ko
minidump.ko
modules.alias
modules.blocklist
modules.dep
modules.load
modules.load.recovery
modules.softdep
msm-geni-se.ko
msm-mmrm.ko
msm_dma_iommu_mapping.ko
msm_drm.ko
msm_ext_display.ko
msm_geni_serial.ko
msm_kgsl.ko
msm_lmh_dcvs.ko
msm_memshare.ko
msm_performance.ko
msm_qmp.ko
msm_rng.ko
msm_sharedmem.ko
msm_show_epoch.ko
msm_show_resume_irq.ko
msm_sysstats.ko
nfc_i2c.ko
ns.ko
nubia_hw_version.ko
nubiafreezer.ko
nvmem_qcom-spmi-sdam.ko
nvmem_qfprom.ko
panel_event_notifier.ko
pci-edma.ko
pci-msm-drv.ko
pdr_interface.ko
phy-generic.ko
phy-msm-snps-eusb2.ko
phy-msm-snps-hs.ko
phy-msm-ssusb-qmp.ko
phy-qcom-emu.ko
phy-qcom-ufs-qmp-14nm.ko
phy-qcom-ufs-qmp-v3.ko
phy-qcom-ufs-qmp-v4-cape.ko
phy-qcom-ufs-qmp-v4-diwali.ko
phy-qcom-ufs-qmp-v4-lahaina.ko
phy-qcom-ufs-qmp-v4-waipio.ko
phy-qcom-ufs.ko
pinctrl-cape.ko
pinctrl-diwali.ko
pinctrl-msm.ko
pinctrl-spmi-gpio.ko
pinctrl-spmi-mpp.ko
pinctrl-waipio.ko
plh_scmi.ko
plh_vendor.ko
pm8941-pwrkey.ko
pmic-pon-log.ko
pmic_glink.ko
pmu_scmi.ko
pmu_vendor.ko
policy_engine.ko
proxy-consumer.ko
pwm-qti-lpg.ko
qbt_handler.ko
qce50.ko
qcedev-mod.ko
qcom-cpufreq-hw-debug.ko
qcom-cpufreq-hw.ko
qcom-dcvs.ko
qcom-dload-mode.ko
qcom-hv-haptics.ko
qcom-i2c-pmic.ko
qcom-pdc.ko
qcom-pmu-lib.ko
qcom-pon.ko
qcom-reboot-reason.ko
qcom-scm.ko
qcom-spmi-adc5.ko
qcom-spmi-pmic.ko
qcom-spmi-temp-alarm.ko
qcom-vadc-common.ko
qcom_aoss.ko
qcom_cpu_vendor_hooks.ko
qcom_cpuss_sleep_stats.ko
qcom_dma_heaps.ko
qcom_edac.ko
qcom_esoc.ko
qcom_gic_intr_routing.ko
qcom_glink.ko
qcom_glink_smem.ko
qcom_glink_spss.ko
qcom_hwspinlock.ko
qcom_iommu_debug.ko
qcom_iommu_util.ko
qcom_ipc_lite.ko
qcom_ipc_logging.ko
qcom_ipcc.ko
qcom_llcc_pmu.ko
qcom_logbuf_vendor_hooks.ko
qcom_lpm.ko
qcom_pil_info.ko
qcom_pm8008-regulator.ko
qcom_q6v5.ko
qcom_q6v5_pas.ko
qcom_ramdump.ko
qcom_rimps.ko
qcom_rpmh.ko
qcom_smd.ko
qcom_soc_wdt.ko
qcom_spss.ko
qcom_sync_file.ko
qcom_sysmon.ko
qcom_tsens.ko
qcom_wdt_core.ko
qdss_bridge.ko
qfprom-sys.ko
qmi_helpers.ko
qnoc-diwali.ko
qnoc-parrot.ko
qnoc-qos.ko
qnoc-waipio.ko
qpnp-amoled-regulator.ko
qpnp-pbs.ko
qrtr-gunyah.ko
qrtr-mhi.ko
qrtr-smd.ko
qrtr.ko
qsee_ipc_irq_bridge.ko
qseecom-mod.ko
qti-adc-tm.ko
qti-fixed-regulator.ko
qti-regmap-debugfs.ko
qti_amoled_ecm.ko
qti_battery_charger.ko
qti_battery_debug.ko
qti_cpufreq_cdev.ko
qti_devfreq_cdev.ko
qti_qmi_cdev.ko
qti_qmi_sensor_v2.ko
qti_userspace_cdev.ko
radio-i2c-rtc6226-qca.ko
rdbg.ko
reboot-mode.ko
regmap-spmi.ko
repeater-i2c-eusb2.ko
repeater.ko
rimps_log.ko
rmnet_aps.ko
rmnet_core.ko
rmnet_ctl.ko
rmnet_offload.ko
rmnet_perf.ko
rmnet_perf_tether.ko
rmnet_sch.ko
rmnet_shs.ko
rmnet_wlan.ko
rndisipam.ko
rpmh-regulator.ko
rproc_qcom_common.ko
rq_stats.ko
rtc-pm8xxx.ko
sched-walt.ko
sched_ctl.ko
sdhci-msm.ko
sdpm_clk.ko
sec_nfc.ko
secure_buffer.ko
sensors_sensitivity.ko
sensors_ssc.ko
sg.ko
slim-qcom-ngd-ctrl.ko
slimbus.ko
smcinvoke_mod.ko
smem.ko
smp2p.ko
smp2p_sleepstate.ko
snd-usb-audio-qmi.ko
soc_sleep_stats.ko
socinfo.ko
spcom.ko
spi-msm-geni.ko
spmi-glink-debug.ko
spmi-pmic-arb-debug.ko
spmi-pmic-arb.ko
sps_drv.ko
spss_utils.ko
ssusb-redriver-nb7vpq904m.ko
stk3x3x.ko
stm_console.ko
stm_core.ko
stm_ftrace.ko
stm_p_basic.ko
stm_p_ost.ko
stub-regulator.ko
subsystem_sleep_stats.ko
synx-driver.ko
sys_pm_vx.ko
sysmon_subsystem_stats.ko
thermal_pause.ko
tmecom-intf.ko
tz_log.ko
ucsi_glink.ko
ufs_qcom.ko
ufshcd-crypto-qti.ko
usb_bam.ko
usb_f_ccid.ko
usb_f_cdev.ko
usb_f_diag.ko
usb_f_gsi.ko
usb_f_qdss.ko
usb_switch_dp.ko
videocc-diwali.ko
videocc-waipio.ko
wlan_firmware_service.ko
zram.ko
zsmalloc.ko
altmode-glink.ko
clk-qcom.ko
crypto-qti-common.ko
crypto-qti-hwkm.ko
debug-regulator.ko
dwc3-msm.ko
eud.ko
fsa4480-i2c.ko
gdsc-regulator.ko
hwkm.ko
minidump.ko
ns.ko
nvmem_qcom-spmi-sdam.ko
nvmem_qfprom.ko
pdr_interface.ko
phy-generic.ko
phy-msm-snps-eusb2.ko
phy-msm-snps-hs.ko
phy-msm-ssusb-qmp.ko
phy-qcom-emu.ko
phy-qcom-ufs-qmp-14nm.ko
phy-qcom-ufs-qmp-v3.ko
phy-qcom-ufs-qmp-v4-cape.ko
phy-qcom-ufs-qmp-v4-diwali.ko
phy-qcom-ufs-qmp-v4-lahaina.ko
phy-qcom-ufs-qmp-v4-waipio.ko
phy-qcom-ufs.ko
pmic_glink.ko
proxy-consumer.ko
qcom-scm.ko
qcom_glink.ko
qcom_glink_smem.ko
qcom_glink_spss.ko
qcom_hwspinlock.ko
qcom_ipc_logging.ko
qcom_smd.ko
qmi_helpers.ko
qrtr.ko
qti-regmap-debugfs.ko
repeater.ko
=== where dvb/ko live ===
firmware_mnt
Data.msc
adsp.b00
adsp.b01
adsp.b02
adsp.b03
adsp.b04
adsp.b05
adsp.b06
adsp.b07
adsp.b08
adsp.b09
adsp.b10
adsp.b11
adsp.b12
adsp.b13
adsp.b14
adsp.b15
adsp.b16
adsp.b17
adsp.b18
adsp.b19
adsp.b20
adsp.b21
adsp.b22
adsp.b24
adsp.mdt
adspr.jsn
adspua.jsn
amss.bin
amss20.bin
=== rmnet counters ===
3
19
=== tools apk/opkg ===
/usr/bin/apk
arch
keys
repositories.d
world
=== fresh dmesg (filtered) ===
[10244.033030][  T120] sd 0:0:0:5: [sdf] Synchronizing SCSI cache
[11531.425041][  T120] sd 0:0:0:5: [sdf] Synchronizing SCSI cache
[12231.977042][  T120] sd 0:0:0:5: [sdf] Synchronizing SCSI cache
=== iomem wlan/ipa ===
=== INTERNET TEST (modem) ===
8.8.8.8 via 10.176.226.212 dev rmnet_data0  src 10.176.226.211 
PING 8.8.8.8 (8.8.8.8): 56 data bytes

--- 8.8.8.8 ping statistics ---
2 packets transmitted, 0 packets received, 100% packet loss
=== END ===
