IPC=gsi UPTIME=1520.71 11970.30
[    20.126495113/        0x2793cc45] msm_gsi_probe:5831 Num MSIs=2
[    20.445230426/        0x27f12d6b] gsi_map_base:1292 GSI base(0x0000000003e04000) mapped to ((____ptrval____)) with len (0xfc000)
[    20.445235218/        0x27f12dc7] gsihal_init:16 initializing GSI HAL, GSI ver 10, base = (____ptrval____)
[  1519.732680523/       0x6dbbd8bd5] gsi_register_device:1528 succeeded to register isr for 40
[  1519.732684898/       0x6dbbd8c29] gsi_register_device:1534 GSI irq is wake enabled 40
[  1519.732685210/       0x6dbbd8c2f] __gsi_allocate_msis:1388 gsi_ctx->dev = 18******************, gsi_ctx->msi.num = 2
[  1519.732730106/       0x6dbbd8f8d] __gsi_allocate_msis:1395 MSI allocating is succesful
[  1519.732730835/       0x6dbbd8f9b] __gsi_allocate_msis:1412 desc->irq =359
[  1519.732748075/       0x6dbbd90e6] __gsi_msi_write_msg:1350 saved msi 0 msg data 0 addr 0x00**************, MSI:0x17150040
[  1519.732760835/       0x6dbbd91db] __gsi_allocate_msis:1421 Requesting IRQ succesful
[  1519.732761304/       0x6dbbd91e4] __gsi_allocate_msis:1412 desc->irq =360
[  1519.732773595/       0x6dbbd92d0] __gsi_msi_write_msg:1350 saved msi 1 msg data 1 addr 0x00**************, MSI:0x17150040
[  1519.732782502/       0x6dbbd937b] __gsi_allocate_msis:1421 Requesting IRQ succesful
[  1519.732783700/       0x6dbbd9392] gsi_get_max_channels:1201 max channels 28
[  1519.732784481/       0x6dbbd93a1] gsi_get_max_event_rings:1241 max event rings 27
[  1519.732786304/       0x6dbbd93c3] __gsi_config_all_ieob_irq:174 current IEO_IRQ_MSK: 0xffffffff, change to: 0xffffffff
[  1519.732796460/       0x6dbbd9487] gsi_alloc_evt_ring:2189 Using 0 as virt evt id
[  1519.732796981/       0x6dbbd9491] gsi_alloc_evt_ring:2193 Using DDR to read event RP for virt evt id: 0
[  1519.733146252/       0x6dbbdaec4] gsi_handle_ev_ctrl:409 ev 1
[  1519.733151356/       0x6dbbdaf26] gsi_handle_ev_ctrl:426 evt 0 state updated to 1
[  1519.733167085/       0x6dbbdb053] gsi_program_evt_ring_ctx:1861 intf=2 intr=1 re=16
[  1519.733172866/       0x6dbbdb0c2] __gsi_config_ieob_irq_k:187 current IEO_IRQ_MSK: 0xffffffff, change to: 0xffffffff
[  1519.733279741/       0x6dbbdb8c6] gsi_alloc_evt_ring:2189 Using 1 as virt evt id
[  1519.733280106/       0x6dbbdb8cd] gsi_alloc_evt_ring:2193 Using DDR to read event RP for virt evt id: 1
[  1519.733679325/       0x6dbbdd6bf] gsi_handle_ev_ctrl:409 ev 2
[  1519.733683387/       0x6dbbdd70c] gsi_handle_ev_ctrl:426 evt 1 state updated to 1
[  1519.733698700/       0x6dbbdd832] gsi_program_evt_ring_ctx:1861 intf=2 intr=1 re=16
[  1519.733703595/       0x6dbbdd890] __gsi_config_ieob_irq_k:187 current IEO_IRQ_MSK: 0xffffffff, change to: 0xffffffff
[  1519.733752918/       0x6dbbddc43] gsi_handle_ch_ctrl:345 ch 1000
[  1519.733756408/       0x6dbbddc87] gsi_handle_ch_ctrl:362 ch 12 state updated to 1
[  1519.733774325/       0x6dbbdddde] gsi_start_channel:3396 GSI Channel Start, waiting for completion
[  1519.733805158/       0x6dbbde02f] gsi_handle_ch_ctrl:345 ch 1000
[  1519.733807658/       0x6dbbde05f] gsi_handle_ch_ctrl:362 ch 12 state updated to 2
[  1519.733818543/       0x6dbbde12f] gsi_start_channel:3413 GSI Channel=12 Start success
[  1519.735382033/       0x6dbbe5672] gsi_alloc_evt_ring:2189 Using 2 as virt evt id
[  1519.735382450/       0x6dbbe567a] gsi_alloc_evt_ring:2193 Using DDR to read event RP for virt evt id: 2
[  1519.735773595/       0x6dbbe73d0] gsi_handle_ev_ctrl:409 ev 4
[  1519.735777502/       0x6dbbe741b] gsi_handle_ev_ctrl:426 evt 2 state updated to 1
[  1519.735792658/       0x6dbbe753e] gsi_program_evt_ring_ctx:1861 intf=2 intr=1 re=16
[  1519.735797710/       0x6dbbe759f] __gsi_config_ieob_irq_k:187 current IEO_IRQ_MSK: 0xffffffff, change to: 0xffffffff
[  1519.735848439/       0x6dbbe796e] gsi_handle_ch_ctrl:345 ch 2000
[  1519.735851564/       0x6dbbe79aa] gsi_handle_ch_ctrl:362 ch 13 state updated to 1
[  1519.735984585/       0x6dbbe83a3] gsi_start_channel:3396 GSI Channel Start, waiting for completion
[  1519.736373960/       0x6dbbea0d8] gsi_handle_ch_ctrl:345 ch 2000
[  1519.736379012/       0x6dbbea139] gsi_handle_ch_ctrl:362 ch 13 state updated to 2
[  1519.736395210/       0x6dbbea26f] gsi_start_channel:3413 GSI Channel=13 Start success
[  1519.736928283/       0x6dbbeca6b] gsi_handle_ch_ctrl:345 ch 80000
[  1519.736933075/       0x6dbbecac7] gsi_handle_ch_ctrl:362 ch 19 state updated to 1
[  1519.736954793/       0x6dbbecc67] gsi_start_channel:3396 GSI Channel Start, waiting for completion
[  1519.736967814/       0x6dbbecd62] gsi_handle_ch_ctrl:345 ch 80000
[  1519.736970262/       0x6dbbecd90] gsi_handle_ch_ctrl:362 ch 19 state updated to 2
[  1519.736980783/       0x6dbbece5a] gsi_start_channel:3413 GSI Channel=19 Start success
[  1519.737618648/       0x6dbbefe31] gsi_query_device_msi_addr:5561 Device MSI Addr: 0x17150040
[  1519.738990054/       0x6dbbf650d] __gsi_config_ieob_irq_k:187 current IEO_IRQ_MSK: 0xffffffff, change to: 0xfffffffb
[  1519.738992658/       0x6dbbf653f] gsi_config_channel_mode:4508 set gsi_ctx evtr_id 2 to 1 mode
[  1519.739038283/       0x6dbbf68ab] __gsi_config_ieob_irq_k:187 current IEO_IRQ_MSK: 0xfffffffb, change to: 0xffffffff
[  1519.739040523/       0x6dbbf68d6] gsi_config_channel_mode:4537 set gsi_ctx evtr_id 2 to 0 mode
[  1519.836878179/       0x6dbdc12a8] gsi_stop_channel:3565 GSI Channel Stop, waiting for completion: 0x1
[  1519.837230835/       0x6dbdc2d1b] gsi_handle_ch_ctrl:345 ch 2000
[  1519.837236044/       0x6dbdc2d7f] gsi_handle_ch_ctrl:362 ch 13 state updated to 3
[  1519.838076304/       0x6dbdc6c84] __gsi_config_ieob_irq_k:187 current IEO_IRQ_MSK: 0xffffffff, change to: 0xfffffffb
[  1519.838077554/       0x6dbdc6c9c] gsi_config_channel_mode:4508 set gsi_ctx evtr_id 2 to 1 mode
[  1519.838079064/       0x6dbdc6cb9] gsi_is_channel_empty:4039 ch=13 ev=2 RP=0x20032010 WP=0x20032ff0 RP_LOCAL=0x20032010
[  1519.838084325/       0x6dbdc6d1e] gsi_stop_channel:3565 GSI Channel Stop, waiting for completion: 0x1
[  1519.838515158/       0x6dbdc8d6f] gsi_handle_ch_ctrl:345 ch 80000
[  1519.838524533/       0x6dbdc8e23] gsi_handle_ch_ctrl:362 ch 19 state updated to 3
IPC=gsi UPTIME=1521.72 11975.33
IPC=gsi UPTIME=1522.72 11979.74
[  1521.752247664/       0x6de0d375e] gsi_start_channel:3396 GSI Channel Start, waiting for completion
[  1521.752301883/       0x6de0d3b6f] gsi_handle_ch_ctrl:345 ch 2000
[  1521.752306622/       0x6de0d3bcb] gsi_handle_ch_ctrl:362 ch 13 state updated to 2
[  1521.752319175/       0x6de0d3cbb] gsi_start_channel:3413 GSI Channel=13 Start success
[  1521.752322977/       0x6de0d3d04] __gsi_config_ieob_irq_k:187 current IEO_IRQ_MSK: 0xfffffffb, change to: 0xffffffff
[  1521.752323706/       0x6de0d3d12] gsi_config_channel_mode:4537 set gsi_ctx evtr_id 2 to 0 mode
[  1521.752325789/       0x6de0d3d3a] gsi_start_channel:3396 GSI Channel Start, waiting for completion
[  1521.752357404/       0x6de0d3f99] gsi_handle_ch_ctrl:345 ch 80000
[  1521.752360112/       0x6de0d3fcd] gsi_handle_ch_ctrl:362 ch 19 state updated to 2
[  1521.752371675/       0x6de0d40ab] gsi_start_channel:3413 GSI Channel=19 Start success
[  1521.752548237/       0x6de0d4de9] gsi_alloc_evt_ring:2189 Using 3 as virt evt id
[  1521.752548966/       0x6de0d4df7] gsi_alloc_evt_ring:2193 Using DDR to read event RP for virt evt id: 3
[  1521.752869591/       0x6de0d6604] gsi_handle_ev_ctrl:409 ev 8
[  1521.752874070/       0x6de0d665a] gsi_handle_ev_ctrl:426 evt 3 state updated to 1
[  1521.752896258/       0x6de0d6803] gsi_program_evt_ring_ctx:1861 intf=2 intr=1 re=16
[  1521.752901883/       0x6de0d686f] __gsi_config_ieob_irq_k:187 current IEO_IRQ_MSK: 0xffffffff, change to: 0xffffffff
[  1521.752951883/       0x6de0d6c30] gsi_handle_ch_ctrl:345 ch 2
[  1521.752955112/       0x6de0d6c6e] gsi_handle_ch_ctrl:362 ch 1 state updated to 1
[  1521.754006050/       0x6de0dbb3f] gsi_start_channel:3396 GSI Channel Start, waiting for completion
[  1521.754511362/       0x6de0de125] gsi_handle_ch_ctrl:345 ch 2
[  1521.754520893/       0x6de0de1dd] gsi_handle_ch_ctrl:362 ch 1 state updated to 2
[  1521.754548289/       0x6de0de3ea] gsi_start_channel:3413 GSI Channel=1 Start success
[  1521.754557664/       0x6de0de49e] gsi_stop_channel:3565 GSI Channel Stop, waiting for completion: 0x1
[  1521.754614800/       0x6de0de8e8] gsi_handle_ch_ctrl:345 ch 2
[  1521.754617872/       0x6de0de924] gsi_handle_ch_ctrl:362 ch 1 state updated to 3
[  1521.754634800/       0x6de0dea67] gsi_stop_channel:3565 GSI Channel Stop, waiting for completion: 0x1
[  1521.754669175/       0x6de0decfc] gsi_handle_ch_ctrl:345 ch 2000
[  1521.754671622/       0x6de0ded2b] gsi_handle_ch_ctrl:362 ch 13 state updated to 3
[  1521.754685008/       0x6de0dee2b] __gsi_config_ieob_irq_k:187 current IEO_IRQ_MSK: 0xffffffff, change to: 0xfffffffb
[  1521.754685633/       0x6de0dee37] gsi_config_channel_mode:4508 set gsi_ctx evtr_id 2 to 1 mode
[  1521.754687508/       0x6de0dee5b] gsi_is_channel_empty:4039 ch=13 ev=2 RP=0x20032010 WP=0x20032ff0 RP_LOCAL=0x20032010
[  1521.754690945/       0x6de0dee9d] gsi_stop_channel:3565 GSI Channel Stop, waiting for completion: 0x1
[  1521.754717716/       0x6de0df0a0] gsi_handle_ch_ctrl:345 ch 80000
[  1521.754720112/       0x6de0df0cd] gsi_handle_ch_ctrl:362 ch 19 state updated to 3
[  1521.755644800/       0x6de0e3627] gsi_start_channel:3396 GSI Channel Start, waiting for completion
[  1521.755678706/       0x6de0e38b2] gsi_handle_ch_ctrl:345 ch 2
[  1521.755682195/       0x6de0e38f5] gsi_handle_ch_ctrl:362 ch 1 state updated to 2
[  1521.755693393/       0x6de0e39cd] gsi_start_channel:3413 GSI Channel=1 Start success
[  1521.755695164/       0x6de0e39ee] gsi_start_channel:3396 GSI Channel Start, waiting for completion
[  1521.755727247/       0x6de0e3c57] gsi_handle_ch_ctrl:345 ch 2000
[  1521.755729852/       0x6de0e3c88] gsi_handle_ch_ctrl:362 ch 13 state updated to 2
[  1521.755740581/       0x6de0e3d56] gsi_start_channel:3413 GSI Channel=13 Start success
[  1521.755742768/       0x6de0e3d80] __gsi_config_ieob_irq_k:187 current IEO_IRQ_MSK: 0xfffffffb, change to: 0xffffffff
[  1521.755743133/       0x6de0e3d87] gsi_config_channel_mode:4537 set gsi_ctx evtr_id 2 to 0 mode
[  1521.755744539/       0x6de0e3da2] gsi_start_channel:3396 GSI Channel Start, waiting for completion
[  1521.755774331/       0x6de0e3fde] gsi_handle_ch_ctrl:345 ch 80000
[  1521.755776779/       0x6de0e400d] gsi_handle_ch_ctrl:362 ch 19 state updated to 2
[  1521.755787247/       0x6de0e40d6] gsi_start_channel:3413 GSI Channel=19 Start success
[  1521.755966518/       0x6de0e4e48] gsi_alloc_evt_ring:2189 Using 4 as virt evt id
[  1521.755966935/       0x6de0e4e50] gsi_alloc_evt_ring:2193 Using DDR to read event RP for virt evt id: 4
[  1521.755967872/       0x6de0e4e62] __gsi_pair_msi:2137 props->intvec = 0, props->msi_addr = 387252288
[  1521.755968654/       0x6de0e4e71] gsi_alloc_evt_ring:2225 evt_id=4 pair MSI succesful
[  1521.756346050/       0x6de0e6ac0] gsi_handle_ev_ctrl:409 ev 10
[  1521.756350945/       0x6de0e6b1d] gsi_handle_ev_ctrl:426 evt 4 state updated to 1
[  1521.756366570/       0x6de0e6c49] gsi_program_evt_ring_ctx:1861 intf=2 intr=0 re=16
[  1521.756371779/       0x6de0e6cad] __gsi_config_ieob_irq_k:187 current IEO_IRQ_MSK: 0xffffffff, change to: 0xffffffff
[  1521.756423550/       0x6de0e7090] gsi_handle_ch_ctrl:345 ch 400
[  1521.756426727/       0x6de0e70cd] gsi_handle_ch_ctrl:362 ch 10 state updated to 1
[  1521.756576987/       0x6de0e7c11] gsi_start_channel:3396 GSI Channel Start, waiting for completion
[  1521.756998654/       0x6de0e9bb1] gsi_handle_ch_ctrl:345 ch 400
[  1521.757002612/       0x6de0e9bfe] gsi_handle_ch_ctrl:362 ch 10 state updated to 2
[  1521.757024800/       0x6de0e9da7] gsi_start_channel:3413 GSI Channel=10 Start success
[  1521.757030477/       0x6de0e9e14] gsi_stop_channel:3565 GSI Channel Stop, waiting for completion: 0x1
[  1521.757038602/       0x6de0e9eb1] gsi_handle_ch_ctrl:345 ch 2
[  1521.757041206/       0x6de0e9ee3] gsi_handle_ch_ctrl:362 ch 1 state updated to 3
[  1521.757056206/       0x6de0ea002] gsi_stop_channel:3565 GSI Channel Stop, waiting for completion: 0x1
[  1521.757063914/       0x6de0ea097] gsi_handle_ch_ctrl:345 ch 2000
[  1521.757066050/       0x6de0ea0bf] gsi_handle_ch_ctrl:362 ch 13 state updated to 3
[  1521.757077820/       0x6de0ea1a1] __gsi_config_ieob_irq_k:187 current IEO_IRQ_MSK: 0xffffffff, change to: 0xfffffffb
[  1521.757078341/       0x6de0ea1ab] gsi_config_channel_mode:4508 set gsi_ctx evtr_id 2 to 1 mode
[  1521.757079383/       0x6de0ea1bf] gsi_is_channel_empty:4039 ch=13 ev=2 RP=0x20032010 WP=0x20032ff0 RP_LOCAL=0x20032010
[  1521.757082195/       0x6de0ea1f5] gsi_stop_channel:3565 GSI Channel Stop, waiting for completion: 0x1
[  1521.757088497/       0x6de0ea26f] gsi_handle_ch_ctrl:345 ch 400
[  1521.757090581/       0x6de0ea297] gsi_handle_ch_ctrl:362 ch 10 state updated to 3
[  1521.757102143/       0x6de0ea374] gsi_config_channel_mode:4508 set gsi_ctx evtr_id 4 to 1 mode
[  1521.757102925/       0x6de0ea383] gsi_is_channel_empty:4039 ch=10 ev=4 RP=0x216e8000 WP=0x216e8ff0 RP_LOCAL=0x216e8000
[  1521.757105893/       0x6de0ea3bc] gsi_stop_channel:3565 GSI Channel Stop, waiting for completion: 0x1
[  1521.757112091/       0x6de0ea433] gsi_handle_ch_ctrl:345 ch 80000
[  1521.757114175/       0x6de0ea45b] gsi_handle_ch_ctrl:362 ch 19 state updated to 3
[  1521.757361883/       0x6de0eb6ef] gsi_start_channel:3396 GSI Channel Start, waiting for completion
[  1521.757369956/       0x6de0eb78b] gsi_handle_ch_ctrl:345 ch 2
[  1521.757372143/       0x6de0eb7b4] gsi_handle_ch_ctrl:362 ch 1 state updated to 2
[  1521.757381831/       0x6de0eb86e] gsi_start_channel:3413 GSI Channel=1 Start success
[  1521.757383497/       0x6de0eb88e] gsi_start_channel:3396 GSI Channel Start, waiting for completion
[  1521.757392508/       0x6de0eb93c] gsi_handle_ch_ctrl:345 ch 2000
[  1521.757394591/       0x6de0eb964] gsi_handle_ch_ctrl:362 ch 13 state updated to 2
[  1521.757404227/       0x6de0eba1c] gsi_start_channel:3413 GSI Channel=13 Start success
[  1521.757405997/       0x6de0eba3e] __gsi_config_ieob_irq_k:187 current IEO_IRQ_MSK: 0xfffffffb, change to: 0xffffffff
[  1521.757406414/       0x6de0eba45] gsi_config_channel_mode:4537 set gsi_ctx evtr_id 2 to 0 mode
[  1521.757407820/       0x6de0eba61] gsi_start_channel:3396 GSI Channel Start, waiting for completion
[  1521.757414175/       0x6de0ebadb] gsi_handle_ch_ctrl:345 ch 400
[  1521.757416258/       0x6de0ebb04] gsi_handle_ch_ctrl:362 ch 10 state updated to 2
[  1521.757425997/       0x6de0ebbbe] gsi_start_channel:3413 GSI Channel=10 Start success
[  1521.757427456/       0x6de0ebbda] gsi_config_channel_mode:4537 set gsi_ctx evtr_id 4 to 0 mode
[  1521.757428758/       0x6de0ebbf3] gsi_start_channel:3396 GSI Channel Start, waiting for completion
[  1521.757435893/       0x6de0ebc7c] gsi_handle_ch_ctrl:345 ch 80000
[  1521.757437977/       0x6de0ebca4] gsi_handle_ch_ctrl:362 ch 19 state updated to 2
[  1521.757447560/       0x6de0ebd5c] gsi_start_channel:3413 GSI Channel=19 Start success
[  1521.758572456/       0x6de0f11bb] __gsi_config_ieob_irq_k:187 current IEO_IRQ_MSK: 0xffffffff, change to: 0xfffffffb
[  1521.758574487/       0x6de0f11e1] gsi_config_channel_mode:4508 set gsi_ctx evtr_id 2 to 1 mode
[  1521.758684435/       0x6de0f1a21] __gsi_config_ieob_irq_k:187 current IEO_IRQ_MSK: 0xfffffffb, change to: 0xffffffff
[  1521.758686154/       0x6de0f1a42] gsi_config_channel_mode:4537 set gsi_ctx evtr_id 2 to 0 mode
[  1521.858645112/       0x6de2c632e] __gsi_config_ieob_irq_k:187 current IEO_IRQ_MSK: 0xffffffff, change to: 0xfffffffb
[  1521.858647821/       0x6de2c6362] gsi_config_channel_mode:4508 set gsi_ctx evtr_id 2 to 1 mode
[  1521.858728237/       0x6de2c696a] __gsi_config_ieob_irq_k:187 current IEO_IRQ_MSK: 0xfffffffb, change to: 0xffffffff
[  1521.858729904/       0x6de2c6989] gsi_config_channel_mode:4537 set gsi_ctx evtr_id 2 to 0 mode
[  1521.957341883/       0x6de494d6f] gsi_stop_channel:3565 GSI Channel Stop, waiting for completion: 0x1
[  1521.957744592/       0x6de496ba4] gsi_handle_ch_ctrl:345 ch 2
[  1521.957749644/       0x6de496c05] gsi_handle_ch_ctrl:362 ch 1 state updated to 3
[  1521.958139592/       0x6de498943] gsi_stop_channel:3565 GSI Channel Stop, waiting for completion: 0x1
[  1521.958607144/       0x6de49ac55] gsi_handle_ch_ctrl:345 ch 2000
[  1521.958611936/       0x6de49acb1] gsi_handle_ch_ctrl:362 ch 13 state updated to 3
[  1521.958966675/       0x6de49c74b] __gsi_config_ieob_irq_k:187 current IEO_IRQ_MSK: 0xffffffff, change to: 0xfffffffb
[  1521.958967821/       0x6de49c761] gsi_config_channel_mode:4508 set gsi_ctx evtr_id 2 to 1 mode
[  1521.958969279/       0x6de49c77d] gsi_is_channel_empty:4039 ch=13 ev=2 RP=0x20032030 WP=0x20032010 RP_LOCAL=0x20032030
[  1521.958974904/       0x6de49c7e9] gsi_stop_channel:3565 GSI Channel Stop, waiting for completion: 0x1
[  1521.959430321/       0x6de49ea12] gsi_handle_ch_ctrl:345 ch 400
[  1521.959439227/       0x6de49eabc] gsi_handle_ch_ctrl:362 ch 10 state updated to 3
[  1521.959837300/       0x6de4a0896] gsi_config_channel_mode:4508 set gsi_ctx evtr_id 4 to 1 mode
[  1521.959839696/       0x6de4a08c5] gsi_is_channel_empty:4039 ch=10 ev=4 RP=0x216e8000 WP=0x216e8ff0 RP_LOCAL=0x216e8000
[  1521.959845790/       0x6de4a093a] gsi_stop_channel:3565 GSI Channel Stop, waiting for completion: 0x1
[  1521.960299019/       0x6de4a2b38] gsi_handle_ch_ctrl:345 ch 80000
[  1521.960308029/       0x6de4a2be6] gsi_handle_ch_ctrl:362 ch 19 state updated to 3
IPC=gsi UPTIME=1585.79 12295.02
IPC=gsi UPTIME=1586.80 12298.25
IPC=gsi UPTIME=1587.81 12303.10
[  1586.942469998/       0x728a7ea07] gsi_start_channel:3396 GSI Channel Start, waiting for completion
[  1586.942504321/       0x728a7ec9b] gsi_handle_ch_ctrl:345 ch 2
[  1586.942509061/       0x728a7ecf5] gsi_handle_ch_ctrl:362 ch 1 state updated to 2
[  1586.942520155/       0x728a7edca] gsi_start_channel:3413 GSI Channel=1 Start success
[  1586.942522707/       0x728a7edfb] gsi_start_channel:3396 GSI Channel Start, waiting for completion
[  1586.942554738/       0x728a7f062] gsi_handle_ch_ctrl:345 ch 2000
[  1586.942557186/       0x728a7f092] gsi_handle_ch_ctrl:362 ch 13 state updated to 2
[  1586.942568176/       0x728a7f163] gsi_start_channel:3413 GSI Channel=13 Start success
[  1586.942571040/       0x728a7f19b] __gsi_config_ieob_irq_k:187 current IEO_IRQ_MSK: 0xfffffffb, change to: 0xffffffff
[  1586.942571665/       0x728a7f1a7] gsi_config_channel_mode:4537 set gsi_ctx evtr_id 2 to 0 mode
[  1586.942573436/       0x728a7f1c9] gsi_start_channel:3396 GSI Channel Start, waiting for completion
[  1586.942601717/       0x728a7f3e9] gsi_handle_ch_ctrl:345 ch 400
[  1586.942604113/       0x728a7f417] gsi_handle_ch_ctrl:362 ch 10 state updated to 2
[  1586.942614686/       0x728a7f4e1] gsi_start_channel:3413 GSI Channel=10 Start success
[  1586.942616561/       0x728a7f505] gsi_config_channel_mode:4537 set gsi_ctx evtr_id 4 to 0 mode
[  1586.942618592/       0x728a7f52c] gsi_start_channel:3396 GSI Channel Start, waiting for completion
[  1586.942648488/       0x728a7f76a] gsi_handle_ch_ctrl:345 ch 80000
[  1586.942650936/       0x728a7f799] gsi_handle_ch_ctrl:362 ch 19 state updated to 2
[  1586.942661248/       0x728a7f85f] gsi_start_channel:3413 GSI Channel=19 Start success
[  1586.942835623/       0x728a80573] gsi_alloc_evt_ring:2189 Using 5 as virt evt id
[  1586.942836353/       0x728a80581] gsi_alloc_evt_ring:2193 Using DDR to read event RP for virt evt id: 5
[  1586.943199478/       0x728a820be] gsi_handle_ev_ctrl:409 ev 20
[  1586.943204426/       0x728a8211d] gsi_handle_ev_ctrl:426 evt 5 state updated to 1
[  1586.943219894/       0x728a82245] gsi_program_evt_ring_ctx:1861 intf=2 intr=1 re=16
[  1586.943225676/       0x728a822b4] __gsi_config_ieob_irq_k:187 current IEO_IRQ_MSK: 0xffffffff, change to: 0xffffffff
[  1586.943273488/       0x728a8264a] gsi_handle_ch_ctrl:345 ch 800
[  1586.943276717/       0x728a82689] gsi_handle_ch_ctrl:362 ch 11 state updated to 1
[  1586.943295519/       0x728a827f1] gsi_start_channel:3396 GSI Channel Start, waiting for completion
[  1586.943324998/       0x728a82a28] gsi_handle_ch_ctrl:345 ch 800
[  1586.943327498/       0x728a82a58] gsi_handle_ch_ctrl:362 ch 11 state updated to 2
[  1586.943338176/       0x728a82b24] gsi_start_channel:3413 GSI Channel=11 Start success
[  1586.943344009/       0x728a82b94] gsi_stop_channel:3565 GSI Channel Stop, waiting for completion: 0x1
[  1586.943372446/       0x728a82db6] gsi_handle_ch_ctrl:345 ch 2
[  1586.943374686/       0x728a82de2] gsi_handle_ch_ctrl:362 ch 1 state updated to 3
[  1586.943388696/       0x728a82eee] gsi_stop_channel:3565 GSI Channel Stop, waiting for completion: 0x1
[  1586.943419009/       0x728a83135] gsi_handle_ch_ctrl:345 ch 2000
[  1586.943421301/       0x728a83161] gsi_handle_ch_ctrl:362 ch 13 state updated to 3
[  1586.943433696/       0x728a8324e] __gsi_config_ieob_irq_k:187 current IEO_IRQ_MSK: 0xffffffff, change to: 0xfffffffb
[  1586.943434269/       0x728a83259] gsi_config_channel_mode:4508 set gsi_ctx evtr_id 2 to 1 mode
[  1586.943435519/       0x728a83271] gsi_is_channel_empty:4039 ch=13 ev=2 RP=0x20032030 WP=0x20032010 RP_LOCAL=0x20032030
[  1586.943438644/       0x728a832ad] gsi_stop_channel:3565 GSI Channel Stop, waiting for completion: 0x1
[  1586.943464530/       0x728a8349f] gsi_handle_ch_ctrl:345 ch 400
[  1586.943466821/       0x728a834cb] gsi_handle_ch_ctrl:362 ch 10 state updated to 3
[  1586.943479061/       0x728a835b5] gsi_config_channel_mode:4508 set gsi_ctx evtr_id 4 to 1 mode
[  1586.943480051/       0x728a835c8] gsi_is_channel_empty:4039 ch=10 ev=4 RP=0x216e8000 WP=0x216e8ff0 RP_LOCAL=0x216e8000
[  1586.943482811/       0x728a835fd] gsi_stop_channel:3565 GSI Channel Stop, waiting for completion: 0x1
[  1586.943510415/       0x728a83810] gsi_handle_ch_ctrl:345 ch 80000
[  1586.943512811/       0x728a8383d] gsi_handle_ch_ctrl:362 ch 19 state updated to 3
[  1586.943526353/       0x728a83941] gsi_stop_channel:3565 GSI Channel Stop, waiting for completion: 0x1
[  1586.943556353/       0x728a83b82] gsi_handle_ch_ctrl:345 ch 800
[  1586.943558540/       0x728a83bac] gsi_handle_ch_ctrl:362 ch 11 state updated to 3
[  1586.944392759/       0x728a87a3c] gsi_start_channel:3396 GSI Channel Start, waiting for completion
[  1586.944428488/       0x728a87ceb] gsi_handle_ch_ctrl:345 ch 2
[  1586.944431926/       0x728a87d2c] gsi_handle_ch_ctrl:362 ch 1 state updated to 2
[  1586.944442655/       0x728a87dfa] gsi_start_channel:3413 GSI Channel=1 Start success
[  1586.944444478/       0x728a87e1d] gsi_start_channel:3396 GSI Channel Start, waiting for completion
[  1586.944476821/       0x728a8808a] gsi_handle_ch_ctrl:345 ch 2000
[  1586.944479113/       0x728a880b7] gsi_handle_ch_ctrl:362 ch 13 state updated to 2
[  1586.944489738/       0x728a88182] gsi_start_channel:3413 GSI Channel=13 Start success
[  1586.944491405/       0x728a881a3] __gsi_config_ieob_irq_k:187 current IEO_IRQ_MSK: 0xfffffffb, change to: 0xffffffff
[  1586.944491821/       0x728a881aa] gsi_config_channel_mode:4537 set gsi_ctx evtr_id 2 to 0 mode
[  1586.944493123/       0x728a881c3] gsi_start_channel:3396 GSI Channel Start, waiting for completion
[  1586.944522863/       0x728a883ff] gsi_handle_ch_ctrl:345 ch 400
[  1586.944525207/       0x728a8842c] gsi_handle_ch_ctrl:362 ch 10 state updated to 2
[  1586.944535311/       0x728a884ed] gsi_start_channel:3413 GSI Channel=10 Start success
[  1586.944536665/       0x728a88507] gsi_config_channel_mode:4537 set gsi_ctx evtr_id 4 to 0 mode
[  1586.944538019/       0x728a88521] gsi_start_channel:3396 GSI Channel Start, waiting for completion
[  1586.944568905/       0x728a88772] gsi_handle_ch_ctrl:345 ch 80000
[  1586.944571353/       0x728a887a1] gsi_handle_ch_ctrl:362 ch 19 state updated to 2
[  1586.944581821/       0x728a8886a] gsi_start_channel:3413 GSI Channel=19 Start success
[  1586.944583540/       0x728a8888b] gsi_start_channel:3396 GSI Channel Start, waiting for completion
[  1586.944614634/       0x728a88ae0] gsi_handle_ch_ctrl:345 ch 800
[  1586.944616926/       0x728a88b0d] gsi_handle_ch_ctrl:362 ch 11 state updated to 2
[  1586.944626978/       0x728a88bcd] gsi_start_channel:3413 GSI Channel=11 Start success
[  1586.944725311/       0x728a8932d] gsi_alloc_evt_ring:2189 Using 6 as virt evt id
[  1586.944725832/       0x728a89337] gsi_alloc_evt_ring:2193 Using DDR to read event RP for virt evt id: 6
[  1586.945139790/       0x728a8b244] gsi_handle_ev_ctrl:409 ev 40
[  1586.945143801/       0x728a8b290] gsi_handle_ev_ctrl:426 evt 6 state updated to 1
[  1586.945159373/       0x728a8b3bb] gsi_program_evt_ring_ctx:1861 intf=2 intr=1 re=16
[  1586.945164373/       0x728a8b41b] __gsi_config_ieob_irq_k:187 current IEO_IRQ_MSK: 0xffffffff, change to: 0xffffffff
[  1586.945212967/       0x728a8b7c1] gsi_handle_ch_ctrl:345 ch 200
[  1586.945216144/       0x728a8b7fd] gsi_handle_ch_ctrl:362 ch 9 state updated to 1
[  1586.945234998/       0x728a8b967] gsi_start_channel:3396 GSI Channel Start, waiting for completion
[  1586.945264165/       0x728a8bb97] gsi_handle_ch_ctrl:345 ch 200
[  1586.945266665/       0x728a8bbc7] gsi_handle_ch_ctrl:362 ch 9 state updated to 2
[  1586.945277186/       0x728a8bc91] gsi_start_channel:3413 GSI Channel=9 Start success
[  1586.945281613/       0x728a8bce5] gsi_stop_channel:3565 GSI Channel Stop, waiting for completion: 0x1
[  1586.945311353/       0x728a8bf22] gsi_handle_ch_ctrl:345 ch 2
[  1586.945313696/       0x728a8bf4f] gsi_handle_ch_ctrl:362 ch 1 state updated to 3
[  1586.945327134/       0x728a8c050] gsi_stop_channel:3565 GSI Channel Stop, waiting for completion: 0x1
[  1586.945358644/       0x728a8c2ad] gsi_handle_ch_ctrl:345 ch 2000
[  1586.945361040/       0x728a8c2db] gsi_handle_ch_ctrl:362 ch 13 state updated to 3
[  1586.945373332/       0x728a8c3c7] __gsi_config_ieob_irq_k:187 current IEO_IRQ_MSK: 0xffffffff, change to: 0xfffffffb
[  1586.945373853/       0x728a8c3d1] gsi_config_channel_mode:4508 set gsi_ctx evtr_id 2 to 1 mode
[  1586.945374530/       0x728a8c3de] gsi_is_channel_empty:4039 ch=13 ev=2 RP=0x20032030 WP=0x20032010 RP_LOCAL=0x20032030
[  1586.945377186/       0x728a8c411] gsi_stop_channel:3565 GSI Channel Stop, waiting for completion: 0x1
[  1586.945405103/       0x728a8c629] gsi_handle_ch_ctrl:345 ch 400
[  1586.945407394/       0x728a8c656] gsi_handle_ch_ctrl:362 ch 10 state updated to 3
[  1586.945419634/       0x728a8c740] gsi_config_channel_mode:4508 set gsi_ctx evtr_id 4 to 1 mode
[  1586.945420311/       0x728a8c74d] gsi_is_channel_empty:4039 ch=10 ev=4 RP=0x216e8000 WP=0x216e8ff0 RP_LOCAL=0x216e8000
[  1586.945423019/       0x728a8c781] gsi_stop_channel:3565 GSI Channel Stop, waiting for completion: 0x1
[  1586.945451248/       0x728a8c99f] gsi_handle_ch_ctrl:345 ch 80000
[  1586.945453540/       0x728a8c9cb] gsi_handle_ch_ctrl:362 ch 19 state updated to 3
[  1586.945466717/       0x728a8cac8] gsi_stop_channel:3565 GSI Channel Stop, waiting for completion: 0x1
[  1586.945497655/       0x728a8cd1b] gsi_handle_ch_ctrl:345 ch 200
[  1586.945499894/       0x728a8cd46] gsi_handle_ch_ctrl:362 ch 9 state updated to 3
[  1586.945512863/       0x728a8ce3e] gsi_stop_channel:3565 GSI Channel Stop, waiting for completion: 0x1
[  1586.945543853/       0x728a8d091] gsi_handle_ch_ctrl:345 ch 800
[  1586.945546092/       0x728a8d0bd] gsi_handle_ch_ctrl:362 ch 11 state updated to 3
IPC=gsi UPTIME=1588.81 12307.90
IPC=gsi UPTIME=1589.82 12312.09
IPC=gsi UPTIME=1590.82 12313.93
IPC=gsi UPTIME=1591.82 12322.86
[  1591.372012356/       0x72db9a1b4] gsi_start_channel:3396 GSI Channel Start, waiting for completion
[  1591.372063970/       0x72db9a593] gsi_handle_ch_ctrl:345 ch 2
[  1591.372068814/       0x72db9a5f0] gsi_handle_ch_ctrl:362 ch 1 state updated to 2
[  1591.372081470/       0x72db9a6e3] gsi_start_channel:3413 GSI Channel=1 Start success
[  1591.372084335/       0x72db9a719] gsi_start_channel:3396 GSI Channel Start, waiting for completion
[  1591.372119491/       0x72db9a9be] gsi_handle_ch_ctrl:345 ch 2000
[  1591.372122095/       0x72db9a9ef] gsi_handle_ch_ctrl:362 ch 13 state updated to 2
[  1591.372133502/       0x72db9aaca] gsi_start_channel:3413 GSI Channel=13 Start success
[  1591.372137304/       0x72db9ab13] __gsi_config_ieob_irq_k:187 current IEO_IRQ_MSK: 0xfffffffb, change to: 0xffffffff
[  1591.372138085/       0x72db9ab22] gsi_config_channel_mode:4537 set gsi_ctx evtr_id 2 to 0 mode
[  1591.372140533/       0x72db9ab51] gsi_start_channel:3396 GSI Channel Start, waiting for completion
[  1591.372167616/       0x72db9ad59] gsi_handle_ch_ctrl:345 ch 400
[  1591.372170220/       0x72db9ad8c] gsi_handle_ch_ctrl:362 ch 10 state updated to 2
[  1591.372181418/       0x72db9ae62] gsi_start_channel:3413 GSI Channel=10 Start success
[  1591.372183710/       0x72db9ae8e] gsi_config_channel_mode:4537 set gsi_ctx evtr_id 4 to 0 mode
[  1591.372186054/       0x72db9aebb] gsi_start_channel:3396 GSI Channel Start, waiting for completion
[  1591.372215220/       0x72db9b0ec] gsi_handle_ch_ctrl:345 ch 80000
[  1591.372217616/       0x72db9b11a] gsi_handle_ch_ctrl:362 ch 19 state updated to 2
[  1591.372228762/       0x72db9b1f0] gsi_start_channel:3413 GSI Channel=19 Start success
[  1591.372231210/       0x72db9b21e] gsi_start_channel:3396 GSI Channel Start, waiting for completion
[  1591.372263189/       0x72db9b484] gsi_handle_ch_ctrl:345 ch 200
[  1591.372265429/       0x72db9b4af] gsi_handle_ch_ctrl:362 ch 9 state updated to 2
[  1591.372276470/       0x72db9b583] gsi_start_channel:3413 GSI Channel=9 Start success
[  1591.372278502/       0x72db9b5aa] gsi_start_channel:3396 GSI Channel Start, waiting for completion
[  1591.372310012/       0x72db9b808] gsi_handle_ch_ctrl:345 ch 800
[  1591.372312304/       0x72db9b834] gsi_handle_ch_ctrl:362 ch 11 state updated to 2
[  1591.372322929/       0x72db9b8ff] gsi_start_channel:3413 GSI Channel=11 Start success
[  1591.373385533/       0x72dba08b2] __gsi_config_ieob_irq_k:187 current IEO_IRQ_MSK: 0xffffffff, change to: 0xfffffffb
[  1591.373387824/       0x72dba08de] gsi_config_channel_mode:4508 set gsi_ctx evtr_id 2 to 1 mode
[  1591.373492512/       0x72dba10b7] __gsi_config_ieob_irq_k:187 current IEO_IRQ_MSK: 0xfffffffb, change to: 0xffffffff
[  1591.373494387/       0x72dba10db] gsi_config_channel_mode:4537 set gsi_ctx evtr_id 2 to 0 mode
[  1591.382060012/       0x72dbc9347] __gsi_config_ieob_irq_k:187 current IEO_IRQ_MSK: 0xffffffff, change to: 0xffffffdf
[  1591.382062304/       0x72dbc9374] gsi_config_channel_mode:4508 set gsi_ctx evtr_id 5 to 1 mode
[  1591.382099127/       0x72dbc9637] __gsi_config_ieob_irq_k:187 current IEO_IRQ_MSK: 0xffffffdf, change to: 0xffffffff
[  1591.382100845/       0x72dbc9657] gsi_config_channel_mode:4537 set gsi_ctx evtr_id 5 to 0 mode
[  1591.483581835/       0x72dda516b] __gsi_config_ieob_irq_k:187 current IEO_IRQ_MSK: 0xffffffff, change to: 0xfffffffb
[  1591.483584596/       0x72dda51a0] gsi_config_channel_mode:4508 set gsi_ctx evtr_id 2 to 1 mode
[  1591.483688919/       0x72dda5972] __gsi_config_ieob_irq_k:187 current IEO_IRQ_MSK: 0xfffffffb, change to: 0xffffffff
[  1591.483690481/       0x72dda5991] gsi_config_channel_mode:4537 set gsi_ctx evtr_id 2 to 0 mode
[  1591.580886002/       0x72df6d33a] gsi_stop_channel:3565 GSI Channel Stop, waiting for completion: 0x1
[  1591.581240898/       0x72df6edd9] gsi_handle_ch_ctrl:345 ch 2
[  1591.581246367/       0x72df6ee44] gsi_handle_ch_ctrl:362 ch 1 state updated to 3
[  1591.582115950/       0x72df72f79] gsi_stop_channel:3565 GSI Channel Stop, waiting for completion: 0x1
[  1591.582604544/       0x72df7541e] gsi_handle_ch_ctrl:345 ch 2000
[  1591.582613606/       0x72df754cc] gsi_handle_ch_ctrl:362 ch 13 state updated to 3
[  1591.583499961/       0x72df79746] __gsi_config_ieob_irq_k:187 current IEO_IRQ_MSK: 0xffffffff, change to: 0xfffffffb
[  1591.583501263/       0x72df7975f] gsi_config_channel_mode:4508 set gsi_ctx evtr_id 2 to 1 mode
[  1591.583502825/       0x72df7977d] gsi_is_channel_empty:4039 ch=13 ev=2 RP=0x20032050 WP=0x20032030 RP_LOCAL=0x20032050
[  1591.583508815/       0x72df797f0] gsi_stop_channel:3565 GSI Channel Stop, waiting for completion: 0x1
[  1591.583994492/       0x72df7bc5e] gsi_handle_ch_ctrl:345 ch 400
[  1591.584003502/       0x72df7bd0b] gsi_handle_ch_ctrl:362 ch 10 state updated to 3
[  1591.584891575/       0x72df7ffa5] gsi_config_channel_mode:4508 set gsi_ctx evtr_id 4 to 1 mode
[  1591.584893867/       0x72df7ffd1] gsi_is_channel_empty:4039 ch=10 ev=4 RP=0x216e8000 WP=0x216e8ff0 RP_LOCAL=0x216e8000
[  1591.584899856/       0x72df80044] gsi_stop_channel:3565 GSI Channel Stop, waiting for completion: 0x1
[  1591.585386419/       0x72df824c2] gsi_handle_ch_ctrl:345 ch 80000
[  1591.585395794/       0x72df82577] gsi_handle_ch_ctrl:362 ch 19 state updated to 3
[  1591.586292669/       0x72df868ba] gsi_stop_channel:3565 GSI Channel Stop, waiting for completion: 0x1
[  1591.586781419/       0x72df88d63] gsi_handle_ch_ctrl:345 ch 200
[  1591.586790742/       0x72df88e16] gsi_handle_ch_ctrl:362 ch 9 state updated to 3
[  1591.587682773/       0x72df8d0fc] gsi_stop_channel:3565 GSI Channel Stop, waiting for completion: 0x1
[  1591.588173190/       0x72df8f5c4] gsi_handle_ch_ctrl:345 ch 800
[  1591.588182148/       0x72df8f670] gsi_handle_ch_ctrl:362 ch 11 state updated to 3
IPC=gsi UPTIME=1592.83 12326.10
[  1592.054405483/       0x72e818d30] gsi_start_channel:3396 GSI Channel Start, waiting for completion
[  1592.054459441/       0x72e81913d] gsi_handle_ch_ctrl:345 ch 2
[  1592.054464181/       0x72e819197] gsi_handle_ch_ctrl:362 ch 1 state updated to 2
[  1592.054476108/       0x72e81927c] gsi_start_channel:3413 GSI Channel=1 Start success
[  1592.054479389/       0x72e8192bb] gsi_start_channel:3396 GSI Channel Start, waiting for completion
[  1592.054514389/       0x72e81955c] gsi_handle_ch_ctrl:345 ch 2000
[  1592.054517045/       0x72e81958e] gsi_handle_ch_ctrl:362 ch 13 state updated to 2
[  1592.054527931/       0x72e81965f] gsi_start_channel:3413 GSI Channel=13 Start success
[  1592.054531889/       0x72e8196ab] __gsi_config_ieob_irq_k:187 current IEO_IRQ_MSK: 0xfffffffb, change to: 0xffffffff
[  1592.054532983/       0x72e8196c0] gsi_config_channel_mode:4537 set gsi_ctx evtr_id 2 to 0 mode
[  1592.054535899/       0x72e8196f8] gsi_start_channel:3396 GSI Channel Start, waiting for completion
[  1592.054561733/       0x72e8198e9] gsi_handle_ch_ctrl:345 ch 400
[  1592.054564233/       0x72e819919] gsi_handle_ch_ctrl:362 ch 10 state updated to 2
[  1592.054574910/       0x72e8199e5] gsi_start_channel:3413 GSI Channel=10 Start success
[  1592.054576993/       0x72e819a0d] gsi_config_channel_mode:4537 set gsi_ctx evtr_id 4 to 0 mode
[  1592.054578868/       0x72e819a31] gsi_start_channel:3396 GSI Channel Start, waiting for completion
[  1592.054609493/       0x72e819c7e] gsi_handle_ch_ctrl:345 ch 80000
[  1592.054611889/       0x72e819cab] gsi_handle_ch_ctrl:362 ch 19 state updated to 2
[  1592.054622149/       0x72e819d70] gsi_start_channel:3413 GSI Channel=19 Start success
[  1592.054623920/       0x72e819d92] gsi_start_channel:3396 GSI Channel Start, waiting for completion
[  1592.054655795/       0x72e819ff6] gsi_handle_ch_ctrl:345 ch 200
[  1592.054658139/       0x72e81a024] gsi_handle_ch_ctrl:362 ch 9 state updated to 2
[  1592.054668347/       0x72e81a0e7] gsi_start_channel:3413 GSI Channel=9 Start success
[  1592.054670274/       0x72e81a10c] gsi_start_channel:3396 GSI Channel Start, waiting for completion
[  1592.054701837/       0x72e81a36a] gsi_handle_ch_ctrl:345 ch 800
[  1592.054704181/       0x72e81a397] gsi_handle_ch_ctrl:362 ch 11 state updated to 2
[  1592.054714493/       0x72e81a45d] gsi_start_channel:3413 GSI Channel=11 Start success
[  1592.055872931/       0x72e81fb3f] __gsi_config_ieob_irq_k:187 current IEO_IRQ_MSK: 0xffffffff, change to: 0xffffffdf
[  1592.055876368/       0x72e81fb81] gsi_config_channel_mode:4508 set gsi_ctx evtr_id 5 to 1 mode
[  1592.055924389/       0x72e81ff1c] __gsi_config_ieob_irq_k:187 current IEO_IRQ_MSK: 0xffffffdf, change to: 0xffffffff
[  1592.055926108/       0x72e81ff3d] gsi_config_channel_mode:4537 set gsi_ctx evtr_id 5 to 0 mode
[  1592.155719025/       0x72e9f3bb5] __gsi_config_ieob_irq_k:187 current IEO_IRQ_MSK: 0xffffffff, change to: 0xfffffffb
[  1592.155721681/       0x72e9f3be8] gsi_config_channel_mode:4508 set gsi_ctx evtr_id 2 to 1 mode
[  1592.155835014/       0x72e9f4467] __gsi_config_ieob_irq_k:187 current IEO_IRQ_MSK: 0xfffffffb, change to: 0xffffffff
[  1592.155836733/       0x72e9f4488] gsi_config_channel_mode:4537 set gsi_ctx evtr_id 2 to 0 mode
[  1592.253874181/       0x72ebbfd57] gsi_stop_channel:3565 GSI Channel Stop, waiting for completion: 0x1
[  1592.254335848/       0x72ebc1ff7] gsi_handle_ch_ctrl:345 ch 2
[  1592.254340640/       0x72ebc2053] gsi_handle_ch_ctrl:362 ch 1 state updated to 3
[  1592.255191421/       0x72ebc6022] gsi_stop_channel:3565 GSI Channel Stop, waiting for completion: 0x1
[  1592.255678035/       0x72ebc84a2] gsi_handle_ch_ctrl:345 ch 2000
[  1592.255687098/       0x72ebc8550] gsi_handle_ch_ctrl:362 ch 13 state updated to 3
[  1592.256574858/       0x72ebcc7e4] __gsi_config_ieob_irq_k:187 current IEO_IRQ_MSK: 0xffffffff, change to: 0xfffffffb
[  1592.256576004/       0x72ebcc7fa] gsi_config_channel_mode:4508 set gsi_ctx evtr_id 2 to 1 mode
[  1592.256577463/       0x72ebcc816] gsi_is_channel_empty:4039 ch=13 ev=2 RP=0x20032060 WP=0x20032040 RP_LOCAL=0x20032060
[  1592.256583765/       0x72ebcc88f] gsi_stop_channel:3565 GSI Channel Stop, waiting for completion: 0x1
[  1592.257078140/       0x72ebceda4] gsi_handle_ch_ctrl:345 ch 400
[  1592.257087150/       0x72ebcee53] gsi_handle_ch_ctrl:362 ch 10 state updated to 3
[  1592.257975379/       0x72ebd30ee] gsi_config_channel_mode:4508 set gsi_ctx evtr_id 4 to 1 mode
[  1592.257977515/       0x72ebd3117] gsi_is_channel_empty:4039 ch=10 ev=4 RP=0x216e8000 WP=0x216e8ff0 RP_LOCAL=0x216e8000
[  1592.257983608/       0x72ebd318c] gsi_stop_channel:3565 GSI Channel Stop, waiting for completion: 0x1
[  1592.258473452/       0x72ebd564a] gsi_handle_ch_ctrl:345 ch 80000
[  1592.258482619/       0x72ebd56fa] gsi_handle_ch_ctrl:362 ch 19 state updated to 3
[  1592.259377619/       0x72ebd9a19] gsi_stop_channel:3565 GSI Channel Stop, waiting for completion: 0x1
[  1592.259865067/       0x72ebdbea9] gsi_handle_ch_ctrl:345 ch 200
[  1592.259874390/       0x72ebdbf5c] gsi_handle_ch_ctrl:362 ch 9 state updated to 3
[  1592.260768036/       0x72ebe0261] gsi_stop_channel:3565 GSI Channel Stop, waiting for completion: 0x1
[  1592.261258036/       0x72ebe2721] gsi_handle_ch_ctrl:345 ch 800
[  1592.261266890/       0x72ebe27cb] gsi_handle_ch_ctrl:362 ch 11 state updated to 3
[  1592.375087411/       0x72edf8055] gsi_start_channel:3396 GSI Channel Start, waiting for completion
[  1592.375115380/       0x72edf826e] gsi_handle_ch_ctrl:345 ch 2
[  1592.375119182/       0x72edf82b8] gsi_handle_ch_ctrl:362 ch 1 state updated to 2
[  1592.375130275/       0x72edf838c] gsi_start_channel:3413 GSI Channel=1 Start success
[  1592.375133400/       0x72edf83c8] gsi_start_channel:3396 GSI Channel Start, waiting for completion
[  1592.375165119/       0x72edf8629] gsi_handle_ch_ctrl:345 ch 2000
[  1592.375167515/       0x72edf8658] gsi_handle_ch_ctrl:362 ch 13 state updated to 2
[  1592.375178192/       0x72edf8724] gsi_start_channel:3413 GSI Channel=13 Start success
[  1592.375181473/       0x72edf8763] __gsi_config_ieob_irq_k:187 current IEO_IRQ_MSK: 0xfffffffb, change to: 0xffffffff
[  1592.375182359/       0x72edf8774] gsi_config_channel_mode:4537 set gsi_ctx evtr_id 2 to 0 mode
[  1592.375184911/       0x72edf87a5] gsi_start_channel:3396 GSI Channel Start, waiting for completion
[  1592.375212255/       0x72edf89b2] gsi_handle_ch_ctrl:345 ch 400
[  1592.375214546/       0x72edf89df] gsi_handle_ch_ctrl:362 ch 10 state updated to 2
[  1592.375224755/       0x72edf8aa2] gsi_start_channel:3413 GSI Channel=10 Start success
[  1592.375226838/       0x72edf8aca] gsi_config_channel_mode:4537 set gsi_ctx evtr_id 4 to 0 mode
[  1592.375229130/       0x72edf8af6] gsi_start_channel:3396 GSI Channel Start, waiting for completion
[  1592.375258453/       0x72edf8d29] gsi_handle_ch_ctrl:345 ch 80000
[  1592.375260848/       0x72edf8d57] gsi_handle_ch_ctrl:362 ch 19 state updated to 2
[  1592.375270848/       0x72edf8e17] gsi_start_channel:3413 GSI Channel=19 Start success
[  1592.375273036/       0x72edf8e41] gsi_start_channel:3396 GSI Channel Start, waiting for completion
[  1592.375305119/       0x72edf90aa] gsi_handle_ch_ctrl:345 ch 200
[  1592.375307515/       0x72edf90d8] gsi_handle_ch_ctrl:362 ch 9 state updated to 2
[  1592.375317723/       0x72edf919b] gsi_start_channel:3413 GSI Channel=9 Start success
[  1592.375319598/       0x72edf91bf] gsi_start_channel:3396 GSI Channel Start, waiting for completion
[  1592.375350796/       0x72edf9417] gsi_handle_ch_ctrl:345 ch 800
[  1592.375353088/       0x72edf9442] gsi_handle_ch_ctrl:362 ch 11 state updated to 2
[  1592.375363192/       0x72edf9503] gsi_start_channel:3413 GSI Channel=11 Start success
[  1592.375849911/       0x72edfb986] __gsi_config_ieob_irq_k:187 current IEO_IRQ_MSK: 0xffffffff, change to: 0xffffffdf
[  1592.375852984/       0x72edfb9c1] gsi_config_channel_mode:4508 set gsi_ctx evtr_id 5 to 1 mode
[  1592.375898244/       0x72edfbd26] __gsi_config_ieob_irq_k:187 current IEO_IRQ_MSK: 0xffffffdf, change to: 0xffffffff
[  1592.375899807/       0x72edfbd44] gsi_config_channel_mode:4537 set gsi_ctx evtr_id 5 to 0 mode
[  1592.475640744/       0x72efcf5d6] __gsi_config_ieob_irq_k:187 current IEO_IRQ_MSK: 0xffffffff, change to: 0xfffffffb
[  1592.475643401/       0x72efcf609] gsi_config_channel_mode:4508 set gsi_ctx evtr_id 2 to 1 mode
[  1592.475733244/       0x72efcfcc6] __gsi_config_ieob_irq_k:187 current IEO_IRQ_MSK: 0xfffffffb, change to: 0xffffffff
[  1592.475734911/       0x72efcfce5] gsi_config_channel_mode:4537 set gsi_ctx evtr_id 2 to 0 mode
[  1592.573735276/       0x72f19b2ec] gsi_stop_channel:3565 GSI Channel Stop, waiting for completion: 0x1
[  1592.574167776/       0x72f19d35d] gsi_handle_ch_ctrl:345 ch 2
[  1592.574175901/       0x72f19d3f9] gsi_handle_ch_ctrl:362 ch 1 state updated to 3
[  1592.575068401/       0x72f1a16e8] gsi_stop_channel:3565 GSI Channel Stop, waiting for completion: 0x1
[  1592.575558453/       0x72f1a3baa] gsi_handle_ch_ctrl:345 ch 2000
[  1592.575568036/       0x72f1a3c61] gsi_handle_ch_ctrl:362 ch 13 state updated to 3
[  1592.576457828/       0x72f1a7f1d] __gsi_config_ieob_irq_k:187 current IEO_IRQ_MSK: 0xffffffff, change to: 0xfffffffb
[  1592.576459130/       0x72f1a7f36] gsi_config_channel_mode:4508 set gsi_ctx evtr_id 2 to 1 mode
[  1592.576460589/       0x72f1a7f52] gsi_is_channel_empty:4039 ch=13 ev=2 RP=0x20032070 WP=0x20032050 RP_LOCAL=0x20032070
[  1592.576466786/       0x72f1a7fc9] gsi_stop_channel:3565 GSI Channel Stop, waiting for completion: 0x1
[  1592.576961682/       0x72f1aa4e7] gsi_handle_ch_ctrl:345 ch 400
[  1592.576970328/       0x72f1aa58d] gsi_handle_ch_ctrl:362 ch 10 state updated to 3
[  1592.577855536/       0x72f1ae7f1] gsi_config_channel_mode:4508 set gsi_ctx evtr_id 4 to 1 mode
[  1592.577857724/       0x72f1ae81b] gsi_is_channel_empty:4039 ch=10 ev=4 RP=0x216e8000 WP=0x216e8ff0 RP_LOCAL=0x216e8000
[  1592.577863661/       0x72f1ae88d] gsi_stop_channel:3565 GSI Channel Stop, waiting for completion: 0x1
[  1592.578350901/       0x72f1b0d19] gsi_handle_ch_ctrl:345 ch 80000
[  1592.578360276/       0x72f1b0dcd] gsi_handle_ch_ctrl:362 ch 19 state updated to 3
[  1592.579255224/       0x72f1b50eb] gsi_stop_channel:3565 GSI Channel Stop, waiting for completion: 0x1
[  1592.579592411/       0x72f1b6a35] gsi_handle_ch_ctrl:345 ch 200
[  1592.579597984/       0x72f1b6aa1] gsi_handle_ch_ctrl:362 ch 9 state updated to 3
[  1592.579624703/       0x72f1b6ca1] gsi_stop_channel:3565 GSI Channel Stop, waiting for completion: 0x1
[  1592.579679703/       0x72f1b70c2] gsi_handle_ch_ctrl:345 ch 800
[  1592.579682359/       0x72f1b70f5] gsi_handle_ch_ctrl:362 ch 11 state updated to 3
IPC=gsi UPTIME=1593.83 12333.54
[  1593.397748924/       0x7300b1bf2] gsi_start_channel:3396 GSI Channel Start, waiting for completion
[  1593.397799549/       0x7300b1fbf] gsi_handle_ch_ctrl:345 ch 2
[  1593.397803612/       0x7300b200d] gsi_handle_ch_ctrl:362 ch 1 state updated to 2
[  1593.397815851/       0x7300b20f7] gsi_start_channel:3413 GSI Channel=1 Start success
[  1593.397818091/       0x7300b2121] gsi_start_channel:3396 GSI Channel Start, waiting for completion
[  1593.397852987/       0x7300b23c1] gsi_handle_ch_ctrl:345 ch 2000
[  1593.397855591/       0x7300b23f2] gsi_handle_ch_ctrl:362 ch 13 state updated to 2
[  1593.397866424/       0x7300b24c2] gsi_start_channel:3413 GSI Channel=13 Start success
[  1593.397869706/       0x7300b2501] __gsi_config_ieob_irq_k:187 current IEO_IRQ_MSK: 0xfffffffb, change to: 0xffffffff
[  1593.397870331/       0x7300b250d] gsi_config_channel_mode:4537 set gsi_ctx evtr_id 2 to 0 mode
[  1593.397872101/       0x7300b252f] gsi_start_channel:3396 GSI Channel Start, waiting for completion
[  1593.397902466/       0x7300b2777] gsi_handle_ch_ctrl:345 ch 400
[  1593.397904914/       0x7300b27a6] gsi_handle_ch_ctrl:362 ch 10 state updated to 2
[  1593.397915383/       0x7300b286e] gsi_start_channel:3413 GSI Channel=10 Start success
[  1593.397917206/       0x7300b2891] gsi_config_channel_mode:4537 set gsi_ctx evtr_id 4 to 0 mode
[  1593.397919081/       0x7300b28b5] gsi_start_channel:3396 GSI Channel Start, waiting for completion
[  1593.397966112/       0x7300b2c3d] gsi_handle_ch_ctrl:345 ch 80000
[  1593.397968716/       0x7300b2c6e] gsi_handle_ch_ctrl:362 ch 19 state updated to 2
[  1593.397978976/       0x7300b2d33] gsi_start_channel:3413 GSI Channel=19 Start success
[  1593.397980904/       0x7300b2d58] gsi_start_channel:3396 GSI Channel Start, waiting for completion
[  1593.397990018/       0x7300b2e08] gsi_handle_ch_ctrl:345 ch 200
[  1593.397992206/       0x7300b2e32] gsi_handle_ch_ctrl:362 ch 9 state updated to 2
[  1593.398001997/       0x7300b2eed] gsi_start_channel:3413 GSI Channel=9 Start success
[  1593.398003872/       0x7300b2f11] gsi_start_channel:3396 GSI Channel Start, waiting for completion
[  1593.398050122/       0x7300b3289] gsi_handle_ch_ctrl:345 ch 800
[  1593.398052726/       0x7300b32bc] gsi_handle_ch_ctrl:362 ch 11 state updated to 2
[  1593.398062987/       0x7300b3380] gsi_start_channel:3413 GSI Channel=11 Start success
[  1593.398872779/       0x7300b703d] __gsi_config_ieob_irq_k:187 current IEO_IRQ_MSK: 0xffffffff, change to: 0xffffffdf
[  1593.398875435/       0x7300b706f] gsi_config_channel_mode:4508 set gsi_ctx evtr_id 5 to 1 mode
[  1593.398917518/       0x7300b7397] __gsi_config_ieob_irq_k:187 current IEO_IRQ_MSK: 0xffffffdf, change to: 0xffffffff
[  1593.398919133/       0x7300b73b6] gsi_config_channel_mode:4537 set gsi_ctx evtr_id 5 to 0 mode
[  1593.498300643/       0x730289153] __gsi_config_ieob_irq_k:187 current IEO_IRQ_MSK: 0xffffffff, change to: 0xfffffffb
[  1593.498303560/       0x73028918b] gsi_config_channel_mode:4508 set gsi_ctx evtr_id 2 to 1 mode
[  1593.498382571/       0x730289779] __gsi_config_ieob_irq_k:187 current IEO_IRQ_MSK: 0xfffffffb, change to: 0xffffffff
[  1593.498384185/       0x730289798] gsi_config_channel_mode:4537 set gsi_ctx evtr_id 2 to 0 mode
[  1593.596884863/       0x730457324] gsi_stop_channel:3565 GSI Channel Stop, waiting for completion: 0x1
[  1593.597263040/       0x730458f82] gsi_handle_ch_ctrl:345 ch 2
[  1593.597268040/       0x730458fe2] gsi_handle_ch_ctrl:362 ch 1 state updated to 3
[  1593.597288040/       0x730459161] gsi_stop_channel:3565 GSI Channel Stop, waiting for completion: 0x1
[  1593.597336738/       0x730459508] gsi_handle_ch_ctrl:345 ch 2000
[  1593.597339446/       0x73045953d] gsi_handle_ch_ctrl:362 ch 13 state updated to 3
[  1593.597353717/       0x73045964e] __gsi_config_ieob_irq_k:187 current IEO_IRQ_MSK: 0xffffffff, change to: 0xfffffffb
[  1593.597354602/       0x73045965f] gsi_config_channel_mode:4508 set gsi_ctx evtr_id 2 to 1 mode
[  1593.597356633/       0x730459685] gsi_is_channel_empty:4039 ch=13 ev=2 RP=0x20032080 WP=0x20032060 RP_LOCAL=0x20032080
[  1593.597360592/       0x7304596d2] gsi_stop_channel:3565 GSI Channel Stop, waiting for completion: 0x1
[  1593.597387415/       0x7304598d5] gsi_handle_ch_ctrl:345 ch 400
[  1593.597389810/       0x730459903] gsi_handle_ch_ctrl:362 ch 10 state updated to 3
[  1593.597403196/       0x730459a04] gsi_config_channel_mode:4508 set gsi_ctx evtr_id 4 to 1 mode
[  1593.597404238/       0x730459a18] gsi_is_channel_empty:4039 ch=10 ev=4 RP=0x216e8000 WP=0x216e8ff0 RP_LOCAL=0x216e8000
[  1593.597408092/       0x730459a62] gsi_stop_channel:3565 GSI Channel Stop, waiting for completion: 0x1
[  1593.597435227/       0x730459c6c] gsi_handle_ch_ctrl:345 ch 80000
[  1593.597437675/       0x730459c9b] gsi_handle_ch_ctrl:362 ch 19 state updated to 3
[  1593.597452415/       0x730459db5] gsi_stop_channel:3565 GSI Channel Stop, waiting for completion: 0x1
[  1593.597482623/       0x730459ff9] gsi_handle_ch_ctrl:345 ch 200
[  1593.597484863/       0x73045a025] gsi_handle_ch_ctrl:362 ch 9 state updated to 3
[  1593.597498873/       0x73045a131] gsi_stop_channel:3565 GSI Channel Stop, waiting for completion: 0x1
[  1593.597530279/       0x73045a38c] gsi_handle_ch_ctrl:345 ch 800
[  1593.597532519/       0x73045a3b7] gsi_handle_ch_ctrl:362 ch 11 state updated to 3
IPC=gsi UPTIME=1594.83 12338.34
[  1593.942409343/       0x730aaad7a] gsi_start_channel:3396 GSI Channel Start, waiting for completion
[  1593.942460228/       0x730aab14c] gsi_handle_ch_ctrl:345 ch 2
[  1593.942464030/       0x730aab194] gsi_handle_ch_ctrl:362 ch 1 state updated to 2
[  1593.942475957/       0x730aab279] gsi_start_channel:3413 GSI Channel=1 Start success
[  1593.942478509/       0x730aab2aa] gsi_start_channel:3396 GSI Channel Start, waiting for completion
[  1593.942513197/       0x730aab545] gsi_handle_ch_ctrl:345 ch 2000
[  1593.942515801/       0x730aab577] gsi_handle_ch_ctrl:362 ch 13 state updated to 2
[  1593.942526634/       0x730aab646] gsi_start_channel:3413 GSI Channel=13 Start success
[  1593.942529864/       0x730aab684] __gsi_config_ieob_irq_k:187 current IEO_IRQ_MSK: 0xfffffffb, change to: 0xffffffff
[  1593.942530749/       0x730aab695] gsi_config_channel_mode:4537 set gsi_ctx evtr_id 2 to 0 mode
[  1593.942532936/       0x730aab6bf] gsi_start_channel:3396 GSI Channel Start, waiting for completion
[  1593.942562259/       0x730aab8f3] gsi_handle_ch_ctrl:345 ch 400
[  1593.942564655/       0x730aab920] gsi_handle_ch_ctrl:362 ch 10 state updated to 2
[  1593.942575176/       0x730aab9ea] gsi_start_channel:3413 GSI Channel=10 Start success
[  1593.942577364/       0x730aaba14] gsi_config_channel_mode:4537 set gsi_ctx evtr_id 4 to 0 mode
[  1593.942579551/       0x730aaba3e] gsi_start_channel:3396 GSI Channel Start, waiting for completion
[  1593.942609082/       0x730aabc75] gsi_handle_ch_ctrl:345 ch 80000
[  1593.942611478/       0x730aabca4] gsi_handle_ch_ctrl:362 ch 19 state updated to 2
[  1593.942621843/       0x730aabd6a] gsi_start_channel:3413 GSI Channel=19 Start success
[  1593.942623978/       0x730aabd93] gsi_start_channel:3396 GSI Channel Start, waiting for completion
[  1593.942656739/       0x730aac009] gsi_handle_ch_ctrl:345 ch 200
[  1593.942659030/       0x730aac035] gsi_handle_ch_ctrl:362 ch 9 state updated to 2
[  1593.942669343/       0x730aac0fa] gsi_start_channel:3413 GSI Channel=9 Start success
[  1593.942671634/       0x730aac126] gsi_start_channel:3396 GSI Channel Start, waiting for completion
[  1593.942703145/       0x730aac384] gsi_handle_ch_ctrl:345 ch 800
[  1593.942705489/       0x730aac3b1] gsi_handle_ch_ctrl:362 ch 11 state updated to 2
[  1593.942715593/       0x730aac472] gsi_start_channel:3413 GSI Channel=11 Start success
[  1593.943852572/       0x730ab19b8] __gsi_config_ieob_irq_k:187 current IEO_IRQ_MSK: 0xffffffff, change to: 0xffffffdf
[  1593.943855228/       0x730ab19ec] gsi_config_channel_mode:4508 set gsi_ctx evtr_id 5 to 1 mode
[  1593.943900905/       0x730ab1d58] __gsi_config_ieob_irq_k:187 current IEO_IRQ_MSK: 0xffffffdf, change to: 0xffffffff
[  1593.943902676/       0x730ab1d7b] gsi_config_channel_mode:4537 set gsi_ctx evtr_id 5 to 0 mode
[  1594.042238614/       0x730c7ecad] __gsi_config_ieob_irq_k:187 current IEO_IRQ_MSK: 0xffffffff, change to: 0xfffffffb
[  1594.042241374/       0x730c7ece2] gsi_config_channel_mode:4508 set gsi_ctx evtr_id 2 to 1 mode
[  1594.042318770/       0x730c7f2af] __gsi_config_ieob_irq_k:187 current IEO_IRQ_MSK: 0xfffffffb, change to: 0xffffffff
[  1594.042320541/       0x730c7f2d2] gsi_config_channel_mode:4537 set gsi_ctx evtr_id 2 to 0 mode
[  1594.140911843/       0x730e4d52a] gsi_stop_channel:3565 GSI Channel Stop, waiting for completion: 0x1
[  1594.141354447/       0x730e4f65d] gsi_handle_ch_ctrl:345 ch 2
[  1594.141358770/       0x730e4f6b0] gsi_handle_ch_ctrl:362 ch 1 state updated to 3
[  1594.141720385/       0x730e511cd] gsi_stop_channel:3565 GSI Channel Stop, waiting for completion: 0x1
[  1594.142174708/       0x730e533e2] gsi_handle_ch_ctrl:345 ch 2000
[  1594.142183354/       0x730e53488] gsi_handle_ch_ctrl:362 ch 13 state updated to 3
[  1594.142574656/       0x730e551e0] __gsi_config_ieob_irq_k:187 current IEO_IRQ_MSK: 0xffffffff, change to: 0xfffffffb
[  1594.142575854/       0x730e551f7] gsi_config_channel_mode:4508 set gsi_ctx evtr_id 2 to 1 mode
[  1594.142577416/       0x730e55215] gsi_is_channel_empty:4039 ch=13 ev=2 RP=0x20032090 WP=0x20032070 RP_LOCAL=0x20032090
[  1594.142583145/       0x730e55283] gsi_stop_channel:3565 GSI Channel Stop, waiting for completion: 0x1
[  1594.143038093/       0x730e574a3] gsi_handle_ch_ctrl:345 ch 400
[  1594.143046531/       0x730e57544] gsi_handle_ch_ctrl:362 ch 10 state updated to 3
[  1594.143435698/       0x730e59274] gsi_config_channel_mode:4508 set gsi_ctx evtr_id 4 to 1 mode
[  1594.143438250/       0x730e592a5] gsi_is_channel_empty:4039 ch=10 ev=4 RP=0x216e8000 WP=0x216e8ff0 RP_LOCAL=0x216e8000
[  1594.143444604/       0x730e5931f] gsi_stop_channel:3565 GSI Channel Stop, waiting for completion: 0x1
[  1594.143898823/       0x730e5b531] gsi_handle_ch_ctrl:345 ch 80000
[  1594.143907625/       0x730e5b5d9] gsi_handle_ch_ctrl:362 ch 19 state updated to 3
[  1594.144307520/       0x730e5d3d7] gsi_stop_channel:3565 GSI Channel Stop, waiting for completion: 0x1
[  1594.144761791/       0x730e5f5ea] gsi_handle_ch_ctrl:345 ch 200
[  1594.144770593/       0x730e5f692] gsi_handle_ch_ctrl:362 ch 9 state updated to 3
[  1594.145169291/       0x730e61479] gsi_stop_channel:3565 GSI Channel Stop, waiting for completion: 0x1
[  1594.145624291/       0x730e6369a] gsi_handle_ch_ctrl:345 ch 800
[  1594.145632989/       0x730e63740] gsi_handle_ch_ctrl:362 ch 11 state updated to 3
IPC=gsi UPTIME=1595.84 12344.10
IPC=gsi UPTIME=1596.84 12346.54
IPC=gsi UPTIME=1597.84 12348.91
[  1597.686784458/       0x734f3a99c] gsi_start_channel:3396 GSI Channel Start, waiting for completion
[  1597.686816750/       0x734f3ac09] gsi_handle_ch_ctrl:345 ch 2
[  1597.686821490/       0x734f3ac63] gsi_handle_ch_ctrl:362 ch 1 state updated to 2
[  1597.686832635/       0x734f3ad39] gsi_start_channel:3413 GSI Channel=1 Start success
[  1597.686836073/       0x734f3ad7b] gsi_start_channel:3396 GSI Channel Start, waiting for completion
[  1597.686868365/       0x734f3afe8] gsi_handle_ch_ctrl:345 ch 2000
[  1597.686870760/       0x734f3b016] gsi_handle_ch_ctrl:362 ch 13 state updated to 2
[  1597.686881385/       0x734f3b0e1] gsi_start_channel:3413 GSI Channel=13 Start success
[  1597.686885083/       0x734f3b128] __gsi_config_ieob_irq_k:187 current IEO_IRQ_MSK: 0xfffffffb, change to: 0xffffffff
[  1597.686886021/       0x734f3b13a] gsi_config_channel_mode:4537 set gsi_ctx evtr_id 2 to 0 mode
[  1597.686888885/       0x734f3b171] gsi_start_channel:3396 GSI Channel Start, waiting for completion
[  1597.686915917/       0x734f3b379] gsi_handle_ch_ctrl:345 ch 400
[  1597.686918260/       0x734f3b3a6] gsi_handle_ch_ctrl:362 ch 10 state updated to 2
[  1597.686928417/       0x734f3b468] gsi_start_channel:3413 GSI Channel=10 Start success
[  1597.686931073/       0x734f3b49b] gsi_config_channel_mode:4537 set gsi_ctx evtr_id 4 to 0 mode
[  1597.686933885/       0x734f3b4d1] gsi_start_channel:3396 GSI Channel Start, waiting for completion
[  1597.686962062/       0x734f3b6ef] gsi_handle_ch_ctrl:345 ch 80000
[  1597.686964406/       0x734f3b71c] gsi_handle_ch_ctrl:362 ch 19 state updated to 2
[  1597.686974823/       0x734f3b7e3] gsi_start_channel:3413 GSI Channel=19 Start success
[  1597.686977427/       0x734f3b815] gsi_start_channel:3396 GSI Channel Start, waiting for completion
[  1597.687008625/       0x734f3ba6d] gsi_handle_ch_ctrl:345 ch 200
[  1597.687010917/       0x734f3ba99] gsi_handle_ch_ctrl:362 ch 9 state updated to 2
[  1597.687021385/       0x734f3bb61] gsi_start_channel:3413 GSI Channel=9 Start success
[  1597.687024094/       0x734f3bb95] gsi_start_channel:3396 GSI Channel Start, waiting for completion
[  1597.687055448/       0x734f3bdf0] gsi_handle_ch_ctrl:345 ch 800
[  1597.687057792/       0x734f3be1d] gsi_handle_ch_ctrl:362 ch 11 state updated to 2
[  1597.687068104/       0x734f3bee2] gsi_start_channel:3413 GSI Channel=11 Start success
[  1597.687558729/       0x734f3e3af] __gsi_config_ieob_irq_k:187 current IEO_IRQ_MSK: 0xffffffff, change to: 0xffffffdf
[  1597.687561594/       0x734f3e3e5] gsi_config_channel_mode:4508 set gsi_ctx evtr_id 5 to 1 mode
[  1597.687610500/       0x734f3e791] __gsi_config_ieob_irq_k:187 current IEO_IRQ_MSK: 0xffffffdf, change to: 0xffffffff
[  1597.687612115/       0x734f3e7b0] gsi_config_channel_mode:4537 set gsi_ctx evtr_id 5 to 0 mode
[  1597.787711438/       0x735113b23] __gsi_config_ieob_irq_k:187 current IEO_IRQ_MSK: 0xffffffff, change to: 0xfffffffb
[  1597.787713990/       0x735113b54] gsi_config_channel_mode:4508 set gsi_ctx evtr_id 2 to 1 mode
[  1597.787831959/       0x73511442c] __gsi_config_ieob_irq_k:187 current IEO_IRQ_MSK: 0xfffffffb, change to: 0xffffffff
[  1597.787833625/       0x73511444d] gsi_config_channel_mode:4537 set gsi_ctx evtr_id 2 to 0 mode
IPC=gsi UPTIME=1598.85 12356.01
[  1597.884885396/       0x7352db32e] gsi_stop_channel:3565 GSI Channel Stop, waiting for completion: 0x1
[  1597.885218834/       0x7352dcc31] gsi_handle_ch_ctrl:345 ch 2
[  1597.885224303/       0x7352dcc9a] gsi_handle_ch_ctrl:362 ch 1 state updated to 3
[  1597.885247636/       0x7352dce59] gsi_stop_channel:3565 GSI Channel Stop, waiting for completion: 0x1
[  1597.885293001/       0x7352dd1c1] gsi_handle_ch_ctrl:345 ch 2000
[  1597.885295813/       0x7352dd1f7] gsi_handle_ch_ctrl:362 ch 13 state updated to 3
[  1597.885310032/       0x7352dd307] __gsi_config_ieob_irq_k:187 current IEO_IRQ_MSK: 0xffffffff, change to: 0xfffffffb
[  1597.885310709/       0x7352dd314] gsi_config_channel_mode:4508 set gsi_ctx evtr_id 2 to 1 mode
[  1597.885312271/       0x7352dd331] gsi_is_channel_empty:4039 ch=13 ev=2 RP=0x200320a0 WP=0x20032080 RP_LOCAL=0x200320a0
[  1597.885315709/       0x7352dd374] gsi_stop_channel:3565 GSI Channel Stop, waiting for completion: 0x1
[  1597.885344928/       0x7352dd5a6] gsi_handle_ch_ctrl:345 ch 400
[  1597.885347376/       0x7352dd5d5] gsi_handle_ch_ctrl:362 ch 10 state updated to 3
[  1597.885360136/       0x7352dd6c9] gsi_config_channel_mode:4508 set gsi_ctx evtr_id 4 to 1 mode
[  1597.885361126/       0x7352dd6db] gsi_is_channel_empty:4039 ch=10 ev=4 RP=0x216e8000 WP=0x216e8ff0 RP_LOCAL=0x216e8000
[  1597.885364303/       0x7352dd719] gsi_stop_channel:3565 GSI Channel Stop, waiting for completion: 0x1
[  1597.885392324/       0x7352dd934] gsi_handle_ch_ctrl:345 ch 80000
[  1597.885394719/       0x7352dd962] gsi_handle_ch_ctrl:362 ch 19 state updated to 3
[  1597.885408105/       0x7352dda62] gsi_stop_channel:3565 GSI Channel Stop, waiting for completion: 0x1
[  1597.885439042/       0x7352ddcb5] gsi_handle_ch_ctrl:345 ch 200
[  1597.885441386/       0x7352ddce1] gsi_handle_ch_ctrl:362 ch 9 state updated to 3
[  1597.885455084/       0x7352ddde8] gsi_stop_channel:3565 GSI Channel Stop, waiting for completion: 0x1
[  1597.885485605/       0x7352de033] gsi_handle_ch_ctrl:345 ch 800
[  1597.885487896/       0x7352de05f] gsi_handle_ch_ctrl:362 ch 11 state updated to 3
IPC=gsi UPTIME=1599.85 12357.01
IPC=gsi UPTIME=1600.85 12364.50
IPC=gsi UPTIME=1601.86 12370.39
IPC=gsi UPTIME=1602.86 12374.51
IPC=gsi UPTIME=1603.86 12375.51
IPC=gsi UPTIME=1604.87 12386.42
IPC=gsi UPTIME=1605.87 12389.21
IPC=gsi UPTIME=1606.87 12394.62
[  1606.391346152/       0x73ee9d3bc] gsi_start_channel:3396 GSI Channel Start, waiting for completion
[  1606.391400735/       0x73ee9d7d4] gsi_handle_ch_ctrl:345 ch 2
[  1606.391405631/       0x73ee9d833] gsi_handle_ch_ctrl:362 ch 1 state updated to 2
[  1606.391417610/       0x73ee9d918] gsi_start_channel:3413 GSI Channel=1 Start success
[  1606.391420995/       0x73ee9d959] gsi_start_channel:3396 GSI Channel Start, waiting for completion
[  1606.391455370/       0x73ee9dbee] gsi_handle_ch_ctrl:345 ch 2000
[  1606.391458027/       0x73ee9dc21] gsi_handle_ch_ctrl:362 ch 13 state updated to 2
[  1606.391469120/       0x73ee9dcf5] gsi_start_channel:3413 GSI Channel=13 Start success
[  1606.391473027/       0x73ee9dd40] __gsi_config_ieob_irq_k:187 current IEO_IRQ_MSK: 0xfffffffb, change to: 0xffffffff
[  1606.391474016/       0x73ee9dd53] gsi_config_channel_mode:4537 set gsi_ctx evtr_id 2 to 0 mode
[  1606.391477037/       0x73ee9dd8d] gsi_start_channel:3396 GSI Channel Start, waiting for completion
[  1606.391503079/       0x73ee9df82] gsi_handle_ch_ctrl:345 ch 400
[  1606.391505579/       0x73ee9dfb1] gsi_handle_ch_ctrl:362 ch 10 state updated to 2
[  1606.391516256/       0x73ee9e07e] gsi_start_channel:3413 GSI Channel=10 Start success
[  1606.391519016/       0x73ee9e0b3] gsi_config_channel_mode:4537 set gsi_ctx evtr_id 4 to 0 mode
[  1606.391521568/       0x73ee9e0e4] gsi_start_channel:3396 GSI Channel Start, waiting for completion
[  1606.391550474/       0x73ee9e310] gsi_handle_ch_ctrl:345 ch 80000
[  1606.391552922/       0x73ee9e33f] gsi_handle_ch_ctrl:362 ch 19 state updated to 2
[  1606.391563599/       0x73ee9e40b] gsi_start_channel:3413 GSI Channel=19 Start success
[  1606.391566256/       0x73ee9e43e] gsi_start_channel:3396 GSI Channel Start, waiting for completion
[  1606.391597818/       0x73ee9e69d] gsi_handle_ch_ctrl:345 ch 200
[  1606.391600110/       0x73ee9e6c9] gsi_handle_ch_ctrl:362 ch 9 state updated to 2
[  1606.391610214/       0x73ee9e78a] gsi_start_channel:3413 GSI Channel=9 Start success
[  1606.391612922/       0x73ee9e7be] gsi_start_channel:3396 GSI Channel Start, waiting for completion
[  1606.391643964/       0x73ee9ea13] gsi_handle_ch_ctrl:345 ch 800
[  1606.391646256/       0x73ee9ea3e] gsi_handle_ch_ctrl:362 ch 11 state updated to 2
[  1606.391656412/       0x73ee9eb01] gsi_start_channel:3413 GSI Channel=11 Start success
[  1606.392768704/       0x73eea3e6e] __gsi_config_ieob_irq_k:187 current IEO_IRQ_MSK: 0xffffffff, change to: 0xffffffdf
[  1606.392771568/       0x73eea3ea5] gsi_config_channel_mode:4508 set gsi_ctx evtr_id 5 to 1 mode
[  1606.392823027/       0x73eea4281] __gsi_config_ieob_irq_k:187 current IEO_IRQ_MSK: 0xffffffdf, change to: 0xffffffff
[  1606.392824797/       0x73eea42a2] gsi_config_channel_mode:4537 set gsi_ctx evtr_id 5 to 0 mode
[  1606.491670996/       0x73f073819] __gsi_config_ieob_irq_k:187 current IEO_IRQ_MSK: 0xffffffff, change to: 0xfffffffb
[  1606.491673704/       0x73f07384e] gsi_config_channel_mode:4508 set gsi_ctx evtr_id 2 to 1 mode
[  1606.491789954/       0x73f074106] __gsi_config_ieob_irq_k:187 current IEO_IRQ_MSK: 0xfffffffb, change to: 0xffffffff
[  1606.491791621/       0x73f074125] gsi_config_channel_mode:4537 set gsi_ctx evtr_id 2 to 0 mode
[  1606.589851933/       0x73f23fbab] gsi_stop_channel:3565 GSI Channel Stop, waiting for completion: 0x1
[  1606.590290319/       0x73f241c8d] gsi_handle_ch_ctrl:345 ch 2
[  1606.590299485/       0x73f241d3c] gsi_handle_ch_ctrl:362 ch 1 state updated to 3
[  1606.591193860/       0x73f246050] gsi_stop_channel:3565 GSI Channel Stop, waiting for completion: 0x1
[  1606.591686933/       0x73f24854c] gsi_handle_ch_ctrl:345 ch 2000
[  1606.591695944/       0x73f2485f9] gsi_handle_ch_ctrl:362 ch 13 state updated to 3
[  1606.592586152/       0x73f24c8bc] __gsi_config_ieob_irq_k:187 current IEO_IRQ_MSK: 0xffffffff, change to: 0xfffffffb
[  1606.592587506/       0x73f24c8d6] gsi_config_channel_mode:4508 set gsi_ctx evtr_id 2 to 1 mode
[  1606.592589121/       0x73f24c8f5] gsi_is_channel_empty:4039 ch=13 ev=2 RP=0x200320b0 WP=0x20032090 RP_LOCAL=0x200320b0
[  1606.592595163/       0x73f24c969] gsi_stop_channel:3565 GSI Channel Stop, waiting for completion: 0x1
[  1606.593091256/       0x73f24ee9f] gsi_handle_ch_ctrl:345 ch 400
[  1606.593100267/       0x73f24ef4b] gsi_handle_ch_ctrl:362 ch 10 state updated to 3
[  1606.593990683/       0x73f253213] gsi_config_channel_mode:4508 set gsi_ctx evtr_id 4 to 1 mode
[  1606.593992923/       0x73f25323e] gsi_is_channel_empty:4039 ch=10 ev=4 RP=0x216e8000 WP=0x216e8ff0 RP_LOCAL=0x216e8000
[  1606.593999486/       0x73f2532bc] gsi_stop_channel:3565 GSI Channel Stop, waiting for completion: 0x1
[  1606.594490319/       0x73f25578d] gsi_handle_ch_ctrl:345 ch 80000
[  1606.594499486/       0x73f25583d] gsi_handle_ch_ctrl:362 ch 19 state updated to 3
[  1606.595390631/       0x73f259b12] gsi_stop_channel:3565 GSI Channel Stop, waiting for completion: 0x1
[  1606.595881361/       0x73f25bfe0] gsi_handle_ch_ctrl:345 ch 200
[  1606.595890423/       0x73f25c091] gsi_handle_ch_ctrl:362 ch 9 state updated to 3
[  1606.596787402/       0x73f2603d4] gsi_stop_channel:3565 GSI Channel Stop, waiting for completion: 0x1
[  1606.597283965/       0x73f262913] gsi_handle_ch_ctrl:345 ch 800
[  1606.597293288/       0x73f2629c8] gsi_handle_ch_ctrl:362 ch 11 state updated to 3
IPC=gsi UPTIME=1607.88 12400.59
IPC=gsi UPTIME=1608.88 12404.76
IPC=gsi UPTIME=1609.88 12405.76
IPC=gsi UPTIME=1610.89 12416.56
IPC=gsi UPTIME=1611.89 12417.56
IPC=gsi UPTIME=1612.89 12420.73
IPC=gsi UPTIME=1613.90 12430.78
IPC=gsi UPTIME=1614.90 12435.79
IPC=gsi UPTIME=1615.90 12436.79
IPC=gsi UPTIME=1616.91 12446.68
IPC=gsi UPTIME=1617.91 12447.68
IPC=gsi UPTIME=1618.91 12450.90
IPC=gsi UPTIME=1619.92 12460.95
IPC=gsi UPTIME=1620.92 12463.98
IPC=gsi UPTIME=1621.93 12464.98
IPC=gsi UPTIME=1622.93 12479.63
IPC=gsi UPTIME=1623.93 12480.67
IPC=gsi UPTIME=1624.93 12483.24
