[    0.000000][    T0] Booting Linux on physical CPU 0x0000000000 [0x411fd070]
[    0.000000][    T0] Linux version 5.10.66-android12-9-00005-gf6e6376090be-ab8060604 (build-user@build-host) (Android (7284624, based on r416183b) clang version 12.0.5 (https://android.googlesource.com/toolchain/llvm-project c935d99d7cf2016289302412d708641d52d2f7ee), LLD 12.0.5 (/buildbot/src/android/llvm-toolchain/out/llvm-project/lld c935d99d7cf2016289302412d708641d52d2f7ee)) #1 SMP PREEMPT Fri Jan 7 14:51:36 UTC 2022
[    0.000000][    T0] Machine model: linux,dummy-virt
[    0.000000][    T0] Stack Depot is disabled
[    0.000000][    T0] earlycon: pl11 at MMIO 0x00************** (options '')
[    0.000000][    T0] printk: bootconsole [pl11] enabled
[    0.000000][    T0] efi: UEFI not found.
[    0.000000][    T0] Zone ranges:
[    0.000000][    T0]   DMA32    [mem 0x00**************-0x00000000bfffffff]
[    0.000000][    T0]   Normal   empty
[    0.000000][    T0] Movable zone start for each node
[    0.000000][    T0] Early memory node ranges
[    0.000000][    T0]   node   0: [mem 0x00**************-0x00000000bfffffff]
[    0.000000][    T0] Initmem setup node 0 [mem 0x00**************-0x00000000bfffffff]
[    0.000000][    T0] cma: Reserved 16 MiB at 0x00000000bc800000
[    0.000000][    T0] psci: probing for conduit method from DT.
[    0.000000][    T0] psci: PSCIv1.1 detected in firmware.
[    0.000000][    T0] psci: Using standard PSCI v0.2 function IDs
[    0.000000][    T0] psci: Trusted OS migration not required
[    0.000000][    T0] psci: SMC Calling Convention v1.0
[    0.000000][    T0] percpu: Embedded 33 pages/cpu s95960 r8192 d31016 u135168
[    0.000000][    T0] Detected PIPT I-cache on CPU0
[    0.000000][    T0] CPU features: SYS_ID_AA64MMFR1_EL1[11:8]: already set to 0
[    0.000000][    T0] CPU features: detected: ARM erratum 832075
[    0.000000][    T0] CPU features: detected: ARM erratum 834220
[    0.000000][    T0] CPU features: detected: Spectre-v3a
[    0.000000][    T0] CPU features: kernel page table isolation forced ON by KASLR
[    0.000000][    T0] CPU features: detected: Kernel page table isolation (KPTI)
[    0.000000][    T0] CPU features: detected: Spectre-v2
[    0.000000][    T0] CPU features: detected: Spectre-v4
[    0.000000][    T0] CPU features: detected: ARM errata 1165522, 1319367, or 1530923
[    0.000000][    T0] Built 1 zonelists, mobility grouping on.  Total pages: 516096
[    0.000000][    T0] Kernel command line: stack_depot_disable=on kasan.stacktrace=off kvm-arm.mode=protected cgroup_disable=pressure cgroup.memory=nokmem console=ttyAMA0 earlycon loglevel=7 panic=10 rdinit=/init
[    0.000000][    T0] cgroup: Disabling pressure control group feature
[    0.000000][    T0] Dentry cache hash table entries: 262144 (order: 9, 2097152 bytes, linear)
[    0.000000][    T0] Inode-cache hash table entries: 131072 (order: 8, 1048576 bytes, linear)
[    0.000000][    T0] mem auto-init: stack:all(zero), heap alloc:on, heap free:off
[    0.000000][    T0] Memory: 1992196K/2097152K available (28800K kernel code, 2088K rwdata, 10664K rodata, 3072K init, 969K bss, 88572K reserved, 16384K cma-reserved)
[    0.000000][    T0] random: get_random_u64 called from kmem_cache_open+0x2c/0x39c with crng_init=0
[    0.000000][    T0] SLUB: HWalign=64, Order=0-3, MinObjects=0, CPUs=2, Nodes=1
[    0.000000][    T0] rcu: Preemptible hierarchical RCU implementation.
[    0.000000][    T0] rcu: 	RCU event tracing is enabled.
[    0.000000][    T0] rcu: 	RCU dyntick-idle grace-period acceleration is enabled.
[    0.000000][    T0] rcu: 	RCU restricting CPUs from NR_CPUS=32 to nr_cpu_ids=2.
[    0.000000][    T0] 	Trampoline variant of Tasks RCU enabled.
[    0.000000][    T0] 	Tracing variant of Tasks RCU enabled.
[    0.000000][    T0] rcu: RCU calculated value of scheduler-enlistment delay is 25 jiffies.
[    0.000000][    T0] rcu: Adjusting geometry for rcu_fanout_leaf=16, nr_cpu_ids=2
[    0.000000][    T0] NR_IRQS: 64, nr_irqs: 64, preallocated irqs: 0
[    0.000000][    T0] GICv2m: range[mem 0x08020000-0x08020fff], SPI[80:143]
[    0.000000][    T0] rcu: 	Offload RCU callbacks from CPUs: (none).
[    0.000000][    T0] kfence: initialized - using 524288 bytes for 63 objects at 0x(____ptrval____)-0x(____ptrval____)
[    0.000000][    T0] arch_timer: cp15 timer(s) running at 62.50MHz (virt).
[    0.000000][    T0] clocksource: arch_sys_counter: mask: 0xffffffffffffff max_cycles: 0x1cd42e208c, max_idle_ns: 881590405314 ns
[    0.000062][    T0] sched_clock: 56 bits at 62MHz, resolution 16ns, wraps every 4398046511096ns
[    0.006522][    T0] Calibrating delay loop (skipped), value calculated using timer frequency.. 125.00 BogoMIPS (lpj=250000)
[    0.006910][    T0] pid_max: default: 32768 minimum: 301
[    0.008088][    T0] LSM: Security Framework initializing
[    0.009465][    T0] SELinux:  Initializing.
[    0.010305][    T0] Mount-cache hash table entries: 4096 (order: 3, 32768 bytes, linear)
[    0.010655][    T0] Mountpoint-cache hash table entries: 4096 (order: 3, 32768 bytes, linear)
[    0.033348][    T1] /cpus/cpu-map: empty cluster
[    0.040606][    T1] rcu: Hierarchical SRCU implementation.
[    0.043453][    T1] EFI services will not be available.
[    0.044234][    T1] smp: Bringing up secondary CPUs ...
[    0.049984][    T0] Detected PIPT I-cache on CPU1
[    0.050769][    T0] CPU1: Booted secondary processor 0x0000000001 [0x411fd070]
[    0.054971][    T1] smp: Brought up 1 node, 2 CPUs
[    0.055249][    T1] SMP: Total of 2 processors activated.
[    0.055385][    T1] CPU features: detected: 32-bit EL0 Support
[    0.055487][    T1] CPU features: detected: CRC32 instructions
[    0.055586][    T1] CPU features: detected: 32-bit EL1 Support
[    0.055670][    T1] CPU features: detected: Protected KVM
[    0.058067][    T1] CPU features: emulated: Privileged Access Never (PAN) using TTBR0_EL1 switching
[    0.167862][    T1] CPU: All CPU(s) started at EL1
[    0.168553][   T14] alternatives: patching kernel code
[    0.192193][    T1] Registered cp15_barrier emulation handler
[    0.192502][    T1] Registered setend emulation handler
[    0.192792][    T1] KASLR enabled
[    0.194024][    T1] clocksource: jiffies: mask: 0xffffffff max_cycles: 0xffffffff, max_idle_ns: 76************** ns
[    0.194347][    T1] futex hash table entries: 512 (order: 3, 32768 bytes, linear)
[    0.199552][    T1] pinctrl core: initialized pinctrl subsystem
[    0.214492][    T1] NET: Registered protocol family 16
[    0.228614][    T1] DMA: preallocated 256 KiB GFP_KERNEL pool for atomic allocations
[    0.229542][    T1] DMA: preallocated 256 KiB GFP_KERNEL|GFP_DMA32 pool for atomic allocations
[    0.230069][    T1] audit: initializing netlink subsys (disabled)
[    0.232186][   T24] audit: type=2000 audit(0.220:1): state=initialized audit_enabled=0 res=1
[    0.236832][    T1] thermal_sys: Registered thermal governor 'step_wise'
[    0.236903][    T1] thermal_sys: Registered thermal governor 'user_space'
[    0.237069][    T1] thermal_sys: Registered thermal governor 'power_allocator'
[    0.238184][    T1] cpuidle: using governor menu
[    0.239501][    T1] hw-breakpoint: found 6 breakpoint and 4 watchpoint registers.
[    0.240365][    T1] ASID allocator initialised with 32768 entries
[    0.241523][    T1] Serial: AMBA PL011 UART driver
[    0.260484][    T1] 9000000.pl011: ttyAMA0 at MMIO 0x9000000 (irq = 47, base_baud = 0) is a PL011 rev1
[    0.261655][    T1] printk: console [ttyAMA0] enabled
[    0.261655][    T1] printk: console [ttyAMA0] enabled
[    0.262071][    T1] printk: bootconsole [pl11] disabled
[    0.262071][    T1] printk: bootconsole [pl11] disabled
[    0.304703][    T1] iommu: Default domain type: Translated 
[    0.307463][    T1] SCSI subsystem initialized
[    0.308408][    T1] usbcore: registered new interface driver usbfs
[    0.308757][    T1] usbcore: registered new interface driver hub
[    0.308988][    T1] usbcore: registered new device driver usb
[    0.309652][    T1] mc: Linux media interface: v0.10
[    0.309833][    T1] videodev: Linux video capture interface: v2.00
[    0.310606][    T1] EDAC MC: Ver: 3.0.0
[    0.315196][    T1] Advanced Linux Sound Architecture Driver Initialized.
[    0.323674][    T1] Bluetooth: Core ver 2.22
[    0.324338][    T1] NET: Registered protocol family 31
[    0.324484][    T1] Bluetooth: HCI device and connection manager initialized
[    0.324806][    T1] Bluetooth: HCI socket layer initialized
[    0.324991][    T1] Bluetooth: L2CAP socket layer initialized
[    0.325296][    T1] Bluetooth: SCO socket layer initialized
[    0.326946][    T1] nfc: nfc_init: NFC Core ver 0.1
[    0.327263][    T1] NET: Registered protocol family 39
[    0.329300][    T1] clocksource: Switched to clocksource arch_sys_counter
[    0.402518][    T1] VFS: Disk quotas dquot_6.6.0
[    0.402850][    T1] VFS: Dquot-cache hash table entries: 512 (order 0, 4096 bytes)
[    0.405657][    T1] NET: Registered protocol family 2
[    0.407014][    T1] IP idents hash table entries: 32768 (order: 6, 262144 bytes, linear)
[    0.413785][    T1] tcp_listen_portaddr_hash hash table entries: 1024 (order: 2, 16384 bytes, linear)
[    0.414183][    T1] TCP established hash table entries: 16384 (order: 5, 131072 bytes, linear)
[    0.414638][    T1] TCP bind hash table entries: 16384 (order: 6, 262144 bytes, linear)
[    0.414948][    T1] TCP: Hash tables configured (established 16384 bind 16384)
[    0.416192][    T1] UDP hash table entries: 1024 (order: 3, 32768 bytes, linear)
[    0.416537][    T1] UDP-Lite hash table entries: 1024 (order: 3, 32768 bytes, linear)
[    0.418168][    T1] NET: Registered protocol family 1
[    0.418574][    T1] NET: Registered protocol family 44
[    0.418918][    T1] PCI: CLS 0 bytes, default 64
[    0.425983][    T1] Trying to unpack rootfs image as initramfs...
[    0.474684][    T1] Freeing initrd memory: 880K
[    0.478579][    T1] hw perfevents: enabled with armv8_pmuv3 PMU driver, 7 counters available
[    0.479348][    T1] kvm [1]: HYP mode not available
[    0.488305][    T1] Initialise system trusted keyrings
[    0.490749][    T1] workingset: timestamp_bits=46 max_order=19 bucket_order=0
[    0.503415][    T1] fuse: init (API version 7.32)
[    0.527876][    T1] Key type asymmetric registered
[    0.528180][    T1] Asymmetric key parser 'x509' registered
[    0.528557][    T1] Block layer SCSI generic (bsg) driver version 0.4 loaded (major 241)
[    0.529429][    T1] io scheduler mq-deadline registered
[    0.529727][    T1] io scheduler kyber registered
[    0.530269][    T1] io scheduler bfq registered
[    0.535333][    T1] pl061_gpio 9030000.pl061: PL061 GPIO chip registered
[    0.536677][    T1] pci-host-generic 4010000000.pcie: host bridge /pcie@10000000 ranges:
[    0.537628][    T1] pci-host-generic 4010000000.pcie:       IO 0x003eff0000..0x003effffff -> 0x0000000000
[    0.538273][    T1] pci-host-generic 4010000000.pcie:      MEM 0x0010000000..0x003efeffff -> 0x0010000000
[    0.538449][    T1] pci-host-generic 4010000000.pcie:      MEM 0x8000000000..0xffffffffff -> 0x8000000000
[    0.539445][    T1] pci-host-generic 4010000000.pcie: ECAM at [mem 0x4010000000-0x401fffffff] for [bus 00-ff]
[    0.540444][    T1] pci-host-generic 4010000000.pcie: PCI host bridge to bus 0000:00
[    0.540709][    T1] pci_bus 0000:00: root bus resource [bus 00-ff]
[    0.540871][    T1] pci_bus 0000:00: root bus resource [io  0x0000-0xffff]
[    0.540981][    T1] pci_bus 0000:00: root bus resource [mem 0x10000000-0x3efeffff]
[    0.541200][    T1] pci_bus 0000:00: root bus resource [mem 0x8000000000-0xffffffffff]
[    0.542666][    T1] pci 0000:00:00.0: [1b36:0008] type 00 class 0x060000
[    0.549436][    T1] Serial: 8250/16550 driver, 4 ports, IRQ sharing disabled
[    0.553684][   T15] cacheinfo: Unable to detect cache hierarchy for CPU 0
[    0.578211][    T1] brd: module loaded
[    0.593377][    T1] loop: module loaded
[    0.599642][    T1] wireguard: WireGuard 1.0.0 loaded. See www.wireguard.com for information.
[    0.599893][    T1] wireguard: Copyright (C) 2015-2019 Jason A. Donenfeld <Jason@zx2c4.com>. All Rights Reserved.
[    0.603824][    T1] libphy: Fixed MDIO Bus: probed
[    0.604029][    T1] tun: Universal TUN/TAP device driver, 1.6
[    0.604427][    T1] CAN device driver interface
[    0.604544][    T1] PPP generic driver version 2.4.2
[    0.605024][    T1] PPP BSD Compression module registered
[    0.605382][    T1] PPP Deflate Compression module registered
[    0.605574][    T1] PPP MPPE Compression module registered
[    0.605687][    T1] NET: Registered protocol family 24
[    0.605788][    T1] PPTP driver version 0.8.5
[    0.606554][    T1] usbcore: registered new interface driver rtl8150
[    0.606754][    T1] usbcore: registered new interface driver r8152
[    0.606896][    T1] usbcore: registered new interface driver cdc_ether
[    0.607052][    T1] usbcore: registered new interface driver cdc_eem
[    0.607233][    T1] usbcore: registered new interface driver cdc_ncm
[    0.607377][    T1] usbcore: registered new interface driver aqc111
[    0.608013][    T1] ehci_hcd: USB 2.0 'Enhanced' Host Controller (EHCI) Driver
[    0.608187][    T1] ehci-pci: EHCI PCI platform driver
[    0.608395][    T1] ehci-platform: EHCI generic platform driver
[    0.609288][    T1] usbcore: registered new interface driver cdc_acm
[    0.609405][    T1] cdc_acm: USB Abstract Control Model driver for USB modems and ISDN adapters
[    0.610552][    T1] usbcore: registered new interface driver uas
[    0.610957][    T1] usbcore: registered new interface driver usb-storage
[    0.612992][    T1] dummy_hcd dummy_hcd.0: USB Host+Gadget Emulator, driver 02 May 2005
[    0.613659][    T1] dummy_hcd dummy_hcd.0: Dummy host controller
[    0.614052][    T1] dummy_hcd dummy_hcd.0: new USB bus registered, assigned bus number 1
[    0.618254][    T1] usb usb1: New USB device found, idVendor=1d6b, idProduct=0002, bcdDevice= 5.10
[    0.618422][    T1] usb usb1: New USB device strings: Mfr=3, Product=2, SerialNumber=1
[    0.618564][    T1] usb usb1: Product: Dummy host controller
[    0.618665][    T1] usb usb1: Manufacturer: Linux 5.10.66-android12-9-00005-gf6e6376090be-ab8060604 dummy_hcd
[    0.618828][    T1] usb usb1: SerialNumber: dummy_hcd.0
[    0.621854][    T1] hub 1-0:1.0: USB hub found
[    0.622600][    T1] hub 1-0:1.0: 1 port detected
[    0.632969][    T1] usbcore: registered new interface driver xpad
[    0.636684][    T1] rtc-pl031 9010000.pl031: registered as rtc0
[    0.637666][    T1] rtc-pl031 9010000.pl031: setting system clock to 2026-09-17T09:29:03 UTC (1789637343)
[    0.638671][    T1] usbcore: registered new interface driver uvcvideo
[    0.638794][    T1] USB Video Class driver (1.1.1)
[    0.638895][    T1] gspca_main: v2.14.0 registered
[    0.639399][    T1] device-mapper: uevent: version 1.0.3
[    0.640102][    T1] device-mapper: ioctl: 4.44.0-ioctl (2021-02-01) initialised: dm-devel@redhat.com
[    0.642521][    T1] Bluetooth: HCI UART driver ver 2.3
[    0.642829][    T1] Bluetooth: HCI UART protocol H4 registered
[    0.643002][    T1] Bluetooth: HCI UART protocol LL registered
[    0.643208][    T1] Bluetooth: HCI UART protocol Broadcom registered
[    0.643345][    T1] Bluetooth: HCI UART protocol QCA registered
[    0.645064][    T1] sdhci: Secure Digital Host Controller Interface driver
[    0.645379][    T1] sdhci: Copyright(c) Pierre Ossman
[    0.645483][    T1] sdhci-pltfm: SDHCI platform and OF driver helper
[    0.645971][    T1] hid: raw HID events driver (C) Jiri Kosina
[    0.648519][    T1] usbcore: registered new interface driver usbhid
[    0.648647][    T1] usbhid: USB HID core driver
[    0.649485][    T1] ashmem: initialized
[    0.650242][    T1] gnss: GNSS driver registered with major 234
[    0.651826][    T1] usbcore: registered new interface driver snd-usb-audio
[    0.653871][    T1] GACT probability NOT on
[    0.654184][    T1] Mirror/redirect action on
[    0.654512][    T1] netem: version 1.3
[    0.654879][    T1] u32 classifier
[    0.654960][    T1]     input device check on
[    0.655035][    T1]     Actions configured
[    0.662745][    T1] xt_time: kernel timezone is -0000
[    0.663250][    T1] ipip: IPv4 and MPLS over IPv4 tunneling driver
[    0.666167][    T1] gre: GRE over IPv4 demultiplexor driver
[    0.666421][    T1] ip_gre: GRE over IPv4 tunneling driver
[    0.670134][    T1] IPv4 over IPsec tunneling driver
[    0.677706][    T1] Initializing XFRM netlink socket
[    0.678128][    T1] IPsec XFRM device driver
[    0.679606][    T1] NET: Registered protocol family 10
[    0.689849][    T1] Segment Routing with IPv6
[    0.690781][    T1] mip6: Mobile IPv6
[    0.696120][    T1] sit: IPv6, IPv4 and MPLS over IPv4 tunneling driver
[    0.700146][    T1] ip6_gre: GRE over IPv6 tunneling driver
[    0.702449][    T1] NET: Registered protocol family 17
[    0.702955][    T1] NET: Registered protocol family 15
[    0.703645][    T1] can: controller area network core
[    0.704215][    T1] NET: Registered protocol family 29
[    0.704354][    T1] can: raw protocol
[    0.704613][    T1] can: broadcast manager protocol
[    0.704837][    T1] can: netlink gateway - max_hops=1
[    0.706017][    T1] Bluetooth: RFCOMM TTY layer initialized
[    0.706711][    T1] Bluetooth: RFCOMM socket layer initialized
[    0.706915][    T1] Bluetooth: RFCOMM ver 1.11
[    0.707044][    T1] Bluetooth: HIDP (Human Interface Emulation) ver 1.2
[    0.707186][    T1] Bluetooth: HIDP socket layer initialized
[    0.707443][    T1] l2tp_core: L2TP core driver, V2.0
[    0.707679][    T1] l2tp_ppp: PPPoL2TP kernel driver, V2.0
[    0.707793][    T1] tipc: Activated (version 2.0.0)
[    0.709632][    T1] NET: Registered protocol family 30
[    0.711398][    T1] tipc: Started in single node mode
[    0.712663][    T1] NET: Registered protocol family 36
[    0.713891][    T1] NET: Registered protocol family 40
[    0.714985][    T1] registered taskstats version 1
[    0.715198][    T1] Loading compiled-in X.509 certificates
[    0.715505][    T1] page_owner is disabled
[    0.715988][    T1] Key type ._fscrypt registered
[    0.716086][    T1] Key type .fscrypt registered
[    0.716170][    T1] Key type fscrypt-provisioning registered
[    0.727198][    T1] input: gpio-keys as /devices/platform/gpio-keys/input/input0
[    0.735634][    T1] ALSA device list:
[    0.735919][    T1]   No soundcards found.
[    0.739665][    T1] uart-pl011 9000000.pl011: no DMA platform data
[    0.775780][    T1] Freeing unused kernel memory: 3072K
[    0.776889][    T1] Run /init as init process
[    0.815167][    T1] nx679j-v6: init v6 entered pid=1 channels kmsg=0 console=0
nx679j-v6: init v6 entered pid=1 channels kmsg=0 console=0
[    0.829931][    T1] nx679j-v6: pmsg0 unavailable (no pmsg major in /proc/devices: no ramoops this boot)
nx679j-v6: pmsg0 unavailable (no pmsg major in /proc/devices: no ramoops this boot)
[    0.830948][    T1] nx679j-v6: kernel=5.10.66-android12-9-00005-gf6e6376090be-ab8060604 aarch64
nx679j-v6: kernel=5.10.66-android12-9-00005-gf6e6376090be-ab8060604 aarch64
[    0.832367][    T1] nx679j-v6: cmdline=stack_depot_disable=on kasan.stacktrace=off kvm-arm.mode=protected cgroup_disable=pressure cgroup.memory=nokmem console=ttyAMA0 earlycon loglevel=7 panic=10 rdinit=/init
nx679j-v6: cmdline=stack_depot_disable=on kasan.stacktrace=off kvm-arm.mode=protected cgroup_disable=pressure cgroup.memory=nokmem console=ttyAMA0 earlycon loglevel=7 panic=10 rdinit=/init
[    0.834154][    T1] nx679j-v6: configfs usb_gadget dir present=1 rc=0
nx679j-v6: configfs usb_gadget dir present=1 rc=0
[    0.834619][    T1] nx679j-v6: stage2 module chain (device metadata if present, else fallback list)
nx679j-v6: stage2 module chain (device metadata if present, else fallback list)
[    0.835305][    T1] nx679j-v6: modload: no /lib/modules/modules.dep
nx679j-v6: modload: no /lib/modules/modules.dep
[    0.844880][    T1] nx679j-v6: modload indexed 47 .ko files on disk
nx679j-v6: modload indexed 47 .ko files on disk
[    0.859441][    T1] nx679j-v6: modload phy_qcom_emu rc=0 /lib/modules/5.10.66-android12-9-00005-gf6e6376090be-ab8060604/phy-qcom-emu.ko
nx679j-v6: modload phy_qcom_emu rc=0 /lib/modules/5.10.66-android12-9-00005-gf6e6376090be-ab8060604/phy-qcom-emu.ko
[    0.864362][    T1] nx679j-v6: modload repeater rc=0 /lib/modules/5.10.66-android12-9-00005-gf6e6376090be-ab8060604/repeater.ko
nx679j-v6: modload repeater rc=0 /lib/modules/5.10.66-android12-9-00005-gf6e6376090be-ab8060604/repeater.ko
nx679j-v6: modload qcom_scm rc=0 /lib/modules/5.10.66-android12-9-00005-gf6e6376090be-ab8060604/qcom-scm.ko
nx679j-v6: modload phy_msm_snps_eusb2 rc=0 /lib/modules/5.10.66-android12-9-00005-gf6e6376090be-ab8060604/phy-msm-snps-eusb2.ko
nx679j-v6: modload phy_qcom_ufs rc=0 /lib/modules/5.10.66-android12-9-00005-gf6e6376090be-ab8060604/phy-qcom-ufs.ko
nx679j-v6: modload phy_qcom_ufs_qmp_v4_lahaina rc=0 /lib/modules/5.10.66-android12-9-00005-gf6e6376090be-ab8060604/phy-qcom-ufs-qmp-v4-lahaina.ko
nx679j-v6: modload qcom_hwspinlock rc=0 /lib/modules/5.10.66-android12-9-00005-gf6e6376090be-ab8060604/qcom_hwspinlock.ko
nx679j-v6: modload smem rc=0 /lib/modules/5.10.66-android12-9-00005-gf6e6376090be-ab8060604/smem.ko
nx679j-v6: modload minidump rc=0 /lib/modules/5.10.66-android12-9-00005-gf6e6376090be-ab8060604/minidump.ko
nx679j-v6: modload qcom_ipc_logging rc=0 /lib/modules/5.10.66-android12-9-00005-gf6e6376090be-ab8060604/qcom_ipc_logging.ko
nx679j-v6: modload qcom_glink rc=0 /lib/modules/5.10.66-android12-9-00005-gf6e6376090be-ab8060604/qcom_glink.ko
nx679j-v6: modload qcom_glink_spss rc=0 /lib/modules/5.10.66-android12-9-00005-gf6e6376090be-ab8060604/qcom_glink_spss.ko
nx679j-v6: modload phy_qcom_ufs_qmp_14nm rc=0 /lib/modules/5.10.66-android12-9-00005-gf6e6376090be-ab8060604/phy-qcom-ufs-qmp-14nm.ko
nx679j-v6: modload phy_qcom_ufs_qmp_v3 rc=0 /lib/modules/5.10.66-android12-9-00005-gf6e6376090be-ab8060604/phy-qcom-ufs-qmp-v3.ko
nx679j-v6: modload nvmem_qfprom rc=0 /lib/modules/5.10.66-android12-9-00005-gf6e6376090be-ab8060604/nvmem_qfprom.ko
nx679j-v6: modload qti_regmap_debugfs rc=0 /lib/modules/5.10.66-android12-9-00005-gf6e6376090be-ab8060604/qti-regmap-debugfs.ko
nx679j-v6: modload ns rc=0 /lib/modules/5.10.66-android12-9-00005-gf6e6376090be-ab8060604/ns.ko
[    0.932898][    T1] NET: Registered protocol family 42
nx679j-v6: modload qrtr rc=0 /lib/modules/5.10.66-android12-9-00005-gf6e6376090be-ab8060604/qrtr.ko
nx679j-v6: modload qmi_helpers rc=0 /lib/modules/5.10.66-android12-9-00005-gf6e6376090be-ab8060604/qmi_helpers.ko
nx679j-v6: modload qcom_smd rc=0 /lib/modules/5.10.66-android12-9-00005-gf6e6376090be-ab8060604/qcom_smd.ko
nx679j-v6: modload qcom_glink_smem rc=0 /lib/modules/5.10.66-android12-9-00005-gf6e6376090be-ab8060604/qcom_glink_smem.ko
nx679j-v6: modload rproc_qcom_common rc=0 /lib/modules/5.10.66-android12-9-00005-gf6e6376090be-ab8060604/rproc_qcom_common.ko
nx679j-v6: modload pdr_interface rc=0 /lib/modules/5.10.66-android12-9-00005-gf6e6376090be-ab8060604/pdr_interface.ko
nx679j-v6: modload pmic_glink rc=0 /lib/modules/5.10.66-android12-9-00005-gf6e6376090be-ab8060604/pmic_glink.ko
nx679j-v6: modload ucsi_glink rc=0 /lib/modules/5.10.66-android12-9-00005-gf6e6376090be-ab8060604/ucsi_glink.ko
nx679j-v6: modload fsa4480_i2c rc=0 /lib/modules/5.10.66-android12-9-00005-gf6e6376090be-ab8060604/fsa4480-i2c.ko
nx679j-v6: modload altmode_glink rc=0 /lib/modules/5.10.66-android12-9-00005-gf6e6376090be-ab8060604/altmode-glink.ko
nx679j-v6: modload proxy_consumer rc=0 /lib/modules/5.10.66-android12-9-00005-gf6e6376090be-ab8060604/proxy-consumer.ko
nx679j-v6: modload debug_regulator rc=0 /lib/modules/5.10.66-android12-9-00005-gf6e6376090be-ab8060604/debug-regulator.ko
nx679j-v6: modload gdsc_regulator rc=0 /lib/modules/5.10.66-android12-9-00005-gf6e6376090be-ab8060604/gdsc-regulator.ko
nx679j-v6: modload clk_qcom rc=0 /lib/modules/5.10.66-android12-9-00005-gf6e6376090be-ab8060604/clk-qcom.ko
nx679j-v6: modload ssusb_redriver_nb7vpq904m rc=0 /lib/modules/5.10.66-android12-9-00005-gf6e6376090be-ab8060604/ssusb-redriver-nb7vpq904m.ko
nx679j-v6: modload phy_generic rc=0 /lib/modules/5.10.66-android12-9-00005-gf6e6376090be-ab8060604/phy-generic.ko
nx679j-v6: modload phy_msm_snps_hs rc=0 /lib/modules/5.10.66-android12-9-00005-gf6e6376090be-ab8060604/phy-msm-snps-hs.ko
nx679j-v6: modload phy_msm_ssusb_qmp rc=0 /lib/modules/5.10.66-android12-9-00005-gf6e6376090be-ab8060604/phy-msm-ssusb-qmp.ko
nx679j-v6: modload eud rc=0 /lib/modules/5.10.66-android12-9-00005-gf6e6376090be-ab8060604/eud.ko
nx679j-v6: modload dwc3_msm rc=0 /lib/modules/5.10.66-android12-9-00005-gf6e6376090be-ab8060604/dwc3-msm.ko
nx679j-v6: dwc3_msm in -> gadget attempt now (fallback path)
[    6.139025][    T1] nx679j-v6: cycle=901 udc=NONE after 5s
nx679j-v6: cycle=901 udc=NONE after 5s
[    6.143678][    T1] nx679j-v6: modload tmecom_intf rc=0 /lib/modules/5.10.66-android12-9-00005-gf6e6376090be-ab8060604/tmecom-intf.ko
nx679j-v6: modload tmecom_intf rc=0 /lib/modules/5.10.66-android12-9-00005-gf6e6376090be-ab8060604/tmecom-intf.ko
[    6.147904][    T1] nx679j-v6: modload hwkm rc=0 /lib/modules/5.10.66-android12-9-00005-gf6e6376090be-ab8060604/hwkm.ko
nx679j-v6: modload hwkm rc=0 /lib/modules/5.10.66-android12-9-00005-gf6e6376090be-ab8060604/hwkm.ko
[    6.151182][    T1] nx679j-v6: modload crypto_qti_hwkm rc=0 /lib/modules/5.10.66-android12-9-00005-gf6e6376090be-ab8060604/crypto-qti-hwkm.ko
nx679j-v6: modload crypto_qti_hwkm rc=0 /lib/modules/5.10.66-android12-9-00005-gf6e6376090be-ab8060604/crypto-qti-hwkm.ko
[    6.154673][    T1] nx679j-v6: modload crypto_qti_common rc=0 /lib/modules/5.10.66-android12-9-00005-gf6e6376090be-ab8060604/crypto-qti-common.ko
nx679j-v6: modload crypto_qti_common rc=0 /lib/modules/5.10.66-android12-9-00005-gf6e6376090be-ab8060604/crypto-qti-common.ko
[    6.157593][    T1] nx679j-v6: modload ufshcd_crypto_qti rc=0 /lib/modules/5.10.66-android12-9-00005-gf6e6376090be-ab8060604/ufshcd-crypto-qti.ko
nx679j-v6: modload ufshcd_crypto_qti rc=0 /lib/modules/5.10.66-android12-9-00005-gf6e6376090be-ab8060604/ufshcd-crypto-qti.ko
[    6.163955][    T1] nx679j-v6: modload ufs_qcom rc=0 /lib/modules/5.10.66-android12-9-00005-gf6e6376090be-ab8060604/ufs_qcom.ko
nx679j-v6: modload ufs_qcom rc=0 /lib/modules/5.10.66-android12-9-00005-gf6e6376090be-ab8060604/ufs_qcom.ko
[    6.167575][    T1] nx679j-v6: modload phy_qcom_ufs_qmp_v4_cape rc=0 /lib/modules/5.10.66-android12-9-00005-gf6e6376090be-ab8060604/phy-qcom-ufs-qmp-v4-cape.ko
nx679j-v6: modload phy_qcom_ufs_qmp_v4_cape rc=0 /lib/modules/5.10.66-android12-9-00005-gf6e6376090be-ab8060604/phy-qcom-ufs-qmp-v4-cape.ko
[    6.171511][    T1] nx679j-v6: modload phy_qcom_ufs_qmp_v4_diwali rc=0 /lib/modules/5.10.66-android12-9-00005-gf6e6376090be-ab8060604/phy-qcom-ufs-qmp-v4-diwali.ko
nx679j-v6: modload phy_qcom_ufs_qmp_v4_diwali rc=0 /lib/modules/5.10.66-android12-9-00005-gf6e6376090be-ab8060604/phy-qcom-ufs-qmp-v4-diwali.ko
[    6.175089][    T1] nx679j-v6: modload phy_qcom_ufs_qmp_v4_waipio rc=0 /lib/modules/5.10.66-android12-9-00005-gf6e6376090be-ab8060604/phy-qcom-ufs-qmp-v4-waipio.ko
nx679j-v6: modload phy_qcom_ufs_qmp_v4_waipio rc=0 /lib/modules/5.10.66-android12-9-00005-gf6e6376090be-ab8060604/phy-qcom-ufs-qmp-v4-waipio.ko
nx679j-v6: modload nvmem_qcom_spmi_sdam rc=0 /lib/modules/5.10.66-android12-9-00005-gf6e6376090be-ab8060604/nvmem_qcom-spmi-sdam.ko
nx679j-v6: modload source=fallback order=/lib/modules/fallback.order ok=47 fail=0 skip=0 missing=0
nx679j-v6: modload summary loaded=47 skipped=0 failed=0 missing=0 dwc3_seen=1
nx679j-v6: stage3 gadget attempt (wait=30s for a real UDC)
[   36.225971][    T1] nx679j-v6: cycle=0 udc=NONE after 30s
nx679j-v6: cycle=0 udc=NONE after 30s
[   36.226452][    T1] nx679j-v6: stage3 result=-1
nx679j-v6: stage3 result=-1
[   36.235590][    T1] nx679j-v6: rawdump none (no block device yet: is ufs_qcom in?)
nx679j-v6: rawdump none (no block device yet: is ufs_qcom in?)
[   36.240372][    T1] nx679j-v6: cycle=1 uptime=36.22 71.11 logs=63
nx679j-v6: cycle=1 uptime=36.22 71.11 logs=63
[   41.248898][    T1] nx679j-v6: cycle=1 udc=NONE after 5s
nx679j-v6: cycle=1 udc=NONE after 5s
[   51.257861][    T1] nx679j-v6: cycle=2 uptime=51.24 101.11 logs=65
nx679j-v6: cycle=2 uptime=51.24 101.11 logs=65
[   56.264853][    T1] nx679j-v6: cycle=2 udc=NONE after 5s
nx679j-v6: cycle=2 udc=NONE after 5s
[   66.271505][    T1] nx679j-v6: cycle=3 uptime=66.25 131.11 logs=67
nx679j-v6: cycle=3 uptime=66.25 131.11 logs=67
[   71.279179][    T1] nx679j-v6: cycle=3 udc=NONE after 5s
nx679j-v6: cycle=3 udc=NONE after 5s
[   81.285547][    T1] nx679j-v6: cycle=4 uptime=81.27 161.12 logs=69
nx679j-v6: cycle=4 uptime=81.27 161.12 logs=69
[   86.292269][    T1] nx679j-v6: cycle=4 udc=NONE after 5s
nx679j-v6: cycle=4 udc=NONE after 5s
[   96.298738][    T1] nx679j-v6: cycle=5 uptime=96.28 191.12 logs=71
nx679j-v6: cycle=5 uptime=96.28 191.12 logs=71
qemu-system-aarch64: terminating on signal 15 from pid 2696177 (python3)
