qrtr_smd 16384 0 - Live 0xffffffe7cf4cd000
msm_sharedmem 16384 1 - Live 0xffffffe7cf4c8000
ipanetm 16384 0 - Live 0xffffffe7cf573000 (O)
ipa_clientsm 249856 0 - Live 0xffffffe7cf58c000 (O)
rndisipam 69632 1 ipa_clientsm, Live 0xffffffe7cf744000 (O)
ipam 4079616 3 ipanetm,ipa_clientsm,rndisipam, Live 0xffffffe7cf9bd000 (O)
rmnet_core 331776 1 - Live 0xffffffe7cf4d2000 (O)
qcom_spss 28672 0 - Live 0xffffffe7cf4c0000
qcom_glink_spss 20480 1 qcom_spss, Live 0xffffffe7cf4b0000
gsim 274432 1 ipam, Live 0xffffffe7cf979000 (O)
rmnet_ctl 20480 1 rmnet_core, Live 0xffffffe7cf4ba000 (O)
rmnet_wlan 49152 0 - Live 0xffffffe7cf4a3000 (O)
rmnet_sch 16384 0 - Live 0xffffffe7cf587000 (O)
qcom_spmi_pmic 20480 0 - Live 0xffffffe7cf49d000
mac80211 1302528 0 - Live 0xffffffe7cf35e000
qcom_ipcc 24576 7 - Live 0xffffffe7cf357000
glink_pkt 36864 0 - Live 0xffffffe7cf34d000
pmu_scmi 16384 0 - Live 0xffffffe7cf348000
arm_smmu 208896 11 - Live 0xffffffe7cf314000
qti_fixed_regulator 16384 0 - Live 0xffffffe7cf30f000
nvmem_qcom_spmi_sdam 16384 1 - Live 0xffffffe7cf30a000
ufs_qcom 90112 1 - Live 0xffffffe7cf2f3000
clk_rpmh 45056 16 - Live 0xffffffe7cf2e7000
regmap_spmi 16384 1 qcom_spmi_pmic, Live 0xffffffe7cf2e2000
cqhci 53248 0 - Live 0xffffffe7cf2d4000
qcom_rimps 20480 1 - Live 0xffffffe7cf2ce000
msm_qmp 32768 1 - Live 0xffffffe7cf2c5000
pmu_vendor 16384 1 - Live 0xffffffe7cf2c0000
ufshcd_crypto_qti 20480 1 ufs_qcom, Live 0xffffffe7cf2ba000
crypto_qti_common 36864 3 ufs_qcom,cqhci,ufshcd_crypto_qti, Live 0xffffffe7cf2b0000
crypto_qti_hwkm 20480 1 crypto_qti_common, Live 0xffffffe7cf2aa000
msm_drm 2637824 3 - Live 0xffffffe7cf025000 (O)
panel_event_notifier 16384 1 msm_drm, Live 0xffffffe7cf020000
gh_irq_lend 20480 1 msm_drm, Live 0xffffffe7cf01a000
gh_mem_notifier 16384 1 msm_drm, Live 0xffffffe7cf015000
altmode_glink 24576 1 msm_drm, Live 0xffffffe7cf00e000
usb_switch_dp 16384 1 msm_drm, Live 0xffffffe7cf009000
msm_ext_display 16384 1 msm_drm,[permanent], Live 0xffffffe7cf004000
fsa4480_i2c 16384 1 msm_drm, Live 0xffffffe7cefff000
spmi_pmic_arb 53248 1 msm_drm, Live 0xffffffe7ceff1000
msm_mmrm 53248 1 msm_drm, Live 0xffffffe7cefe3000 (O)
pinctrl_waipio 106496 7 - Live 0xffffffe7cefc8000
hwkm 24576 1 crypto_qti_hwkm, Live 0xffffffe7cefc1000
qnoc_diwali 167936 0 - Live 0xffffffe7cef97000
rtc_pm8xxx 16384 1 - Live 0xffffffe7cef92000
phy_qcom_ufs_qmp_v4_diwali 24576 0 - Live 0xffffffe7cef8b000
pinctrl_cape 106496 0 - Live 0xffffffe7cef70000
stub_regulator 16384 0 - Live 0xffffffe7cef6b000
cfg80211 1335296 1 mac80211, Live 0xffffffe7cee24000
smp2p 28672 0 - Live 0xffffffe7cee1c000
dispcc_diwali 61440 0 - Live 0xffffffe7cee0c000
mem_hooks 16384 0 - Live 0xffffffe7cee07000
qnoc_waipio 180224 0 - Live 0xffffffe7cedda000
mhi_cntrl_qcom 49152 0 - Live 0xffffffe7cedcd000
qcom_esoc 98304 1 mhi_cntrl_qcom, Live 0xffffffe7cedb4000
kryo_arm64_edac 16384 0 - Live 0xffffffe7cedaf000
memory_dump_v2 24576 0 - Live 0xffffffe7ceda8000
bwmon 65536 0 - Live 0xffffffe7ced97000
gh_virt_wdt 16384 0 - Live 0xffffffe7ced92000
c1dcvs_scmi 24576 0 - Live 0xffffffe7ced8b000
socinfo 32768 0 - Live 0xffffffe7ced82000
mem_buf 45056 0 - Live 0xffffffe7ced76000
qti_regmap_debugfs 28672 2 qcom_spmi_pmic,fsa4480_i2c, Live 0xffffffe7ced6e000
gcc_diwali 81920 0 - Live 0xffffffe7ced59000
qcom_gic_intr_routing 28672 0 [permanent], Live 0xffffffe7ced51000
qcom_wdt_core 32768 1 gh_virt_wdt, Live 0xffffffe7ced48000
pinctrl_diwali 86016 0 - Live 0xffffffe7ced32000
dispcc_waipio 65536 29 - Live 0xffffffe7ced21000
rpmh_regulator 32768 64 - Live 0xffffffe7ced18000
gcc_waipio 110592 83 - Live 0xffffffe7cecfc000
reboot_mode 16384 0 - Live 0xffffffe7cecf7000
tmecom_intf 28672 1 hwkm, Live 0xffffffe7cecef000
msm_geni_serial 81920 0 - Live 0xffffffe7cecda000
iommu_logger 16384 1 arm_smmu, Live 0xffffffe7cecd5000
qcom_cpu_vendor_hooks 20480 0 - Live 0xffffffe7ceccf000
qcom_q6v5_pas 45056 0 - Live 0xffffffe7cecc3000
qcom_q6v5 20480 1 qcom_q6v5_pas, Live 0xffffffe7cecbd000
qcom_pil_info 20480 1 qcom_q6v5_pas, Live 0xffffffe7cecb7000
qcom_dcvs 73728 1 bwmon, Live 0xffffffe7ceca4000
dcvs_fp 16384 1 qcom_dcvs, Live 0xffffffe7cec9f000
llcc_qcom 32768 1 msm_drm, Live 0xffffffe7cec96000
qcom_pmu_lib 40960 1 pmu_scmi, Live 0xffffffe7cec8b000
qcom_llcc_pmu 24576 1 qcom_pmu_lib, Live 0xffffffe7cec84000
icc_rpmh 24576 2 qnoc_diwali,qnoc_waipio, Live 0xffffffe7cec7d000
icc_bcm_voter 16384 1 icc_rpmh, Live 0xffffffe7cec78000
qcom_rpmh 57344 5 clk_rpmh,msm_drm,rpmh_regulator,dcvs_fp,icc_bcm_voter,[permanent], Live 0xffffffe7cec69000
cmd_db 16384 5 clk_rpmh,rpmh_regulator,dcvs_fp,icc_rpmh,qcom_rpmh,[permanent], Live 0xffffffe7cec64000
qnoc_qos 16384 2 qnoc_diwali,qnoc_waipio, Live 0xffffffe7cec5f000
msm_geni_se 57344 1 msm_geni_serial, Live 0xffffffe7cec50000
pinctrl_msm 57344 23 msm_drm,pinctrl_waipio,pinctrl_cape,pinctrl_diwali, Live 0xffffffe7cec41000
qcom_iommu_util 77824 2 arm_smmu,msm_drm, Live 0xffffffe7cec2d000
icc_debug 16384 1 icc_rpmh, Live 0xffffffe7cec28000
gh_ctrl 20480 0 - Live 0xffffffe7cec22000
phy_qcom_ufs_qmp_v4_waipio 24576 1 - Live 0xffffffe7cec1b000
c1dcvs_vendor 16384 1 - Live 0xffffffe7cec16000
usb_f_gsi 90112 0 - Live 0xffffffe7cebff000
dwc3_msm 135168 2 msm_drm,usb_f_gsi, Live 0xffffffe7cebdd000
eud 32768 0 - Live 0xffffffe7cebd4000
phy_msm_ssusb_qmp 32768 3 - Live 0xffffffe7cebcb000
phy_msm_snps_hs 28672 2 - Live 0xffffffe7cebc3000
phy_generic 20480 0 - Live 0xffffffe7cebbd000
ssusb_redriver_nb7vpq904m 40960 1 dwc3_msm, Live 0xffffffe7cebb2000
ucsi_glink 28672 3 fsa4480_i2c,dwc3_msm,ssusb_redriver_nb7vpq904m, Live 0xffffffe7cebaa000
pmic_glink 24576 2 altmode_glink,ucsi_glink, Live 0xffffffe7ceba3000
pdr_interface 24576 1 pmic_glink, Live 0xffffffe7ceb9c000
ipa_fmwk 126976 6 ipa_clientsm,rndisipam,ipam,rmnet_core,rmnet_ctl,usb_f_gsi, Live 0xffffffe7ceb7c000
phy_qcom_ufs_qmp_v4_cape 24576 0 - Live 0xffffffe7ceb75000
qcom_pdc 28672 0 - Live 0xffffffe7ceb6d000
qcom_reboot_reason 16384 0 - Live 0xffffffe7ceb68000
qcom_aoss 32768 2 msm_qmp,qcom_q6v5_pas, Live 0xffffffe7ceb5f000
qcom_dload_mode 24576 0 - Live 0xffffffe7ceb58000
mdt_loader 16384 3 ipam,qcom_spss,qcom_q6v5_pas, Live 0xffffffe7ceb53000
qcom_sysmon 32768 4 qcom_spss,qcom_esoc,qcom_q6v5_pas,qcom_q6v5, Live 0xffffffe7ceb4a000
qcom_dma_heaps 65536 1 mem_buf,[permanent], Live 0xffffffe7ceb39000
mem_buf_dev 106496 2 mem_buf,qcom_dma_heaps, Live 0xffffffe7ceb1e000
secure_buffer 40960 4 msm_sharedmem,arm_smmu,qcom_dma_heaps,mem_buf_dev, Live 0xffffffe7ceb13000
qcom_scm 118784 16 ipam,qcom_spss,arm_smmu,ufs_qcom,crypto_qti_hwkm,msm_drm,memory_dump_v2,qcom_wdt_core,qcom_q6v5_pas,pinctrl_msm,eud,phy_msm_snps_hs,qcom_pdc,qcom_dload_mode,mdt_loader,secure_buffer, Live 0xffffffe7ceaf5000
msm_dma_iommu_mapping 28672 2 msm_drm,qcom_dma_heaps, Live 0xffffffe7ceaed000
mhi 139264 2 ipam,mhi_cntrl_qcom, Live 0xffffffe7ceaca000
pci_msm_drv 245760 2 mhi_cntrl_qcom,mhi, Live 0xffffffe7cea8d000
rproc_qcom_common 45056 8 ipam,qcom_spss,qcom_q6v5_pas,qcom_q6v5,pmic_glink,pdr_interface,qcom_sysmon,pci_msm_drv, Live 0xffffffe7cea81000
qcom_glink_smem 16384 1 rproc_qcom_common, Live 0xffffffe7cea7c000
qcom_glink 53248 5 qrtr_smd,qcom_spss,qcom_glink_spss,rproc_qcom_common,qcom_glink_smem, Live 0xffffffe7cea6e000
qcom_smd 32768 1 rproc_qcom_common, Live 0xffffffe7cea65000
smp2p_sleepstate 16384 0 [permanent], Live 0xffffffe7cea60000
phy_qcom_ufs 28672 4 ufs_qcom,phy_qcom_ufs_qmp_v4_diwali,phy_qcom_ufs_qmp_v4_waipio,phy_qcom_ufs_qmp_v4_cape, Live 0xffffffe7cea58000
qmi_helpers 28672 4 ipam,rmnet_core,pdr_interface,qcom_sysmon, Live 0xffffffe7cea50000
qrtr 53248 49 qrtr_smd, Live 0xffffffe7cea42000
ns 40960 1 qrtr, Live 0xffffffe7cea37000
qcom_ipc_logging 40960 26 ipanetm,ipa_clientsm,rndisipam,ipam,gsim,rmnet_ctl,glink_pkt,ufs_qcom,msm_qmp,altmode_glink,smp2p,mhi_cntrl_qcom,qcom_esoc,msm_geni_serial,qcom_rpmh,msm_geni_se,usb_f_gsi,dwc3_msm,ucsi_glink,qcom_pdc,qcom_aoss,mhi,pci_msm_drv,qcom_glink,qrtr,ns,[permanent], Live 0xffffffe7cea2c000
minidump 1130496 4 memory_dump_v2,qcom_wdt_core,qcom_dload_mode,qcom_ipc_logging, Live 0xffffffe7ce917000
smem 24576 10 ipam,qcom_glink_spss,msm_qmp,smp2p,socinfo,qcom_q6v5,rproc_qcom_common,qcom_glink_smem,qcom_smd,minidump, Live 0xffffffe7ce910000
qcom_hwspinlock 16384 1 - Live 0xffffffe7ce90b000
sched_walt 405504 0 [permanent], Live 0xffffffe7ce8a7000
qcom_cpufreq_hw 32768 1 sched_walt, Live 0xffffffe7ce89e000
gh_rm_drv 61440 4 msm_drm,gh_irq_lend,gh_mem_notifier,mem_buf_dev, Live 0xffffffe7ce88e000
gh_arm_drv 16384 1 gh_rm_drv, Live 0xffffffe7ce889000
gh_msgq 24576 3 msm_drm,mem_buf,gh_rm_drv, Live 0xffffffe7ce882000
gh_dbl 24576 1 gh_rm_drv, Live 0xffffffe7ce87b000
clk_dummy 16384 1 gcc_waipio, Live 0xffffffe7ce876000
clk_qcom 225280 8 ufs_qcom,msm_mmrm,dispcc_diwali,gcc_diwali,dispcc_waipio,gcc_waipio,dwc3_msm,clk_dummy, Live 0xffffffe7ce83e000
gdsc_regulator 24576 7 clk_qcom, Live 0xffffffe7ce837000
proxy_consumer 16384 3 qti_fixed_regulator,rpmh_regulator,gdsc_regulator, Live 0xffffffe7ce832000
debug_regulator 40960 4 qti_fixed_regulator,stub_regulator,rpmh_regulator,gdsc_regulator, Live 0xffffffe7ce827000
