           CPU0       CPU1       CPU2       CPU3       CPU4       CPU5       CPU6       CPU7       
 11:       1863        210        191         79        819        787        504      56558     GICv3  27 Level     arch_timer
 13:          0          0          0          0          0          0          0          0     GICv3  38 Level     arch_mem_timer
 15:          0          0          0          0          0          0          0          0     GICv3 962 Edge      qcom-scm
 16:          0          0          0          0          0          0          0          0     GICv3  62 Level     dcvsh-irq-0
 17:          0          0          0          0          1          0          0          0     GICv3  63 Level     dcvsh-irq-4
 18:          0          0          0          0          0          0          0          1     GICv3  51 Level     dcvsh-irq-7
 21:         11          0          0          0          0          0          0          0     GICv3  94 Level     qcom_rimps
 22:          0          0          0          0          0          0          0          0     GICv3  23 Level     arm-pmu
 24:          0          0          0          0          0          0          0          0     GICv3 610 Edge      q6v5 wdog
 25:          0          0          0          0          0          0          0          0     GICv3 296 Edge      q6v5 wdog
 26:          0          0          0          0          0          0          0          0     GICv3 384 Edge      generic-irq
 28:        337          0          0          0          0          0          0          0     GICv3 261 Level     ipcc_0
 30:       3844          0          0          0          0          0          0          0     GICv3 297 Level     ufshcd
 35:       5310          0          0          0          0          0          0          0     GICv3  37 Level     apps_rsc
 36:          0          0          0          0          0          0          0          0     GICv3 161 Level     disp_rsc
 37:         60          0          0          0          0          0          0          0     GICv3 613 Level     190b6400.qcom,bwmon-llcc
 38:          9          0          0          0          0          0          0          0     GICv3 113 Level     19091000.qcom,bwmon-ddr
 39:          3          0          0          0          0          0          0          0     GICv3 686 Edge      ipa
 40:         61          0          0          0          0          0          0          0     GICv3 464 Level     gsi
 85:          2          0          0          0          0          0          0          0     GICv3 619 Level     msm_serial_geni0
112:          0          0          0          0          0          0          0          0     GICv3  97 Level     arm-smmu global fault
113:          0          0          0          0          0          0          0          0     GICv3 129 Level     arm-smmu-context-fault
114:          0          0          0          0          0          0          0          0     GICv3 130 Level     arm-smmu-context-fault
115:          0          0          0          0          0          0          0          0     GICv3 131 Level     arm-smmu-context-fault
116:          0          0          0          0          0          0          0          0     GICv3 132 Level     arm-smmu-context-fault
117:          0          0          0          0          0          0          0          0     GICv3 133 Level     arm-smmu-context-fault
118:          0          0          0          0          0          0          0          0     GICv3 134 Level     arm-smmu-context-fault
119:          0          0          0          0          0          0          0          0     GICv3 135 Level     arm-smmu-context-fault
120:          0          0          0          0          0          0          0          0     GICv3 136 Level     arm-smmu-context-fault
121:          0          0          0          0          0          0          0          0     GICv3 137 Level     arm-smmu-context-fault
122:          0          0          0          0          0          0          0          0     GICv3 138 Level     arm-smmu-context-fault
123:          0          0          0          0          0          0          0          0     GICv3 139 Level     arm-smmu-context-fault
212:          0          0          0          0          0          0          0          0     GICv3 172 Edge      int_global_int
259:          0          0          0          0          0          0          0          0     GICv3 115 Level     msm_drm
291:          0          0          0          0          0          0          0          0     GICv3  32 Edge      apps_wdog_bark
292:          0          0          0          0          0          0          0          0     GICv3 960 Edge      gh_msgq_tx_0
293:          0          0          0          0          0          0          0          0     GICv3 961 Edge      gh_msgq_rx_0
296:          0          0          0          0          0          0          0          0       PDC  11 Level     eud_irq
297:          0          0          0          0          0          0          0          0     GICv3 162 Level     pwr_event_irq
298:          0          0          0          0          0          0          0          0       PDC  14 Edge      dp_hs_phy_irq
299:          0          0          0          0          0          0          0          0       PDC  15 Edge      dm_hs_phy_irq
300:          0          0          0          0          0          0          0          0       PDC  17 Level     ss_phy_irq
301:       3750          0          0          0          0          0          0          0     GICv3 165 Level     dwc3-msm, dwc3
302:          0          0          0          0          0          0          0          0       sde  12 Edge      dp_display_isr
303:          0          0          0          0          0          0          0          0       sde   4 Edge      dsi_ctrl
304:          0          0          0          0          0          0          0          0   msmgpio  96 Edge      msm_pcie_wake
305:          0          0          0          0          0          0          0          0   msmgpio  79 Edge      hs_uart_wakeup
306:          4          0          0          0          0          0          0          0      ipcc   0 Edge      aoss-qmp
307:          0          0          0          0          0          0          0          0      ipcc 196610 Edge      smp2p
308:          0          0          0          0          0          0          0          0      ipcc 262146 Edge      smp2p
309:          0          0          0          0          0          0          0          0      ipcc 393218 Edge      smp2p
310:          6          0          0          0          0          0          0          0      ipcc 131074 Edge      smp2p
311:          2          0          0          0          0          0          0          0      ipcc 1507328 Edge      qcom,qmp-tme
312:          0          0          0          0          0          0          0          0       PDC   6 Edge      q6v5 wdog
313:          0          0          0          0          0          0          0          0     smp2p   0 Edge      q6v5 fatal
314:          0          0          0          0          0          0          0          0     smp2p   1 Edge      q6v5 ready
315:          0          0          0          0          0          0          0          0     smp2p   2 Edge      q6v5 handover
316:          0          0          0          0          0          0          0          0     smp2p   3 Edge      q6v5 stop
317:          0          0          0          0          0          0          0          0     smp2p   0 Edge      q6v5 fatal
318:          0          0          0          0          0          0          0          0     smp2p   1 Edge      q6v5 ready
319:          0          0          0          0          0          0          0          0     smp2p   2 Edge      q6v5 handover
320:          0          0          0          0          0          0          0          0     smp2p   3 Edge      q6v5 stop
321:          0          0          0          0          0          0          0          0       PDC   9 Edge      q6v5 wdog
322:          0          0          0          0          0          0          0          0     smp2p   0 Edge      q6v5 fatal
323:          0          0          0          0          0          0          0          0     smp2p   1 Edge      q6v5 ready
324:          0          0          0          0          0          0          0          0     smp2p   2 Edge      q6v5 handover
325:          0          0          0          0          0          0          0          0     smp2p   3 Edge      q6v5 stop
326:          0          0          0          0          0          0          0          0     smp2p   0 Edge      q6v5 fatal
327:          0          0          0          0          0          0          0          2     smp2p   1 Edge      q6v5 ready
328:          0          0          0          0          0          0          0          2     smp2p   2 Edge      q6v5 handover
329:          0          0          0          0          0          0          0          0     smp2p   3 Edge      q6v5 stop
330:          0          0          0          0          0          0          0          1     smp2p   7 Edge      q6v5 shutdown-ack
331:          0          0          0          0          0          0          0          0     smp2p   0 Edge      smp2p_sleepstate
334:          0          0          0          0          0          0          0          0  pmic_arb 102826394 Edge      pm8xxx_rtc_alarm
356:          0          0          0          0          0          0          0          0     smp2p   0 Edge      ipa_smp2p_clk_vote
358:        357          0          0          0          0          0          0          0      ipcc 131072 Edge      glink-native-modem
359:          0          0          0          0          0          0          0          0  ITS-pMSI   0 Edge      gsi_msi
360:          0          0          0          0          0          0          0          0  ITS-pMSI   1 Edge      gsi_msi
IPI0:       116        192        190        107       2367       2242       2281      23520       Rescheduling interrupts
IPI1:     10077        561        214        301        454        479        608       2632       Function call interrupts
IPI2:         0          0          0          0          0          0          0          0       CPU stop interrupts
IPI3:         0          0          0          0          0          0          0          0       CPU stop (for crash dump) interrupts
IPI4:         0          0          0          0          0          0          0          0       Timer broadcast interrupts
IPI5:       714         21          6          1        312        252        244      42434       IRQ work interrupts
IPI6:         0          0          0          0          0          0          0          0       CPU wake-up interrupts
Err:          0
