image   /home/user/nx679j-stock/experiments/20260916-122926-native-baseline/candidate-stockkernel-v4/boot_b-stockkernel-openwrt-v4.img
        61169664 bytes sha256=1a46f350376ba5fc609e2da52cce22e9086fc3b850d3ed22f425066e4e3f941b
ramdisk sha256=e87ae90d25d659cfc811496ac4e92a83a2f6475d451e6610d36b075862489589 entries=1541
init    /home/user/nx679j-stock/experiments/20260916-122926-native-baseline/candidate-init-v4.sh
        sha256=79b6213a3a18e9a7a2c763a7789614bffa7742eb480acc312fb9093cc3c9a306
module dir inside ramdisk: lib/modules/5.10.66-android12-9-00005-gf6e6376090be-ab8060604
names in init list: 40   mixed-spelling aliases: {'nvmem_qcom_spmi_sdam': 'nvmem_qcom-spmi-sdam.ko'}

 #  init list name                   resolved file                      spelling
--------------------------------------------------------------------------------------------
 1  phy_qcom_emu                     phy-qcom-emu.ko                    all-hyphens
 2  phy_msm_snps_eusb2               phy-msm-snps-eusb2.ko              all-hyphens
 3  repeater                         repeater.ko                        literal
 4  phy_qcom_ufs_qmp_v4_lahaina      phy-qcom-ufs-qmp-v4-lahaina.ko     all-hyphens
 5  qcom_glink_spss                  qcom_glink_spss.ko                 literal
 6  phy_qcom_ufs_qmp_14nm            phy-qcom-ufs-qmp-14nm.ko           all-hyphens
 7  phy_qcom_ufs_qmp_v3              phy-qcom-ufs-qmp-v3.ko             all-hyphens
 8  nvmem_qfprom                     nvmem_qfprom.ko                    literal
 9  fsa4480_i2c                      fsa4480-i2c.ko                     all-hyphens
10  altmode_glink                    altmode-glink.ko                   all-hyphens
11  dwc3_msm                         dwc3-msm.ko                        all-hyphens
12  phy_msm_ssusb_qmp                phy-msm-ssusb-qmp.ko               all-hyphens
13  phy_msm_snps_hs                  phy-msm-snps-hs.ko                 all-hyphens
14  ssusb_redriver_nb7vpq904m        ssusb-redriver-nb7vpq904m.ko       all-hyphens
15  ucsi_glink                       ucsi_glink.ko                      literal
16  pmic_glink                       pmic_glink.ko                      literal
17  pdr_interface                    pdr_interface.ko                   literal
18  qmi_helpers                      qmi_helpers.ko                     literal
19  rproc_qcom_common                rproc_qcom_common.ko               literal
20  qcom_smd                         qcom_smd.ko                        literal
21  qcom_glink_smem                  qcom_glink_smem.ko                 literal
22  qcom_glink                       qcom_glink.ko                      literal
23  ufs_qcom                         ufs_qcom.ko                        literal
24  ufshcd_crypto_qti                ufshcd-crypto-qti.ko               all-hyphens
25  qti_regmap_debugfs               qti-regmap-debugfs.ko              all-hyphens
26  phy_qcom_ufs_qmp_v4_cape         phy-qcom-ufs-qmp-v4-cape.ko        all-hyphens
27  phy_qcom_ufs_qmp_v4_diwali       phy-qcom-ufs-qmp-v4-diwali.ko      all-hyphens
28  phy_qcom_ufs_qmp_v4_waipio       phy-qcom-ufs-qmp-v4-waipio.ko      all-hyphens
29  phy_qcom_ufs                     phy-qcom-ufs.ko                    all-hyphens
30  nvmem_qcom_spmi_sdam             nvmem_qcom-spmi-sdam.ko            mixed-spelling alias
31  crypto_qti_common                crypto-qti-common.ko               all-hyphens
32  crypto_qti_hwkm                  crypto-qti-hwkm.ko                 all-hyphens
33  clk_qcom                         clk-qcom.ko                        all-hyphens
34  gdsc_regulator                   gdsc-regulator.ko                  all-hyphens
35  proxy_consumer                   proxy-consumer.ko                  all-hyphens
36  debug_regulator                  debug-regulator.ko                 all-hyphens
37  qcom_ipc_logging                 qcom_ipc_logging.ko                literal
38  qcom_scm                         qcom-scm.ko                        all-hyphens
39  minidump                         minidump.ko                        literal
40  smem                             smem.ko                            literal

resolved: 40/40
NOT RESOLVED: none - no RESOLUTION-FAILED line is reachable for any name in the v4 list
resolution mechanism histogram: {"all-hyphens": 24, "literal": 15, "mixed-spelling alias": 1}
mixed-spelling file confirmed: nvmem_qcom_spmi_sdam -> nvmem_qcom-spmi-sdam.ko (present=True)
control: the v3 buggy spellings would have missed 25 of these names (they only tried the literal form twice)
json -> /home/user/nx679j-stock/experiments/20260916-122926-native-baseline/candidate-stockkernel-v4/module-resolution-static.json
