[    0.000000][    T0] Booting Linux on physical CPU 0x0000000000 [0x411fd070]
[    0.000000][    T0] Linux version 5.10.66-android12-9-00005-gf6e6376090be-ab8060604 (build-user@build-host) (Android (7284624, based on r416183b) clang version 12.0.5 (https://android.googlesource.com/toolchain/llvm-project c935d99d7cf2016289302412d708641d52d2f7ee), LLD 12.0.5 (/buildbot/src/android/llvm-toolchain/out/llvm-project/lld c935d99d7cf2016289302412d708641d52d2f7ee)) #1 SMP PREEMPT Fri Jan 7 14:51:36 UTC 2022
[    0.000000][    T0] Machine model: linux,dummy-virt
[    0.000000][    T0] Stack Depot is disabled
[    0.000000][    T0] earlycon: pl11 at MMIO 0x00************** (options '')
[    0.000000][    T0] printk: bootconsole [pl11] enabled
[    0.000000][    T0] efi: UEFI not found.
[    0.000000][    T0] Zone ranges:
[    0.000000][    T0]   DMA32    [mem 0x00**************-0x00000000bfffffff]
[    0.000000][    T0]   Normal   empty
[    0.000000][    T0] Movable zone start for each node
[    0.000000][    T0] Early memory node ranges
[    0.000000][    T0]   node   0: [mem 0x00**************-0x00000000bfffffff]
[    0.000000][    T0] Initmem setup node 0 [mem 0x00**************-0x00000000bfffffff]
[    0.000000][    T0] On node 0 totalpages: 524288
[    0.000000][    T0]   DMA32 zone: 8192 pages used for memmap
[    0.000000][    T0]   DMA32 zone: 0 pages reserved
[    0.000000][    T0]   DMA32 zone: 524288 pages, LIFO batch:63
[    0.000000][    T0] cma: Reserved 16 MiB at 0x00000000bc800000
[    0.000000][    T0] psci: probing for conduit method from DT.
[    0.000000][    T0] psci: PSCIv1.1 detected in firmware.
[    0.000000][    T0] psci: Using standard PSCI v0.2 function IDs
[    0.000000][    T0] psci: Trusted OS migration not required
[    0.000000][    T0] psci: SMC Calling Convention v1.0
[    0.000000][    T0] percpu: Embedded 33 pages/cpu s95960 r8192 d31016 u135168
[    0.000000][    T0] pcpu-alloc: s95960 r8192 d31016 u135168 alloc=33*4096
[    0.000000][    T0] pcpu-alloc: [0] 0 [0] 1 
[    0.000000][    T0] Detected PIPT I-cache on CPU0
[    0.000000][    T0] CPU features: SYS_ID_AA64MMFR1_EL1[11:8]: already set to 0
[    0.000000][    T0] CPU features: detected: ARM erratum 832075
[    0.000000][    T0] CPU features: detected: ARM erratum 834220
[    0.000000][    T0] CPU features: detected: Spectre-v3a
[    0.000000][    T0] CPU features: kernel page table isolation forced ON by KASLR
[    0.000000][    T0] CPU features: detected: Kernel page table isolation (KPTI)
[    0.000000][    T0] CPU features: detected: Spectre-v2
[    0.000000][    T0] CPU features: detected: Spectre-v4
[    0.000000][    T0] CPU features: detected: ARM errata 1165522, 1319367, or 1530923
[    0.000000][    T0] Built 1 zonelists, mobility grouping on.  Total pages: 516096
[    0.000000][    T0] Kernel command line: stack_depot_disable=on kasan.stacktrace=off kvm-arm.mode=protected cgroup_disable=pressure cgroup.memory=nokmem console=ttyAMA0 earlycon loglevel=8 panic=10 rdinit=/init
[    0.000000][    T0] cgroup: Disabling pressure control group feature
[    0.000000][    T0] Dentry cache hash table entries: 262144 (order: 9, 2097152 bytes, linear)
[    0.000000][    T0] Inode-cache hash table entries: 131072 (order: 8, 1048576 bytes, linear)
[    0.000000][    T0] mem auto-init: stack:all(zero), heap alloc:on, heap free:off
[    0.000000][    T0] Memory: 1990780K/2097152K available (28800K kernel code, 2088K rwdata, 10664K rodata, 3072K init, 969K bss, 89988K reserved, 16384K cma-reserved)
[    0.000000][    T0] random: get_random_u64 called from kmem_cache_open+0x2c/0x39c with crng_init=0
[    0.000000][    T0] SLUB: HWalign=64, Order=0-3, MinObjects=0, CPUs=2, Nodes=1
[    0.000000][    T0] rcu: Preemptible hierarchical RCU implementation.
[    0.000000][    T0] rcu: 	RCU event tracing is enabled.
[    0.000000][    T0] rcu: 	RCU dyntick-idle grace-period acceleration is enabled.
[    0.000000][    T0] rcu: 	RCU restricting CPUs from NR_CPUS=32 to nr_cpu_ids=2.
[    0.000000][    T0] 	Trampoline variant of Tasks RCU enabled.
[    0.000000][    T0] 	Tracing variant of Tasks RCU enabled.
[    0.000000][    T0] rcu: RCU calculated value of scheduler-enlistment delay is 25 jiffies.
[    0.000000][    T0] rcu: Adjusting geometry for rcu_fanout_leaf=16, nr_cpu_ids=2
[    0.000000][    T0] NR_IRQS: 64, nr_irqs: 64, preallocated irqs: 0
[    0.000000][    T0] GICv2m: range[mem 0x08020000-0x08020fff], SPI[80:143]
[    0.000000][    T0] rcu: 	Offload RCU callbacks from CPUs: (none).
[    0.000000][    T0] kfence: initialized - using 524288 bytes for 63 objects at 0x(____ptrval____)-0x(____ptrval____)
[    0.000000][    T0] arch_timer: cp15 timer(s) running at 62.50MHz (virt).
[    0.000000][    T0] clocksource: arch_sys_counter: mask: 0xffffffffffffff max_cycles: 0x1cd42e208c, max_idle_ns: 881590405314 ns
[    0.000040][    T0] sched_clock: 56 bits at 62MHz, resolution 16ns, wraps every 4398046511096ns
[    0.002613][    T0] Calibrating delay loop (skipped), value calculated using timer frequency.. 125.00 BogoMIPS (lpj=250000)
[    0.002851][    T0] pid_max: default: 32768 minimum: 301
[    0.005639][    T0] LSM: Security Framework initializing
[    0.006286][    T0] SELinux:  Initializing.
[    0.006753][    T0] Mount-cache hash table entries: 4096 (order: 3, 32768 bytes, linear)
[    0.006873][    T0] Mountpoint-cache hash table entries: 4096 (order: 3, 32768 bytes, linear)
[    0.027283][    T1] /cpus/cpu-map: empty cluster
[    0.035089][    T1] rcu: Hierarchical SRCU implementation.
[    0.037978][    T1] EFI services will not be available.
[    0.038796][    T1] smp: Bringing up secondary CPUs ...
[    0.043624][    T0] Detected PIPT I-cache on CPU1
[    0.044168][    T0] CPU1: Booted secondary processor 0x0000000001 [0x411fd070]
[    0.046366][    T1] smp: Brought up 1 node, 2 CPUs
[    0.046611][    T1] SMP: Total of 2 processors activated.
[    0.046759][    T1] CPU features: detected: 32-bit EL0 Support
[    0.046866][    T1] CPU features: detected: CRC32 instructions
[    0.046974][    T1] CPU features: detected: 32-bit EL1 Support
[    0.047065][    T1] CPU features: detected: Protected KVM
[    0.049537][    T1] CPU features: emulated: Privileged Access Never (PAN) using TTBR0_EL1 switching
[    0.123998][    T1] CPU: All CPU(s) started at EL1
[    0.124595][   T14] alternatives: patching kernel code
[    0.143416][    T1] Registered cp15_barrier emulation handler
[    0.143650][    T1] Registered setend emulation handler
[    0.143832][    T1] KASLR enabled
[    0.144750][    T1] clocksource: jiffies: mask: 0xffffffff max_cycles: 0xffffffff, max_idle_ns: 76************** ns
[    0.145001][    T1] futex hash table entries: 512 (order: 3, 32768 bytes, linear)
[    0.148198][    T1] pinctrl core: initialized pinctrl subsystem
[    0.158084][    T1] NET: Registered protocol family 16
[    0.238129][    T1] DMA: preallocated 256 KiB GFP_KERNEL pool for atomic allocations
[    0.238884][    T1] DMA: preallocated 256 KiB GFP_KERNEL|GFP_DMA32 pool for atomic allocations
[    0.239266][    T1] audit: initializing netlink subsys (disabled)
[    0.240762][   T24] audit: type=2000 audit(0.168:1): state=initialized audit_enabled=0 res=1
[    0.244766][    T1] thermal_sys: Registered thermal governor 'step_wise'
[    0.244808][    T1] thermal_sys: Registered thermal governor 'user_space'
[    0.244910][    T1] thermal_sys: Registered thermal governor 'power_allocator'
[    0.245604][    T1] cpuidle: using governor menu
[    0.246460][    T1] hw-breakpoint: found 6 breakpoint and 4 watchpoint registers.
[    0.246992][    T1] ASID allocator initialised with 32768 entries
[    0.247735][    T1] Serial: AMBA PL011 UART driver
[    0.262540][    T1] 9000000.pl011: ttyAMA0 at MMIO 0x9000000 (irq = 47, base_baud = 0) is a PL011 rev1
[    0.263390][    T1] printk: console [ttyAMA0] enabled
[    0.263390][    T1] printk: console [ttyAMA0] enabled
[    0.263675][    T1] printk: bootconsole [pl11] disabled
[    0.263675][    T1] printk: bootconsole [pl11] disabled
[    0.292430][    T1] iommu: Default domain type: Translated 
[    0.294417][    T1] SCSI subsystem initialized
[    0.295042][    T1] usbcore: registered new interface driver usbfs
[    0.295414][    T1] usbcore: registered new interface driver hub
[    0.295572][    T1] usbcore: registered new device driver usb
[    0.296044][    T1] mc: Linux media interface: v0.10
[    0.296164][    T1] videodev: Linux video capture interface: v2.00
[    0.296659][    T1] EDAC MC: Ver: 3.0.0
[    0.299403][    T1] Advanced Linux Sound Architecture Driver Initialized.
[    0.304641][    T1] Bluetooth: Core ver 2.22
[    0.304830][    T1] NET: Registered protocol family 31
[    0.304900][    T1] Bluetooth: HCI device and connection manager initialized
[    0.305108][    T1] Bluetooth: HCI socket layer initialized
[    0.305210][    T1] Bluetooth: L2CAP socket layer initialized
[    0.305495][    T1] Bluetooth: SCO socket layer initialized
[    0.306483][    T1] nfc: nfc_init: NFC Core ver 0.1
[    0.306687][    T1] NET: Registered protocol family 39
[    0.307955][    T1] clocksource: Switched to clocksource arch_sys_counter
[    0.377534][    T1] VFS: Disk quotas dquot_6.6.0
[    0.377827][    T1] VFS: Dquot-cache hash table entries: 512 (order 0, 4096 bytes)
[    0.379755][    T1] NET: Registered protocol family 2
[    0.380839][    T1] IP idents hash table entries: 32768 (order: 6, 262144 bytes, linear)
[    0.385720][    T1] tcp_listen_portaddr_hash hash table entries: 1024 (order: 2, 16384 bytes, linear)
[    0.386004][    T1] TCP established hash table entries: 16384 (order: 5, 131072 bytes, linear)
[    0.386346][    T1] TCP bind hash table entries: 16384 (order: 6, 262144 bytes, linear)
[    0.386563][    T1] TCP: Hash tables configured (established 16384 bind 16384)
[    0.387450][    T1] UDP hash table entries: 1024 (order: 3, 32768 bytes, linear)
[    0.387702][    T1] UDP-Lite hash table entries: 1024 (order: 3, 32768 bytes, linear)
[    0.388866][    T1] NET: Registered protocol family 1
[    0.389151][    T1] NET: Registered protocol family 44
[    0.389392][    T1] PCI: CLS 0 bytes, default 64
[    0.394582][    T1] Trying to unpack rootfs image as initramfs...
[    0.415120][    T1] Freeing initrd memory: 2296K
[    0.420241][    T1] hw perfevents: enabled with armv8_pmuv3 PMU driver, 7 counters available
[    0.420851][    T1] kvm [1]: HYP mode not available
[    0.426948][    T1] Initialise system trusted keyrings
[    0.428324][    T1] workingset: timestamp_bits=46 max_order=19 bucket_order=0
[    0.435877][    T1] fuse: init (API version 7.32)
[    0.453245][    T1] Key type asymmetric registered
[    0.453478][    T1] Asymmetric key parser 'x509' registered
[    0.453776][    T1] Block layer SCSI generic (bsg) driver version 0.4 loaded (major 241)
[    0.454244][    T1] io scheduler mq-deadline registered
[    0.454428][    T1] io scheduler kyber registered
[    0.454787][    T1] io scheduler bfq registered
[    0.458168][    T1] pl061_gpio 9030000.pl061: PL061 GPIO chip registered
[    0.459085][    T1] pci-host-generic 4010000000.pcie: host bridge /pcie@10000000 ranges:
[    0.460077][    T1] pci-host-generic 4010000000.pcie:       IO 0x003eff0000..0x003effffff -> 0x0000000000
[    0.460594][    T1] pci-host-generic 4010000000.pcie:      MEM 0x0010000000..0x003efeffff -> 0x0010000000
[    0.460725][    T1] pci-host-generic 4010000000.pcie:      MEM 0x8000000000..0xffffffffff -> 0x8000000000
[    0.461434][    T1] pci-host-generic 4010000000.pcie: ECAM at [mem 0x4010000000-0x401fffffff] for [bus 00-ff]
[    0.462092][    T1] pci-host-generic 4010000000.pcie: PCI host bridge to bus 0000:00
[    0.462280][    T1] pci_bus 0000:00: root bus resource [bus 00-ff]
[    0.462396][    T1] pci_bus 0000:00: root bus resource [io  0x0000-0xffff]
[    0.462472][    T1] pci_bus 0000:00: root bus resource [mem 0x10000000-0x3efeffff]
[    0.462555][    T1] pci_bus 0000:00: root bus resource [mem 0x8000000000-0xffffffffff]
[    0.463586][    T1] pci 0000:00:00.0: [1b36:0008] type 00 class 0x060000
[    0.468669][    T1] Serial: 8250/16550 driver, 4 ports, IRQ sharing disabled
[    0.471283][   T15] cacheinfo: Unable to detect cache hierarchy for CPU 0
[    0.486401][    T1] brd: module loaded
[    0.497665][    T1] loop: module loaded
[    0.501891][    T1] wireguard: WireGuard 1.0.0 loaded. See www.wireguard.com for information.
[    0.502033][    T1] wireguard: Copyright (C) 2015-2019 Jason A. Donenfeld <Jason@zx2c4.com>. All Rights Reserved.
[    0.504933][    T1] libphy: Fixed MDIO Bus: probed
[    0.505061][    T1] tun: Universal TUN/TAP device driver, 1.6
[    0.505288][    T1] CAN device driver interface
[    0.505364][    T1] PPP generic driver version 2.4.2
[    0.505664][    T1] PPP BSD Compression module registered
[    0.505771][    T1] PPP Deflate Compression module registered
[    0.505895][    T1] PPP MPPE Compression module registered
[    0.505972][    T1] NET: Registered protocol family 24
[    0.506041][    T1] PPTP driver version 0.8.5
[    0.506771][    T1] usbcore: registered new interface driver rtl8150
[    0.506891][    T1] usbcore: registered new interface driver r8152
[    0.506986][    T1] usbcore: registered new interface driver cdc_ether
[    0.507080][    T1] usbcore: registered new interface driver cdc_eem
[    0.507200][    T1] usbcore: registered new interface driver cdc_ncm
[    0.507300][    T1] usbcore: registered new interface driver aqc111
[    0.507716][    T1] ehci_hcd: USB 2.0 'Enhanced' Host Controller (EHCI) Driver
[    0.507886][    T1] ehci-pci: EHCI PCI platform driver
[    0.508009][    T1] ehci-platform: EHCI generic platform driver
[    0.508534][    T1] usbcore: registered new interface driver cdc_acm
[    0.508612][    T1] cdc_acm: USB Abstract Control Model driver for USB modems and ISDN adapters
[    0.509661][    T1] usbcore: registered new interface driver uas
[    0.510049][    T1] usbcore: registered new interface driver usb-storage
[    0.511363][    T1] dummy_hcd dummy_hcd.0: USB Host+Gadget Emulator, driver 02 May 2005
[    0.511632][    T1] dummy_hcd dummy_hcd.0: Dummy host controller
[    0.511979][    T1] dummy_hcd dummy_hcd.0: new USB bus registered, assigned bus number 1
[    0.515216][    T1] usb usb1: New USB device found, idVendor=1d6b, idProduct=0002, bcdDevice= 5.10
[    0.515333][    T1] usb usb1: New USB device strings: Mfr=3, Product=2, SerialNumber=1
[    0.515425][    T1] usb usb1: Product: Dummy host controller
[    0.515493][    T1] usb usb1: Manufacturer: Linux 5.10.66-android12-9-00005-gf6e6376090be-ab8060604 dummy_hcd
[    0.515602][    T1] usb usb1: SerialNumber: dummy_hcd.0
[    0.517456][    T1] hub 1-0:1.0: USB hub found
[    0.517805][    T1] hub 1-0:1.0: 1 port detected
[    0.524373][    T1] usbcore: registered new interface driver xpad
[    0.527254][    T1] rtc-pl031 9010000.pl031: registered as rtc0
[    0.527852][    T1] rtc-pl031 9010000.pl031: setting system clock to 2026-09-17T10:20:26 UTC (1789640426)
[    0.528520][    T1] usbcore: registered new interface driver uvcvideo
[    0.528603][    T1] USB Video Class driver (1.1.1)
[    0.528671][    T1] gspca_main: v2.14.0 registered
[    0.529043][    T1] device-mapper: uevent: version 1.0.3
[    0.529499][    T1] device-mapper: ioctl: 4.44.0-ioctl (2021-02-01) initialised: dm-devel@redhat.com
[    0.530761][    T1] Bluetooth: HCI UART driver ver 2.3
[    0.530889][    T1] Bluetooth: HCI UART protocol H4 registered
[    0.530992][    T1] Bluetooth: HCI UART protocol LL registered
[    0.531131][    T1] Bluetooth: HCI UART protocol Broadcom registered
[    0.531224][    T1] Bluetooth: HCI UART protocol QCA registered
[    0.532378][    T1] sdhci: Secure Digital Host Controller Interface driver
[    0.532465][    T1] sdhci: Copyright(c) Pierre Ossman
[    0.532529][    T1] sdhci-pltfm: SDHCI platform and OF driver helper
[    0.532844][    T1] hid: raw HID events driver (C) Jiri Kosina
[    0.534583][    T1] usbcore: registered new interface driver usbhid
[    0.534678][    T1] usbhid: USB HID core driver
[    0.535184][    T1] ashmem: initialized
[    0.535767][    T1] gnss: GNSS driver registered with major 234
[    0.536944][    T1] usbcore: registered new interface driver snd-usb-audio
[    0.538232][    T1] GACT probability NOT on
[    0.538428][    T1] Mirror/redirect action on
[    0.538652][    T1] netem: version 1.3
[    0.538823][    T1] u32 classifier
[    0.538866][    T1]     input device check on
[    0.538916][    T1]     Actions configured
[    0.544159][    T1] xt_time: kernel timezone is -0000
[    0.544452][    T1] ipip: IPv4 and MPLS over IPv4 tunneling driver
[    0.545786][    T1] gre: GRE over IPv4 demultiplexor driver
[    0.545878][    T1] ip_gre: GRE over IPv4 tunneling driver
[    0.547619][    T1] IPv4 over IPsec tunneling driver
[    0.552388][    T1] Initializing XFRM netlink socket
[    0.552626][    T1] IPsec XFRM device driver
[    0.553491][    T1] NET: Registered protocol family 10
[    0.559271][    T1] Segment Routing with IPv6
[    0.560087][    T1] mip6: Mobile IPv6
[    0.563055][    T1] sit: IPv6, IPv4 and MPLS over IPv4 tunneling driver
[    0.565466][    T1] ip6_gre: GRE over IPv6 tunneling driver
[    0.566696][    T1] NET: Registered protocol family 17
[    0.566989][    T1] NET: Registered protocol family 15
[    0.567419][    T1] can: controller area network core
[    0.567777][    T1] NET: Registered protocol family 29
[    0.567938][    T1] can: raw protocol
[    0.568105][    T1] can: broadcast manager protocol
[    0.568253][    T1] can: netlink gateway - max_hops=1
[    0.569035][    T1] Bluetooth: RFCOMM TTY layer initialized
[    0.569400][    T1] Bluetooth: RFCOMM socket layer initialized
[    0.569565][    T1] Bluetooth: RFCOMM ver 1.11
[    0.569655][    T1] Bluetooth: HIDP (Human Interface Emulation) ver 1.2
[    0.569761][    T1] Bluetooth: HIDP socket layer initialized
[    0.569949][    T1] l2tp_core: L2TP core driver, V2.0
[    0.570091][    T1] l2tp_ppp: PPPoL2TP kernel driver, V2.0
[    0.570169][    T1] tipc: Activated (version 2.0.0)
[    0.571204][    T1] NET: Registered protocol family 30
[    0.572498][    T1] tipc: Started in single node mode
[    0.573303][    T1] NET: Registered protocol family 36
[    0.573841][    T1] NET: Registered protocol family 40
[    0.574557][    T1] registered taskstats version 1
[    0.574696][    T1] Loading compiled-in X.509 certificates
[    0.574881][    T1] page_owner is disabled
[    0.575207][    T1] Key type ._fscrypt registered
[    0.575267][    T1] Key type .fscrypt registered
[    0.575323][    T1] Key type fscrypt-provisioning registered
[    0.582713][    T1] input: gpio-keys as /devices/platform/gpio-keys/input/input0
[    0.620991][    T1] ALSA device list:
[    0.621284][    T1]   No soundcards found.
[    0.624073][    T1] uart-pl011 9000000.pl011: no DMA platform data
[    0.649762][    T1] Freeing unused kernel memory: 3072K
[    0.650519][    T1] Run /init as init process
[    0.650601][    T1]   with arguments:
[    0.650650][    T1]     /init
[    0.650694][    T1]   with environment:
[    0.650744][    T1]     HOME=/
[    0.650784][    T1]     TERM=linux
[    0.676806][    T1] nx679j-sonda: init reached userspace as pid 1 attempt=1 uptime_ms=603
[    0.677204][    T1] nx679j-sonda: marker channel /dev/kmsg attempt=1 uptime_ms=605
[    0.677385][    T1] nx679j-sonda: calling reboot(2) LINUX_REBOOT_CMD_RESTART attempt=1 uptime_ms=605
[    0.679002][    T1] reboot: Restarting system
