IPC=gsi UPTIME=1260.10 9857.68
[    20.071954019/        0x278275b9] msm_gsi_probe:5831 Num MSIs=2
[    20.388056207/        0x27df1163] gsi_map_base:1292 GSI base(0x0000000003e04000) mapped to ((____ptrval____)) with len (0xfc000)
[    20.388061207/        0x27df11c3] gsihal_init:16 initializing GSI HAL, GSI ver 10, base = (____ptrval____)
[  1259.115911029/       0x5b17b9e37] gsi_register_device:1528 succeeded to register isr for 40
[  1259.115915404/       0x5b17b9e8b] gsi_register_device:1534 GSI irq is wake enabled 40
[  1259.115915769/       0x5b17b9e92] __gsi_allocate_msis:1388 gsi_ctx->dev = 18******************, gsi_ctx->msi.num = 2
[  1259.115959415/       0x5b17ba1d8] __gsi_allocate_msis:1395 MSI allocating is succesful
[  1259.115959883/       0x5b17ba1e1] __gsi_allocate_msis:1412 desc->irq =359
[  1259.115976133/       0x5b17ba319] __gsi_msi_write_msg:1350 saved msi 0 msg data 0 addr 0x00**************, MSI:0x17150040
[  1259.115988790/       0x5b17ba40c] __gsi_allocate_msis:1421 Requesting IRQ succesful
[  1259.115989206/       0x5b17ba414] __gsi_allocate_msis:1412 desc->irq =360
[  1259.116001394/       0x5b17ba4fe] __gsi_msi_write_msg:1350 saved msi 1 msg data 1 addr 0x00**************, MSI:0x17150040
[  1259.116010821/       0x5b17ba5b3] __gsi_allocate_msis:1421 Requesting IRQ succesful
[  1259.116012071/       0x5b17ba5cb] gsi_get_max_channels:1201 max channels 28
[  1259.116012748/       0x5b17ba5d8] gsi_get_max_event_rings:1241 max event rings 27
[  1259.116014571/       0x5b17ba5fb] __gsi_config_all_ieob_irq:174 current IEO_IRQ_MSK: 0xffffffff, change to: 0xffffffff
[  1259.116023425/       0x5b17ba6a5] gsi_alloc_evt_ring:2189 Using 0 as virt evt id
[  1259.116023894/       0x5b17ba6ae] gsi_alloc_evt_ring:2193 Using DDR to read event RP for virt evt id: 0
[  1259.116346081/       0x5b17bbed9] gsi_handle_ev_ctrl:409 ev 1
[  1259.116350665/       0x5b17bbf30] gsi_handle_ev_ctrl:426 evt 0 state updated to 1
[  1259.116366029/       0x5b17bc057] gsi_program_evt_ring_ctx:1861 intf=2 intr=1 re=16
[  1259.116371654/       0x5b17bc0c3] __gsi_config_ieob_irq_k:187 current IEO_IRQ_MSK: 0xffffffff, change to: 0xffffffff
[  1259.116478685/       0x5b17bc8c9] gsi_alloc_evt_ring:2189 Using 1 as virt evt id
[  1259.116478998/       0x5b17bc8d0] gsi_alloc_evt_ring:2193 Using DDR to read event RP for virt evt id: 1
[  1259.116833477/       0x5b17be367] gsi_handle_ev_ctrl:409 ev 2
[  1259.116837279/       0x5b17be3b0] gsi_handle_ev_ctrl:426 evt 1 state updated to 1
[  1259.116852383/       0x5b17be4d1] gsi_program_evt_ring_ctx:1861 intf=2 intr=1 re=16
[  1259.116857331/       0x5b17be530] __gsi_config_ieob_irq_k:187 current IEO_IRQ_MSK: 0xffffffff, change to: 0xffffffff
[  1259.116870508/       0x5b17be62e] gsi_handle_ch_ctrl:345 ch 1000
[  1259.116873685/       0x5b17be66b] gsi_handle_ch_ctrl:362 ch 12 state updated to 1
[  1259.116890456/       0x5b17be7ac] gsi_start_channel:3396 GSI Channel Start, waiting for completion
[  1259.116896758/       0x5b17be826] gsi_handle_ch_ctrl:345 ch 1000
[  1259.116898946/       0x5b17be850] gsi_handle_ch_ctrl:362 ch 12 state updated to 2
[  1259.116909050/       0x5b17be911] gsi_start_channel:3413 GSI Channel=12 Start success
[  1259.117384935/       0x5b17c0cc2] gsi_alloc_evt_ring:2189 Using 2 as virt evt id
[  1259.117385300/       0x5b17c0cc9] gsi_alloc_evt_ring:2193 Using DDR to read event RP for virt evt id: 2
[  1259.117392071/       0x5b17c0d4c] gsi_handle_ev_ctrl:409 ev 4
[  1259.117394415/       0x5b17c0d78] gsi_handle_ev_ctrl:426 evt 2 state updated to 1
[  1259.117403998/       0x5b17c0e30] gsi_program_evt_ring_ctx:1861 intf=2 intr=1 re=16
[  1259.117408894/       0x5b17c0e8e] __gsi_config_ieob_irq_k:187 current IEO_IRQ_MSK: 0xffffffff, change to: 0xffffffff
[  1259.117417227/       0x5b17c0f2f] gsi_handle_ch_ctrl:345 ch 2000
[  1259.117419415/       0x5b17c0f58] gsi_handle_ch_ctrl:362 ch 13 state updated to 1
[  1259.117548633/       0x5b17c1909] gsi_start_channel:3396 GSI Channel Start, waiting for completion
[  1259.117554467/       0x5b17c197a] gsi_handle_ch_ctrl:345 ch 2000
[  1259.117556446/       0x5b17c19a0] gsi_handle_ch_ctrl:362 ch 13 state updated to 2
[  1259.117566446/       0x5b17c1a5f] gsi_start_channel:3413 GSI Channel=13 Start success
[  1259.117669154/       0x5b17c2214] gsi_handle_ch_ctrl:345 ch 80000
[  1259.117671185/       0x5b17c223a] gsi_handle_ch_ctrl:362 ch 19 state updated to 1
[  1259.117685196/       0x5b17c2347] gsi_start_channel:3396 GSI Channel Start, waiting for completion
[  1259.117691133/       0x5b17c23b9] gsi_handle_ch_ctrl:345 ch 80000
[  1259.117693321/       0x5b17c23e3] gsi_handle_ch_ctrl:362 ch 19 state updated to 2
[  1259.117702852/       0x5b17c249a] gsi_start_channel:3413 GSI Channel=19 Start success
[  1259.118336498/       0x5b17c5420] gsi_query_device_msi_addr:5561 Device MSI Addr: 0x17150040
[  1259.119705144/       0x5b17cbac7] __gsi_config_ieob_irq_k:187 current IEO_IRQ_MSK: 0xffffffff, change to: 0xfffffffb
[  1259.119707644/       0x5b17cbaf6] gsi_config_channel_mode:4508 set gsi_ctx evtr_id 2 to 1 mode
[  1259.119752748/       0x5b17cbe58] __gsi_config_ieob_irq_k:187 current IEO_IRQ_MSK: 0xfffffffb, change to: 0xffffffff
[  1259.119754935/       0x5b17cbe82] gsi_config_channel_mode:4537 set gsi_ctx evtr_id 2 to 0 mode
[  1259.216553946/       0x5b1991a6f] gsi_stop_channel:3565 GSI Channel Stop, waiting for completion: 0x1
[  1259.216906602/       0x5b19934e3] gsi_handle_ch_ctrl:345 ch 2000
[  1259.216912071/       0x5b199354c] gsi_handle_ch_ctrl:362 ch 13 state updated to 3
[  1259.217754884/       0x5b1997481] __gsi_config_ieob_irq_k:187 current IEO_IRQ_MSK: 0xffffffff, change to: 0xfffffffb
[  1259.217756186/       0x5b199749a] gsi_config_channel_mode:4508 set gsi_ctx evtr_id 2 to 1 mode
[  1259.217757488/       0x5b19974b3] gsi_is_channel_empty:4039 ch=13 ev=2 RP=0x20032010 WP=0x20032ff0 RP_LOCAL=0x20032010
[  1259.217762488/       0x5b1997513] gsi_stop_channel:3565 GSI Channel Stop, waiting for completion: 0x1
[  1259.218203477/       0x5b1999627] gsi_handle_ch_ctrl:345 ch 80000
[  1259.218212748/       0x5b19996d9] gsi_handle_ch_ctrl:362 ch 19 state updated to 3
IPC=gsi UPTIME=1261.10 9862.75
IPC=gsi UPTIME=1262.10 9867.78
IPC=gsi UPTIME=1263.11 9868.87
[  1262.138731872/       0x5b4f135c7] gsi_start_channel:3396 GSI Channel Start, waiting for completion
[  1262.138743747/       0x5b4f136ab] gsi_handle_ch_ctrl:345 ch 2000
[  1262.138748174/       0x5b4f13701] gsi_handle_ch_ctrl:362 ch 13 state updated to 2
[  1262.138759736/       0x5b4f137de] gsi_start_channel:3413 GSI Channel=13 Start success
[  1262.138764320/       0x5b4f13836] __gsi_config_ieob_irq_k:187 current IEO_IRQ_MSK: 0xfffffffb, change to: 0xffffffff
[  1262.138765361/       0x5b4f1384a] gsi_config_channel_mode:4537 set gsi_ctx evtr_id 2 to 0 mode
[  1262.138768695/       0x5b4f1388b] gsi_start_channel:3396 GSI Channel Start, waiting for completion
[  1262.138774268/       0x5b4f138f5] gsi_handle_ch_ctrl:345 ch 80000
[  1262.138776872/       0x5b4f13928] gsi_handle_ch_ctrl:362 ch 19 state updated to 2
[  1262.138787913/       0x5b4f139fb] gsi_start_channel:3413 GSI Channel=19 Start success
[  1262.138980934/       0x5b4f14875] gsi_alloc_evt_ring:2189 Using 3 as virt evt id
[  1262.138981611/       0x5b4f14881] gsi_alloc_evt_ring:2193 Using DDR to read event RP for virt evt id: 3
[  1262.138992184/       0x5b4f1494d] gsi_handle_ev_ctrl:409 ev 8
[  1262.138995778/       0x5b4f14993] gsi_handle_ev_ctrl:426 evt 3 state updated to 1
[  1262.139008643/       0x5b4f14a89] gsi_program_evt_ring_ctx:1861 intf=2 intr=1 re=16
[  1262.139014059/       0x5b4f14af1] __gsi_config_ieob_irq_k:187 current IEO_IRQ_MSK: 0xffffffff, change to: 0xffffffff
[  1262.139028434/       0x5b4f14c05] gsi_handle_ch_ctrl:345 ch 2
[  1262.139030778/       0x5b4f14c33] gsi_handle_ch_ctrl:362 ch 1 state updated to 1
[  1262.140025518/       0x5b4f196cd] gsi_start_channel:3396 GSI Channel Start, waiting for completion
[  1262.140049059/       0x5b4f19892] gsi_handle_ch_ctrl:345 ch 2
[  1262.140053590/       0x5b4f198e9] gsi_handle_ch_ctrl:362 ch 1 state updated to 2
[  1262.140071351/       0x5b4f19a3d] gsi_start_channel:3413 GSI Channel=1 Start success
[  1262.140079945/       0x5b4f19ae2] gsi_stop_channel:3565 GSI Channel Stop, waiting for completion: 0x1
[  1262.140086038/       0x5b4f19b57] gsi_handle_ch_ctrl:345 ch 2
[  1262.140088226/       0x5b4f19b82] gsi_handle_ch_ctrl:362 ch 1 state updated to 3
[  1262.140102028/       0x5b4f19c8a] gsi_stop_channel:3565 GSI Channel Stop, waiting for completion: 0x1
[  1262.140107236/       0x5b4f19cef] gsi_handle_ch_ctrl:345 ch 2000
[  1262.140109424/       0x5b4f19d19] gsi_handle_ch_ctrl:362 ch 13 state updated to 3
[  1262.140121768/       0x5b4f19e05] __gsi_config_ieob_irq_k:187 current IEO_IRQ_MSK: 0xffffffff, change to: 0xfffffffb
[  1262.140122393/       0x5b4f19e11] gsi_config_channel_mode:4508 set gsi_ctx evtr_id 2 to 1 mode
[  1262.140124268/       0x5b4f19e35] gsi_is_channel_empty:4039 ch=13 ev=2 RP=0x20032010 WP=0x20032ff0 RP_LOCAL=0x20032010
[  1262.140127861/       0x5b4f19e7a] gsi_stop_channel:3565 GSI Channel Stop, waiting for completion: 0x1
[  1262.140133070/       0x5b4f19edf] gsi_handle_ch_ctrl:345 ch 80000
[  1262.140135257/       0x5b4f19f08] gsi_handle_ch_ctrl:362 ch 19 state updated to 3
[  1262.140603851/       0x5b4f1c22d] gsi_start_channel:3396 GSI Channel Start, waiting for completion
[  1262.140609476/       0x5b4f1c29a] gsi_handle_ch_ctrl:345 ch 2
[  1262.140612132/       0x5b4f1c2cd] gsi_handle_ch_ctrl:362 ch 1 state updated to 2
[  1262.140623070/       0x5b4f1c39e] gsi_start_channel:3413 GSI Channel=1 Start success
[  1262.140625153/       0x5b4f1c3c6] gsi_start_channel:3396 GSI Channel Start, waiting for completion
[  1262.140629945/       0x5b4f1c423] gsi_handle_ch_ctrl:345 ch 2000
[  1262.140632132/       0x5b4f1c44c] gsi_handle_ch_ctrl:362 ch 13 state updated to 2
[  1262.140642653/       0x5b4f1c516] gsi_start_channel:3413 GSI Channel=13 Start success
[  1262.140644997/       0x5b4f1c543] __gsi_config_ieob_irq_k:187 current IEO_IRQ_MSK: 0xfffffffb, change to: 0xffffffff
[  1262.140645518/       0x5b4f1c54d] gsi_config_channel_mode:4537 set gsi_ctx evtr_id 2 to 0 mode
[  1262.140647132/       0x5b4f1c56c] gsi_start_channel:3396 GSI Channel Start, waiting for completion
[  1262.140651872/       0x5b4f1c5c7] gsi_handle_ch_ctrl:345 ch 80000
[  1262.140654111/       0x5b4f1c5f3] gsi_handle_ch_ctrl:362 ch 19 state updated to 2
[  1262.140664632/       0x5b4f1c6bc] gsi_start_channel:3413 GSI Channel=19 Start success
[  1262.140856299/       0x5b4f1d51c] gsi_alloc_evt_ring:2189 Using 4 as virt evt id
[  1262.140857028/       0x5b4f1d52a] gsi_alloc_evt_ring:2193 Using DDR to read event RP for virt evt id: 4
[  1262.140858070/       0x5b4f1d53e] __gsi_pair_msi:2137 props->intvec = 0, props->msi_addr = 387252288
[  1262.140858695/       0x5b4f1d54a] gsi_alloc_evt_ring:2225 evt_id=4 pair MSI succesful
[  1262.140867861/       0x5b4f1d5fa] gsi_handle_ev_ctrl:409 ev 10
[  1262.140871038/       0x5b4f1d638] gsi_handle_ev_ctrl:426 evt 4 state updated to 1
[  1262.140883122/       0x5b4f1d71f] gsi_program_evt_ring_ctx:1861 intf=2 intr=0 re=16
[  1262.140888278/       0x5b4f1d782] __gsi_config_ieob_irq_k:187 current IEO_IRQ_MSK: 0xffffffff, change to: 0xffffffff
[  1262.140897757/       0x5b4f1d838] gsi_handle_ch_ctrl:345 ch 400
[  1262.140900309/       0x5b4f1d86a] gsi_handle_ch_ctrl:362 ch 10 state updated to 1
[  1262.141048590/       0x5b4f1e388] gsi_start_channel:3396 GSI Channel Start, waiting for completion
[  1262.141099997/       0x5b4f1e764] gsi_handle_ch_ctrl:345 ch 400
[  1262.141102809/       0x5b4f1e799] gsi_handle_ch_ctrl:362 ch 10 state updated to 2
[  1262.141113799/       0x5b4f1e86c] gsi_start_channel:3413 GSI Channel=10 Start success
[  1262.141118695/       0x5b4f1e8ca] gsi_stop_channel:3565 GSI Channel Stop, waiting for completion: 0x1
[  1262.141124320/       0x5b4f1e937] gsi_handle_ch_ctrl:345 ch 2
[  1262.141126455/       0x5b4f1e960] gsi_handle_ch_ctrl:362 ch 1 state updated to 3
[  1262.141139372/       0x5b4f1ea57] gsi_stop_channel:3565 GSI Channel Stop, waiting for completion: 0x1
[  1262.141154424/       0x5b4f1eb78] gsi_handle_ch_ctrl:345 ch 2000
[  1262.141156611/       0x5b4f1eba3] gsi_handle_ch_ctrl:362 ch 13 state updated to 3
[  1262.141168174/       0x5b4f1ec80] __gsi_config_ieob_irq_k:187 current IEO_IRQ_MSK: 0xffffffff, change to: 0xfffffffb
[  1262.141168643/       0x5b4f1ec89] gsi_config_channel_mode:4508 set gsi_ctx evtr_id 2 to 1 mode
[  1262.141169424/       0x5b4f1ec98] gsi_is_channel_empty:4039 ch=13 ev=2 RP=0x20032010 WP=0x20032ff0 RP_LOCAL=0x20032010
[  1262.141172184/       0x5b4f1eccd] gsi_stop_channel:3565 GSI Channel Stop, waiting for completion: 0x1
[  1262.141181507/       0x5b4f1ed81] gsi_handle_ch_ctrl:345 ch 400
[  1262.141183851/       0x5b4f1edad] gsi_handle_ch_ctrl:362 ch 10 state updated to 3
[  1262.141195257/       0x5b4f1ee88] gsi_config_channel_mode:4508 set gsi_ctx evtr_id 4 to 1 mode
[  1262.141195986/       0x5b4f1ee96] gsi_is_channel_empty:4039 ch=10 ev=4 RP=0x216e8000 WP=0x216e8ff0 RP_LOCAL=0x216e8000
[  1262.141198590/       0x5b4f1eec8] gsi_stop_channel:3565 GSI Channel Stop, waiting for completion: 0x1
[  1262.141211403/       0x5b4f1efbe] gsi_handle_ch_ctrl:345 ch 80000
[  1262.141213695/       0x5b4f1efeb] gsi_handle_ch_ctrl:362 ch 19 state updated to 3
[  1262.141713643/       0x5b4f21569] gsi_start_channel:3396 GSI Channel Start, waiting for completion
[  1262.141719528/       0x5b4f215db] gsi_handle_ch_ctrl:345 ch 2
[  1262.141722028/       0x5b4f2160b] gsi_handle_ch_ctrl:362 ch 1 state updated to 2
[  1262.141731820/       0x5b4f216c6] gsi_start_channel:3413 GSI Channel=1 Start success
[  1262.141733643/       0x5b4f216e9] gsi_start_channel:3396 GSI Channel Start, waiting for completion
[  1262.141738382/       0x5b4f21745] gsi_handle_ch_ctrl:345 ch 2000
[  1262.141740518/       0x5b4f2176e] gsi_handle_ch_ctrl:362 ch 13 state updated to 2
[  1262.141750257/       0x5b4f21828] gsi_start_channel:3413 GSI Channel=13 Start success
[  1262.141752080/       0x5b4f2184b] __gsi_config_ieob_irq_k:187 current IEO_IRQ_MSK: 0xfffffffb, change to: 0xffffffff
[  1262.141752445/       0x5b4f21852] gsi_config_channel_mode:4537 set gsi_ctx evtr_id 2 to 0 mode
[  1262.141753903/       0x5b4f2186e] gsi_start_channel:3396 GSI Channel Start, waiting for completion
[  1262.141758695/       0x5b4f218cb] gsi_handle_ch_ctrl:345 ch 400
[  1262.141760882/       0x5b4f218f5] gsi_handle_ch_ctrl:362 ch 10 state updated to 2
[  1262.141770726/       0x5b4f219b1] gsi_start_channel:3413 GSI Channel=10 Start success
[  1262.141772028/       0x5b4f219ca] gsi_config_channel_mode:4537 set gsi_ctx evtr_id 4 to 0 mode
[  1262.141773382/       0x5b4f219e4] gsi_start_channel:3396 GSI Channel Start, waiting for completion
[  1262.141778070/       0x5b4f21a3f] gsi_handle_ch_ctrl:345 ch 80000
[  1262.141780257/       0x5b4f21a68] gsi_handle_ch_ctrl:362 ch 19 state updated to 2
[  1262.141789945/       0x5b4f21b22] gsi_start_channel:3413 GSI Channel=19 Start success
[  1262.142925153/       0x5b4f27047] __gsi_config_ieob_irq_k:187 current IEO_IRQ_MSK: 0xffffffff, change to: 0xfffffffb
[  1262.142927549/       0x5b4f27075] gsi_config_channel_mode:4508 set gsi_ctx evtr_id 2 to 1 mode
[  1262.143034163/       0x5b4f27873] __gsi_config_ieob_irq_k:187 current IEO_IRQ_MSK: 0xfffffffb, change to: 0xffffffff
[  1262.143036038/       0x5b4f27898] gsi_config_channel_mode:4537 set gsi_ctx evtr_id 2 to 0 mode
[  1262.242878591/       0x5b50fb8c8] __gsi_config_ieob_irq_k:187 current IEO_IRQ_MSK: 0xffffffff, change to: 0xfffffffb
[  1262.242881299/       0x5b50fb8fd] gsi_config_channel_mode:4508 set gsi_ctx evtr_id 2 to 1 mode
[  1262.242984320/       0x5b50fc0b6] __gsi_config_ieob_irq_k:187 current IEO_IRQ_MSK: 0xfffffffb, change to: 0xffffffff
[  1262.242985987/       0x5b50fc0d7] gsi_config_channel_mode:4537 set gsi_ctx evtr_id 2 to 0 mode
[  1262.341524372/       0x5b52c9f37] gsi_stop_channel:3565 GSI Channel Stop, waiting for completion: 0x1
[  1262.341965831/       0x5b52cc054] gsi_handle_ch_ctrl:345 ch 2
[  1262.341970258/       0x5b52cc0a9] gsi_handle_ch_ctrl:362 ch 1 state updated to 3
[  1262.342854685/       0x5b52d02fd] gsi_stop_channel:3565 GSI Channel Stop, waiting for completion: 0x1
[  1262.343403435/       0x5b52d2c25] gsi_handle_ch_ctrl:345 ch 2000
[  1262.343408487/       0x5b52d2c87] gsi_handle_ch_ctrl:362 ch 13 state updated to 3
[  1262.344253383/       0x5b52d6be4] __gsi_config_ieob_irq_k:187 current IEO_IRQ_MSK: 0xffffffff, change to: 0xfffffffb
[  1262.344254789/       0x5b52d6bff] gsi_config_channel_mode:4508 set gsi_ctx evtr_id 2 to 1 mode
[  1262.344256456/       0x5b52d6c1f] gsi_is_channel_empty:4039 ch=13 ev=2 RP=0x20032030 WP=0x20032010 RP_LOCAL=0x20032030
[  1262.344262237/       0x5b52d6c8e] gsi_stop_channel:3565 GSI Channel Stop, waiting for completion: 0x1
[  1262.344593643/       0x5b52d8569] gsi_handle_ch_ctrl:345 ch 400
[  1262.344598070/       0x5b52d85bf] gsi_handle_ch_ctrl:362 ch 10 state updated to 3
[  1262.345593956/       0x5b52dd06f] gsi_config_channel_mode:4508 set gsi_ctx evtr_id 4 to 1 mode
[  1262.345595831/       0x5b52dd093] gsi_is_channel_empty:4039 ch=10 ev=4 RP=0x216e8000 WP=0x216e8ff0 RP_LOCAL=0x216e8000
[  1262.345602029/       0x5b52dd10a] gsi_stop_channel:3565 GSI Channel Stop, waiting for completion: 0x1
[  1262.345940518/       0x5b52dea6e] gsi_handle_ch_ctrl:345 ch 80000
[  1262.345945935/       0x5b52dead6] gsi_handle_ch_ctrl:362 ch 19 state updated to 3
