entry_blob   entry_VA     name_VA  nome                             handler_VA
   0x6f568    0x6f4b8     0x6dd3c  flash:                           0x5354c [OK]
   0x6f578    0x6f4c8     0x6dd43  erase:                           0x53de4 [OK]
   0x6f588    0x6f4d8     0x6dd4a  set_active                       0x505d8 [OK]
   0x6f598    0x6f4e8     0x6dd55  flashing get_unlock_ability      0x50b20 [OK]
   0x6f5a8    0x6f4f8     0x6dd71  flashing unlock                  0x50ba0 [OK]
   0x6f5b8    0x6f508     0x6dd81  flashing lock                    0x50ba8 [OK]
   0x6f5c8    0x6f518     0x6ed06  oem nubia_unlock                 0x5410c [OK]
   0x6f5d8    0x6f528     0x6ed17  oem nubia_lock                   0x54148 [OK]
   0x6f5e8    0x6f538     0x6ed26  oem nubia_device-info            0x54154 [OK]
   0x6f5f8    0x6f548     0x6ed3c  oem nubia_unlock_critical        0x542a4 [OK]
   0x6f608    0x6f558     0x6ed56  oem nubia_lock_critical          0x542e0 [OK]
   0x6f618    0x6f568     0x6dd8f  oem enable-charger-screen        0x50bb0 [OK]
   0x6f628    0x6f578     0x6dda9  oem disable-charger-screen       0x50c08 [OK]
   0x6f638    0x6f588     0x6ddc4  oem off-mode-charge              0x50c60 [OK]
   0x6f648    0x6f598     0x6ddd8  oem select-display-panel         0x50db0 [OK]
   0x6f658    0x6f5a8     0x6ddf1  oem device-info                  0x51108 [OK]
   0x6f668    0x6f5b8     0x6de01  continue                         0x511e8 [OK]
   0x6f678    0x6f5c8     0x6eb3d  reboot                           0x51298 [OK]
   0x6f688    0x6f5d8     0x6de2a  reboot-bootloader                0x51384 [OK]
   0x6f698    0x6f5e8     0x6de0a  reboot-recovery                  0x512d4 [OK]
   0x6f6a8    0x6f5f8     0x6de1a  reboot-fastboot                  0x5132c [OK]
   0x6f6b8    0x6f608     0x6de3c  getvar:                          0x513c8 [OK]
   0x6f6c8    0x6f618     0x6de44  download:                        0x51670 [OK]
  ...stop alla entry 23 (o=0x6f6d8: name_va=0x756e2f656d6f682f non e' una stringa)
