area dtb offset=10047488 size=3879360 dtc=True
#0 off=0         size=431264 
       / {
       model = "Qualcomm Technologies, Inc. Cape LTE Only SoC";
       compatible = "qcom,cape-v2";
       qcom,msm-id = <0x212 0x10000>;
       qcom,board-id = <0x00 0x00>;
       compatible = "qcom,cmd-db";
       compatible = "shared-dma-pool";
       compatible = "shared-dma-pool";
       compatible = "shared-dma-pool";
       compatible = "shared-dma-pool";
       compatible = "shared-dma-pool";
       compatible = "shared-dma-pool";
       compatible = "shared-dma-pool";
       compatible = "shared-dma-pool";
       compatible = "shared-dma-pool";
       compatible = "shared-dma-pool";
       compatible = "shared-dma-pool";
       compatible = "qcom,scm";
       compatible = "qcom,tee-shared-memory-bridge";
       compatible = "qcom,smcinvoke";
       compatible = "android,firmware";
       compatible = "android,vbmeta";
       compatible = "android,fstab";
       compatible = "android,vendor";
       compatible = "qcom,kryo";
       compatible = "arm,arch-cache";
       compatible = "arm,arch-cache";
       compatible = "qcom,kryo";
       compatible = "qcom,kryo";
       compatible = "arm,arch-cache";
       compatible = "qcom,kryo";
       compatible = "qcom,kryo";
       compatible = "arm,arch-cache";
       compatible = "qcom,kryo";
       compatible = "arm,arch-cache";
       compatible = "qcom,kryo";
       compatible = "arm,arch-cache";
       compatible = "qcom,kryo";
       compatible = "arm,arch-cache";
       compatible = "arm,idle-state";
       compatible = "arm,idle-state";
       compatible = "domain-idle-state";
       compatible = "domain-idle-state";
       compatible = "qcom,lpm-cluster-dev";
       compatible = "simple-bus";
       compatible = "fixed-clock";
       compatible = "fixed-clock";
       compatible = "qcom,cape-gcc", "syscon";
       compatible = "qcom,cape-videocc", "syscon";
       compatible = "qcom,cape-camcc", "syscon";
       compatible = "qcom,cape-dispcc", "syscon";
       compatible = "qcom,cape-gpucc", "syscon";
       compatible = "syscon";
       compatible = "syscon";
       compatible = "qcom,waipio-debugcc";
       compatible = "qcom,cpufreq-hw-epss";
       compatible = "qcom,cpufreq-hw-epss-debug";
       compatible = "qcom,gdsc";
       compatible = "qcom,gdsc";
       compatible = "qcom,gdsc";
       compatible = "qcom,gdsc";
       compatible = "qcom,gdsc";
       compatible = "qcom,gdsc";
       compatible = "qcom,gdsc";
       compatible = "qcom,gdsc";
       compatible = "qcom,gdsc";
       compatible = "qcom,gdsc";
       compatible = "qcom,gdsc";
       compatible = "syscon";
       compatible = "qcom,gdsc";
       compatible = "qcom,gdsc";
       compatible = "qcom,gdsc";
       compatible = "qcom,gdsc";
       compatible = "syscon";
       compatible = "qcom,gdsc";
       compatible = "syscon";
       compatible = "syscon";
       compatible = "syscon";
       compatible = "syscon";
       compatible = "qcom,gdsc";
       compatible = "qcom,gdsc";
       compatible = "qcom,gdsc";
       compatible = "qcom,gdsc";
       compatible = "qcom,gdsc";
       compatible = "arm,psci-1.0";
       compatible = "qcom,bam-v1.7.0";
       compatible = "qcom,slim-ngd-v1.5.0";
       compatible = "slim217,221";
       compatible = "qcom,qca6490";
       compatible = "arm,gic-v3";
       compatible = "arm,gic-v3-its";
       compatible = "qcom,cape-pinctrl";
       compatible = "arm,armv8-timer";
       compatible = "qcom,rpmh-rsc";
       compatible = "qcom,waipio-rpmh-clk";
       compatible = "qcom,bcm-voter";
       compatible = "qcom,dcvs-fp";
       compatible = "qcom,rpmh-arc-regulator";
       compatible = "qcom,rpmh-vrm-regulator";
       compatible = "qcom,rpmh-vrm-regulator";
       compatible = "qcom,rpmh-vrm-regulator";
       compatible = "qcom,rpmh-vrm-regulator";
       compatible = "qcom,rpmh-vrm-regulator";
       compatible = "qcom,rpmh-vrm-regulator";
       compatible = "qcom,rpmh-vrm-regulator";
       compatible = "qcom,rpmh-vrm-regulator";
       compatible = "qcom,rpmh-vrm-regulator";
       compatible = "qcom,rpmh-arc-regulator";
       compatible = "qcom,rpmh-vrm-regulator";
       compatible = "qcom,rpmh-vrm-regulator";
       compatible = "qcom,rpmh-vrm-regulator";
       compatible = "qcom,rpmh-arc-regulator";
       compatible = "qcom,rpmh-arc-regulator";
       compatible = "qcom,rpmh-arc-regulator";
       compatible = "qcom,rpmh-vrm-regulator";
       compatible = "qcom,rpmh-vrm-regulator";
       compatible = "qcom,rpmh-vrm-regulator";
       compatible = "qcom,rpmh-vrm-regulator";
       compatible = "qcom,rpmh-vrm-regulator";
       compatible = "qcom,rpmh-vrm-regulator";
       compatible = "qcom,rpmh-vrm-regulator";
       compatible = "qcom,rpmh-vrm-regulator";
       compatible = "qcom,rpmh-vrm-regulator";
       compatible = "qcom,rpmh-vrm-regulator";
       compatible = "qcom,rpmh-vrm-regulator";
       compatible = "qcom,rpmh-vrm-regulator";
       compatible = "qcom,rpmh-vrm-regulator";
       compatible = "qcom,rpmh-vrm-regulator";
       compatible = "qcom,rpmh-vrm-regulator";
       compatible = "qcom,rpmh-vrm-regulator";
       compatible = "qcom,rpmh-vrm-regulator";
       compatible = "qcom,rpmh-vrm-regulator";
       compatible = "qcom,rpmh-vrm-regulator";
       compatible = "qcom,rpmh-vrm-regulator";
       compatible = "qcom,rpmh-vrm-regulator";
       compatible = "qcom,rpmh-vrm-regulator";
       compatible = "qcom,rpmh-vrm-regulator";
       compatible = "qcom,rpmh-vrm-regulator";
       compatible = "qcom,rpmh-vrm-regulator";
       compatible = "qcom,rpmh-vrm-regulator";
       compatible = "qcom,rpmh-vrm-regulator";
       compatible = "qcom,rpmh-vrm-regulator";
       compatible = "qcom,rpmh-arc-regulator";
       compatible = "qcom,rpmh-vrm-regulator";
       compatible = "qcom,rpmh-arc-regulator";
       compatible = "qcom,rpmh-arc-regulator";
       compatible = "qcom,rpmh-arc-regulator";
       compatible = "qcom,rpmh-vrm-regulator";
       compatible = "qcom,rpmh-vrm-regulator";
       compatible = "qcom,cpuss-sleep-stats";
       compatible = "qcom,rpmh-rsc";
       compatible = "qcom,bcm-voter";
       compatible = "qcom,sde-rsc-rpmh";
       compatible = "qcom,llcc-pmu-ver2";
       compatible = "qcom,pmu";
       compatible = "qcom,dcvs";
       compatible = "qcom,dcvs-hw";
       compatible = "qcom,dcvs-path";
       compatible = "qcom,dcvs-hw";
       compatible = "qcom,dcvs-path";
       compatible = "qcom,dcvs-path";
       compatible = "qcom,dcvs-hw";
       compatible = "qcom,dcvs-path";
       compatible = "qcom,dcvs-path";
       compatible = "qcom,dcvs-hw";
       compatible = "qcom,dcvs-path";
       compatible = "qcom,memlat";
       compatible = "qcom,memlat-grp";
       compatible = "qcom,memlat-mon";
       compatible = "qcom,memlat-mon";
       compatible = "qcom,memlat-mon";
       compatible = "qcom,memlat-mon";
       compatible = "qcom,memlat-mon";
       compatible = "qcom,memlat-grp";
       compatible = "qcom,memlat-mon";
       compatible = "qcom,memlat-mon";
       compatible = "qcom,memlat-mon";
       compatible = "qcom,memlat-grp";
       compatible = "qcom,memlat-mon";
       compatible = "qcom,memlat-mon";
       compatible = "qcom,memlat-mon";
       compatible = "qcom,memlat-mon";
       compatible = "qcom,memlat-grp";
       compatible = "qcom,memlat-mon";
       compatible = "qcom,memlat-mon";
       compatible = "qcom,bwmon4";
       compatible = "qcom,bwmon5";
       compatible = "arm,armv7-timer-mem";
       compatible = "qcom,pdc", "qcom,cape-pdc";
       compatible = "qcom,tz-log";
       compatible = "qcom,qseecom";
       compatible = "qcom,qcedev";
       compatible = "qcom,qcedev,context-bank";
       compatible = "qcom,qcedev,context-bank";
       compatible = "qcom,msm-rng";
       compatible = "qcom,mem-buf-msgq";
       compatible = "qcom,mem-buf";
       compatible = "qcom,spmi-pmic-arb";
       compatible = "qcom,spmi-pmic-arb";
       compatible = "qcom,spmi-pmic-arb-debug";
       compatible = "qcom,spmi-pmic";
       compatible = "qcom,spmi-pmic";
       compatible = "qcom,spmi-pmic";
       compatible = "qcom,spmi-pmic";
     