### out2/uefi_gz_49f28.bin (3764232 B) — firmware volume trovati: [('0x8', 3764224, 72)]
[FV uefi_gz_49f28.bin@8 off=0x8 len=3764224 (3764224 B) headerlen=72]
[FFS uefi_gz_49f28.bin@8 off=0x50 PAD/erased size=44]
[FFS uefi_gz_49f28.bin@8 off=0x80 guid=fc510ee7-ffdc-11d4-bd41-0080c73c8881 type=0x02 size=1404]
  [sect RAW off=0x98 size=1380 (1380 B) large=False]
[FFS uefi_gz_49f28.bin@8 off=0x600 guid=d6a2cb7f-6a18-4e2f-b43b-9920a733700a type=0x05 size=196656]
  [sect PE32 off=0x618 size=196612 (196612 B) large=False]
  [sect USER_INTERFACE off=0x3061c size=20 (20 B) large=False]
[FFS uefi_gz_49f28.bin@8 off=0x30630 guid=90a49afd-422f-08ae-9611-e788d3804845 type=0x07 size=73782]
  [sect DXE_DEPEX off=0x30648 size=6 (6 B) large=False]
[FFS uefi_gz_49f28.bin@8 off=0x42668 guid=d93ce3d8-a7eb-4730-8c8e-cc466a9ecc3c type=0x07 size=41018]
  [sect DXE_DEPEX off=0x42680 size=6 (6 B) large=False]
[FFS uefi_gz_49f28.bin@8 off=0x4c6a8 guid=6c2004ef-4e0e-4be4-b14c-340eb4aa5891 type=0x07 size=36950]
  [sect DXE_DEPEX off=0x4c6c0 size=22 (22 B) large=False]
[FFS uefi_gz_49f28.bin@8 off=0x55700 guid=b8d9777e-d72a-451f-9bdb-bafb52a68415 type=0x07 size=57436]
  [sect DXE_DEPEX off=0x55718 size=40 (40 B) large=False]
  [sect PE32 off=0x55740 size=57348 (57348 B) large=False]
  [sect USER_INTERFACE off=0x63744 size=24 (24 B) large=False]
[FFS uefi_gz_49f28.bin@8 off=0x63760 guid=b601f8c4-43b7-4784-95b1-f4226cb40cee type=0x07 size=36926]
  [sect DXE_DEPEX off=0x63778 size=6 (6 B) large=False]
[FFS uefi_gz_49f28.bin@8 off=0x6c7a0 guid=f80697e9-7fd6-4665-8646-88e33ef71dfc type=0x07 size=53320]
  [sect DXE_DEPEX off=0x6c7b8 size=6 (6 B) large=False]
[FFS uefi_gz_49f28.bin@8 off=0x797e8 guid=a25f5839-4d55-428f-8f0b-5ce1d565f53e type=0x07 size=61512]
  [sect DXE_DEPEX off=0x79800 size=6 (6 B) large=False]
[FFS uefi_gz_49f28.bin@8 off=0x88830 guid=9c1eb71f-dd6c-4ed5-9f6a-5cc0ca789f16 type=0x07 size=36930]
  [sect DXE_DEPEX off=0x88848 size=6 (6 B) large=False]
[FFS uefi_gz_49f28.bin@8 off=0x91878 guid=4b4973ee-401b-4f36-a6a9-533dfccdfc33 type=0x07 size=61490]
  [sect PE32 off=0x91890 size=61444 (61444 B) large=False]
  [sect USER_INTERFACE off=0xa0894 size=22 (22 B) large=False]
[FFS uefi_gz_49f28.bin@8 off=0xa08b0 guid=cf6dfc66-14ab-4e13-84db-9c02912d1404 type=0x07 size=61488]
  [sect PE32 off=0xa08c8 size=61444 (61444 B) large=False]
  [sect USER_INTERFACE off=0xaf8cc size=20 (20 B) large=False]
[FFS uefi_gz_49f28.bin@8 off=0xaf8e0 guid=f099d67f-71ae-4c36-b2a3-dceb0eb2b7d8 type=0x07 size=32852]
  [sect DXE_DEPEX off=0xaf8f8 size=22 (22 B) large=False]
[FFS uefi_gz_49f28.bin@8 off=0xb7938 guid=42857f0a-13f2-4b21-8a23-53d3f714b840 type=0x07 size=36956]
  [sect DXE_DEPEX off=0xb7950 size=22 (22 B) large=False]
[FFS uefi_gz_49f28.bin@8 off=0xc0998 guid=2b0ecdce-01ae-446e-9ffd-c4217de0340f type=0x07 size=61504]
  [sect DXE_DEPEX off=0xc09b0 size=6 (6 B) large=False]
[FFS uefi_gz_49f28.bin@8 off=0xcf9d8 guid=37795ba0-e1cf-4ed5-bd8b-16df6bcb1e1a type=0x07 size=32858]
  [sect DXE_DEPEX off=0xcf9f0 size=6 (6 B) large=False]
[FFS uefi_gz_49f28.bin@8 off=0xd7a38 guid=3ae17db7-3cc5-4b89-9304-9549211057ef type=0x07 size=36936]
  [sect DXE_DEPEX off=0xd7a50 size=6 (6 B) large=False]
[FFS uefi_gz_49f28.bin@8 off=0xe0a80 guid=b336f62d-4135-4a55-ae4e-4971bbf0885d type=0x07 size=36932]
  [sect DXE_DEPEX off=0xe0a98 size=6 (6 B) large=False]
[FFS uefi_gz_49f28.bin@8 off=0xe9ac8 guid=4c6e0267-c77d-410d-8100-1495911a989d type=0x07 size=32834]
  [sect DXE_DEPEX off=0xe9ae0 size=6 (6 B) large=False]
[FFS uefi_gz_49f28.bin@8 off=0xf1b10 guid=348c4d62-bfbd-4882-9ece-c80bb1c4783b type=0x07 size=143424]
  [sect DXE_DEPEX off=0xf1b28 size=6 (6 B) large=False]
[FFS uefi_gz_49f28.bin@8 off=0x114b50 guid=ed15ffd5-bc96-4107-9118-95366600188e type=0x07 size=41068]
  [sect DXE_DEPEX off=0x114b68 size=58 (58 B) large=False]
[FFS uefi_gz_49f28.bin@8 off=0x11ebc0 guid=040e1e61-0afb-411b-9ec9-00f3fc59cc13 type=0x07 size=32832]
  [sect DXE_DEPEX off=0x11ebd8 size=6 (6 B) large=False]
[FFS uefi_gz_49f28.bin@8 off=0x126c00 guid=de371f7c-dec4-4d21-adf1-593abcc15882 type=0x07 size=36924]
  [sect DXE_DEPEX off=0x126c18 size=6 (6 B) large=False]
[FFS uefi_gz_49f28.bin@8 off=0x12fc40 guid=49ea041e-6752-42ca-b0b1-7344fe2546b7 type=0x07 size=32848]
  [sect DXE_DEPEX off=0x12fc58 size=22 (22 B) large=False]
[FFS uefi_gz_49f28.bin@8 off=0x137c90 guid=10e193df-9966-44e7-b17c-59dd831e20fc type=0x07 size=45146]
  [sect DXE_DEPEX off=0x137ca8 size=40 (40 B) large=False]
  [sect PE32 off=0x137cd0 size=45060 (45060 B) large=False]
  [sect USER_INTERFACE off=0x142cd4 size=22 (22 B) large=False]
[FFS uefi_gz_49f28.bin@8 off=0x142cf0 guid=42031f68-1f0b-429b-93f1-0eb0cf89ddbf type=0x07 size=45128]
  [sect DXE_DEPEX off=0x142d08 size=22 (22 B) large=False]
[FFS uefi_gz_49f28.bin@8 off=0x14dd38 guid=7942a7eb-b7d5-4e2e-b908-831e4de55b58 type=0x07 size=61514]
  [sect DXE_DEPEX off=0x14dd50 size=22 (22 B) large=False]
[FFS uefi_gz_49f28.bin@8 off=0x15cd88 guid=b105211b-bbbd-4add-a3b0-d1cf4a52154c type=0x07 size=32868]
  [sect DXE_DEPEX off=0x15cda0 size=22 (22 B) large=False]
[FFS uefi_gz_49f28.bin@8 off=0x164df0 guid=8e9bd160-b184-11df-94e2-0800200c9a66 type=0x07 size=442438]
  [sect DXE_DEPEX off=0x164e08 size=22 (22 B) large=False]
[FFS uefi_gz_49f28.bin@8 off=0x1d0e38 guid=9a00771f-36d4-4dd5-8916-c48ed9b16b86 type=0x07 size=151822]
  [sect DXE_DEPEX off=0x1d0e50 size=220 (220 B) large=False]
  [sect PE32 off=0x1d0f2c size=151556 (151556 B) large=False]
  [sect USER_INTERFACE off=0x1f5f30 size=22 (22 B) large=False]
[FFS uefi_gz_49f28.bin@8 off=0x1f5f48 guid=af9763a2-033b-4109-8e17-56a98d380c92 type=0x07 size=36948]
  [sect DXE_DEPEX off=0x1f5f60 size=22 (22 B) large=False]
[FFS uefi_gz_49f28.bin@8 off=0x1fefa0 guid=04de8591-d2b3-4077-bbbe-b12070094eb6 type=0x07 size=49268]
  [sect DXE_DEPEX off=0x1fefb8 size=76 (76 B) large=False]
  [sect PE32 off=0x1ff004 size=49156 (49156 B) large=False]
  [sect USER_INTERFACE off=0x20b008 size=12 (12 B) large=False]
[FFS uefi_gz_49f28.bin@8 off=0x20b018 guid=8681cc5a-0df6-441e-b4b8-e915c538f067 type=0x07 size=49224]
  [sect DXE_DEPEX off=0x20b030 size=22 (22 B) large=False]
[FFS uefi_gz_49f28.bin@8 off=0x217060 guid=5776232e-082d-4b75-9a0e-fe1d13f7a5d9 type=0x07 size=196696]
  [sect DXE_DEPEX off=0x217078 size=40 (40 B) large=False]
  [sect PE32 off=0x2170a0 size=196612 (196612 B) large=False]
  [sect USER_INTERFACE off=0x2470a4 size=20 (20 B) large=False]
[FFS uefi_gz_49f28.bin@8 off=0x2470b8 guid=9b680fce-ad6b-4f3a-b60b-f59899003443 type=0x07 size=77892]
  [sect DXE_DEPEX off=0x2470d0 size=6 (6 B) large=False]
[FFS uefi_gz_49f28.bin@8 off=0x25a100 guid=6b38f7b4-ad98-40e9-9093-aca2b5a253c4 type=0x07 size=45108]
  [sect PE32 off=0x25a118 size=45060 (45060 B) large=False]
  [sect USER_INTERFACE off=0x26511c size=24 (24 B) large=False]
[FFS uefi_gz_49f28.bin@8 off=0x265138 guid=1fa1f39e-feff-4aae-bd7b-38a070a3b609 type=0x07 size=53306]
  [sect PE32 off=0x265150 size=53252 (53252 B) large=False]
  [sect USER_INTERFACE off=0x272154 size=30 (30 B) large=False]
[FFS uefi_gz_49f28.bin@8 off=0x272178 guid=961578fe-b6b7-44c3-af35-6bc705cd2b1f type=0x07 size=65576]
  [sect PE32 off=0x272190 size=65540 (65540 B) large=False]
  [sect USER_INTERFACE off=0x282194 size=12 (12 B) large=False]
[FFS uefi_gz_49f28.bin@8 off=0x2821a0 guid=cd3bafb6-50fb-4fe8-8e4e-ab74d2c1a600 type=0x07 size=32822]
  [sect PE32 off=0x2821b8 size=32772 (32772 B) large=False]
  [sect USER_INTERFACE off=0x28a1bc size=26 (26 B) large=False]
[FFS uefi_gz_49f28.bin@8 off=0x28a1d8 guid=907125c0-a5f1-11e3-a3fe-a3198b49350c type=0x07 size=45126]
  [sect PE32 off=0x28a1f0 size=45060 (45060 B) large=False]
  [sect USER_INTERFACE off=0x2951f4 size=42 (42 B) large=False]
[FFS uefi_gz_49f28.bin@8 off=0x295220 guid=0d35cd8e-97ea-4f9a-96af-0f0d89f76567 type=0x07 size=131126]
  [sect DXE_DEPEX off=0x295238 size=6 (6 B) large=False]
[FFS uefi_gz_49f28.bin@8 off=0x2b5258 guid=aba01ff8-2ccb-4e12-8b2e-cd3f4a742993 type=0x07 size=32826]
  [sect DXE_DEPEX off=0x2b5270 size=6 (6 B) large=False]
[FFS uefi_gz_49f28.bin@8 off=0x2bd298 guid=0401b830-bff9-44a2-a5f6-95734a33c017 type=0x07 size=32832]
  [sect DXE_DEPEX off=0x2bd2b0 size=6 (6 B) large=False]
[FFS uefi_gz_49f28.bin@8 off=0x2c52d8 guid=cb29f4d1-7f37-4692-a416-93e82e219766 type=0x07 size=65608]
  [sect DXE_DEPEX off=0x2c52f0 size=22 (22 B) large=False]
[FFS uefi_gz_49f28.bin@8 off=0x2d5320 guid=cb29f4d1-7f37-4692-a416-93e82e219711 type=0x07 size=81974]
  [sect DXE_DEPEX off=0x2d5338 size=6 (6 B) large=False]
[FFS uefi_gz_49f28.bin@8 off=0x2e9358 guid=e43128a8-8692-42b6-8afa-676158578d18 type=0x07 size=77880]
  [sect DXE_DEPEX off=0x2e9370 size=6 (6 B) large=False]
[FFS uefi_gz_49f28.bin@8 off=0x2fc390 guid=8bd3b475-401a-4b0b-9315-edee61a1eae5 type=0x07 size=53334]
  [sect DXE_DEPEX off=0x2fc3a8 size=40 (40 B) large=False]
  [sect PE32 off=0x2fc3d0 size=53252 (53252 B) large=False]
  [sect USER_INTERFACE off=0x3093d4 size=18 (18 B) large=False]
[FFS uefi_gz_49f28.bin@8 off=0x3093e8 guid=4db5dea6-5302-4d1a-8a82-677a683b0d29 type=0x07 size=204890]
  [sect DXE_DEPEX off=0x309400 size=40 (40 B) large=False]
  [sect PE32 off=0x309428 size=204804 (204804 B) large=False]
  [sect USER_INTERFACE off=0x33b42c size=22 (22 B) large=False]
[FFS uefi_gz_49f28.bin@8 off=0x33b448 guid=2a7b4bef-80cd-49e1-b473-374ba4d673fc type=0x07 size=49202]
  [sect DXE_DEPEX off=0x33b460 size=6 (6 B) large=False]
[FFS uefi_gz_49f28.bin@8 off=0x347480 guid=5824f9de-17d2-4b1f-a5fe-5eb77fa53093 type=0x07 size=57430]
  [sect DXE_DEPEX off=0x347498 size=40 (40 B) large=False]
  [sect PE32 off=0x3474c0 size=57348 (57348 B) large=False]
  [sect USER_INTERFACE off=0x3554c4 size=18 (18 B) large=False]
[FFS uefi_gz_49f28.bin@8 off=0x3554d8 guid=f541d663-4a48-40aa-aabf-ff158ccae34c type=0x07 size=41016]
  [sect DXE_DEPEX off=0x3554f0 size=6 (6 B) large=False]
[FFS uefi_gz_49f28.bin@8 off=0x35f510 guid=5a50aa81-c3ae-4608-a0e3-41a2e69baf94 type=0x07 size=118840]
  [sect DXE_DEPEX off=0x35f528 size=6 (6 B) large=False]
[FFS uefi_gz_49f28.bin@8 off=0x37c548 guid=eee9c2b1-16ca-4f34-87ea-2e6d1e160cc4 type=0x09 size=98368]
  [sect USER_INTERFACE off=0x37c560 size=34 (34 B) large=False]
[FFS uefi_gz_49f28.bin@8 off=0x394588 guid=a91d838e-a5fa-4138-825d-455e2303079e type=0x02 size=3004]
  [sect USER_INTERFACE off=0x3945a0 size=30 (30 B) large=False]
[FFS uefi_gz_49f28.bin@8 off=0x395148 guid=a1e235de-e825-4591-9623-c43175811826 type=0x02 size=5210]
  [sect USER_INTERFACE off=0x395160 size=30 (30 B) large=False]
[FFS uefi_gz_49f28.bin@8 off=0x3965a8 PAD/erased size=16777215]
### out2/uefi_gz_180fe0.bin (2773000 B) — firmware volume trovati: [('0x8', 2772992, 72)]
[FV uefi_gz_180fe0.bin@8 off=0x8 len=2772992 (2772992 B) headerlen=72]
[FFS uefi_gz_180fe0.bin@8 off=0x50 PAD/erased size=44]
[FFS uefi_gz_180fe0.bin@8 off=0x80 guid=fc510ee7-ffdc-11d4-bd41-0080c73c8881 type=0x02 size=1404]
  [sect RAW off=0x98 size=1380 (1380 B) large=False]
[FFS uefi_gz_180fe0.bin@8 off=0x600 guid=857a8741-0eec-43bd-9482-27d14ed47d72 type=0x07 size=32852]
  [sect DXE_DEPEX off=0x618 size=6 (6 B) large=False]
[FFS uefi_gz_180fe0.bin@8 off=0x8658 guid=79e4a61c-ed73-4312-94fe-e3e7563362a9 type=0x07 size=32826]
  [sect DXE_DEPEX off=0x8670 size=6 (6 B) large=False]