entry GPT lette: 128 (blocco 4096 B)
partizioni con attributi non nulli (slot metadata):
#   nome                 lba0..lba1     attr             prio   act    retry  succ    unboot   
0   uefi_a               6..1285        0x107f000000000000 3      1      7      1       0         altri_bit=0x10**************
1   aop_a                1286..1413     0x107f000000000000 3      1      7      1       0         altri_bit=0x10**************
2   aop_config_a         1414..1541     0x107f000000000000 3      1      7      1       0         altri_bit=0x10**************
3   tz_a                 1542..2565     0x107f000000000000 3      1      7      1       0         altri_bit=0x10**************
4   hyp_a                2566..4613     0x007f000000000000 3      1      7      1       0         altri_bit=0x0
5   modem_a              4614..81413    0x107f000000000000 3      1      7      1       0         altri_bit=0x10**************
6   bluetooth_a          81414..82437   0x107f000000000000 3      1      7      1       0         altri_bit=0x10**************
7   mdtpsecapp_a         82438..83461   0x107f000000000000 3      1      7      1       0         altri_bit=0x10**************
8   mdtp_a               83462..91653   0x107f000000000000 3      1      7      1       0         altri_bit=0x10**************
9   abl_a                91654..91909   0x107f000000000000 3      1      7      1       0         altri_bit=0x10**************
10  dsp_a                91910..108293  0x107f000000000000 3      1      7      1       0         altri_bit=0x10**************
11  keymaster_a          108294..108421 0x107f000000000000 3      1      7      1       0         altri_bit=0x10**************
12  boot_a               108422..132997 0x007f000000000000 3      1      7      1       0         altri_bit=0x0
13  devcfg_a             132998..133029 0x007f000000000000 3      1      7      1       0         altri_bit=0x0
14  qupfw_a              133030..133049 0x007f000000000000 3      1      7      1       0         altri_bit=0x0
15  vbmeta_a             133050..133065 0x107f000000000000 3      1      7      1       0         altri_bit=0x10**************
16  dtbo_a               133066..139209 0x007f000000000000 3      1      7      1       0         altri_bit=0x0
17  uefisecapp_a         139210..139721 0x007f000000000000 3      1      7      1       0         altri_bit=0x0
18  imagefv_a            139722..140233 0x007f000000000001 3      1      7      1       0         altri_bit=0x1
19  shrm_a               140234..140265 0x107f000000000000 3      1      7      1       0         altri_bit=0x10**************
20  vm-bootsys_a         140266..207374 0x007f000000000000 3      1      7      1       0         altri_bit=0x0
21  cpucp_a              207375..207630 0x107f000000000000 3      1      7      1       0         altri_bit=0x10**************
22  featenabler_a        207631..207662 0x007f000000000000 3      1      7      1       0         altri_bit=0x0
23  vendor_boot_a        207663..232238 0x007f000000000000 3      1      7      1       0         altri_bit=0x0
25  qweslicstore_a       239919..239982 0x107f000000000000 3      1      7      1       0         altri_bit=0x10**************
26  recovery_a           239983..265582 0x007f000000000000 3      1      7      1       0         altri_bit=0x0
27  xbl_ramdump_a        265583..266094 0x007f000000000000 3      1      7      1       0         altri_bit=0x0
28  uefi_b               266095..267374 0x107b000000000000 3      0      7      1       0         altri_bit=0x10**************
29  aop_b                267375..267502 0x007b000000000000 3      0      7      1       0         altri_bit=0x0
30  aop_config_b         267503..267630 0x007b000000000000 3      0      7      1       0         altri_bit=0x0
31  tz_b                 267631..268654 0x007b000000000000 3      0      7      1       0         altri_bit=0x0
32  hyp_b                268655..270702 0x007b000000000000 3      0      7      1       0         altri_bit=0x0
33  modem_b              270703..347502 0x107b000000000000 3      0      7      1       0         altri_bit=0x10**************
34  bluetooth_b          347503..348526 0x107b000000000000 3      0      7      1       0         altri_bit=0x10**************
35  mdtpsecapp_b         348527..349550 0x107b000000000000 3      0      7      1       0         altri_bit=0x10**************
36  mdtp_b               349551..357742 0x107b000000000000 3      0      7      1       0         altri_bit=0x10**************
37  abl_b                357743..357998 0x107b000000000000 3      0      7      1       0         altri_bit=0x10**************
38  dsp_b                357999..374382 0x107b000000000000 3      0      7      1       0         altri_bit=0x10**************
39  keymaster_b          374383..374510 0x107b000000000000 3      0      7      1       0         altri_bit=0x10**************
40  boot_b               374511..399086 0x003a000000000000 2      0      7      0       0         altri_bit=0x0
41  devcfg_b             399087..399118 0x007b000000000000 3      0      7      1       0         altri_bit=0x0
42  qupfw_b              399119..399138 0x007b000000000000 3      0      7      1       0         altri_bit=0x0
43  vbmeta_b             399139..399154 0x107b000000000000 3      0      7      1       0         altri_bit=0x10**************