### blob=out/abl_a.img@1000_f1048_gd1060_fvi_4.bin len=602304 PE_base=0xb0
== ANDROID! blob_off=0x632c4 VA=0x63214 -> xref ['0xdab4', '0x17b88', '0x313ec']
== VNDRBOOT blob_off=0x632cd VA=0x6321d -> xref ['0xdacc', '0x17cf4', '0x180e8']
== unknown_cmd blob_off=0x6dddc VA=0x6dd2c -> xref ['0x4f32c']
== qcom,board-id blob_off=0x66e13 VA=0x66d63 -> xref ['0x1b044', '0x1c944']
== qcom,msm-id blob_off=0x66eb2 VA=0x66e02 -> xref ['0x1b220', '0x1c728']
== Best_match_DTB blob_off=0x66934 VA=0x66884 -> xref ['0x1a978']
== Exact_DTB_match blob_off=0x66a84 VA=0x669d4 -> xref ['0x1c3b8']
== Dtbo_count blob_off=0x66cbc VA=0x66c0c -> xref ['0x1dae8']
== ApplyOverlay_ufdt blob_off=0x66595 VA=0x664e5 -> xref ['0x19d78']
== Device_is_unlocked_skip blob_off=0x60d22 VA=0x60c72 -> xref ['0x5bec']
== State_Unlocked_AvbSlotVerify blob_off=0x60904 VA=0x60854 -> xref ['0x68f8']
== GetActiveSlot_found blob_off=0x6adcf VA=0x6ad1f -> xref ['0x36f04']
== Slot_unbootable blob_off=0x6a312 VA=0x6a262 -> xref ['0x3a0ac']
== SetActiveSlot blob_off=0x6a352 VA=0x6a2a2 -> xref ['0x3a5b0']
== flash: blob_off=0x6ddec VA=0x6dd3c -> xref []
== getvar: blob_off=0x6deec VA=0x6de3c -> xref ['0x515b8']
== set_active blob_off=0x6ddfa VA=0x6dd4a -> xref []
== download: blob_off=0x6def4 VA=0x6de44 -> xref []
== continue blob_off=0x6deb1 VA=0x6de01 -> xref []
== reboot-bootloader blob_off=0x6deda VA=0x6de2a -> xref []
== oem_device-info blob_off=0x6dea1 VA=0x6ddf1 -> xref []
== No_bootable_slot blob_off=0x605fd VA=0x6054d -> xref ['0x4d58']
== Non_Multi-slot_Unbootable blob_off=0x60bab VA=0x60afb -> xref ['0x5a18']
