=== /proc/config.gz dal device: 180823 byte decompressi, sha256=f4bc378e7daf728096f4bf45f43a402700014dad1beee668d621defc300c14e4
  CONFIG_CMDLINE                                "stack_depot_disable=on kasan.stacktrace=off kvm-arm.mode=protected cgroup_disable=pressure cgroup.memory=nokmem"
  CONFIG_CMDLINE_EXTEND                         y
  CONFIG_CMDLINE_FROM_BOOTLOADER                R is not set
  CONFIG_CMDLINE_FORCE                          E is not set
  CONFIG_BOOT_CONFIG                            y
  CONFIG_RD_GZIP                                y
  CONFIG_RD_LZ4                                 y
  CONFIG_RD_ZSTD                                y
  CONFIG_RD_XZ                                  Z is not set
  CONFIG_RD_BZIP2                               2 is not set
  CONFIG_RD_LZO                                 O is not set
  CONFIG_BLK_DEV_INITRD                         y
  CONFIG_INITRAMFS_SOURCE                       ""
  CONFIG_MODULES                                y
  CONFIG_MODULE_SIG                             G is not set
  CONFIG_MODULE_SIG_FORCE                       ASSENTE
  CONFIG_MODULE_FORCE_LOAD                      D is not set
  CONFIG_MODULE_UNLOAD                          y
  CONFIG_MODPROBE_PATH                          ASSENTE
  CONFIG_DM_VERITY                              y
  CONFIG_DM_VERITY_FEC                          y
  CONFIG_DM_VERITY_VERIFY_ROOTHASH_SIG          G is not set
  CONFIG_SECURITY_DMESG_RESTRICT                T is not set
  CONFIG_DEVTMPFS                               S is not set
  CONFIG_BINFMT_SCRIPT                          y
  CONFIG_BINFMT_ELF                             y
  CONFIG_PANIC_TIMEOUT                          -1
  CONFIG_PANIC_ON_OOPS                          y
  CONFIG_DETECT_HUNG_TASK                       y
  CONFIG_ANDROID                                y
  CONFIG_ANDROID_BINDERFS                       y
  CONFIG_IKCONFIG                               y
  CONFIG_IKCONFIG_PROC                          y
  CONFIG_ARM64_VA_BITS                          39
  CONFIG_ARM64_4K_PAGES                         y
  CONFIG_EFI                                    y
  CONFIG_UEVENT_HELPER                          R is not set
  CONFIG_KALLSYMS                               y
  CONFIG_DEBUG_INFO                             y
  CONFIG_LZ4_DECOMPRESS                         y
  CONFIG_DECOMPRESS_LZ4                         y
  CONFIG_USB_CONFIGFS                           y
  CONFIG_USB_F_NCM                              y
  CONFIG_USB_GADGET                             y

=== modulo in uso: /proc/version_signature? ===
Linux localhost 5.10.66-android12-9-00005-gf6e6376090be-ab8060604 #1 SMP PREEMPT Fri Jan 7 14:51:36 UTC 2022 aarch64
