byte letti: 12288 -> entry da 128 B: 96
  1 uefi_a             lb=6        last=1285     byte=5242880     attr=0x107f000000000000  prio=3 succ=1 tries=7 b54=1 b55=0 b60=1 b0=0
  2 aop_a              lb=1286     last=1413     byte=524288      attr=0x107f000000000000  prio=3 succ=1 tries=7 b54=1 b55=0 b60=1 b0=0
  3 aop_config_a       lb=1414     last=1541     byte=524288      attr=0x107f000000000000  prio=3 succ=1 tries=7 b54=1 b55=0 b60=1 b0=0
  4 tz_a               lb=1542     last=2565     byte=4194304     attr=0x107f000000000000  prio=3 succ=1 tries=7 b54=1 b55=0 b60=1 b0=0
  5 hyp_a              lb=2566     last=4613     byte=8388608     attr=0x007f000000000000  prio=3 succ=1 tries=7 b54=1 b55=0 b60=0 b0=0
  6 modem_a            lb=4614     last=81413    byte=314572800   attr=0x107f000000000000  prio=3 succ=1 tries=7 b54=1 b55=0 b60=1 b0=0
  7 bluetooth_a        lb=81414    last=82437    byte=4194304     attr=0x107f000000000000  prio=3 succ=1 tries=7 b54=1 b55=0 b60=1 b0=0
  8 mdtpsecapp_a       lb=82438    last=83461    byte=4194304     attr=0x107f000000000000  prio=3 succ=1 tries=7 b54=1 b55=0 b60=1 b0=0
  9 mdtp_a             lb=83462    last=91653    byte=33554432    attr=0x107f000000000000  prio=3 succ=1 tries=7 b54=1 b55=0 b60=1 b0=0
 10 abl_a              lb=91654    last=91909    byte=1048576     attr=0x107f000000000000  prio=3 succ=1 tries=7 b54=1 b55=0 b60=1 b0=0
 11 dsp_a              lb=91910    last=108293   byte=67108864    attr=0x107f000000000000  prio=3 succ=1 tries=7 b54=1 b55=0 b60=1 b0=0
 12 keymaster_a        lb=108294   last=108421   byte=524288      attr=0x107f000000000000  prio=3 succ=1 tries=7 b54=1 b55=0 b60=1 b0=0
 13 boot_a             lb=108422   last=132997   byte=100663296   attr=0x007f000000000000  prio=3 succ=1 tries=7 b54=1 b55=0 b60=0 b0=0
 14 devcfg_a           lb=132998   last=133029   byte=131072      attr=0x007f000000000000  prio=3 succ=1 tries=7 b54=1 b55=0 b60=0 b0=0
 15 qupfw_a            lb=133030   last=133049   byte=81920       attr=0x007f000000000000  prio=3 succ=1 tries=7 b54=1 b55=0 b60=0 b0=0
 16 vbmeta_a           lb=133050   last=133065   byte=65536       attr=0x107f000000000000  prio=3 succ=1 tries=7 b54=1 b55=0 b60=1 b0=0
 17 dtbo_a             lb=133066   last=139209   byte=25165824    attr=0x007f000000000000  prio=3 succ=1 tries=7 b54=1 b55=0 b60=0 b0=0
 18 uefisecapp_a       lb=139210   last=139721   byte=2097152     attr=0x007f000000000000  prio=3 succ=1 tries=7 b54=1 b55=0 b60=0 b0=0
 19 imagefv_a          lb=139722   last=140233   byte=2097152     attr=0x007f000000000001  prio=3 succ=1 tries=7 b54=1 b55=0 b60=0 b0=1
 20 shrm_a             lb=140234   last=140265   byte=131072      attr=0x107f000000000000  prio=3 succ=1 tries=7 b54=1 b55=0 b60=1 b0=0
 21 vm-bootsys_a       lb=140266   last=207374   byte=274878464   attr=0x007f000000000000  prio=3 succ=1 tries=7 b54=1 b55=0 b60=0 b0=0
 22 cpucp_a            lb=207375   last=207630   byte=1048576     attr=0x107f000000000000  prio=3 succ=1 tries=7 b54=1 b55=0 b60=1 b0=0
 23 featenabler_a      lb=207631   last=207662   byte=131072      attr=0x007f000000000000  prio=3 succ=1 tries=7 b54=1 b55=0 b60=0 b0=0
 24 vendor_boot_a      lb=207663   last=232238   byte=100663296   attr=0x007f000000000000  prio=3 succ=1 tries=7 b54=1 b55=0 b60=0 b0=0
 25 qmcs               lb=232239   last=239918   byte=31457280    attr=0x00**************  prio=0 succ=0 tries=0 b54=0 b55=0 b60=0 b0=0
 26 qweslicstore_a     lb=239919   last=239982   byte=262144      attr=0x107f000000000000  prio=3 succ=1 tries=7 b54=1 b55=0 b60=1 b0=0
 27 recovery_a         lb=239983   last=265582   byte=104857600   attr=0x007f000000000000  prio=3 succ=1 tries=7 b54=1 b55=0 b60=0 b0=0
 28 xbl_ramdump_a      lb=265583   last=266094   byte=2097152     attr=0x007f000000000000  prio=3 succ=1 tries=7 b54=1 b55=0 b60=0 b0=0
 29 uefi_b             lb=266095   last=267374   byte=5242880     attr=0x107b000000000000  prio=3 succ=0 tries=7 b54=1 b55=0 b60=1 b0=0
 30 aop_b              lb=267375   last=267502   byte=524288      attr=0x007b000000000000  prio=3 succ=0 tries=7 b54=1 b55=0 b60=0 b0=0
 31 aop_config_b       lb=267503   last=267630   byte=524288      attr=0x007b000000000000  prio=3 succ=0 tries=7 b54=1 b55=0 b60=0 b0=0
 32 tz_b               lb=267631   last=268654   byte=4194304     attr=0x007b000000000000  prio=3 succ=0 tries=7 b54=1 b55=0 b60=0 b0=0
 33 hyp_b              lb=268655   last=270702   byte=8388608     attr=0x007b000000000000  prio=3 succ=0 tries=7 b54=1 b55=0 b60=0 b0=0
 34 modem_b            lb=270703   last=347502   byte=314572800   attr=0x107b000000000000  prio=3 succ=0 tries=7 b54=1 b55=0 b60=1 b0=0
 35 bluetooth_b        lb=347503   last=348526   byte=4194304     attr=0x107b000000000000  prio=3 succ=0 tries=7 b54=1 b55=0 b60=1 b0=0
 36 mdtpsecapp_b       lb=348527   last=349550   byte=4194304     attr=0x107b000000000000  prio=3 succ=0 tries=7 b54=1 b55=0 b60=1 b0=0
 37 mdtp_b             lb=349551   last=357742   byte=33554432    attr=0x107b000000000000  prio=3 succ=0 tries=7 b54=1 b55=0 b60=1 b0=0
 38 abl_b              lb=357743   last=357998   byte=1048576     attr=0x107b000000000000  prio=3 succ=0 tries=7 b54=1 b55=0 b60=1 b0=0
 39 dsp_b              lb=357999   last=374382   byte=67108864    attr=0x107b000000000000  prio=3 succ=0 tries=7 b54=1 b55=0 b60=1 b0=0
 40 keymaster_b        lb=374383   last=374510   byte=524288      attr=0x107b000000000000  prio=3 succ=0 tries=7 b54=1 b55=0 b60=1 b0=0
 41 boot_b             lb=374511   last=399086   byte=100663296   attr=0x003a000000000000  prio=2 succ=0 tries=7 b54=0 b55=0 b60=0 b0=0
 42 devcfg_b           lb=399087   last=399118   byte=131072      attr=0x007b000000000000  prio=3 succ=0 tries=7 b54=1 b55=0 b60=0 b0=0
 43 qupfw_b            lb=399119   last=399138   byte=81920       attr=0x007b000000000000  prio=3 succ=0 tries=7 b54=1 b55=0 b60=0 b0=0
 44 vbmeta_b           lb=399139   last=399154   byte=65536       attr=0x107b000000000000  prio=3 succ=0 tries=7 b54=1 b55=0 b60=1 b0=0
 45 dtbo_b             lb=399155   last=405298   byte=25165824    attr=0x007b000000000000  prio=3 succ=0 tries=7 b54=1 b55=0 b60=0 b0=0
 46 uefisecapp_b       lb=405299   last=405810   byte=2097152     attr=0x007b000000000000  prio=3 succ=0 tries=7 b54=1 b55=0 b60=0 b0=0
 47 imagefv_b          lb=405811   last=406322   byte=2097152     attr=0x007b000000000001  prio=3 succ=0 tries=7 b54=1 b55=0 b60=0 b0=1
 48 shrm_b             lb=406323   last=406354   byte=131072      attr=0x107b000000000000  prio=3 succ=0 tries=7 b54=1 b55=0 b60=1 b0=0
 49 vm-bootsys_b       lb=406355   last=473463   byte=274878464   attr=0x007b000000000000  prio=3 succ=0 tries=7 b54=1 b55=0 b60=0 b0=0
 50 cpucp_b            lb=473464   last=473719   byte=1048576     attr=0x107b000000000000  prio=3 succ=0 tries=7 b54=1 b55=0 b60=1 b0=0
 51 featenabler_b      lb=473720   last=473751   byte=131072      attr=0x007b000000000000  prio=3 succ=0 tries=7 b54=1 b55=0 b60=0 b0=0
 52 vendor_boot_b      lb=473752   last=498327   byte=100663296   attr=0x007b000000000000  prio=3 succ=0 tries=7 b54=1 b55=0 b60=0 b0=0
 53 qweslicstore_b     lb=498328   last=498391   byte=262144      attr=0x107b000000000000  prio=3 succ=0 tries=7 b54=1 b55=0 b60=1 b0=0
 54 recovery_b         lb=498392   last=523991   byte=104857600   attr=0x007b000000000000  prio=3 succ=0 tries=7 b54=1 b55=0 b60=0 b0=0
 55 xbl_ramdump_b      lb=523992   last=524503   byte=2097152     attr=0x007b000000000000  prio=3 succ=0 tries=7 b54=1 b55=0 b60=0 b0=0
 56 devinfo            lb=524504   last=524504   byte=4096        attr=0x10**************  prio=0 succ=0 tries=0 b54=0 b55=0 b60=1 b0=0
 57 dip                lb=524505   last=524760   byte=1048576     attr=0x10**************  prio=0 succ=0 tries=0 b54=0 b55=0 b60=1 b0=0
 58 splash             lb=524761   last=533116   byte=34226176    attr=0x00**************  prio=0 succ=0 tries=0 b54=0 b55=0 b60=0 b0=0
 59 limits             lb=533117   last=533117   byte=4096        attr=0x10**************  prio=0 succ=0 tries=0 b54=0 b55=0 b60=1 b0=0
 60 limits-cdsp        lb=533118   last=533118   byte=4096        attr=0x10**************  prio=0 succ=0 tries=0 b54=0 b55=0 b60=1 b0=0
 61 toolsfv            lb=533119   last=533374   byte=1048576     attr=0x10**************  prio=0 succ=0 tries=0 b54=0 b55=0 b60=1 b0=0
 62 logfs              lb=533375   last=535422   byte=8388608     attr=0x00**************  prio=0 succ=0 tries=0 b54=0 b55=0 b60=0 b0=0
 63 logdump            lb=535423   last=666494   byte=536870912   attr=0x00**************  prio=0 succ=0 tries=0 b54=0 b55=0 b60=0 b0=0
 64 storsec            lb=666495   last=666526   byte=131072      attr=0x10**************  prio=0 succ=0 tries=0 b54=0 b55=0 b60=1 b0=0
 65 uefivarstore       lb=666527   last=666654   byte=524288      attr=0x10**************  prio=0 succ=0 tries=0 b54=0 b55=0 b60=1 b0=0
 66 secdata            lb=666655   last=666661   byte=28672       attr=0x10**************  prio=0 succ=0 tries=0 b54=0 b55=0 b60=1 b0=0
 67 vm-data            lb=666662   last=675017   byte=34226176    attr=0x00**************  prio=0 succ=0 tries=0 b54=0 b55=0 b60=0 b0=0
 68 mdcompress         lb=675018   last=680137   byte=20971520    attr=0x10**************  prio=0 succ=0 tries=0 b54=0 b55=0 b60=1 b0=0
 69 connsec            lb=680138   last=680169   byte=131072      attr=0x10**************  prio=0 succ=0 tries=0 b54=0 b55=0 b60=1 b0=0
 70 tzsc               lb=680170   last=680201   byte=131072      attr=0x10**************  prio=0 succ=0 tries=0 b54=0 b55=0 b60=1 b0=0
 71 spunvm             lb=680202   last=688393   byte=33554432    attr=0x00**************  prio=0 succ=0 tries=0 b54=0 b55=0 b60=0 b0=0
 72 rtice              lb=688394   last=688521   byte=524288      attr=0x10**************  prio=0 succ=0 tries=0 b54=0 b55=0 b60=1 b0=0
 73 xbl_sc_test_mode   lb=688522   last=688537   byte=65536       attr=0x00**************  prio=0 succ=0 tries=0 b54=0 b55=0 b60=0 b0=0
 74 xbl_sc_logs        lb=688538   last=688569   byte=131072      attr=0x00**************  prio=0 succ=0 tries=0 b54=0 b55=0 b60=0 b0=0
