[    0.000000] Booting Linux on physical CPU 0x0000000000 [0x411fd070]
[    0.000000] Linux version 6.6.60 (user@user-Mini) (aarch64-linux-gnu-gcc (GCC) 16.1.0, GNU ld (GNU Binutils) 2.47) #4 SMP PREEMPT Fri Aug  7 00:51:25 CEST 2026
[    0.000000] KASLR enabled
[    0.000000] random: crng init done
[    0.000000] Machine model: linux,dummy-virt
[    0.000000] earlycon: pl11 at MMIO 0x00************** (options '')
[    0.000000] printk: bootconsole [pl11] enabled
[    0.000000] efi: UEFI not found.
[    0.000000] NUMA: No NUMA configuration found
[    0.000000] NUMA: Faking a node at [mem 0x00**************-0x000000007fffffff]
[    0.000000] NUMA: NODE_DATA [mem 0x7fdf19c0-0x7fdf3fff]
[    0.000000] Zone ranges:
[    0.000000]   DMA      [mem 0x00**************-0x000000007fffffff]
[    0.000000]   DMA32    empty
[    0.000000]   Normal   empty
[    0.000000] Movable zone start for each node
[    0.000000] Early memory node ranges
[    0.000000]   node   0: [mem 0x00**************-0x000000007fffffff]
[    0.000000] Initmem setup node 0 [mem 0x00**************-0x000000007fffffff]
[    0.000000] cma: Reserved 32 MiB at 0x000000007cc00000 on node -1
[    0.000000] psci: probing for conduit method from DT.
[    0.000000] psci: PSCIv1.1 detected in firmware.
[    0.000000] psci: Using standard PSCI v0.2 function IDs
[    0.000000] psci: Trusted OS migration not required
[    0.000000] psci: SMC Calling Convention v1.0
[    0.000000] percpu: Embedded 22 pages/cpu s50856 r8192 d31064 u90112
[    0.000000] pcpu-alloc: s50856 r8192 d31064 u90112 alloc=22*4096
[    0.000000] pcpu-alloc: [0] 0 [0] 1 
[    0.000000] Detected PIPT I-cache on CPU0
[    0.000000] CPU features: detected: Spectre-v2
[    0.000000] CPU features: detected: Spectre-v3a
[    0.000000] CPU features: detected: Spectre-v4
[    0.000000] CPU features: detected: Spectre-BHB
[    0.000000] CPU features: kernel page table isolation forced ON by KASLR
[    0.000000] CPU features: detected: Kernel page table isolation (KPTI)
[    0.000000] CPU features: detected: ARM erratum 834220
[    0.000000] CPU features: detected: ARM erratum 1742098
[    0.000000] CPU features: detected: ARM erratum 832075
[    0.000000] CPU features: detected: ARM errata 1165522, 1319367, or 1530923
[    0.000000] alternatives: applying boot alternatives
[    0.000000] Kernel command line: console=ttyAMA0 earlycon=pl011,0x9000000 rdinit=/init panic=1 loglevel=8
[    0.000000] Dentry cache hash table entries: 131072 (order: 8, 1048576 bytes, linear)
[    0.000000] Inode-cache hash table entries: 65536 (order: 7, 524288 bytes, linear)
[    0.000000] Fallback order for Node 0: 0 
[    0.000000] Built 1 zonelists, mobility grouping on.  Total pages: 258048
[    0.000000] Policy zone: DMA
[    0.000000] mem auto-init: stack:all(zero), heap alloc:off, heap free:off
[    0.000000] software IO TLB: area num 2.
[    0.000000] software IO TLB: mapped [mem 0x0000000078c00000-0x000000007cc00000] (64MB)
[    0.000000] Memory: 837360K/1048576K available (16832K kernel code, 4276K rwdata, 10592K rodata, 2624K init, 605K bss, 178448K reserved, 32768K cma-reserved)
[    0.000000] SLUB: HWalign=64, Order=0-3, MinObjects=0, CPUs=2, Nodes=1
[    0.000000] rcu: Preemptible hierarchical RCU implementation.
[    0.000000] rcu: 	RCU event tracing is enabled.
[    0.000000] rcu: 	RCU restricting CPUs from NR_CPUS=256 to nr_cpu_ids=2.
[    0.000000] 	Trampoline variant of Tasks RCU enabled.
[    0.000000] 	Tracing variant of Tasks RCU enabled.
[    0.000000] rcu: RCU calculated value of scheduler-enlistment delay is 25 jiffies.
[    0.000000] rcu: Adjusting geometry for rcu_fanout_leaf=16, nr_cpu_ids=2
[    0.000000] NR_IRQS: 64, nr_irqs: 64, preallocated irqs: 0
[    0.000000] Root IRQ handler: gic_handle_irq
[    0.000000] GICv2m: range[mem 0x08020000-0x08020fff], SPI[80:143]
[    0.000000] rcu: srcu_init: Setting srcu_struct sizes based on contention.
[    0.000000] arch_timer: cp15 timer(s) running at 62.50MHz (virt).
[    0.000000] clocksource: arch_sys_counter: mask: 0x1ffffffffffffff max_cycles: 0x1cd42e208c, max_idle_ns: 881590405314 ns
[    0.000050] sched_clock: 57 bits at 63MHz, resolution 16ns, wraps every 4398046511096ns
[    0.004976] Console: colour dummy device 80x25
[    0.006233] Calibrating delay loop (skipped), value calculated using timer frequency.. 125.00 BogoMIPS (lpj=250000)
[    0.006443] pid_max: default: 32768 minimum: 301
[    0.007213] LSM: initializing lsm=capability,integrity
[    0.008366] Mount-cache hash table entries: 2048 (order: 2, 16384 bytes, linear)
[    0.008701] Mountpoint-cache hash table entries: 2048 (order: 2, 16384 bytes, linear)
[    0.029113] RCU Tasks: Setting shift to 1 and lim to 1 rcu_task_cb_adjust=1 rcu_task_cpu_ids=2.
[    0.029551] RCU Tasks Trace: Setting shift to 1 and lim to 1 rcu_task_cb_adjust=1 rcu_task_cpu_ids=2.
[    0.030358] rcu: Hierarchical SRCU implementation.
[    0.030439] rcu: 	Max phase no-delay instances is 1000.
[    0.034313] EFI services will not be available.
[    0.035246] smp: Bringing up secondary CPUs ...
[    0.039189] Detected PIPT I-cache on CPU1
[    0.039728] CPU1: Booted secondary processor 0x0000000001 [0x411fd070]
[    0.041545] smp: Brought up 1 node, 2 CPUs
[    0.041763] SMP: Total of 2 processors activated.
[    0.041861] CPU features: detected: 32-bit EL0 Support
[    0.041928] CPU features: detected: 32-bit EL1 Support
[    0.042015] CPU features: detected: CRC32 instructions
[    0.043601] CPU: All CPU(s) started at EL1
[    0.043809] alternatives: applying system-wide alternatives
[    0.056037] devtmpfs: initialized
[    0.064769] clocksource: jiffies: mask: 0xffffffff max_cycles: 0xffffffff, max_idle_ns: 76************** ns
[    0.065018] futex hash table entries: 512 (order: 3, 32768 bytes, linear)
[    0.069395] pinctrl core: initialized pinctrl subsystem
[    0.072563] DMI not present or invalid.
[    0.079936] NET: Registered PF_NETLINK/PF_ROUTE protocol family
[    0.085075] DMA: preallocated 128 KiB GFP_KERNEL pool for atomic allocations
[    0.085457] DMA: preallocated 128 KiB GFP_KERNEL|GFP_DMA pool for atomic allocations
[    0.085701] DMA: preallocated 128 KiB GFP_KERNEL|GFP_DMA32 pool for atomic allocations
[    0.085946] audit: initializing netlink subsys (disabled)
[    0.087133] audit: type=2000 audit(0.080:1): state=initialized audit_enabled=0 res=1
[    0.089482] thermal_sys: Registered thermal governor 'step_wise'
[    0.089510] thermal_sys: Registered thermal governor 'power_allocator'
[    0.089783] cpuidle: using governor menu
[    0.090543] hw-breakpoint: found 6 breakpoint and 4 watchpoint registers.
[    0.090982] ASID allocator initialised with 32768 entries
[    0.095312] Serial: AMBA PL011 UART driver
[    0.114272] 9000000.pl011: ttyAMA0 at MMIO 0x9000000 (irq = 13, base_baud = 0) is a PL011 rev1
[    0.115157] printk: console [ttyAMA0] enabled
[    0.115157] printk: console [ttyAMA0] enabled
[    0.115418] printk: bootconsole [pl11] disabled
[    0.115418] printk: bootconsole [pl11] disabled
[    0.124406] Modules: 2G module region forced by RANDOMIZE_MODULE_REGION_FULL
[    0.124562] Modules: 0 pages in range for non-PLT usage
[    0.124573] Modules: 515504 pages in range for PLT usage
[    0.127179] HugeTLB: registered 1.00 GiB page size, pre-allocated 0 pages
[    0.127355] HugeTLB: 0 KiB vmemmap can be freed for a 1.00 GiB page
[    0.127435] HugeTLB: registered 32.0 MiB page size, pre-allocated 0 pages
[    0.127507] HugeTLB: 0 KiB vmemmap can be freed for a 32.0 MiB page
[    0.127574] HugeTLB: registered 2.00 MiB page size, pre-allocated 0 pages
[    0.127646] HugeTLB: 0 KiB vmemmap can be freed for a 2.00 MiB page
[    0.127714] HugeTLB: registered 64.0 KiB page size, pre-allocated 0 pages
[    0.127785] HugeTLB: 0 KiB vmemmap can be freed for a 64.0 KiB page
[    0.132555] ACPI: Interpreter disabled.
[    0.135368] iommu: Default domain type: Translated
[    0.135468] iommu: DMA domain TLB invalidation policy: strict mode
[    0.136338] SCSI subsystem initialized
[    0.136739] libata version 3.00 loaded.
[    0.137990] usbcore: registered new interface driver usbfs
[    0.138407] usbcore: registered new interface driver hub
[    0.138536] usbcore: registered new device driver usb
[    0.139406] pps_core: LinuxPPS API ver. 1 registered
[    0.139467] pps_core: Software ver. 5.3.6 - Copyright 2005-2007 Rodolfo Giometti <giometti@linux.it>
[    0.139589] PTP clock support registered
[    0.139828] EDAC MC: Ver: 3.0.0
[    0.140953] scmi_core: SCMI protocol bus registered
[    0.142562] FPGA manager framework
[    0.142931] Advanced Linux Sound Architecture Driver Initialized.
[    0.148600] vgaarb: loaded
[    0.150199] clocksource: Switched to clocksource arch_sys_counter
[    0.151648] VFS: Disk quotas dquot_6.6.0
[    0.151787] VFS: Dquot-cache hash table entries: 512 (order 0, 4096 bytes)
[    0.152546] pnp: PnP ACPI: disabled
[    0.163502] NET: Registered PF_INET protocol family
[    0.164419] IP idents hash table entries: 16384 (order: 5, 131072 bytes, linear)
[    0.167313] tcp_listen_portaddr_hash hash table entries: 512 (order: 1, 8192 bytes, linear)
[    0.167539] Table-perturb hash table entries: 65536 (order: 6, 262144 bytes, linear)
[    0.167651] TCP established hash table entries: 8192 (order: 4, 65536 bytes, linear)
[    0.167829] TCP bind hash table entries: 8192 (order: 6, 262144 bytes, linear)
[    0.168100] TCP: Hash tables configured (established 8192 bind 8192)
[    0.168698] UDP hash table entries: 512 (order: 2, 16384 bytes, linear)
[    0.168890] UDP-Lite hash table entries: 512 (order: 2, 16384 bytes, linear)
[    0.169484] NET: Registered PF_UNIX/PF_LOCAL protocol family
[    0.171093] RPC: Registered named UNIX socket transport module.
[    0.171190] RPC: Registered udp transport module.
[    0.171244] RPC: Registered tcp transport module.
[    0.171297] RPC: Registered tcp-with-tls transport module.
[    0.171357] RPC: Registered tcp NFSv4.1 backchannel transport module.
[    0.171481] PCI: CLS 0 bytes, default 64
[    0.173458] Unpacking initramfs...
[    0.173802] Initramfs unpacking failed: broken padding
[    0.178502] kvm [1]: HYP mode not available
[    0.180857] Initialise system trusted keyrings
[    0.182391] workingset: timestamp_bits=42 max_order=18 bucket_order=0
[    0.183684] squashfs: version 4.0 (2009/01/31) Phillip Lougher
[    0.185082] NFS: Registering the id_resolver key type
[    0.185256] Freeing initrd memory: 55780K
[    0.185399] Key type id_resolver registered
[    0.185462] Key type id_legacy registered
[    0.185647] nfs4filelayout_init: NFSv4 File Layout Driver Registering...
[    0.185754] nfs4flexfilelayout_init: NFSv4 Flexfile Layout Driver Registering...
[    0.186403] 9p: Installing v9fs 9p2000 file system support
[    0.207219] Key type asymmetric registered
[    0.207352] Asymmetric key parser 'x509' registered
[    0.207608] Block layer SCSI generic (bsg) driver version 0.4 loaded (major 245)
[    0.207754] io scheduler mq-deadline registered
[    0.207837] io scheduler kyber registered
[    0.208100] io scheduler bfq registered
[    0.219163] pl061_gpio 9030000.pl061: PL061 GPIO chip registered
[    0.222156] pci-host-generic 4010000000.pcie: host bridge /pcie@10000000 ranges:
[    0.222586] pci-host-generic 4010000000.pcie:       IO 0x003eff0000..0x003effffff -> 0x0000000000
[    0.222933] pci-host-generic 4010000000.pcie:      MEM 0x0010000000..0x003efeffff -> 0x0010000000
[    0.223059] pci-host-generic 4010000000.pcie:      MEM 0x8000000000..0xffffffffff -> 0x8000000000
[    0.223374] pci-host-generic 4010000000.pcie: Memory resource size exceeds max for 32 bits
[    0.223724] pci-host-generic 4010000000.pcie: ECAM at [mem 0x4010000000-0x401fffffff] for [bus 00-ff]
[    0.224426] pci-host-generic 4010000000.pcie: PCI host bridge to bus 0000:00
[    0.224617] pci_bus 0000:00: root bus resource [bus 00-ff]
[    0.224710] pci_bus 0000:00: root bus resource [io  0x0000-0xffff]
[    0.224798] pci_bus 0000:00: root bus resource [mem 0x10000000-0x3efeffff]
[    0.224873] pci_bus 0000:00: root bus resource [mem 0x8000000000-0xffffffffff]
[    0.225735] pci 0000:00:00.0: [1b36:0008] type 00 class 0x060000
[    0.231402] EINJ: ACPI disabled.
[    0.255241] Serial: 8250/16550 driver, 4 ports, IRQ sharing enabled
[    0.258650] SuperH (H)SCI(F) driver initialized
[    0.259156] msm_serial: driver initialized
[    0.259726] STM32 USART driver initialized
[    0.269810] loop: module loaded
[    0.271206] megasas: 07.725.01.00-rc1
[    0.273573] physmap-flash 0.flash: physmap platform flash device: [mem 0x00000000-0x03ffffff]
[    0.274486] 0.flash: Found 2 x16 devices at 0x0 in 32-bit bank. Manufacturer ID 0x000000 Chip ID 0x000000
[    0.274857] Intel/Sharp Extended Query Table at 0x0031
[    0.275241] Using buffer write method
[    0.275475] erase region 0: offset=0x0,size=0x40000,blocks=256
[    0.275648] physmap-flash 0.flash: physmap platform flash device: [mem 0x04000000-0x07ffffff]
[    0.275916] 0.flash: Found 2 x16 devices at 0x0 in 32-bit bank. Manufacturer ID 0x000000 Chip ID 0x000000
[    0.276043] Intel/Sharp Extended Query Table at 0x0031
[    0.276315] Using buffer write method
[    0.276373] erase region 0: offset=0x0,size=0x40000,blocks=256
[    0.276463] Concatenating MTD devices:
[    0.276514] (0): "0.flash"
[    0.276552] (1): "0.flash"
[    0.276586] into device "0.flash"
[    0.294781] tun: Universal TUN/TAP device driver, 1.6
[    0.296085] thunder_xcv, ver 1.0
[    0.296162] thunder_bgx, ver 1.0
[    0.296229] nicpf, ver 1.0
[    0.297294] hns3: Hisilicon Ethernet Network Driver for Hip08 Family - version
[    0.297376] hns3: Copyright (c) 2017 Huawei Corporation.
[    0.297544] hclge is initializing
[    0.297674] e1000: Intel(R) PRO/1000 Network Driver
[    0.297730] e1000: Copyright (c) 1999-2006 Intel Corporation.
[    0.297835] e1000e: Intel(R) PRO/1000 Network Driver
[    0.297890] e1000e: Copyright(c) 1999 - 2015 Intel Corporation.
[    0.297981] igb: Intel(R) Gigabit Ethernet Network Driver
[    0.298041] igb: Copyright (c) 2007-2014 Intel Corporation.
[    0.298133] igbvf: Intel(R) Gigabit Virtual Function Network Driver
[    0.298270] igbvf: Copyright (c) 2009 - 2012 Intel Corporation.
[    0.298602] sky2: driver version 1.30
[    0.300180] VFIO - User Level meta-driver version: 0.3
[    0.303316] usbcore: registered new interface driver usb-storage
[    0.308967] rtc-pl031 9010000.pl031: registered as rtc0
[    0.309365] rtc-pl031 9010000.pl031: setting system clock to 2026-09-16T11:00:26 UTC (1789556426)
[    0.310500] i2c_dev: i2c /dev entries driver
[    0.317085] sdhci: Secure Digital Host Controller Interface driver
[    0.317208] sdhci: Copyright(c) Pierre Ossman
[    0.317842] Synopsys Designware Multimedia Card Interface Driver
[    0.318794] sdhci-pltfm: SDHCI platform and OF driver helper
[    0.320648] ledtrig-cpu: registered to indicate activity on CPUs
[    0.323100] usbcore: registered new interface driver usbhid
[    0.323180] usbhid: USB HID core driver
[    0.327630] hw perfevents: enabled with armv8_pmuv3 PMU driver, 7 counters available
[    0.333631] NET: Registered PF_PACKET protocol family
[    0.334804] 9pnet: Installing 9P2000 support
[    0.335078] Key type dns_resolver registered
[    0.345927] registered taskstats version 1
[    0.346845] Loading compiled-in X.509 certificates
[    0.361489] input: gpio-keys as /devices/platform/gpio-keys/input/input0
[    0.366934] clk: Disabling unused clocks
[    0.367305] ALSA device list:
[    0.367372]   No soundcards found.
[    0.369281] uart-pl011 9000000.pl011: no DMA platform data
[    0.371848] /dev/root: Can't open blockdev
[    0.372245] VFS: Cannot open root device "" or unknown-block(0,0): error -6
[    0.372327] Please append a correct "root=" boot option; here are the available partitions:
[    0.372525] 1f00          131072 mtdblock0 
[    0.372562]  (driver?)
[    0.372673] List of all bdev filesystems:
[    0.372719]  ext3
[    0.372730]  ext4
[    0.372754]  ext2
[    0.372778]  squashfs
[    0.372801]  vfat
[    0.372830] 
[    0.372976] Kernel panic - not syncing: VFS: Unable to mount root fs on unknown-block(0,0)
[    0.373166] CPU: 0 PID: 1 Comm: swapper/0 Not tainted 6.6.60 #4
[    0.373268] Hardware name: linux,dummy-virt (DT)
[    0.373403] Call trace:
[    0.373487]  dump_backtrace+0x90/0xf4
[    0.373602]  show_stack+0x18/0x24
[    0.373652]  dump_stack_lvl+0x48/0x60
[    0.373699]  dump_stack+0x18/0x24
[    0.373739]  panic+0x308/0x35c
[    0.373778]  mount_root_generic+0x2cc/0x338
[    0.373830]  mount_root+0x170/0x2ec
[    0.373872]  prepare_namespace+0x6c/0x2b0
[    0.373919]  kernel_init_freeable+0x24c/0x28c
[    0.373970]  kernel_init+0x24/0x1dc
[    0.374012]  ret_from_fork+0x10/0x20
[    0.374184] SMP: stopping secondary CPUs
[    0.374382] Kernel Offset: 0x39848ce00000 from 0xffff800080000000
[    0.374450] PHYS_OFFSET: 0xffffa387c0000000
[    0.374502] CPU features: 0x0,88000203,3c020000,0000421b
[    0.374632] Memory Limit: none
[    0.374790] Rebooting in 1 seconds..
