image /home/user/nx679j-stock/experiments/20260916-122926-native-baseline/candidate-stockkernel-v3/boot_b-stockkernel-openwrt-v3.img
      61165568 bytes sha256=a35a28c14b7ca18217740f9727aba8b971efd443adff9092c982d879d963ceba
[PASS] header magic ANDROID! :: b'ANDROID!'
      kernel_size=49108324 ramdisk_size=12050259 os_version=0x18000162 header_size=1584 header_version=4
[PASS] header_version == 4 :: 4
      cmdline(725 bytes) = stack_depot_disable=on kasan.stacktrace=off kvm-arm.mode=protected cgroup_disable=pressure cgroup.memory=nokmem console=ttyMSM0,115200n8 loglevel=6 kpti=0 log_buf_len=256K kernel.panic_on_rcu_stall=1 swiotlb=noforce loop.max_part=7 cgroup.memory=nokmem,nosocket pcie_ports=compat service_locator.enable=1 msm_rtb.filter=0x237 allow_mismatched_32bit_el0 cpufreq.default_governor=performance pelt=8 kasan=off rcupdate.rcu_expedited=1 rcu_nocbs=0-7 irqaffinity=0-3 ftrace_dump_on_oops pstore.compress=none fsa4480_i2c.async_probe=1 can.stats_timer=0 video=vfb:640x400,bpp=32,memsize=3072000 qcom-dload-mode.download_mode=1 bootconfig msm_drm.dsi_display0=qcom,mdss_dsi_r6130_1080_2400_amoled_cmd: rootwait ro init=/init panic=10
[PASS] kernel_size == manifest :: 49108324/49108324
[PASS] ramdisk_size == manifest :: 12050259/12050259
[PASS] image bytes == manifest :: 61165568/61165568
[PASS] kernel sha256 == device stock kernel :: f0aa949c95d1421381850cb1982bd2a505e96fcd7565543ec28d5b1f7d81a0cc
[PASS] kernel != trailing zeros
[PASS] size <= 96 MiB (0x6000000) :: 61165568 <= 100663296 (39497728 bytes headroom)
[PASS] cmdline carries panic=10
[PASS] cmdline has exactly one panic= token :: panic=10
[PASS] cmdline == v2 cmdline + " panic=10"
[PASS] cmdline prefix byte-identical to v2
[PASS] v2 cmdline tail "rootwait ro init=/init" preserved verbatim :: led_cmd: rootwait ro init=/init panic=10
[PASS] header cmdline == manifest cmdline
[PASS] ramdisk sha256 == manifest :: d4406cb86bc6515615813fcc1bd55ef2d48def48bae6b23ab38b55535a177b85
[PASS] gzip -t accepts ramdisk
[PASS] newc parses to TRAILER!!!
[PASS] entry count == manifest :: 1541 vs 1541
[PASS] ramdisk contains init
[PASS] ramdisk contains sbin/init
[PASS] ramdisk contains bin/busybox
[PASS] ramdisk contains dev/console
[PASS] ramdisk contains dev/kmsg
[PASS] ramdisk contains dev/pmsg0
[PASS] ramdisk contains proc
[PASS] ramdisk contains sys
[PASS] ramdisk contains sys/kernel/config
[PASS] ramdisk contains lib/modules/5.10.66-android12-9-00005-gf6e6376090be-ab8060604/dwc3-msm.ko
[PASS] ramdisk contains lib/modules/5.10.66-android12-9-00005-gf6e6376090be-ab8060604/phy-msm-snps-hs.ko
[PASS] ramdisk contains lib/modules/5.10.66-android12-9-00005-gf6e6376090be-ab8060604/fsa4480-i2c.ko
[PASS] 6 static device nodes :: 6
[PASS] 327 vendor modules packed :: 327
[PASS] init is executable script :: 0o100755
[PASS] init sha256 == manifest :: 1aefccf55646dc4221390e58cf296547ee97ffe7a02e4528e28c7cd5a9cc7b9f
      tool unpack_bootimg: /usr/bin/unpack_bootimg
      tool cpio: /usr/bin/cpio
      unpack_bootimg: boot magic: ANDROID! | kernel_size: 49108324 | ramdisk size: 12050259 | os version: 12.0.0 | os patch level: 2022-02 | boot image header version: 4 | command line args: stack_depot_disable=on kasan.stacktrace=off kvm-arm.mode=protected cgroup_disable=pressure cgroup.memory=nokmem console=ttyMSM0,115200n8 loglevel=6 kpti=0 log_buf_len=256K kernel.panic_on_rcu_stall=1 swiotlb=noforce loop.max_part=7 cgroup.memory=nokmem,nosocket pcie_ports=compat service_locator.enable=1 msm_rtb.filter=0x237 allow_mismatched_32bit_el0 cpufreq.default_governor=performance pelt=8 kasan=off rcupdate.rcu_expedited=1 rcu_nocbs=0-7 irqaffinity=0-3 ftrace_dump_on_oops pstore.compress=none fsa4480_i2c.async_probe=1 can.stats_timer=0 video=vfb:640x400,bpp=32,memsize=3072000 qcom-dload-mode.download_mode=1 bootconfig msm_drm.dsi_display0=qcom,mdss_dsi_r6130_1080_2400_amoled_cmd: rootwait ro init=/init panic=10 | boot.img signature size: 0
[PASS] unpack_bootimg kernel sha256 matches

35/35 checks passed
{
  "image": "/home/user/nx679j-stock/experiments/20260916-122926-native-baseline/candidate-stockkernel-v3/boot_b-stockkernel-openwrt-v3.img",
  "bytes": 61165568,
  "sha256": "a35a28c14b7ca18217740f9727aba8b971efd443adff9092c982d879d963ceba",
  "header_version": 4,
  "kernel_bytes": 49108324,
  "kernel_sha256": "f0aa949c95d1421381850cb1982bd2a505e96fcd7565543ec28d5b1f7d81a0cc",
  "ramdisk_bytes": 12050259,
  "ramdisk_sha256": "d4406cb86bc6515615813fcc1bd55ef2d48def48bae6b23ab38b55535a177b85",
  "ramdisk_entries": 1541,
  "checks_total": 35,
  "checks_failed": [],
  "cmdline_bytes": 725,
  "cmdline": "stack_depot_disable=on kasan.stacktrace=off kvm-arm.mode=protected cgroup_disable=pressure cgroup.memory=nokmem console=ttyMSM0,115200n8 loglevel=6 kpti=0 log_buf_len=256K kernel.panic_on_rcu_stall=1 swiotlb=noforce loop.max_part=7 cgroup.memory=nokmem,nosocket pcie_ports=compat service_locator.enable=1 msm_rtb.filter=0x237 allow_mismatched_32bit_el0 cpufreq.default_governor=performance pelt=8 kasan=off rcupdate.rcu_expedited=1 rcu_nocbs=0-7 irqaffinity=0-3 ftrace_dump_on_oops pstore.compress=none fsa4480_i2c.async_probe=1 can.stats_timer=0 video=vfb:640x400,bpp=32,memsize=3072000 qcom-dload-mode.download_mode=1 bootconfig msm_drm.dsi_display0=qcom,mdss_dsi_r6130_1080_2400_amoled_cmd: rootwait ro init=/init panic=10"
}
