1705.35 12077.50
           CPU0       CPU1       CPU2       CPU3       CPU4       CPU5       CPU6       CPU7       
 11:       2630        129        136        198        737        940        780      64645     GICv3  27 Level     arch_timer
 13:          0          0          0          0          0          0          0          0     GICv3  38 Level     arch_mem_timer
 15:          0          0          0          0          0          0          0          0     GICv3 962 Edge      qcom-scm
 16:          0          0          0          0          0          0          0          0     GICv3  62 Level     dcvsh-irq-0
 17:          0          0          0          0          1          0          0          0     GICv3  63 Level     dcvsh-irq-4
 18:          0          0          0          0          0          0          0          1     GICv3  51 Level     dcvsh-irq-7
 21:         11          0          0          0          0          0          0          0     GICv3  94 Level     qcom_rimps
 22:          0          0          0          0          0          0          0          0     GICv3  23 Level     arm-pmu
 24:          0          0          0          0          0          0          0          0     GICv3 610 Edge      q6v5 wdog
 25:          0          0          0          0          0          0          0          0     GICv3 296 Edge      q6v5 wdog
 26:          0          0          0          0          0          0          0          0     GICv3 384 Edge      generic-irq
 28:        346          0          0          0          0          0          0          0     GICv3 261 Level     ipcc_0
 30:       4723          0          0          0          0          0          0          0     GICv3 297 Level     ufshcd
 35:       7153          0          0          0          0          0          0          0     GICv3  37 Level     apps_rsc
 36:          0          0          0          0          0          0          0          0     GICv3 161 Level     disp_rsc
 37:         73          0          0          0          0          0          0          0     GICv3 613 Level     190b6400.qcom,bwmon-llcc
 38:          8          0          0          0          0          0          0          0     GICv3 113 Level     19091000.qcom,bwmon-ddr
 39:          3          0          0          0          0          0          0          0     GICv3 686 Edge      ipa
 40:        197          0          0          0          0          0          0          0     GICv3 464 Level     gsi
 85:          3          0          0          0          0          0          0          0     GICv3 619 Level     msm_serial_geni0
112:          0          0          0          0          0          0          0          0     GICv3  97 Level     arm-smmu global fault
113:          0          0          0          0          0          0          0          0     GICv3 129 Level     arm-smmu-context-fault
114:          0          0          0          0          0          0          0          0     GICv3 130 Level     arm-smmu-context-fault
115:          0          0          0          0          0          0          0          0     GICv3 131 Level     arm-smmu-context-fault
116:          0          0          0          0          0          0          0          0     GICv3 132 Level     arm-smmu-context-fault
117:          0          0          0          0          0          0          0          0     GICv3 133 Level     arm-smmu-context-fault
118:          0          0          0          0          0          0          0          0     GICv3 134 Level     arm-smmu-context-fault
119:          0          0          0          0          0          0          0          0     GICv3 135 Level     arm-smmu-context-fault
120:          0          0          0          0          0          0          0          0     GICv3 136 Level     arm-smmu-context-fault
121:          0          0          0          0          0          0          0          0     GICv3 137 Level     arm-smmu-context-fault
122:          0          0          0          0          0          0          0          0     GICv3 138 Level     arm-smmu-context-fault
123:          0          0          0          0          0          0          0          0     GICv3 139 Level     arm-smmu-context-fault
212:          0          0          0          0          0          0          0          0     GICv3 172 Edge      int_global_int
259:          0          0          0          0          0          0          0          0     GICv3 115 Level     msm_drm
291:          0          0          0          0          0          0          0          0     GICv3  32 Edge      apps_wdog_bark
292:          0          0          0          0          0          0          0          0     GICv3 960 Edge      gh_msgq_tx_0
293:          0          0          0          0          0          0          0          0     GICv3 961 Edge      gh_msgq_rx_0
296:          0          0          0          0          0          0          0          0       PDC  11 Level     eud_irq
297:          0          0          0          0          0          0          0          0     GICv3 162 Level     pwr_event_irq
298:          0          0          0          0          0          0          0          0       PDC  14 Edge      dp_hs_phy_irq
299:          0          0          0          0          0          0          0          0       PDC  15 Edge      dm_hs_phy_irq
300:          0          0          0          0          0          0          0          0       PDC  17 Level     ss_phy_irq
301:       5714          0          0          0          0          0          0          0     GICv3 165 Level     dwc3-msm, dwc3
302:          0          0          0          0          0          0          0          0   msmgpio  96 Edge      msm_pcie_wake
303:          0          0          0          0          0          0          0          0       sde  12 Edge      dp_display_isr
304:          0          0          0          0          0          0          0          0       sde   4 Edge      dsi_ctrl
305:          0          0          0          0          0          0          0          0   msmgpio  79 Edge      hs_uart_wakeup
306:          3          0          0          0          0          0          0          0      ipcc 1507328 Edge      qcom,qmp-tme
307:          6          0          0          0          0          0          0          0      ipcc   0 Edge      aoss-qmp
308:          0          0          0          0          0          0          0          0      ipcc 196610 Edge      smp2p
309:          0          0          0          0          0          0          0          0      ipcc 262146 Edge      smp2p
310:          0          0          0          0          0          0          0          0      ipcc 393218 Edge      smp2p
311:          6          0          0          0          0          0          0          0      ipcc 131074 Edge      smp2p
312:          0          0          0          0          0          0          0          0       PDC   6 Edge      q6v5 wdog
313:          0          0          0          0          0          0          0          0     smp2p   0 Edge      q6v5 fatal
314:          0          0          0          0          0          0          0          0     smp2p   1 Edge      q6v5 ready
315:          0          0          0          0          0          0          0          0     smp2p   2 Edge      q6v5 handover
316:          0          0          0          0          0          0          0          0     smp2p   3 Edge      q6v5 stop
317:          0          0          0          0          0          0          0          0     smp2p   0 Edge      q6v5 fatal
318:          0          0          0          0          0          0          0          0     smp2p   1 Edge      q6v5 ready
319:          0          0          0          0          0          0          0          0     smp2p   2 Edge      q6v5 handover
320:          0          0          0          0          0          0          0          0     smp2p   3 Edge      q6v5 stop
321:          0          0          0          0          0          0          0          0       PDC   9 Edge      q6v5 wdog
322:          0          0          0          0          0          0          0          0     smp2p   0 Edge      q6v5 fatal
323:          0          0          0          0          0          0          0          0     smp2p   1 Edge      q6v5 ready
324:          0          0          0          0          0          0          0          0     smp2p   2 Edge      q6v5 handover
325:          0          0          0          0          0          0          0          0     smp2p   3 Edge      q6v5 stop
326:          0          0          0          0          0          0          0          0     smp2p   0 Edge      q6v5 fatal
327:          0          0          0          0          0          0          0          2     smp2p   1 Edge      q6v5 ready
328:          0          0          0          0          0          0          0          2     smp2p   2 Edge      q6v5 handover
329:          0          0          0          0          0          0          0          0     smp2p   3 Edge      q6v5 stop
330:          0          0          0          0          0          0          0          1     smp2p   7 Edge      q6v5 shutdown-ack
331:          0          0          0          0          0          0          0          0     smp2p   0 Edge      smp2p_sleepstate
334:          0          0          0          0          0          0          0          0  pmic_arb 102826394 Edge      pm8xxx_rtc_alarm
356:          0          0          0          0          0          0          0          0     smp2p   0 Edge      ipa_smp2p_clk_vote
358:        365          0          0          0          0          0          0          0      ipcc 131072 Edge      glink-native-modem
359:          0          0          0          0          0          0          0          0  ITS-pMSI   0 Edge      gsi_msi
360:          0          0          0          0          0          0          0          0  ITS-pMSI   1 Edge      gsi_msi
IPI0:       197        223        133         90       2845       2956       3219      28501       Rescheduling interrupts
IPI1:     11242        524        338        366        484        431        624       3144       Function call interrupts
IPI2:         0          0          0          0          0          0          0          0       CPU stop interrupts
IPI3:         0          0          0          0          0          0          0          0       CPU stop (for crash dump) interrupts
IPI4:         0          0          0          0          0          0          0          0       Timer broadcast interrupts
IPI5:       917          0          4         23        474        479        510      48220       IRQ work interrupts
IPI6:         0          0          0          0          0          0          0          0       CPU wake-up interrupts
Err:          0
Name:	sh
State:	Z (zombie)
Tgid:	16862
Ngid:	0
Pid:	16862
PPid:	1
TracerPid:	0
Uid:	0	0	0	0
Gid:	0	0	0	0
FDSize:	0
Groups:	 
Threads:	1
SigQ:	0/65662
SigPnd:	00**************
ShdPnd:	00**************
SigBlk:	00**************
SigIgn:	00**************
SigCgt:	00**************
CapInh:	00**************
CapPrm:	000001ffffffffff
CapEff:	000001ffffffffff
CapBnd:	000001ffffffffff
CapAmb:	00**************
NoNewPrivs:	0
Seccomp:	0
Seccomp_filters:	0
Speculation_Store_Bypass:	thread vulnerable
Cpus_allowed:	ff
Cpus_allowed_list:	0-7
Mems_allowed:	1
Mems_allowed_list:	0
voluntary_ctxt_switches:	45
nonvoluntary_ctxt_switches:	0
0