tqftpserv: published 4096 versions 1..10
got del_client for 1:16402
got del_client for 1:16402
got del_client for 1:16402
got del_client for 1:16402
got del_client for 1:16402
got del_client for 1:16402
got del_client for 1:16402
got del_client for 1:16402
got del_client for 1:16402
got del_client for 1:16402
got del_client for 1:16403
got del_client for 1:16403
got del_client for 1:16403
got del_client for 1:16403
got del_client for 1:16403
got del_client for 1:16403
got del_client for 1:16403
got del_client for 1:16403
got del_client for 1:16403
got del_client for 1:16403
got del_client for 1:16404
got del_client for 1:16404
got del_client for 1:16404
got del_client for 1:16404
got del_client for 1:16404
got del_client for 1:16404
got del_client for 1:16404
got del_client for 1:16404
got del_client for 1:16404
got del_client for 1:16404
got del_client for 0:8
got del_client for 0:8
got del_client for 0:8
got del_client for 0:8
got del_client for 0:8
got del_client for 0:8
got del_client for 0:8
got del_client for 0:8
got del_client for 0:8
got del_client for 0:8
got del_client for 0:9
got del_client for 0:9
got del_client for 0:9
got del_client for 0:9
got del_client for 0:9
got del_client for 0:9
got del_client for 0:9
got del_client for 0:9
got del_client for 0:9
got del_client for 0:9
got del_client for 0:11
got del_client for 0:11
got del_client for 0:11
got del_client for 0:11
got del_client for 0:11
got del_client for 0:11
got del_client for 0:11
got del_client for 0:11
got del_client for 0:11
got del_client for 0:11
got del_client for 0:12
got del_client for 0:12
got del_client for 0:12
got del_client for 0:12
got del_client for 0:12
got del_client for 0:12
got del_client for 0:12
got del_client for 0:12
got del_client for 0:12
got del_client for 0:12
got del_client for 0:13
got del_client for 0:13
got del_client for 0:13
got del_client for 0:13
got del_client for 0:13
got del_client for 0:13
got del_client for 0:13
got del_client for 0:13
got del_client for 0:13
got del_client for 0:13
got del_client for 0:14
got del_client for 0:14
got del_client for 0:14
got del_client for 0:14
got del_client for 0:14
got del_client for 0:14
got del_client for 0:14
got del_client for 0:14
got del_client for 0:14
got del_client for 0:14
write request for /readwrite/server_check.txt (octet) from 0:29
got del_client for 1:16405
got del_client for 1:16405
got del_client for 1:16405
got del_client for 1:16405
got del_client for 1:16405
got del_client for 1:16405
got del_client for 1:16405
got del_client for 1:16405
got del_client for 1:16405
got del_client for 1:16405
got del_client for 0:29
got del_client for 0:29
got del_client for 0:29
got del_client for 0:29
got del_client for 0:29
got del_client for 0:29
got del_client for 0:29
got del_client for 0:29
got del_client for 0:29
got del_client for 0:29
read request for /readwrite/ota_firewall/ruleset (mode: octet, rsize: 0, seek: 0) from 0:30
tqftpserv: failed to open ota_firewall/ruleset: No such file or directory
unable to open /readwrite/ota_firewall/ruleset (2), reject
got del_client for 1:16406
got del_client for 1:16406
got del_client for 1:16406
got del_client for 1:16406
got del_client for 1:16406
got del_client for 1:16406
got del_client for 1:16406
got del_client for 1:16406
got del_client for 1:16406
got del_client for 1:16406
got del_client for 0:30
got del_client for 0:30
got del_client for 0:30
got del_client for 0:30
got del_client for 0:30
got del_client for 0:30
got del_client for 0:30
got del_client for 0:30
got del_client for 0:30
got del_client for 0:30
read request for /readwrite/ota_firewall/ruleset (mode: octet, rsize: 0, seek: 0) from 0:31
tqftpserv: failed to open ota_firewall/ruleset: No such file or directory
unable to open /readwrite/ota_firewall/ruleset (2), reject
got del_client for 1:16407
got del_client for 1:16407
got del_client for 1:16407
got del_client for 1:16407
got del_client for 1:16407
got del_client for 1:16407
got del_client for 1:16407
got del_client for 1:16407
got del_client for 1:16407
got del_client for 1:16407
got del_client for 0:31
got del_client for 0:31
got del_client for 0:31
got del_client for 0:31
got del_client for 0:31
got del_client for 0:31
got del_client for 0:31
got del_client for 0:31
got del_client for 0:31
got del_client for 0:31
read request for /readonly/firmware/image/modem_pr/so/848_0_0.mbn (mode: octet, rsize: 0, seek: 0) from 0:32
read request for /readonly/firmware/image/modem_pr/so/848_0_0.mbn (mode: octet, rsize: 52, seek: 0) from 0:33
got del_client for 0:32
got del_client for 0:32
got del_client for 0:32
got del_client for 0:32
got del_client for 0:32
got del_client for 0:32
got del_client for 0:32
got del_client for 0:32
got del_client for 0:32
got del_client for 0:32
got del_client for 1:16408
got del_client for 1:16408
got del_client for 1:16408
got del_client for 1:16408
got del_client for 1:16408
got del_client for 1:16408
got del_client for 1:16408
got del_client for 1:16408
got del_client for 1:16408
got del_client for 1:16408
Got ack for 0 from 0:33
Sending 56 bytes of DATA to 0:33
Sent block 1 of 56 to 0:33
Got ack for 1 from 0:33
got del_client for 1:16409
got del_client for 1:16409
got del_client for 1:16409
got del_client for 1:16409
got del_client for 1:16409
got del_client for 1:16409
got del_client for 1:16409
got del_client for 1:16409
got del_client for 1:16409
got del_client for 1:16409
got del_client for 0:33
got del_client for 0:33
got del_client for 0:33
got del_client for 0:33
got del_client for 0:33
got del_client for 0:33
got del_client for 0:33
got del_client for 0:33
got del_client for 0:33
got del_client for 0:33
read request for /readonly/firmware/image/modem_pr/so/848_0_0.mbn (mode: octet, rsize: 160, seek: 52) from 0:34
Got ack for 0 from 0:34
Sending 164 bytes of DATA to 0:34
Sent block 1 of 164 to 0:34
Got ack for 1 from 0:34
got del_client for 1:16410
got del_client for 1:16410
got del_client for 1:16410
got del_client for 1:16410
got del_client for 1:16410
got del_client for 1:16410
got del_client for 1:16410
got del_client for 1:16410
got del_client for 1:16410
got del_client for 1:16410
got del_client for 0:34
got del_client for 0:34
got del_client for 0:34
got del_client for 0:34
got del_client for 0:34
got del_client for 0:34
got del_client for 0:34
got del_client for 0:34
got del_client for 0:34
got del_client for 0:34
read request for /readonly/firmware/image/modem_pr/so/848_0_0.mbn (mode: octet, rsize: 3512, seek: 4096) from 0:35
Got ack for 0 from 0:35
Sending 3516 bytes of DATA to 0:35
Sent block 1 of 3516 to 0:35
Got ack for 1 from 0:35
got del_client for 1:16411
got del_client for 1:16411
got del_client for 1:16411
got del_client for 1:16411
got del_client for 1:16411
got del_client for 1:16411
got del_client for 1:16411
got del_client for 1:16411
got del_client for 1:16411
got del_client for 1:16411
got del_client for 0:35
got del_client for 0:35
got del_client for 0:35
got del_client for 0:35
got del_client for 0:35
got del_client for 0:35
got del_client for 0:35
got del_client for 0:35
got del_client for 0:35
got del_client for 0:35
read request for /readonly/firmware/image/modem_pr/so/848_0_0.mbn (mode: octet, rsize: 4096, seek: 0) from 0:37
Got ack for 0 from 0:37
Sending 4100 bytes of DATA to 0:37
Sent block 1 of 4100 to 0:37
Got ack for 1 from 0:37
read request for /readonly/firmware/image/modem_pr/so/848_0_0.mbn (mode: octet, rsize: 250361, seek: 8192) from 0:38
got del_client for 1:16412
got del_client for 1:16412
got del_client for 1:16412
got del_client for 1:16412
got del_client for 1:16412
got del_client for 1:16412
got del_client for 1:16412
got del_client for 1:16412
got del_client for 1:16412
got del_client for 1:16412
got del_client for 0:37
got del_client for 0:37
got del_client for 0:37
got del_client for 0:37
got del_client for 0:37
got del_client for 0:37
got del_client for 0:37
got del_client for 0:37
got del_client for 0:37
got del_client for 0:37
Got ack for 0 from 0:38
Sending 7684 bytes of DATA to 0:38
Sent block 1 of 7684 to 0:38
Sending 7684 bytes of DATA to 0:38
Sent block 2 of 7684 to 0:38
Sending 7684 bytes of DATA to 0:38
Sent block 3 of 7684 to 0:38
Sending 7684 bytes of DATA to 0:38
Sent block 4 of 7684 to 0:38
Sending 7684 bytes of DATA to 0:38
Sent block 5 of 7684 to 0:38
Sending 7684 bytes of DATA to 0:38
Sent block 6 of 7684 to 0:38
Sending 7684 bytes of DATA to 0:38
Sent block 7 of 7684 to 0:38
Sending 7684 bytes of DATA to 0:38
Sent block 8 of 7684 to 0:38
Sending 7684 bytes of DATA to 0:38
Sent block 9 of 7684 to 0:38
Sending 7684 bytes of DATA to 0:38
Sent block 10 of 7684 to 0:38
Got ack for 10 from 0:38
Sending 7684 bytes of DATA to 0:38
Sent block 11 of 7684 to 0:38
Sending 7684 bytes of DATA to 0:38
Sent block 12 of 7684 to 0:38
Sending 7684 bytes of DATA to 0:38
Sent block 13 of 7684 to 0:38
Sending 7684 bytes of DATA to 0:38
Sent block 14 of 7684 to 0:38
Sending 7684 bytes of DATA to 0:38
Sent block 15 of 7684 to 0:38
Sending 7684 bytes of DATA to 0:38
Sent block 16 of 7684 to 0:38
Sending 7684 bytes of DATA to 0:38
Sent block 17 of 7684 to 0:38
Sending 7684 bytes of DATA to 0:38
Sent block 18 of 7684 to 0:38
Sending 7684 bytes of DATA to 0:38
Sent block 19 of 7684 to 0:38
Sending 7684 bytes of DATA to 0:38
Sent block 20 of 7684 to 0:38
Got ack for 20 from 0:38
Sending 7684 bytes of DATA to 0:38
Sent block 21 of 7684 to 0:38
Sending 7684 bytes of DATA to 0:38
Sent block 22 of 7684 to 0:38
Sending 7684 bytes of DATA to 0:38
Sent block 23 of 7684 to 0:38
Sending 7684 bytes of DATA to 0:38
Sent block 24 of 7684 to 0:38
Sending 7684 bytes of DATA to 0:38
Sent block 25 of 7684 to 0:38
Sending 7684 bytes of DATA to 0:38
Sent block 26 of 7684 to 0:38
Sending 7684 bytes of DATA to 0:38
Sent block 27 of 7684 to 0:38
Sending 7684 bytes of DATA to 0:38
Sent block 28 of 7684 to 0:38
Sending 7684 bytes of DATA to 0:38
Sent block 29 of 7684 to 0:38
Sending 7684 bytes of DATA to 0:38
Sent block 30 of 7684 to 0:38
Got ack for 30 from 0:38
Sending 7684 bytes of DATA to 0:38
Sent block 31 of 7684 to 0:38
Sending 7684 bytes of DATA to 0:38
Sent block 32 of 7684 to 0:38
Sending 4605 bytes of DATA to 0:38
Sent block 33 of 4605 to 0:38
Got ack for 33 from 0:38
got del_client for 1:16413
got del_client for 1:16413
got del_client for 1:16413
got del_client for 1:16413
got del_client for 1:16413
got del_client for 1:16413
got del_client for 1:16413
got del_client for 1:16413
got del_client for 1:16413
got del_client for 1:16413
got del_client for 0:38
got del_client for 0:38
got del_client for 0:38
got del_client for 0:38
got del_client for 0:38
got del_client for 0:38
got del_client for 0:38
got del_client for 0:38
got del_client for 0:38
got del_client for 0:38
read request for /readonly/firmware/image/modem_pr/so/848_0_0.mbn (mode: octet, rsize: 213864, seek: 262144) from 0:41
Got ack for 0 from 0:41
Sending 7684 bytes of DATA to 0:41
Sent block 1 of 7684 to 0:41
Sending 7684 bytes of DATA to 0:41
Sent block 2 of 7684 to 0:41
Sending 7684 bytes of DATA to 0:41
Sent block 3 of 7684 to 0:41
Sending 7684 bytes of DATA to 0:41
Sent block 4 of 7684 to 0:41
Sending 7684 bytes of DATA to 0:41
Sent block 5 of 7684 to 0:41
Sending 7684 bytes of DATA to 0:41
Sent block 6 of 7684 to 0:41
Sending 7684 bytes of DATA to 0:41
Sent block 7 of 7684 to 0:41
Sending 7684 bytes of DATA to 0:41
Sent block 8 of 7684 to 0:41
Sending 7684 bytes of DATA to 0:41
Sent block 9 of 7684 to 0:41
Sending 7684 bytes of DATA to 0:41
Sent block 10 of 7684 to 0:41
Got ack for 10 from 0:41
Sending 7684 bytes of DATA to 0:41
Sent block 11 of 7684 to 0:41
Sending 7684 bytes of DATA to 0:41
Sent block 12 of 7684 to 0:41
Sending 7684 bytes of DATA to 0:41
Sent block 13 of 7684 to 0:41
Sending 7684 bytes of DATA to 0:41
Sent block 14 of 7684 to 0:41
Sending 7684 bytes of DATA to 0:41
Sent block 15 of 7684 to 0:41
Sending 7684 bytes of DATA to 0:41
Sent block 16 of 7684 to 0:41
Sending 7684 bytes of DATA to 0:41
Sent block 17 of 7684 to 0:41
Sending 7684 bytes of DATA to 0:41
Sent block 18 of 7684 to 0:41
Sending 7684 bytes of DATA to 0:41
Sent block 19 of 7684 to 0:41
Sending 7684 bytes of DATA to 0:41
Sent block 20 of 7684 to 0:41
Got ack for 20 from 0:41
Sending 7684 bytes of DATA to 0:41
Sent block 21 of 7684 to 0:41
Sending 7684 bytes of DATA to 0:41
Sent block 22 of 7684 to 0:41
Sending 7684 bytes of DATA to 0:41
Sent block 23 of 7684 to 0:41
Sending 7684 bytes of DATA to 0:41
Sent block 24 of 7684 to 0:41
Sending 7684 bytes of DATA to 0:41
Sent block 25 of 7684 to 0:41
Sending 7684 bytes of DATA to 0:41
Sent block 26 of 7684 to 0:41
Sending 7684 bytes of DATA to 0:41
Sent block 27 of 7684 to 0:41
Sending 6508 bytes of DATA to 0:41
Sent block 28 of 6508 to 0:41
Got ack for 28 from 0:41
got del_client for 1:16414
got del_client for 1:16414
got del_client for 1:16414
got del_client for 1:16414
got del_client for 1:16414
got del_client for 1:16414
got del_client for 1:16414
got del_client for 1:16414
got del_client for 1:16414
got del_client for 1:16414
got del_client for 0:41
got del_client for 0:41
got del_client for 0:41
got del_client for 0:41
got del_client for 0:41
got del_client for 0:41
got del_client for 0:41
got del_client for 0:41
got del_client for 0:41
got del_client for 0:41
got del_client for 1:16415
got del_client for 1:16415
got del_client for 1:16415
got del_client for 1:16415
got del_client for 1:16415
got del_client for 1:16415
got del_client for 1:16415
got del_client for 1:16415
got del_client for 1:16415
got del_client for 1:16415
got del_client for 1:16416
got del_client for 1:16416
got del_client for 1:16416
got del_client for 1:16416
got del_client for 1:16416
got del_client for 1:16416
got del_client for 1:16416
got del_client for 1:16416
got del_client for 1:16416
got del_client for 1:16416
got del_client for 1:16417
got del_client for 1:16417
got del_client for 1:16417
got del_client for 1:16417
got del_client for 1:16417
got del_client for 1:16417
got del_client for 1:16417
got del_client for 1:16417
got del_client for 1:16417
got del_client for 1:16417
got del_client for 1:16418
got del_client for 1:16418
got del_client for 1:16418
got del_client for 1:16418
got del_client for 1:16418
got del_client for 1:16418
got del_client for 1:16418
got del_client for 1:16418
got del_client for 1:16418
got del_client for 1:16418
read request for /readwrite/mcfg.tmp (mode: octet, rsize: 0, seek: 0) from 0:89
tqftpserv: failed to open mcfg.tmp: No such file or directory
unable to open /readwrite/mcfg.tmp (2), reject
got del_client for 1:16419
got del_client for 1:16419
got del_client for 1:16419
got del_client for 1:16419
got del_client for 1:16419
got del_client for 1:16419
got del_client for 1:16419
got del_client for 1:16419
got del_client for 1:16419
got del_client for 1:16419
got del_client for 0:89
got del_client for 0:89
got del_client for 0:89
got del_client for 0:89
got del_client for 0:89
got del_client for 0:89
got del_client for 0:89
got del_client for 0:89
got del_client for 0:89
got del_client for 0:89
write request for /readwrite/mcfg.tmp (octet) from 0:90
got del_client for 1:16420
got del_client for 1:16420
got del_client for 1:16420
got del_client for 1:16420
got del_client for 1:16420
got del_client for 1:16420
got del_client for 1:16420
got del_client for 1:16420
got del_client for 1:16420
got del_client for 1:16420
got del_client for 0:90
got del_client for 0:90
got del_client for 0:90
got del_client for 0:90
got del_client for 0:90
got del_client for 0:90
got del_client for 0:90
got del_client for 0:90
got del_client for 0:90
got del_client for 0:90
write request for /readwrite/mcfg.tmp (octet) from 0:91
got del_client for 1:16421
got del_client for 1:16421
got del_client for 1:16421
got del_client for 1:16421
got del_client for 1:16421
got del_client for 1:16421
got del_client for 1:16421
got del_client for 1:16421
got del_client for 1:16421
got del_client for 1:16421
got del_client for 0:91
got del_client for 0:91
got del_client for 0:91
got del_client for 0:91
got del_client for 0:91
got del_client for 0:91
got del_client for 0:91
got del_client for 0:91
got del_client for 0:91
got del_client for 0:91
read request for /readwrite/mcfg.tmp (mode: octet, rsize: 0, seek: 0) from 0:92
got del_client for 1:16422
got del_client for 1:16422
got del_client for 1:16422
got del_client for 1:16422
got del_client for 1:16422
got del_client for 1:16422
got del_client for 1:16422
got del_client for 1:16422
got del_client for 1:16422
got del_client for 1:16422
got del_client for 0:92
got del_client for 0:92
got del_client for 0:92
got del_client for 0:92
got del_client for 0:92
got del_client for 0:92
got del_client for 0:92
got del_client for 0:92
got del_client for 0:92
got del_client for 0:92
write request for /readwrite/mcfg.tmp (octet) from 0:93
Ignoring unknown option 'unlink' with value '0'
got del_client for 0:93
got del_client for 0:93
got del_client for 0:93
got del_client for 0:93
got del_client for 0:93
got del_client for 0:93
got del_client for 0:93
got del_client for 0:93
got del_client for 0:93
got del_client for 0:93
read request for /readonly/firmware/image/modem_pr/mcfg/configs/mcfg_hw/mbn_hw.dig (mode: octet, rsize: 0, seek: 0) from 0:94
got del_client for 1:16424
got del_client for 1:16424
got del_client for 1:16424
got del_client for 1:16424
got del_client for 1:16424
got del_client for 1:16424
got del_client for 1:16424
got del_client for 1:16424
got del_client for 1:16424
got del_client for 1:16424
got del_client for 0:94
got del_client for 0:94
got del_client for 0:94
got del_client for 0:94
got del_client for 0:94
got del_client for 0:94
got del_client for 0:94
got del_client for 0:94
got del_client for 0:94
got del_client for 0:94
read request for /readonly/firmware/image/modem_pr/mcfg/configs/mcfg_hw/mbn_hw.dig (mode: octet, rsize: 32, seek: 0) from 0:95
Got ack for 0 from 0:95
Sending 36 bytes of DATA to 0:95
Sent block 1 of 36 to 0:95
Got ack for 1 from 0:95
got del_client for 1:16425
got del_client for 1:16425
got del_client for 1:16425
got del_client for 1:16425
got del_client for 1:16425
got del_client for 1:16425
got del_client for 1:16425
got del_client for 1:16425
got del_client for 1:16425
got del_client for 1:16425
got del_client for 0:95
got del_client for 0:95
got del_client for 0:95
got del_client for 0:95
got del_client for 0:95
got del_client for 0:95
got del_client for 0:95
got del_client for 0:95
got del_client for 0:95
got del_client for 0:95
read request for /readonly/firmware/image/modem_pr/mcfg/configs/mcfg_sw/mbn_sw.dig (mode: octet, rsize: 0, seek: 0) from 0:96
got del_client for 1:16426
got del_client for 1:16426
got del_client for 1:16426
got del_client for 1:16426
got del_client for 1:16426
got del_client for 1:16426
got del_client for 1:16426
got del_client for 1:16426
got del_client for 1:16426
got del_client for 1:16426
got del_client for 0:96
got del_client for 0:96
got del_client for 0:96
got del_client for 0:96
got del_client for 0:96
got del_client for 0:96
got del_client for 0:96
got del_client for 0:96
got del_client for 0:96
got del_client for 0:96
read request for /readonly/firmware/image/modem_pr/mcfg/configs/mcfg_sw/mbn_sw.dig (mode: octet, rsize: 32, seek: 0) from 0:97
Got ack for 0 from 0:97
Sending 36 bytes of DATA to 0:97
Sent block 1 of 36 to 0:97
Got ack for 1 from 0:97
got del_client for 1:16427
got del_client for 1:16427
got del_client for 1:16427
got del_client for 1:16427
got del_client for 1:16427
got del_client for 1:16427
got del_client for 1:16427
got del_client for 1:16427
got del_client for 1:16427
got del_client for 1:16427
got del_client for 0:97
got del_client for 0:97
got del_client for 0:97
got del_client for 0:97
got del_client for 0:97
got del_client for 0:97
got del_client for 0:97
got del_client for 0:97
got del_client for 0:97
got del_client for 0:97
got del_client for 1:16428
got del_client for 1:16428
got del_client for 1:16428
got del_client for 1:16428
got del_client for 1:16428
got del_client for 1:16428
got del_client for 1:16428
got del_client for 1:16428
got del_client for 1:16428
got del_client for 1:16428
got del_client for 1:16429
got del_client for 1:16429
got del_client for 1:16429
got del_client for 1:16429
got del_client for 1:16429
got del_client for 1:16429
got del_client for 1:16429
got del_client for 1:16429
got del_client for 1:16429
got del_client for 1:16429
got del_client for 1:16430
got del_client for 1:16430
got del_client for 1:16430
got del_client for 1:16430
got del_client for 1:16430
got del_client for 1:16430
got del_client for 1:16430
got del_client for 1:16430
got del_client for 1:16430
got del_client for 1:16430
got del_client for 1:16431
got del_client for 1:16431
got del_client for 1:16431
got del_client for 1:16431
got del_client for 1:16431
got del_client for 1:16431
got del_client for 1:16431
got del_client for 1:16431
got del_client for 1:16431
got del_client for 1:16431
got del_client for 1:16432
got del_client for 1:16432
got del_client for 1:16432
got del_client for 1:16432
got del_client for 1:16432
got del_client for 1:16432
got del_client for 1:16432
got del_client for 1:16432
got del_client for 1:16432
got del_client for 1:16432
got del_client for 1:16433
got del_client for 1:16433
got del_client for 1:16433
got del_client for 1:16433
got del_client for 1:16433
got del_client for 1:16433
got del_client for 1:16433
got del_client for 1:16433
got del_client for 1:16433
got del_client for 1:16433
got del_client for 1:16434
got del_client for 1:16434
got del_client for 1:16434
got del_client for 1:16434
got del_client for 1:16434
got del_client for 1:16434
got del_client for 1:16434
got del_client for 1:16434
got del_client for 1:16434
got del_client for 1:16434
got del_client for 1:16435
got del_client for 1:16435
got del_client for 1:16435
got del_client for 1:16435
got del_client for 1:16435
got del_client for 1:16435
got del_client for 1:16435
got del_client for 1:16435
got del_client for 1:16435
got del_client for 1:16435
got del_client for 1:16436
got del_client for 1:16436
got del_client for 1:16436
got del_client for 1:16436
got del_client for 1:16436
got del_client for 1:16436
got del_client for 1:16436
got del_client for 1:16436
got del_client for 1:16436
got del_client for 1:16436
got del_client for 1:16437
got del_client for 1:16437
got del_client for 1:16437
got del_client for 1:16437
got del_client for 1:16437
got del_client for 1:16437
got del_client for 1:16437
got del_client for 1:16437
got del_client for 1:16437
got del_client for 1:16437
got del_client for 1:16438
got del_client for 1:16438
got del_client for 1:16438
got del_client for 1:16438
got del_client for 1:16438
got del_client for 1:16438
got del_client for 1:16438
got del_client for 1:16438
got del_client for 1:16438
got del_client for 1:16438
got del_client for 1:16439
got del_client for 1:16439
got del_client for 1:16439
got del_client for 1:16439
got del_client for 1:16439
got del_client for 1:16439
got del_client for 1:16439
got del_client for 1:16439
got del_client for 1:16439
got del_client for 1:16439
got del_client for 1:16440
got del_client for 1:16440
got del_client for 1:16440
got del_client for 1:16440
got del_client for 1:16440
got del_client for 1:16440
got del_client for 1:16440
got del_client for 1:16440
got del_client for 1:16440
got del_client for 1:16440
got del_client for 1:16441
got del_client for 1:16441
got del_client for 1:16441
got del_client for 1:16441
got del_client for 1:16441
got del_client for 1:16441
got del_client for 1:16441
got del_client for 1:16441
got del_client for 1:16441
got del_client for 1:16441
got del_client for 1:16442
got del_client for 1:16442
got del_client for 1:16442
got del_client for 1:16442
got del_client for 1:16442
got del_client for 1:16442
got del_client for 1:16442
got del_client for 1:16442
got del_client for 1:16442
got del_client for 1:16442
got del_client for 1:16443
got del_client for 1:16443
got del_client for 1:16443
got del_client for 1:16443
got del_client for 1:16443
got del_client for 1:16443
got del_client for 1:16443
got del_client for 1:16443
got del_client for 1:16443
got del_client for 1:16443
got del_client for 1:16444
got del_client for 1:16444
got del_client for 1:16444
got del_client for 1:16444
got del_client for 1:16444
got del_client for 1:16444
got del_client for 1:16444
got del_client for 1:16444
got del_client for 1:16444
got del_client for 1:16444
got del_client for 1:16445
got del_client for 1:16445
got del_client for 1:16445
got del_client for 1:16445
got del_client for 1:16445
got del_client for 1:16445
got del_client for 1:16445
got del_client for 1:16445
got del_client for 1:16445
got del_client for 1:16445
got del_client for 1:16446
got del_client for 1:16446
got del_client for 1:16446
got del_client for 1:16446
got del_client for 1:16446
got del_client for 1:16446
got del_client for 1:16446
got del_client for 1:16446
got del_client for 1:16446
got del_client for 1:16446
got del_client for 1:16447
got del_client for 1:16447
got del_client for 1:16447
got del_client for 1:16447
got del_client for 1:16447
got del_client for 1:16447
got del_client for 1:16447
got del_client for 1:16447
got del_client for 1:16447
got del_client for 1:16447
got del_client for 1:16448
got del_client for 1:16448
got del_client for 1:16448
got del_client for 1:16448
got del_client for 1:16448
got del_client for 1:16448
got del_client for 1:16448
got del_client for 1:16448
got del_client for 1:16448
got del_client for 1:16448
got del_client for 1:16449
got del_client for 1:16449
got del_client for 1:16449
got del_client for 1:16449
got del_client for 1:16449
got del_client for 1:16449
got del_client for 1:16449
got del_client for 1:16449
got del_client for 1:16449
got del_client for 1:16449
got del_client for 1:16450
got del_client for 1:16450
got del_client for 1:16450
got del_client for 1:16450
got del_client for 1:16450
got del_client for 1:16450
got del_client for 1:16450
got del_client for 1:16450
got del_client for 1:16450
got del_client for 1:16450
got del_client for 1:16451
got del_client for 1:16451
got del_client for 1:16451
got del_client for 1:16451
got del_client for 1:16451
got del_client for 1:16451
got del_client for 1:16451
got del_client for 1:16451
got del_client for 1:16451
got del_client for 1:16451
got del_client for 0:88
got del_client for 0:88
got del_client for 0:88
got del_client for 0:88
got del_client for 0:88
got del_client for 0:88
got del_client for 0:88
got del_client for 0:88
got del_client for 0:88
got del_client for 0:88
got del_client for 0:53
got del_client for 0:53
got del_client for 0:53
got del_client for 0:53
got del_client for 0:53
got del_client for 0:53
got del_client for 0:53
got del_client for 0:53
got del_client for 0:53
got del_client for 0:53
got del_client for 1:16452
got del_client for 1:16452
got del_client for 1:16452
got del_client for 1:16452
got del_client for 1:16452
got del_client for 1:16452
got del_client for 1:16452
got del_client for 1:16452
got del_client for 1:16452
got del_client for 1:16452
got del_client for 0:99
got del_client for 0:99
got del_client for 0:99
got del_client for 0:99
got del_client for 0:99
got del_client for 0:99
got del_client for 0:99
got del_client for 0:99
got del_client for 0:99
got del_client for 0:99
got bye for 0
got bye for 0
got bye for 0
got bye for 0
got bye for 0
got bye for 0
got bye for 0
got bye for 0
got bye for 0
got bye for 0
got del_client for 1:16453
got del_client for 1:16453
got del_client for 1:16453
got del_client for 1:16453
got del_client for 1:16453
got del_client for 1:16453
got del_client for 1:16453
got del_client for 1:16453
got del_client for 1:16453
got del_client for 1:16453
got del_client for 1:16454
got del_client for 1:16454
got del_client for 1:16454
got del_client for 1:16454
got del_client for 1:16454
got del_client for 1:16454
got del_client for 1:16454
got del_client for 1:16454
got del_client for 1:16454
got del_client for 1:16454
got del_client for 0:8
got del_client for 0:8
got del_client for 0:8
got del_client for 0:8
got del_client for 0:8
got del_client for 0:8
got del_client for 0:8
got del_client for 0:8
got del_client for 0:8
got del_client for 0:8
got del_client for 0:9
got del_client for 0:9
got del_client for 0:9
got del_client for 0:9
got del_client for 0:9
got del_client for 0:9
got del_client for 0:9
got del_client for 0:9
got del_client for 0:9
got del_client for 0:9
got del_client for 0:11
got del_client for 0:11
got del_client for 0:11
got del_client for 0:11
got del_client for 0:11
got del_client for 0:11
got del_client for 0:11
got del_client for 0:11
got del_client for 0:11
got del_client for 0:11
got del_client for 0:12
got del_client for 0:12
got del_client for 0:12
got del_client for 0:12
got del_client for 0:12
got del_client for 0:12
got del_client for 0:12
got del_client for 0:12
got del_client for 0:12
got del_client for 0:12
got del_client for 0:13
got del_client for 0:13
got del_client for 0:13
got del_client for 0:13
got del_client for 0:13
got del_client for 0:13
got del_client for 0:13
got del_client for 0:13
got del_client for 0:13
got del_client for 0:13
got del_client for 0:14
got del_client for 0:14
got del_client for 0:14
got del_client for 0:14
got del_client for 0:14
got del_client for 0:14
got del_client for 0:14
got del_client for 0:14
got del_client for 0:14
got del_client for 0:14
write request for /readwrite/server_check.txt (octet) from 0:29
got del_client for 1:16455
got del_client for 1:16455
got del_client for 1:16455
got del_client for 1:16455
got del_client for 1:16455
got del_client for 1:16455
got del_client for 1:16455
got del_client for 1:16455
got del_client for 1:16455
got del_client for 1:16455
got del_client for 0:29
got del_client for 0:29
got del_client for 0:29
got del_client for 0:29
got del_client for 0:29
got del_client for 0:29
got del_client for 0:29
got del_client for 0:29
got del_client for 0:29
got del_client for 0:29
read request for /readwrite/ota_firewall/ruleset (mode: octet, rsize: 0, seek: 0) from 0:30
tqftpserv: failed to open ota_firewall/ruleset: No such file or directory
unable to open /readwrite/ota_firewall/ruleset (2), reject
got del_client for 1:16456
got del_client for 1:16456
got del_client for 1:16456
got del_client for 1:16456
got del_client for 1:16456
got del_client for 1:16456
got del_client for 1:16456
got del_client for 1:16456
got del_client for 1:16456
got del_client for 1:16456
got del_client for 0:30
got del_client for 0:30
got del_client for 0:30
got del_client for 0:30
got del_client for 0:30
got del_client for 0:30
got del_client for 0:30
got del_client for 0:30
got del_client for 0:30
got del_client for 0:30
read request for /readwrite/ota_firewall/ruleset (mode: octet, rsize: 0, seek: 0) from 0:31
tqftpserv: failed to open ota_firewall/ruleset: No such file or directory
unable to open /readwrite/ota_firewall/ruleset (2), reject
got del_client for 1:16457
got del_client for 1:16457
got del_client for 1:16457
got del_client for 1:16457
got del_client for 1:16457
got del_client for 1:16457
got del_client for 1:16457
got del_client for 1:16457
got del_client for 1:16457
got del_client for 1:16457
got del_client for 0:31
got del_client for 0:31
got del_client for 0:31
got del_client for 0:31
got del_client for 0:31
got del_client for 0:31
got del_client for 0:31
got del_client for 0:31
got del_client for 0:31
got del_client for 0:31
read request for /readonly/firmware/image/modem_pr/so/848_0_0.mbn (mode: octet, rsize: 0, seek: 0) from 0:32
read request for /readonly/firmware/image/modem_pr/so/848_0_0.mbn (mode: octet, rsize: 52, seek: 0) from 0:33
got del_client for 1:16458
got del_client for 1:16458
got del_client for 1:16458
got del_client for 1:16458
got del_client for 1:16458
got del_client for 1:16458
got del_client for 1:16458
got del_client for 1:16458
got del_client for 1:16458
got del_client for 1:16458
got del_client for 0:32
got del_client for 0:32
got del_client for 0:32
got del_client for 0:32
got del_client for 0:32
got del_client for 0:32
got del_client for 0:32
got del_client for 0:32
got del_client for 0:32
got del_client for 0:32
Got ack for 0 from 0:33
Sending 56 bytes of DATA to 0:33
Sent block 1 of 56 to 0:33
Got ack for 1 from 0:33
got del_client for 1:16459
got del_client for 1:16459
got del_client for 1:16459
got del_client for 1:16459
got del_client for 1:16459
got del_client for 1:16459
got del_client for 1:16459
got del_client for 1:16459
got del_client for 1:16459
got del_client for 1:16459
read request for /readonly/firmware/image/modem_pr/so/848_0_0.mbn (mode: octet, rsize: 160, seek: 52) from 0:35
got del_client for 0:33
got del_client for 0:33
got del_client for 0:33
got del_client for 0:33
got del_client for 0:33
got del_client for 0:33
got del_client for 0:33
got del_client for 0:33
got del_client for 0:33
got del_client for 0:33
Got ack for 0 from 0:35
Sending 164 bytes of DATA to 0:35
Sent block 1 of 164 to 0:35
Got ack for 1 from 0:35
got del_client for 1:16460
got del_client for 1:16460
got del_client for 1:16460
got del_client for 1:16460
got del_client for 1:16460
got del_client for 1:16460
got del_client for 1:16460
got del_client for 1:16460
got del_client for 1:16460
got del_client for 1:16460
read request for /readonly/firmware/image/modem_pr/so/848_0_0.mbn (mode: octet, rsize: 3512, seek: 4096) from 0:36
got del_client for 0:35
got del_client for 0:35
got del_client for 0:35
got del_client for 0:35
got del_client for 0:35
got del_client for 0:35
got del_client for 0:35
got del_client for 0:35
got del_client for 0:35
got del_client for 0:35
Got ack for 0 from 0:36
Sending 3516 bytes of DATA to 0:36
Sent block 1 of 3516 to 0:36
Got ack for 1 from 0:36
got del_client for 1:16461
got del_client for 1:16461
got del_client for 1:16461
got del_client for 1:16461
got del_client for 1:16461
got del_client for 1:16461
got del_client for 1:16461
got del_client for 1:16461
got del_client for 1:16461
got del_client for 1:16461
got del_client for 0:36
got del_client for 0:36
got del_client for 0:36
got del_client for 0:36
got del_client for 0:36
got del_client for 0:36
got del_client for 0:36
got del_client for 0:36
got del_client for 0:36
got del_client for 0:36
read request for /readonly/firmware/image/modem_pr/so/848_0_0.mbn (mode: octet, rsize: 4096, seek: 0) from 0:37
Got ack for 0 from 0:37
Sending 4100 bytes of DATA to 0:37
Sent block 1 of 4100 to 0:37
Got ack for 1 from 0:37
read request for /readonly/firmware/image/modem_pr/so/848_0_0.mbn (mode: octet, rsize: 250361, seek: 8192) from 0:38
got del_client for 0:37
got del_client for 0:37
got del_client for 0:37
got del_client for 0:37
got del_client for 0:37
got del_client for 0:37
got del_client for 0:37
got del_client for 0:37
got del_client for 0:37
got del_client for 0:37
got del_client for 1:16462
got del_client for 1:16462
got del_client for 1:16462
got del_client for 1:16462
got del_client for 1:16462
got del_client for 1:16462
got del_client for 1:16462
got del_client for 1:16462
got del_client for 1:16462
got del_client for 1:16462
Got ack for 0 from 0:38
Sending 7684 bytes of DATA to 0:38
Sent block 1 of 7684 to 0:38
Sending 7684 bytes of DATA to 0:38
Sent block 2 of 7684 to 0:38
Sending 7684 bytes of DATA to 0:38
Sent block 3 of 7684 to 0:38
Sending 7684 bytes of DATA to 0:38
Sent block 4 of 7684 to 0:38
Sending 7684 bytes of DATA to 0:38
Sent block 5 of 7684 to 0:38
Sending 7684 bytes of DATA to 0:38
Sent block 6 of 7684 to 0:38
Sending 7684 bytes of DATA to 0:38
Sent block 7 of 7684 to 0:38
Sending 7684 bytes of DATA to 0:38
Sent block 8 of 7684 to 0:38
Sending 7684 bytes of DATA to 0:38
Sent block 9 of 7684 to 0:38
Sending 7684 bytes of DATA to 0:38
Sent block 10 of 7684 to 0:38
Got ack for 10 from 0:38
Sending 7684 bytes of DATA to 0:38
Sent block 11 of 7684 to 0:38
Sending 7684 bytes of DATA to 0:38
Sent block 12 of 7684 to 0:38
Sending 7684 bytes of DATA to 0:38
Sent block 13 of 7684 to 0:38
Sending 7684 bytes of DATA to 0:38
Sent block 14 of 7684 to 0:38
Sending 7684 bytes of DATA to 0:38
Sent block 15 of 7684 to 0:38
Sending 7684 bytes of DATA to 0:38
Sent block 16 of 7684 to 0:38
Sending 7684 bytes of DATA to 0:38
Sent block 17 of 7684 to 0:38
Sending 7684 bytes of DATA to 0:38
Sent block 18 of 7684 to 0:38
Sending 7684 bytes of DATA to 0:38
Sent block 19 of 7684 to 0:38
Sending 7684 bytes of DATA to 0:38
Sent block 20 of 7684 to 0:38
Got ack for 20 from 0:38
Sending 7684 bytes of DATA to 0:38
Sent block 21 of 7684 to 0:38
Sending 7684 bytes of DATA to 0:38
Sent block 22 of 7684 to 0:38
Sending 7684 bytes of DATA to 0:38
Sent block 23 of 7684 to 0:38
Sending 7684 bytes of DATA to 0:38
Sent block 24 of 7684 to 0:38
Sending 7684 bytes of DATA to 0:38
Sent block 25 of 7684 to 0:38
Sending 7684 bytes of DATA to 0:38
Sent block 26 of 7684 to 0:38
Sending 7684 bytes of DATA to 0:38
Sent block 27 of 7684 to 0:38
Sending 7684 bytes of DATA to 0:38
Sent block 28 of 7684 to 0:38
Sending 7684 bytes of DATA to 0:38
Sent block 29 of 7684 to 0:38
Sending 7684 bytes of DATA to 0:38
Sent block 30 of 7684 to 0:38
Got ack for 30 from 0:38
Sending 7684 bytes of DATA to 0:38
Sent block 31 of 7684 to 0:38
Sending 7684 bytes of DATA to 0:38
Sent block 32 of 7684 to 0:38
Sending 4605 bytes of DATA to 0:38
Sent block 33 of 4605 to 0:38
Got ack for 33 from 0:38
got del_client for 1:16463
got del_client for 1:16463
got del_client for 1:16463
got del_client for 1:16463
got del_client for 1:16463
got del_client for 1:16463
got del_client for 1:16463
got del_client for 1:16463
got del_client for 1:16463
got del_client for 1:16463
got del_client for 0:38
got del_client for 0:38
got del_client for 0:38
got del_client for 0:38
got del_client for 0:38
got del_client for 0:38
got del_client for 0:38
got del_client for 0:38
got del_client for 0:38
got del_client for 0:38
read request for /readonly/firmware/image/modem_pr/so/848_0_0.mbn (mode: octet, rsize: 213864, seek: 262144) from 0:41
Got ack for 0 from 0:41
Sending 7684 bytes of DATA to 0:41
Sent block 1 of 7684 to 0:41
Sending 7684 bytes of DATA to 0:41
Sent block 2 of 7684 to 0:41
Sending 7684 bytes of DATA to 0:41
Sent block 3 of 7684 to 0:41
Sending 7684 bytes of DATA to 0:41
Sent block 4 of 7684 to 0:41
Sending 7684 bytes of DATA to 0:41
Sent block 5 of 7684 to 0:41
Sending 7684 bytes of DATA to 0:41
Sent block 6 of 7684 to 0:41
Sending 7684 bytes of DATA to 0:41
Sent block 7 of 7684 to 0:41
Sending 7684 bytes of DATA to 0:41
Sent block 8 of 7684 to 0:41
Sending 7684 bytes of DATA to 0:41
Sent block 9 of 7684 to 0:41
Sending 7684 bytes of DATA to 0:41
Sent block 10 of 7684 to 0:41
Got ack for 10 from 0:41
Sending 7684 bytes of DATA to 0:41
Sent block 11 of 7684 to 0:41
Sending 7684 bytes of DATA to 0:41
Sent block 12 of 7684 to 0:41
Sending 7684 bytes of DATA to 0:41
Sent block 13 of 7684 to 0:41
Sending 7684 bytes of DATA to 0:41
Sent block 14 of 7684 to 0:41
Sending 7684 bytes of DATA to 0:41
Sent block 15 of 7684 to 0:41
Sending 7684 bytes of DATA to 0:41
Sent block 16 of 7684 to 0:41
Sending 7684 bytes of DATA to 0:41
Sent block 17 of 7684 to 0:41
Sending 7684 bytes of DATA to 0:41
Sent block 18 of 7684 to 0:41
Sending 7684 bytes of DATA to 0:41
Sent block 19 of 7684 to 0:41
Sending 7684 bytes of DATA to 0:41
Sent block 20 of 7684 to 0:41
Got ack for 20 from 0:41
Sending 7684 bytes of DATA to 0:41
Sent block 21 of 7684 to 0:41
Sending 7684 bytes of DATA to 0:41
Sent block 22 of 7684 to 0:41
Sending 7684 bytes of DATA to 0:41
Sent block 23 of 7684 to 0:41
Sending 7684 bytes of DATA to 0:41
Sent block 24 of 7684 to 0:41
Sending 7684 bytes of DATA to 0:41
Sent block 25 of 7684 to 0:41
Sending 7684 bytes of DATA to 0:41
Sent block 26 of 7684 to 0:41
Sending 7684 bytes of DATA to 0:41
Sent block 27 of 7684 to 0:41
Sending 6508 bytes of DATA to 0:41
Sent block 28 of 6508 to 0:41
Got ack for 28 from 0:41
got del_client for 1:16464
got del_client for 1:16464
got del_client for 1:16464
got del_client for 1:16464
got del_client for 1:16464
got del_client for 1:16464
got del_client for 1:16464
got del_client for 1:16464
got del_client for 1:16464
got del_client for 1:16464
got del_client for 0:41
got del_client for 0:41
got del_client for 0:41
got del_client for 0:41
got del_client for 0:41
got del_client for 0:41
got del_client for 0:41
got del_client for 0:41
got del_client for 0:41
got del_client for 0:41
got del_client for 1:16465
got del_client for 1:16465
got del_client for 1:16465
got del_client for 1:16465
got del_client for 1:16465
got del_client for 1:16465
got del_client for 1:16465
got del_client for 1:16465
got del_client for 1:16465
got del_client for 1:16465
got del_client for 1:16466
got del_client for 1:16466
got del_client for 1:16466
got del_client for 1:16466
got del_client for 1:16466
got del_client for 1:16466
got del_client for 1:16466
got del_client for 1:16466
got del_client for 1:16466
got del_client for 1:16466
got del_client for 1:16467
got del_client for 1:16467
got del_client for 1:16467
got del_client for 1:16467
got del_client for 1:16467
got del_client for 1:16467
got del_client for 1:16467
got del_client for 1:16467
got del_client for 1:16467
got del_client for 1:16467
read request for /readwrite/mcfg.tmp (mode: octet, rsize: 0, seek: 0) from 0:90
got del_client for 0:90
got del_client for 0:90
got del_client for 0:90
got del_client for 0:90
got del_client for 0:90
got del_client for 0:90
got del_client for 0:90
got del_client for 0:90
got del_client for 0:90
got del_client for 0:90
got del_client for 1:16468
got del_client for 1:16468
got del_client for 1:16468
got del_client for 1:16468
got del_client for 1:16468
got del_client for 1:16468
got del_client for 1:16468
got del_client for 1:16468
got del_client for 1:16468
got del_client for 1:16468
write request for /readwrite/mcfg.tmp (octet) from 0:91
got del_client for 1:16469
got del_client for 1:16469
got del_client for 1:16469
got del_client for 1:16469
got del_client for 1:16469
got del_client for 1:16469
got del_client for 1:16469
got del_client for 1:16469
got del_client for 1:16469
got del_client for 1:16469
got del_client for 0:91
got del_client for 0:91
got del_client for 0:91
got del_client for 0:91
got del_client for 0:91
got del_client for 0:91
got del_client for 0:91
got del_client for 0:91
got del_client for 0:91
got del_client for 0:91
read request for /readwrite/mcfg.tmp (mode: octet, rsize: 0, seek: 0) from 0:92
got del_client for 1:16470
got del_client for 1:16470
got del_client for 1:16470
got del_client for 1:16470
got del_client for 1:16470
got del_client for 1:16470
got del_client for 1:16470
got del_client for 1:16470
got del_client for 1:16470
got del_client for 1:16470
got del_client for 0:92
got del_client for 0:92
got del_client for 0:92
got del_client for 0:92
got del_client for 0:92
got del_client for 0:92
got del_client for 0:92
got del_client for 0:92
got del_client for 0:92
got del_client for 0:92
write request for /readwrite/mcfg.tmp (octet) from 0:93
Ignoring unknown option 'unlink' with value '0'
got del_client for 0:93
got del_client for 0:93
got del_client for 0:93
got del_client for 0:93
got del_client for 0:93
got del_client for 0:93
got del_client for 0:93
got del_client for 0:93
got del_client for 0:93
got del_client for 0:93
read request for /readonly/firmware/image/modem_pr/mcfg/configs/mcfg_hw/mbn_hw.dig (mode: octet, rsize: 0, seek: 0) from 0:94
got del_client for 1:16472
got del_client for 1:16472
got del_client for 1:16472
got del_client for 1:16472
got del_client for 1:16472
got del_client for 1:16472
got del_client for 1:16472
got del_client for 1:16472
got del_client for 1:16472
got del_client for 1:16472
got del_client for 0:94
got del_client for 0:94
got del_client for 0:94
got del_client for 0:94
got del_client for 0:94
got del_client for 0:94
got del_client for 0:94
got del_client for 0:94
got del_client for 0:94
got del_client for 0:94
read request for /readonly/firmware/image/modem_pr/mcfg/configs/mcfg_hw/mbn_hw.dig (mode: octet, rsize: 32, seek: 0) from 0:95
Got ack for 0 from 0:95
Sending 36 bytes of DATA to 0:95
Sent block 1 of 36 to 0:95
Got ack for 1 from 0:95
got del_client for 1:16473
got del_client for 1:16473
got del_client for 1:16473
got del_client for 1:16473
got del_client for 1:16473
got del_client for 1:16473
got del_client for 1:16473
got del_client for 1:16473
got del_client for 1:16473
got del_client for 1:16473
got del_client for 0:95
got del_client for 0:95
got del_client for 0:95
got del_client for 0:95
got del_client for 0:95
got del_client for 0:95
got del_client for 0:95
got del_client for 0:95
got del_client for 0:95
got del_client for 0:95
read request for /readonly/firmware/image/modem_pr/mcfg/configs/mcfg_sw/mbn_sw.dig (mode: octet, rsize: 0, seek: 0) from 0:96
got del_client for 1:16474
got del_client for 1:16474
got del_client for 1:16474
got del_client for 1:16474
got del_client for 1:16474
got del_client for 1:16474
got del_client for 1:16474
got del_client for 1:16474
got del_client for 1:16474
got del_client for 1:16474
got del_client for 0:96
got del_client for 0:96
got del_client for 0:96
got del_client for 0:96
got del_client for 0:96
got del_client for 0:96
got del_client for 0:96
got del_client for 0:96
got del_client for 0:96
got del_client for 0:96
read request for /readonly/firmware/image/modem_pr/mcfg/configs/mcfg_sw/mbn_sw.dig (mode: octet, rsize: 32, seek: 0) from 0:97
Got ack for 0 from 0:97
Sending 36 bytes of DATA to 0:97
Sent block 1 of 36 to 0:97
Got ack for 1 from 0:97
got del_client for 1:16475
got del_client for 1:16475
got del_client for 1:16475
got del_client for 1:16475
got del_client for 1:16475
got del_client for 1:16475
got del_client for 1:16475
got del_client for 1:16475
got del_client for 1:16475
got del_client for 1:16475
got del_client for 0:97
got del_client for 0:97
got del_client for 0:97
got del_client for 0:97
got del_client for 0:97
got del_client for 0:97
got del_client for 0:97
got del_client for 0:97
got del_client for 0:97
got del_client for 0:97
got del_client for 1:16476
got del_client for 1:16476
got del_client for 1:16476
got del_client for 1:16476
got del_client for 1:16476
got del_client for 1:16476
got del_client for 1:16476
got del_client for 1:16476
got del_client for 1:16476
got del_client for 1:16476
got del_client for 1:16477
got del_client for 1:16477
got del_client for 1:16477
got del_client for 1:16477
got del_client for 1:16477
got del_client for 1:16477
got del_client for 1:16477
got del_client for 1:16477
got del_client for 1:16477
got del_client for 1:16477
got del_client for 1:16478
got del_client for 1:16478
got del_client for 1:16478
got del_client for 1:16478
got del_client for 1:16478
got del_client for 1:16478
got del_client for 1:16478
got del_client for 1:16478
got del_client for 1:16478
got del_client for 1:16478
got del_client for 1:16479
got del_client for 1:16479
got del_client for 1:16479
got del_client for 1:16479
got del_client for 1:16479
got del_client for 1:16479
got del_client for 1:16479
got del_client for 1:16479
got del_client for 1:16479
got del_client for 1:16479
got del_client for 1:16480
got del_client for 1:16480
got del_client for 1:16480
got del_client for 1:16480
got del_client for 1:16480
got del_client for 1:16480
got del_client for 1:16480
got del_client for 1:16480
got del_client for 1:16480
got del_client for 1:16480
got del_client for 1:16481
got del_client for 1:16481
got del_client for 1:16481
got del_client for 1:16481
got del_client for 1:16481
got del_client for 1:16481
got del_client for 1:16481
got del_client for 1:16481
got del_client for 1:16481
got del_client for 1:16481
got del_client for 1:16483
got del_client for 1:16483
got del_client for 1:16483
got del_client for 1:16483
got del_client for 1:16483
got del_client for 1:16483
got del_client for 1:16483
got del_client for 1:16483
got del_client for 1:16483
got del_client for 1:16483
got del_client for 1:16482
got del_client for 1:16482
got del_client for 1:16482
got del_client for 1:16482
got del_client for 1:16482
got del_client for 1:16482
got del_client for 1:16482
got del_client for 1:16482
got del_client for 1:16482
got del_client for 1:16482
got del_client for 1:16484
got del_client for 1:16484
got del_client for 1:16484
got del_client for 1:16484
got del_client for 1:16484
got del_client for 1:16484
got del_client for 1:16484
got del_client for 1:16484
got del_client for 1:16484
got del_client for 1:16484
got del_client for 1:16485
got del_client for 1:16485
got del_client for 1:16485
got del_client for 1:16485
got del_client for 1:16485
got del_client for 1:16485
got del_client for 1:16485
got del_client for 1:16485
got del_client for 1:16485
got del_client for 1:16485
got del_client for 1:16486
got del_client for 1:16486
got del_client for 1:16486
got del_client for 1:16486
got del_client for 1:16486
got del_client for 1:16486
got del_client for 1:16486
got del_client for 1:16486
got del_client for 1:16486
got del_client for 1:16486
got del_client for 1:16487
got del_client for 1:16487
got del_client for 1:16487
got del_client for 1:16487
got del_client for 1:16487
got del_client for 1:16487
got del_client for 1:16487
got del_client for 1:16487
got del_client for 1:16487
got del_client for 1:16487
got del_client for 1:16488
got del_client for 1:16488
got del_client for 1:16488
got del_client for 1:16488
got del_client for 1:16488
got del_client for 1:16488
got del_client for 1:16488
got del_client for 1:16488
got del_client for 1:16488
got del_client for 1:16488
got del_client for 1:16489
got del_client for 1:16489
got del_client for 1:16489
got del_client for 1:16489
got del_client for 1:16489
got del_client for 1:16489
got del_client for 1:16489
got del_client for 1:16489
got del_client for 1:16489
got del_client for 1:16489
got del_client for 1:16490
got del_client for 1:16490
got del_client for 1:16490
got del_client for 1:16490
got del_client for 1:16490
got del_client for 1:16490
got del_client for 1:16490
got del_client for 1:16490
got del_client for 1:16490
got del_client for 1:16490
got del_client for 1:16491
got del_client for 1:16491
got del_client for 1:16491
got del_client for 1:16491
got del_client for 1:16491
got del_client for 1:16491
got del_client for 1:16491
got del_client for 1:16491
got del_client for 1:16491
got del_client for 1:16491
got del_client for 1:16492
got del_client for 1:16492
got del_client for 1:16492
got del_client for 1:16492
got del_client for 1:16492
got del_client for 1:16492
got del_client for 1:16492
got del_client for 1:16492
got del_client for 1:16492
got del_client for 1:16492
got del_client for 1:16493
got del_client for 1:16493
got del_client for 1:16493
got del_client for 1:16493
got del_client for 1:16493
got del_client for 1:16493
got del_client for 1:16493
got del_client for 1:16493
got del_client for 1:16493
got del_client for 1:16493
got del_client for 1:16494
got del_client for 1:16494
got del_client for 1:16494
got del_client for 1:16494
got del_client for 1:16494
got del_client for 1:16494
got del_client for 1:16494
got del_client for 1:16494
got del_client for 1:16494
got del_client for 1:16494
got del_client for 1:16495
got del_client for 1:16495
got del_client for 1:16495
got del_client for 1:16495
got del_client for 1:16495
got del_client for 1:16495
got del_client for 1:16495
got del_client for 1:16495
got del_client for 1:16495
got del_client for 1:16495
got del_client for 1:16496
got del_client for 1:16496
got del_client for 1:16496
got del_client for 1:16496
got del_client for 1:16496
got del_client for 1:16496
got del_client for 1:16496
got del_client for 1:16496
got del_client for 1:16496
got del_client for 1:16496
got del_client for 1:16497
got del_client for 1:16497
got del_client for 1:16497
got del_client for 1:16497
got del_client for 1:16497
got del_client for 1:16497
got del_client for 1:16497
got del_client for 1:16497
got del_client for 1:16497
got del_client for 1:16497
got del_client for 1:16498
got del_client for 1:16498
got del_client for 1:16498
got del_client for 1:16498
got del_client for 1:16498
got del_client for 1:16498
got del_client for 1:16498
got del_client for 1:16498
got del_client for 1:16498
got del_client for 1:16498
got del_client for 1:16499
got del_client for 1:16499
got del_client for 1:16499
got del_client for 1:16499
got del_client for 1:16499
got del_client for 1:16499
got del_client for 1:16499
got del_client for 1:16499
got del_client for 1:16499
got del_client for 1:16499
got del_client for 1:16500
got del_client for 1:16500
got del_client for 1:16500
got del_client for 1:16500
got del_client for 1:16500
got del_client for 1:16500
got del_client for 1:16500
got del_client for 1:16500
got del_client for 1:16500
got del_client for 1:16500
got del_client for 1:16501
got del_client for 1:16501
got del_client for 1:16501
got del_client for 1:16501
got del_client for 1:16501
got del_client for 1:16501
got del_client for 1:16501
got del_client for 1:16501
got del_client for 1:16501
got del_client for 1:16501
got del_client for 1:16502
got del_client for 1:16502
got del_client for 1:16502
got del_client for 1:16502
got del_client for 1:16502
got del_client for 1:16502
got del_client for 1:16502
got del_client for 1:16502
got del_client for 1:16502
got del_client for 1:16502
got del_client for 1:16503
got del_client for 1:16503
got del_client for 1:16503
got del_client for 1:16503
got del_client for 1:16503
got del_client for 1:16503
got del_client for 1:16503
got del_client for 1:16503
got del_client for 1:16503
got del_client for 1:16503
got del_client for 1:16506
got del_client for 1:16506
got del_client for 1:16506
got del_client for 1:16506
got del_client for 1:16506
got del_client for 1:16506
got del_client for 1:16506
got del_client for 1:16506
got del_client for 1:16506
got del_client for 1:16506
got del_client for 1:16508
got del_client for 1:16508
got del_client for 1:16508
got del_client for 1:16508
got del_client for 1:16508
got del_client for 1:16508
got del_client for 1:16508
got del_client for 1:16508
got del_client for 1:16508
got del_client for 1:16508
got del_client for 1:16509
got del_client for 1:16509
got del_client for 1:16509
got del_client for 1:16509
got del_client for 1:16509
got del_client for 1:16509
got del_client for 1:16509
got del_client for 1:16509
got del_client for 1:16509
got del_client for 1:16509
got del_client for 1:16510
got del_client for 1:16510
got del_client for 1:16510
got del_client for 1:16510
got del_client for 1:16510
got del_client for 1:16510
got del_client for 1:16510
got del_client for 1:16510
got del_client for 1:16510
got del_client for 1:16510
got del_client for 1:16511
got del_client for 1:16511
got del_client for 1:16511
got del_client for 1:16511
got del_client for 1:16511
got del_client for 1:16511
got del_client for 1:16511
got del_client for 1:16511
got del_client for 1:16511
got del_client for 1:16511
got del_client for 1:16512
got del_client for 1:16512
got del_client for 1:16512
got del_client for 1:16512
got del_client for 1:16512
got del_client for 1:16512
got del_client for 1:16512
got del_client for 1:16512
got del_client for 1:16512
got del_client for 1:16512
got del_client for 1:16513
got del_client for 1:16513
got del_client for 1:16513
got del_client for 1:16513
got del_client for 1:16513
got del_client for 1:16513
got del_client for 1:16513
got del_client for 1:16513
got del_client for 1:16513
got del_client for 1:16513
got del_client for 0:101
got del_client for 0:101
got del_client for 0:101
got del_client for 0:101
got del_client for 0:101
got del_client for 0:101
got del_client for 0:101
got del_client for 0:101
got del_client for 0:101
got del_client for 0:101
got del_client for 1:16514
got del_client for 1:16514
got del_client for 1:16514
got del_client for 1:16514
got del_client for 1:16514
got del_client for 1:16514
got del_client for 1:16514
got del_client for 1:16514
got del_client for 1:16514
got del_client for 1:16514
got del_client for 1:16515
got del_client for 1:16515
got del_client for 1:16515
got del_client for 1:16515
got del_client for 1:16515
got del_client for 1:16515
got del_client for 1:16515
got del_client for 1:16515
got del_client for 1:16515
got del_client for 1:16515
got del_client for 1:16516
got del_client for 1:16516
got del_client for 1:16516
got del_client for 1:16516
got del_client for 1:16516
got del_client for 1:16516
got del_client for 1:16516
got del_client for 1:16516
got del_client for 1:16516
got del_client for 1:16516
got del_client for 1:16517
got del_client for 1:16517
got del_client for 1:16517
got del_client for 1:16517
got del_client for 1:16517
got del_client for 1:16517
got del_client for 1:16517
got del_client for 1:16517
got del_client for 1:16517
got del_client for 1:16517
got del_client for 1:16518
got del_client for 1:16518
got del_client for 1:16518
got del_client for 1:16518
got del_client for 1:16518
got del_client for 1:16518
got del_client for 1:16518
got del_client for 1:16518
got del_client for 1:16518
got del_client for 1:16518
got del_client for 1:16519
got del_client for 1:16519
got del_client for 1:16519
got del_client for 1:16519
got del_client for 1:16519
got del_client for 1:16519
got del_client for 1:16519
got del_client for 1:16519
got del_client for 1:16519
got del_client for 1:16519
got del_client for 1:16520
got del_client for 1:16520
got del_client for 1:16520
got del_client for 1:16520
got del_client for 1:16520
got del_client for 1:16520
got del_client for 1:16520
got del_client for 1:16520
got del_client for 1:16520
got del_client for 1:16520
got del_client for 1:16521
got del_client for 1:16521
got del_client for 1:16521
got del_client for 1:16521
got del_client for 1:16521
got del_client for 1:16521
got del_client for 1:16521
got del_client for 1:16521
got del_client for 1:16521
got del_client for 1:16521
got del_client for 1:16522
got del_client for 1:16522
got del_client for 1:16522
got del_client for 1:16522
got del_client for 1:16522
got del_client for 1:16522
got del_client for 1:16522
got del_client for 1:16522
got del_client for 1:16522
got del_client for 1:16522
got del_client for 1:16523
got del_client for 1:16523
got del_client for 1:16523
got del_client for 1:16523
got del_client for 1:16523
got del_client for 1:16523
got del_client for 1:16523
got del_client for 1:16523
got del_client for 1:16523
got del_client for 1:16523
got del_client for 1:16524
got del_client for 1:16524
got del_client for 1:16524
got del_client for 1:16524
got del_client for 1:16524
got del_client for 1:16524
got del_client for 1:16524
got del_client for 1:16524
got del_client for 1:16524
got del_client for 1:16524
got del_client for 1:16525
got del_client for 1:16525
got del_client for 1:16525
got del_client for 1:16525
got del_client for 1:16525
got del_client for 1:16525
got del_client for 1:16525
got del_client for 1:16525
got del_client for 1:16525
got del_client for 1:16525
got del_client for 1:16526
got del_client for 1:16526
got del_client for 1:16526
got del_client for 1:16526
got del_client for 1:16526
got del_client for 1:16526
got del_client for 1:16526
got del_client for 1:16526
got del_client for 1:16526
got del_client for 1:16526
got del_client for 1:16527
got del_client for 1:16527
got del_client for 1:16527
got del_client for 1:16527
got del_client for 1:16527
got del_client for 1:16527
got del_client for 1:16527
got del_client for 1:16527
got del_client for 1:16527
got del_client for 1:16527
got del_client for 1:16528
got del_client for 1:16528
got del_client for 1:16528
got del_client for 1:16528
got del_client for 1:16528
got del_client for 1:16528
got del_client for 1:16528
got del_client for 1:16528
got del_client for 1:16528
got del_client for 1:16528
got del_client for 1:16529
got del_client for 1:16529
got del_client for 1:16529
got del_client for 1:16529
got del_client for 1:16529
got del_client for 1:16529
got del_client for 1:16529
got del_client for 1:16529
got del_client for 1:16529
got del_client for 1:16529
got del_client for 1:16530
got del_client for 1:16530
got del_client for 1:16530
got del_client for 1:16530
got del_client for 1:16530
got del_client for 1:16530
got del_client for 1:16530
got del_client for 1:16530
got del_client for 1:16530
got del_client for 1:16530
got del_client for 1:16531
got del_client for 1:16531
got del_client for 1:16531
got del_client for 1:16531
got del_client for 1:16531
got del_client for 1:16531
got del_client for 1:16531
got del_client for 1:16531
got del_client for 1:16531
got del_client for 1:16531
got del_client for 1:16532
got del_client for 1:16532
got del_client for 1:16532
got del_client for 1:16532
got del_client for 1:16532
got del_client for 1:16532
got del_client for 1:16532
got del_client for 1:16532
got del_client for 1:16532
got del_client for 1:16532
got del_client for 1:16533
got del_client for 1:16533
got del_client for 1:16533
got del_client for 1:16533
got del_client for 1:16533
got del_client for 1:16533
got del_client for 1:16533
got del_client for 1:16533
got del_client for 1:16533
got del_client for 1:16533
got del_client for 1:16534
got del_client for 1:16534
got del_client for 1:16534
got del_client for 1:16534
got del_client for 1:16534
got del_client for 1:16534
got del_client for 1:16534
got del_client for 1:16534
got del_client for 1:16534
got del_client for 1:16534
got del_client for 1:16535
got del_client for 1:16535
got del_client for 1:16535
got del_client for 1:16535
got del_client for 1:16535
got del_client for 1:16535
got del_client for 1:16535
got del_client for 1:16535
got del_client for 1:16535
got del_client for 1:16535
got del_client for 1:16536
got del_client for 1:16536
got del_client for 1:16536
got del_client for 1:16536
got del_client for 1:16536
got del_client for 1:16536
got del_client for 1:16536
got del_client for 1:16536
got del_client for 1:16536
got del_client for 1:16536
got del_client for 1:16537
got del_client for 1:16537
got del_client for 1:16537
got del_client for 1:16537
got del_client for 1:16537
got del_client for 1:16537
got del_client for 1:16537
got del_client for 1:16537
got del_client for 1:16537
got del_client for 1:16537
got del_client for 1:16538
got del_client for 1:16538
got del_client for 1:16538
got del_client for 1:16538
got del_client for 1:16538
got del_client for 1:16538
got del_client for 1:16538
got del_client for 1:16538
got del_client for 1:16538
got del_client for 1:16538
got del_client for 1:16539
got del_client for 1:16539
got del_client for 1:16539
got del_client for 1:16539
got del_client for 1:16539
got del_client for 1:16539
got del_client for 1:16539
got del_client for 1:16539
got del_client for 1:16539
got del_client for 1:16539
got del_client for 1:16540
got del_client for 1:16540
got del_client for 1:16540
got del_client for 1:16540
got del_client for 1:16540
got del_client for 1:16540
got del_client for 1:16540
got del_client for 1:16540
got del_client for 1:16540
got del_client for 1:16540
got del_client for 1:16541
got del_client for 1:16541
got del_client for 1:16541
got del_client for 1:16541
got del_client for 1:16541
got del_client for 1:16541
got del_client for 1:16541
got del_client for 1:16541
got del_client for 1:16541
got del_client for 1:16541
got del_client for 1:16542
got del_client for 1:16542
got del_client for 1:16542
got del_client for 1:16542
got del_client for 1:16542
got del_client for 1:16542
got del_client for 1:16542
got del_client for 1:16542
got del_client for 1:16542
got del_client for 1:16542
got del_client for 1:16543
got del_client for 1:16543
got del_client for 1:16543
got del_client for 1:16543
got del_client for 1:16543
got del_client for 1:16543
got del_client for 1:16543
got del_client for 1:16543
got del_client for 1:16543
got del_client for 1:16543
got del_client for 1:16544
got del_client for 1:16544
got del_client for 1:16544
got del_client for 1:16544
got del_client for 1:16544
got del_client for 1:16544
got del_client for 1:16544
got del_client for 1:16544
got del_client for 1:16544
got del_client for 1:16544
got del_client for 1:16545
got del_client for 1:16545
got del_client for 1:16545
got del_client for 1:16545
got del_client for 1:16545
got del_client for 1:16545
got del_client for 1:16545
got del_client for 1:16545
got del_client for 1:16545
got del_client for 1:16545
got del_client for 1:16546
got del_client for 1:16546
got del_client for 1:16546
got del_client for 1:16546
got del_client for 1:16546
got del_client for 1:16546
got del_client for 1:16546
got del_client for 1:16546
got del_client for 1:16546
got del_client for 1:16546
got del_client for 1:16547
got del_client for 1:16547
got del_client for 1:16547
got del_client for 1:16547
got del_client for 1:16547
got del_client for 1:16547
got del_client for 1:16547
got del_client for 1:16547
got del_client for 1:16547
got del_client for 1:16547
got del_client for 1:16548
got del_client for 1:16548
got del_client for 1:16548
got del_client for 1:16548
got del_client for 1:16548
got del_client for 1:16548
got del_client for 1:16548
got del_client for 1:16548
got del_client for 1:16548
got del_client for 1:16548
got del_client for 1:16549
got del_client for 1:16549
got del_client for 1:16549
got del_client for 1:16549
got del_client for 1:16549
got del_client for 1:16549
got del_client for 1:16549
got del_client for 1:16549
got del_client for 1:16549
got del_client for 1:16549
got del_client for 1:16550
got del_client for 1:16550
got del_client for 1:16550
got del_client for 1:16550
got del_client for 1:16550
got del_client for 1:16550
got del_client for 1:16550
got del_client for 1:16550
got del_client for 1:16550
got del_client for 1:16550
got del_client for 1:16551
got del_client for 1:16551
got del_client for 1:16551
got del_client for 1:16551
got del_client for 1:16551
got del_client for 1:16551
got del_client for 1:16551
got del_client for 1:16551
got del_client for 1:16551
got del_client for 1:16551
got del_client for 1:16552
got del_client for 1:16552
got del_client for 1:16552
got del_client for 1:16552
got del_client for 1:16552
got del_client for 1:16552
got del_client for 1:16552
got del_client for 1:16552
got del_client for 1:16552
got del_client for 1:16552
got del_client for 1:16553
got del_client for 1:16553
got del_client for 1:16553
got del_client for 1:16553
got del_client for 1:16553
got del_client for 1:16553
got del_client for 1:16553
got del_client for 1:16553
got del_client for 1:16553
got del_client for 1:16553
got del_client for 1:16554
got del_client for 1:16554
got del_client for 1:16554
got del_client for 1:16554
got del_client for 1:16554
got del_client for 1:16554
got del_client for 1:16554
got del_client for 1:16554
got del_client for 1:16554
got del_client for 1:16554
got del_client for 1:16555
got del_client for 1:16555
got del_client for 1:16555
got del_client for 1:16555
got del_client for 1:16555
got del_client for 1:16555
got del_client for 1:16555
got del_client for 1:16555
got del_client for 1:16555
got del_client for 1:16555
got del_client for 1:16556
got del_client for 1:16556
got del_client for 1:16556
got del_client for 1:16556
got del_client for 1:16556
got del_client for 1:16556
got del_client for 1:16556
got del_client for 1:16556
got del_client for 1:16556
got del_client for 1:16556
got del_client for 1:16557
got del_client for 1:16557
got del_client for 1:16557
got del_client for 1:16557
got del_client for 1:16557
got del_client for 1:16557
got del_client for 1:16557
got del_client for 1:16557
got del_client for 1:16557
got del_client for 1:16557
got del_client for 1:16558
got del_client for 1:16558
got del_client for 1:16558
got del_client for 1:16558
got del_client for 1:16558
got del_client for 1:16558
got del_client for 1:16558
got del_client for 1:16558
got del_client for 1:16558
got del_client for 1:16558
got del_client for 1:16559
got del_client for 1:16559
got del_client for 1:16559
got del_client for 1:16559
got del_client for 1:16559
got del_client for 1:16559
got del_client for 1:16559
got del_client for 1:16559
got del_client for 1:16559
got del_client for 1:16559
got del_client for 1:16560
got del_client for 1:16560
got del_client for 1:16560
got del_client for 1:16560
got del_client for 1:16560
got del_client for 1:16560
got del_client for 1:16560
got del_client for 1:16560
got del_client for 1:16560
got del_client for 1:16560
got del_client for 1:16561
got del_client for 1:16561
got del_client for 1:16561
got del_client for 1:16561
got del_client for 1:16561
got del_client for 1:16561
got del_client for 1:16561
got del_client for 1:16561
got del_client for 1:16561
got del_client for 1:16561
got del_client for 1:16562
got del_client for 1:16562
got del_client for 1:16562
got del_client for 1:16562
got del_client for 1:16562
got del_client for 1:16562
got del_client for 1:16562
got del_client for 1:16562
got del_client for 1:16562
got del_client for 1:16562
got del_client for 1:16563
got del_client for 1:16563
got del_client for 1:16563
got del_client for 1:16563
got del_client for 1:16563
got del_client for 1:16563
got del_client for 1:16563
got del_client for 1:16563
got del_client for 1:16563
got del_client for 1:16563
got del_client for 1:16564
got del_client for 1:16564
got del_client for 1:16564
got del_client for 1:16564
got del_client for 1:16564
got del_client for 1:16564
got del_client for 1:16564
got del_client for 1:16564
got del_client for 1:16564
got del_client for 1:16564
got del_client for 1:16565
got del_client for 1:16565
got del_client for 1:16565
got del_client for 1:16565
got del_client for 1:16565
got del_client for 1:16565
got del_client for 1:16565
got del_client for 1:16565
got del_client for 1:16565
got del_client for 1:16565
got del_client for 1:16566
got del_client for 1:16566
got del_client for 1:16566
got del_client for 1:16566
got del_client for 1:16566
got del_client for 1:16566
got del_client for 1:16566
got del_client for 1:16566
got del_client for 1:16566
got del_client for 1:16566
got del_client for 1:16567
got del_client for 1:16567
got del_client for 1:16567
got del_client for 1:16567
got del_client for 1:16567
got del_client for 1:16567
got del_client for 1:16567
got del_client for 1:16567
got del_client for 1:16567
got del_client for 1:16567
got del_client for 1:16568
got del_client for 1:16568
got del_client for 1:16568
got del_client for 1:16568
got del_client for 1:16568
got del_client for 1:16568
got del_client for 1:16568
got del_client for 1:16568
got del_client for 1:16568
got del_client for 1:16568
got del_client for 1:16569
got del_client for 1:16569
got del_client for 1:16569
got del_client for 1:16569
got del_client for 1:16569
got del_client for 1:16569
got del_client for 1:16569
got del_client for 1:16569
got del_client for 1:16569
got del_client for 1:16569
got del_client for 1:16570
got del_client for 1:16570
got del_client for 1:16570
got del_client for 1:16570
got del_client for 1:16570
got del_client for 1:16570
got del_client for 1:16570
got del_client for 1:16570
got del_client for 1:16570
got del_client for 1:16570
got del_client for 1:16571
got del_client for 1:16571
got del_client for 1:16571
got del_client for 1:16571
got del_client for 1:16571
got del_client for 1:16571
got del_client for 1:16571
got del_client for 1:16571
got del_client for 1:16571
got del_client for 1:16571
got del_client for 1:16572
got del_client for 1:16572
got del_client for 1:16572
got del_client for 1:16572
got del_client for 1:16572
got del_client for 1:16572
got del_client for 1:16572
got del_client for 1:16572
got del_client for 1:16572
got del_client for 1:16572
got del_client for 1:16573
got del_client for 1:16573
got del_client for 1:16573
got del_client for 1:16573
got del_client for 1:16573
got del_client for 1:16573
got del_client for 1:16573
got del_client for 1:16573
got del_client for 1:16573
got del_client for 1:16573
got del_client for 1:16574
got del_client for 1:16574
got del_client for 1:16574
got del_client for 1:16574
got del_client for 1:16574
got del_client for 1:16574
got del_client for 1:16574
got del_client for 1:16574
got del_client for 1:16574
got del_client for 1:16574
got del_client for 1:16575
got del_client for 1:16575
got del_client for 1:16575
got del_client for 1:16575
got del_client for 1:16575
got del_client for 1:16575
got del_client for 1:16575
got del_client for 1:16575
got del_client for 1:16575
got del_client for 1:16575
got del_client for 1:16576
got del_client for 1:16576
got del_client for 1:16576
got del_client for 1:16576
got del_client for 1:16576
got del_client for 1:16576
got del_client for 1:16576
got del_client for 1:16576
got del_client for 1:16576
got del_client for 1:16576
got del_client for 1:16577
got del_client for 1:16577
got del_client for 1:16577
got del_client for 1:16577
got del_client for 1:16577
got del_client for 1:16577
got del_client for 1:16577
got del_client for 1:16577
got del_client for 1:16577
got del_client for 1:16577
got del_client for 1:16578
got del_client for 1:16578
got del_client for 1:16578
got del_client for 1:16578
got del_client for 1:16578
got del_client for 1:16578
got del_client for 1:16578
got del_client for 1:16578
got del_client for 1:16578
got del_client for 1:16578
got del_client for 1:16579
got del_client for 1:16579
got del_client for 1:16579
got del_client for 1:16579
got del_client for 1:16579
got del_client for 1:16579
got del_client for 1:16579
got del_client for 1:16579
got del_client for 1:16579
got del_client for 1:16579
got del_client for 1:16580
got del_client for 1:16580
got del_client for 1:16580
got del_client for 1:16580
got del_client for 1:16580
got del_client for 1:16580
got del_client for 1:16580
got del_client for 1:16580
got del_client for 1:16580
got del_client for 1:16580
got del_client for 1:16581
got del_client for 1:16581
got del_client for 1:16581
got del_client for 1:16581
got del_client for 1:16581
got del_client for 1:16581
got del_client for 1:16581
got del_client for 1:16581
got del_client for 1:16581
got del_client for 1:16581
got del_client for 1:16582
got del_client for 1:16582
got del_client for 1:16582
got del_client for 1:16582
got del_client for 1:16582
got del_client for 1:16582
got del_client for 1:16582
got del_client for 1:16582
got del_client for 1:16582
got del_client for 1:16582
got del_client for 1:16583
got del_client for 1:16583
got del_client for 1:16583
got del_client for 1:16583
got del_client for 1:16583
got del_client for 1:16583
got del_client for 1:16583
got del_client for 1:16583
got del_client for 1:16583
got del_client for 1:16583
got del_client for 1:16584
got del_client for 1:16584
got del_client for 1:16584
got del_client for 1:16584
got del_client for 1:16584
got del_client for 1:16584
got del_client for 1:16584
got del_client for 1:16584
got del_client for 1:16584
got del_client for 1:16584
got del_client for 1:16585
got del_client for 1:16585
got del_client for 1:16585
got del_client for 1:16585
got del_client for 1:16585
got del_client for 1:16585
got del_client for 1:16585
got del_client for 1:16585
got del_client for 1:16585
got del_client for 1:16585
got del_client for 1:16586
got del_client for 1:16586
got del_client for 1:16586
got del_client for 1:16586
got del_client for 1:16586
got del_client for 1:16586
got del_client for 1:16586
got del_client for 1:16586
got del_client for 1:16586
got del_client for 1:16586
got del_client for 1:16587
got del_client for 1:16587
got del_client for 1:16587
got del_client for 1:16587
got del_client for 1:16587
got del_client for 1:16587
got del_client for 1:16587
got del_client for 1:16587
got del_client for 1:16587
got del_client for 1:16587
got del_client for 1:16588
got del_client for 1:16588
got del_client for 1:16588
got del_client for 1:16588
got del_client for 1:16588
got del_client for 1:16588
got del_client for 1:16588
got del_client for 1:16588
got del_client for 1:16588
got del_client for 1:16588
got del_client for 1:16589
got del_client for 1:16589
got del_client for 1:16589
got del_client for 1:16589
got del_client for 1:16589
got del_client for 1:16589
got del_client for 1:16589
got del_client for 1:16589
got del_client for 1:16589
got del_client for 1:16589
got del_client for 1:16590
got del_client for 1:16590
got del_client for 1:16590
got del_client for 1:16590
got del_client for 1:16590
got del_client for 1:16590
got del_client for 1:16590
got del_client for 1:16590
got del_client for 1:16590
got del_client for 1:16590
got del_client for 1:16591
got del_client for 1:16591
got del_client for 1:16591
got del_client for 1:16591
got del_client for 1:16591
got del_client for 1:16591
got del_client for 1:16591
got del_client for 1:16591
got del_client for 1:16591
got del_client for 1:16591
got del_client for 1:16592
got del_client for 1:16592
got del_client for 1:16592
got del_client for 1:16592
got del_client for 1:16592
got del_client for 1:16592
got del_client for 1:16592
got del_client for 1:16592
got del_client for 1:16592
got del_client for 1:16592
got del_client for 1:16593
got del_client for 1:16593
got del_client for 1:16593
got del_client for 1:16593
got del_client for 1:16593
got del_client for 1:16593
got del_client for 1:16593
got del_client for 1:16593
got del_client for 1:16593
got del_client for 1:16593
got del_client for 1:16594
got del_client for 1:16594
got del_client for 1:16594
got del_client for 1:16594
got del_client for 1:16594
got del_client for 1:16594
got del_client for 1:16594
got del_client for 1:16594
got del_client for 1:16594
got del_client for 1:16594
got del_client for 1:16595
got del_client for 1:16595
got del_client for 1:16595
got del_client for 1:16595
got del_client for 1:16595
got del_client for 1:16595
got del_client for 1:16595
got del_client for 1:16595
got del_client for 1:16595
got del_client for 1:16595
got del_client for 1:16596
got del_client for 1:16596
got del_client for 1:16596
got del_client for 1:16596
got del_client for 1:16596
got del_client for 1:16596
got del_client for 1:16596
got del_client for 1:16596
got del_client for 1:16596
got del_client for 1:16596
got del_client for 1:16597
got del_client for 1:16597
got del_client for 1:16597
got del_client for 1:16597
got del_client for 1:16597
got del_client for 1:16597
got del_client for 1:16597
got del_client for 1:16597
got del_client for 1:16597
got del_client for 1:16597
got del_client for 1:16598
got del_client for 1:16598
got del_client for 1:16598
got del_client for 1:16598
got del_client for 1:16598
got del_client for 1:16598
got del_client for 1:16598
got del_client for 1:16598
got del_client for 1:16598
got del_client for 1:16598
got del_client for 1:16599
got del_client for 1:16599
got del_client for 1:16599
got del_client for 1:16599
got del_client for 1:16599
got del_client for 1:16599
got del_client for 1:16599
got del_client for 1:16599
got del_client for 1:16599
got del_client for 1:16599
got del_client for 1:16600
got del_client for 1:16600
got del_client for 1:16600
got del_client for 1:16600
got del_client for 1:16600
got del_client for 1:16600
got del_client for 1:16600
got del_client for 1:16600
got del_client for 1:16600
got del_client for 1:16600
got del_client for 1:16601
got del_client for 1:16601
got del_client for 1:16601
got del_client for 1:16601
got del_client for 1:16601
got del_client for 1:16601
got del_client for 1:16601
got del_client for 1:16601
got del_client for 1:16601
got del_client for 1:16601
got del_client for 1:16602
got del_client for 1:16602
got del_client for 1:16602
got del_client for 1:16602
got del_client for 1:16602
got del_client for 1:16602
got del_client for 1:16602
got del_client for 1:16602
got del_client for 1:16602
got del_client for 1:16602
got del_client for 1:16603
got del_client for 1:16603
got del_client for 1:16603
got del_client for 1:16603
got del_client for 1:16603
got del_client for 1:16603
got del_client for 1:16603
got del_client for 1:16603
got del_client for 1:16603
got del_client for 1:16603
got del_client for 1:16604
got del_client for 1:16604
got del_client for 1:16604
got del_client for 1:16604
got del_client for 1:16604
got del_client for 1:16604
got del_client for 1:16604
got del_client for 1:16604
got del_client for 1:16604
got del_client for 1:16604
got del_client for 1:16605
got del_client for 1:16605
got del_client for 1:16605
got del_client for 1:16605
got del_client for 1:16605
got del_client for 1:16605
got del_client for 1:16605
got del_client for 1:16605
got del_client for 1:16605
got del_client for 1:16605
got del_client for 1:16606
got del_client for 1:16606
got del_client for 1:16606
got del_client for 1:16606
got del_client for 1:16606
got del_client for 1:16606
got del_client for 1:16606
got del_client for 1:16606
got del_client for 1:16606
got del_client for 1:16606
got del_client for 1:16607
got del_client for 1:16607
got del_client for 1:16607
got del_client for 1:16607
got del_client for 1:16607
got del_client for 1:16607
got del_client for 1:16607
got del_client for 1:16607
got del_client for 1:16607
got del_client for 1:16607
got del_client for 1:16608
got del_client for 1:16608
got del_client for 1:16608
got del_client for 1:16608
got del_client for 1:16608
got del_client for 1:16608
got del_client for 1:16608
got del_client for 1:16608
got del_client for 1:16608
got del_client for 1:16608
got del_client for 1:16609
got del_client for 1:16609
got del_client for 1:16609
got del_client for 1:16609
got del_client for 1:16609
got del_client for 1:16609
got del_client for 1:16609
got del_client for 1:16609
got del_client for 1:16609
got del_client for 1:16609
got del_client for 1:16610
got del_client for 1:16610
got del_client for 1:16610
got del_client for 1:16610
got del_client for 1:16610
got del_client for 1:16610
got del_client for 1:16610
got del_client for 1:16610
got del_client for 1:16610
got del_client for 1:16610
got del_client for 1:16611
got del_client for 1:16611
got del_client for 1:16611
got del_client for 1:16611
got del_client for 1:16611
got del_client for 1:16611
got del_client for 1:16611
got del_client for 1:16611
got del_client for 1:16611
got del_client for 1:16611
got del_client for 1:16612
got del_client for 1:16612
got del_client for 1:16612
got del_client for 1:16612
got del_client for 1:16612
got del_client for 1:16612
got del_client for 1:16612
got del_client for 1:16612
got del_client for 1:16612
got del_client for 1:16612
got del_client for 1:16613
got del_client for 1:16613
got del_client for 1:16613
got del_client for 1:16613
got del_client for 1:16613
got del_client for 1:16613
got del_client for 1:16613
got del_client for 1:16613
got del_client for 1:16613
got del_client for 1:16613
got del_client for 1:16614
got del_client for 1:16614
got del_client for 1:16614
got del_client for 1:16614
got del_client for 1:16614
got del_client for 1:16614
got del_client for 1:16614
got del_client for 1:16614
got del_client for 1:16614
got del_client for 1:16614
got del_client for 1:16615
got del_client for 1:16615
got del_client for 1:16615
got del_client for 1:16615
got del_client for 1:16615
got del_client for 1:16615
got del_client for 1:16615
got del_client for 1:16615
got del_client for 1:16615
got del_client for 1:16615
got del_client for 1:16616
got del_client for 1:16616
got del_client for 1:16616
got del_client for 1:16616
got del_client for 1:16616
got del_client for 1:16616
got del_client for 1:16616
got del_client for 1:16616
got del_client for 1:16616
got del_client for 1:16616
got del_client for 1:16617
got del_client for 1:16617
got del_client for 1:16617
got del_client for 1:16617
got del_client for 1:16617
got del_client for 1:16617
got del_client for 1:16617
got del_client for 1:16617
got del_client for 1:16617
got del_client for 1:16617
got del_client for 1:16618
got del_client for 1:16618
got del_client for 1:16618
got del_client for 1:16618
got del_client for 1:16618
got del_client for 1:16618
got del_client for 1:16618
got del_client for 1:16618
got del_client for 1:16618
got del_client for 1:16618
got del_client for 1:16619
got del_client for 1:16619
got del_client for 1:16619
got del_client for 1:16619
got del_client for 1:16619
got del_client for 1:16619
got del_client for 1:16619
got del_client for 1:16619
got del_client for 1:16619
got del_client for 1:16619
got del_client for 1:16620
got del_client for 1:16620
got del_client for 1:16620
got del_client for 1:16620
got del_client for 1:16620
got del_client for 1:16620
got del_client for 1:16620
got del_client for 1:16620
got del_client for 1:16620
got del_client for 1:16620
got del_client for 1:16621
got del_client for 1:16621
got del_client for 1:16621
got del_client for 1:16621
got del_client for 1:16621
got del_client for 1:16621
got del_client for 1:16621
got del_client for 1:16621
got del_client for 1:16621
got del_client for 1:16621
got del_client for 1:16622
got del_client for 1:16622
got del_client for 1:16622
got del_client for 1:16622
got del_client for 1:16622
got del_client for 1:16622
got del_client for 1:16622
got del_client for 1:16622
got del_client for 1:16622
got del_client for 1:16622
got del_client for 1:16623
got del_client for 1:16623
got del_client for 1:16623
got del_client for 1:16623
got del_client for 1:16623
got del_client for 1:16623
got del_client for 1:16623
got del_client for 1:16623
got del_client for 1:16623
got del_client for 1:16623
got del_client for 1:16624
got del_client for 1:16624
got del_client for 1:16624
got del_client for 1:16624
got del_client for 1:16624
got del_client for 1:16624
got del_client for 1:16624
got del_client for 1:16624
got del_client for 1:16624
got del_client for 1:16624
got del_client for 1:16625
got del_client for 1:16625
got del_client for 1:16625
got del_client for 1:16625
got del_client for 1:16625
got del_client for 1:16625
got del_client for 1:16625
got del_client for 1:16625
got del_client for 1:16625
got del_client for 1:16625
got del_client for 1:16626
got del_client for 1:16626
got del_client for 1:16626
got del_client for 1:16626
got del_client for 1:16626
got del_client for 1:16626
got del_client for 1:16626
got del_client for 1:16626
got del_client for 1:16626
got del_client for 1:16626
got del_client for 1:16627
got del_client for 1:16627
got del_client for 1:16627
got del_client for 1:16627
got del_client for 1:16627
got del_client for 1:16627
got del_client for 1:16627
got del_client for 1:16627
got del_client for 1:16627
got del_client for 1:16627
got del_client for 1:16628
got del_client for 1:16628
got del_client for 1:16628
got del_client for 1:16628
got del_client for 1:16628
got del_client for 1:16628
got del_client for 1:16628
got del_client for 1:16628
got del_client for 1:16628
got del_client for 1:16628
got del_client for 1:16629
got del_client for 1:16629
got del_client for 1:16629
got del_client for 1:16629
got del_client for 1:16629
got del_client for 1:16629
got del_client for 1:16629
got del_client for 1:16629
got del_client for 1:16629
got del_client for 1:16629
got del_client for 1:16630
got del_client for 1:16630
got del_client for 1:16630
got del_client for 1:16630
got del_client for 1:16630
got del_client for 1:16630
got del_client for 1:16630
got del_client for 1:16630
got del_client for 1:16630
got del_client for 1:16630
got del_client for 1:16631
got del_client for 1:16631
got del_client for 1:16631
got del_client for 1:16631
got del_client for 1:16631
got del_client for 1:16631
got del_client for 1:16631
got del_client for 1:16631
got del_client for 1:16631
got del_client for 1:16631
got del_client for 1:16632
got del_client for 1:16632
got del_client for 1:16632
got del_client for 1:16632
got del_client for 1:16632
got del_client for 1:16632
got del_client for 1:16632
got del_client for 1:16632
got del_client for 1:16632
got del_client for 1:16632
got del_client for 1:16633
got del_client for 1:16633
got del_client for 1:16633
got del_client for 1:16633
got del_client for 1:16633
got del_client for 1:16633
got del_client for 1:16633
got del_client for 1:16633
got del_client for 1:16633
got del_client for 1:16633
got del_client for 1:16634
got del_client for 1:16634
got del_client for 1:16634
got del_client for 1:16634
got del_client for 1:16634
got del_client for 1:16634
got del_client for 1:16634
got del_client for 1:16634
got del_client for 1:16634
got del_client for 1:16634
got del_client for 1:16635
got del_client for 1:16635
got del_client for 1:16635
got del_client for 1:16635
got del_client for 1:16635
got del_client for 1:16635
got del_client for 1:16635
got del_client for 1:16635
got del_client for 1:16635
got del_client for 1:16635
got del_client for 1:16636
got del_client for 1:16636
got del_client for 1:16636
got del_client for 1:16636
got del_client for 1:16636
got del_client for 1:16636
got del_client for 1:16636
got del_client for 1:16636
got del_client for 1:16636
got del_client for 1:16636
got del_client for 1:16638
got del_client for 1:16638
got del_client for 1:16638
got del_client for 1:16638
got del_client for 1:16638
got del_client for 1:16638
got del_client for 1:16638
got del_client for 1:16638
got del_client for 1:16638
got del_client for 1:16638
got del_client for 1:16639
got del_client for 1:16639
got del_client for 1:16639
got del_client for 1:16639
got del_client for 1:16639
got del_client for 1:16639
got del_client for 1:16639
got del_client for 1:16639
got del_client for 1:16639
got del_client for 1:16639
got del_client for 1:16640
got del_client for 1:16640
got del_client for 1:16640
got del_client for 1:16640
got del_client for 1:16640
got del_client for 1:16640
got del_client for 1:16640
got del_client for 1:16640
got del_client for 1:16640
got del_client for 1:16640
got del_client for 1:16641
got del_client for 1:16641
got del_client for 1:16641
got del_client for 1:16641
got del_client for 1:16641
got del_client for 1:16641
got del_client for 1:16641
got del_client for 1:16641
got del_client for 1:16641
got del_client for 1:16641
got del_client for 1:16642
got del_client for 1:16642
got del_client for 1:16642
got del_client for 1:16642
got del_client for 1:16642
got del_client for 1:16642
got del_client for 1:16642
got del_client for 1:16642
got del_client for 1:16642
got del_client for 1:16642
got del_client for 1:16643
got del_client for 1:16643
got del_client for 1:16643
got del_client for 1:16643
got del_client for 1:16643
got del_client for 1:16643
got del_client for 1:16643
got del_client for 1:16643
got del_client for 1:16643
got del_client for 1:16643
got del_client for 1:16644
got del_client for 1:16644
got del_client for 1:16644
got del_client for 1:16644
got del_client for 1:16644
got del_client for 1:16644
got del_client for 1:16644
got del_client for 1:16644
got del_client for 1:16644
got del_client for 1:16644
got del_client for 1:16645
got del_client for 1:16645
got del_client for 1:16645
got del_client for 1:16645
got del_client for 1:16645
got del_client for 1:16645
got del_client for 1:16645
got del_client for 1:16645
got del_client for 1:16645
got del_client for 1:16645
got del_client for 1:16646
got del_client for 1:16646
got del_client for 1:16646
got del_client for 1:16646
got del_client for 1:16646
got del_client for 1:16646
got del_client for 1:16646
got del_client for 1:16646
got del_client for 1:16646
got del_client for 1:16646
got del_client for 1:16647
got del_client for 1:16647
got del_client for 1:16647
got del_client for 1:16647
got del_client for 1:16647
got del_client for 1:16647
got del_client for 1:16647
got del_client for 1:16647
got del_client for 1:16647
got del_client for 1:16647
got del_client for 1:16648
got del_client for 1:16648
got del_client for 1:16648
got del_client for 1:16648
got del_client for 1:16648
got del_client for 1:16648
got del_client for 1:16648
got del_client for 1:16648
got del_client for 1:16648
got del_client for 1:16648
got del_client for 1:16649
got del_client for 1:16649
got del_client for 1:16649
got del_client for 1:16649
got del_client for 1:16649
got del_client for 1:16649
got del_client for 1:16649
got del_client for 1:16649
got del_client for 1:16649
got del_client for 1:16649
got del_client for 1:16650
got del_client for 1:16650
got del_client for 1:16650
got del_client for 1:16650
got del_client for 1:16650
got del_client for 1:16650
got del_client for 1:16650
got del_client for 1:16650
got del_client for 1:16650
got del_client for 1:16650
got del_client for 1:16651
got del_client for 1:16651
got del_client for 1:16651
got del_client for 1:16651
got del_client for 1:16651
got del_client for 1:16651
got del_client for 1:16651
got del_client for 1:16651
got del_client for 1:16651
got del_client for 1:16651
got del_client for 1:16652
got del_client for 1:16652
got del_client for 1:16652
got del_client for 1:16652
got del_client for 1:16652
got del_client for 1:16652
got del_client for 1:16652
got del_client for 1:16652
got del_client for 1:16652
got del_client for 1:16652
got del_client for 1:16653
got del_client for 1:16653
got del_client for 1:16653
got del_client for 1:16653
got del_client for 1:16653
got del_client for 1:16653
got del_client for 1:16653
got del_client for 1:16653
got del_client for 1:16653
got del_client for 1:16653
got del_client for 1:16654
got del_client for 1:16654
got del_client for 1:16654
got del_client for 1:16654
got del_client for 1:16654
got del_client for 1:16654
got del_client for 1:16654
got del_client for 1:16654
got del_client for 1:16654
got del_client for 1:16654
got del_client for 1:16655
got del_client for 1:16655
got del_client for 1:16655
got del_client for 1:16655
got del_client for 1:16655
got del_client for 1:16655
got del_client for 1:16655
got del_client for 1:16655
got del_client for 1:16655
got del_client for 1:16655
